 DiagChand

 Timestamp is 549901dc (Tue Dec 23 13:47:08 2014)

 Preferred load address is 10000000

 Start         Length     Name                   Class
 0001:00000000 0003f947H .text                   CODE
 0001:0003f950 000013aeH .text$x                 CODE
 0001:00040cfe 0001a302H .textbss                CODE
 0002:00000000 000061dcH .rdata                  DATA
 0002:000061e0 0000058cH .xdata$x                DATA
 0002:00006770 000004b4H .edata                  DATA
 0003:00000000 00000104H .CRT$XCA                DATA
 0003:00000104 00000104H .CRT$XCZ                DATA
 0003:00000208 00000104H .CRT$XIA                DATA
 0003:0000030c 00000109H .CRT$XIC                DATA
 0003:00000418 00000104H .CRT$XIY                DATA
 0003:0000051c 00000104H .CRT$XIZ                DATA
 0003:00000620 00000104H .CRT$XPA                DATA
 0003:00000724 00000104H .CRT$XPX                DATA
 0003:00000828 00000104H .CRT$XPZ                DATA
 0003:0000092c 00000104H .CRT$XTA                DATA
 0003:00000a30 00000104H .CRT$XTB                DATA
 0003:00000b34 00000104H .CRT$XTZ                DATA
 0003:00000c40 0000413cH .data                   DATA
 0003:00004d80 00001dccH .bss                    DATA
 0004:00000000 00000050H .idata$2                DATA
 0004:00000050 00000014H .idata$3                DATA
 0004:00000064 000002e0H .idata$4                DATA
 0004:00000344 000002e0H .idata$5                DATA
 0004:00000624 00000a60H .idata$6                DATA
 0005:00000000 00000169H .rsrc$01                DATA
 0005:00000170 000005c3H .rsrc$02                DATA

  Address         Publics by Value              Rva+Base     Lib:Object

 0001:00000550       ??0CBmChannel@@QAE@XZ      10001550 f   BmChannel.obj
 0001:00000640       ??_ECBmChannel@@UAEPAXI@Z  10001640 f i BmChannel.obj
 0001:00000640       ??_GCBmChannel@@UAEPAXI@Z  10001640 f i BmChannel.obj
 0001:000006b0       ??1CBmChannel@@UAE@XZ      100016b0 f   BmChannel.obj
 0001:00000760       ?SetProperty@CBmChannel@@UAEHJKPBX@Z 10001760 f   BmChannel.obj
 0001:00000810       ?Write@CBmChannel@@UAEKPAXKK@Z 10001810 f   BmChannel.obj
 0001:00000dc0       ?CompareCond@CBmChannel@@MAE_NPAX0_N@Z 10001dc0 f   BmChannel.obj
 0001:00000e00       ?GetCondition@CBmChannel@@MAEPAXPAXI_N@Z 10001e00 f   BmChannel.obj
 0001:00000e70       ?CopyCondition@CBmChannel@@MAEPAXPAX@Z 10001e70 f   BmChannel.obj
 0001:00000eb0       ?FreeCondition@CBmChannel@@MAEXPAX@Z 10001eb0 f   BmChannel.obj
 0001:00000ee0       ??0CBmPackage@@QAE@XZ      10001ee0 f   BmPackage.obj
 0001:00000f70       ??_ECBmPackage@@UAEPAXI@Z  10001f70 f i BmPackage.obj
 0001:00000f70       ??_GCBmPackage@@UAEPAXI@Z  10001f70 f i BmPackage.obj
 0001:00000fe0       ??1CBmPackage@@UAE@XZ      10001fe0 f   BmPackage.obj
 0001:00001030       ?CheckLength@CBmPackage@@MAE_NXZ 10002030 f   BmPackage.obj
 0001:00001300       ?SetProperty@CBmPackage@@UAE_NJIPBX@Z 10002300 f   BmPackage.obj
 0001:00001390       ?Package@CBmPackage@@UAEIPAXHPAPAXPAH@Z 10002390 f   BmPackage.obj
 0001:000017a0       _crc_16_l_calc             100027a0 f   crc.obj
 0001:000018a0       _frm_chk                   100028a0 f   crc.obj
 0001:000019e0       _DllMain@12                100029e0 f   DiagChan.obj
 0001:00001a30       ?CreateDiagChannel@@YA_NPAPAVIProtocolChannel@@@Z 10002a30 f   DiagChan.obj
 0001:00001af0       ?ReleaseDiagChannel@@YAXPAVIProtocolChannel@@@Z 10002af0 f   DiagChan.obj
 0001:00001b70       ?CreateDiagPackage@@YA_NPAPAVIProtocolPackage@@@Z 10002b70 f   DiagChan.obj
 0001:00001c30       ?ReleaseDiagPackage@@YAXPAVIProtocolPackage@@@Z 10002c30 f   DiagChan.obj
 0001:00001c90       ?CreateBmChannel@@YA_NPAPAVIProtocolChannel@@@Z 10002c90 f   DiagChan.obj
 0001:00001d50       ?ReleaseBmChannel@@YAXPAVIProtocolChannel@@@Z 10002d50 f   DiagChan.obj
 0001:00001dd0       ?CreateBmPackage@@YA_NPAPAVIProtocolPackage@@@Z 10002dd0 f   DiagChan.obj
 0001:00001e90       ?ReleaseBmPackage@@YAXPAVIProtocolPackage@@@Z 10002e90 f   DiagChan.obj
 0001:00001ef0       ?CreateProtoChannel@@YA_NPAPAVIProtocolChannel@@W4E_PROTO_TYPE@@@Z 10002ef0 f   DiagChan.obj
 0001:000020b0       ?ReleaseProtoChannel@@YAXPAVIProtocolChannel@@@Z 100030b0 f   DiagChan.obj
 0001:00002130       ?CreateProtoPackage@@YA_NPAPAVIProtocolPackage@@W4E_PROTO_TYPE@@@Z 10003130 f   DiagChan.obj
 0001:000022f0       ?ReleaseProtoPackage@@YAXPAVIProtocolPackage@@@Z 100032f0 f   DiagChan.obj
 0001:00002350       ??0CDiagChannel@@QAE@XZ    10003350 f   DiagChannel.obj
 0001:00002450       ??_GCDiagChannel@@UAEPAXI@Z 10003450 f i DiagChannel.obj
 0001:00002450       ??_ECDiagChannel@@UAEPAXI@Z 10003450 f i DiagChannel.obj
 0001:000024c0       ??1CDiagChannel@@UAE@XZ    100034c0 f   DiagChannel.obj
 0001:00002570       ?CompareCond@CDiagChannel@@MAE_NPAX0_N@Z 10003570 f   DiagChannel.obj
 0001:000026a0       ?GetCondition@CDiagChannel@@MAEPAXPAXI_N@Z 100036a0 f   DiagChannel.obj
 0001:00002a20       ?CopyCondition@CDiagChannel@@MAEPAXPAX@Z 10003a20 f   DiagChannel.obj
 0001:00002aa0       ?FreeCondition@CDiagChannel@@MAEXPAX@Z 10003aa0 f   DiagChannel.obj
 0001:00002b00       ?IsLastPackage@CDiagChannel@@MAE_NPAX@Z 10003b00 f   DiagChannel.obj
 0001:00002bd0       ?LoadTypeDef@CDiagChannel@@IAEXXZ 10003bd0 f   DiagChannel.obj
 0001:00002df0       ?wcsrchr@@YAPAGPAGG@Z      10003df0 f i DiagChannel.obj
 0001:00002e40       ?GetProperty@CDiagChannel@@UAEHJKPAX@Z 10003e40 f   DiagChannel.obj
 0001:00002ee0       ?SetProperty@CDiagChannel@@UAEHJKPBX@Z 10003ee0 f   DiagChannel.obj
 0001:00002fc0       ??0CDiagPackage@@QAE@XZ    10003fc0 f   DiagPackage.obj
 0001:000031a0       ??_GCDiagPackage@@UAEPAXI@Z 100041a0 f i DiagPackage.obj
 0001:000031a0       ??_ECDiagPackage@@UAEPAXI@Z 100041a0 f i DiagPackage.obj
 0001:00003210       ??0IProtocolPackage@@QAE@XZ 10004210 f i DiagPackage.obj
 0001:00003250       ??1CDiagPackage@@UAE@XZ    10004250 f   DiagPackage.obj
 0001:000032d0       ?Append@CDiagPackage@@UAEIPAXI@Z 100042d0 f   DiagPackage.obj
 0001:00003910       ?NoHeaderAppend@CDiagPackage@@MAEIPAXI@Z 10004910 f   DiagPackage.obj
 0001:00003e50       ?NoEscapeAppend@CDiagPackage@@MAEIPAXI@Z 10004e50 f   DiagPackage.obj
 0001:000045e0       ?Clear@CDiagPackage@@UAEXXZ 100055e0 f   DiagPackage.obj
 0001:00004770       ?GetPackages@CDiagPackage@@UAEIPAXH@Z 10005770 f   DiagPackage.obj
 0001:00004880       ?FreeMem@CDiagPackage@@UAEXPAX@Z 10005880 f   DiagPackage.obj
 0001:000048d0       ?GetProperty@CDiagPackage@@UAE_NJIPAX@Z 100058d0 f   DiagPackage.obj
 0001:000049c0       ?SetProperty@CDiagPackage@@UAE_NJIPBX@Z 100059c0 f   DiagPackage.obj
 0001:00004af0       ?LockPakcageList@CDiagPackage@@IAEX_N@Z 10005af0 f   DiagPackage.obj
 0001:00004b80       ?Package@CDiagPackage@@UAEIPAXHPAPAXPAH@Z 10005b80 f   DiagPackage.obj
 0001:00005150       ?PackageQueryEndianCmd@CDiagPackage@@IAEIPAXHPAPAXPAH@Z 10006150 f   DiagPackage.obj
 0001:00005410       ?AddPackage@CDiagPackage@@MAE_NXZ 10006410 f   DiagPackage.obj
 0001:000054d0       ?CheckLength@CDiagPackage@@MAE_NXZ 100064d0 f   DiagPackage.obj
 0001:000057d0       ?AddToPackageList@CDiagPackage@@MAEXXZ 100067d0 f   DiagPackage.obj
 0001:00005870       ?Copy@CDiagPackage@@IAEXPAEAAHPBEH@Z 10006870 f   DiagPackage.obj
 0001:00005970       ?CheckIsDataModeSwitch@CDiagPackage@@IAE_NXZ 10006970 f   DiagPackage.obj
 0001:00005a20       ?RawDataAppend@CDiagPackage@@IAEIPAXI@Z 10006a20 f   DiagPackage.obj
 0001:00005b10       ??0?$deque@PAUPRT_BUFF@@V?$allocator@PAUPRT_BUFF@@@std@@@std@@QAE@ABV?$allocator@PAUPRT_BUFF@@@1@@Z 10006b10 f i DiagPackage.obj
 0001:00005ba0       ??1?$deque@PAUPRT_BUFF@@V?$allocator@PAUPRT_BUFF@@@std@@@std@@QAE@XZ 10006ba0 f i DiagPackage.obj
 0001:00005c00       ?begin@?$deque@PAUPRT_BUFF@@V?$allocator@PAUPRT_BUFF@@@std@@@std@@QAE?AViterator@12@XZ 10006c00 f i DiagPackage.obj
 0001:00005c60       ?end@?$deque@PAUPRT_BUFF@@V?$allocator@PAUPRT_BUFF@@@std@@@std@@QAE?AViterator@12@XZ 10006c60 f i DiagPackage.obj
 0001:00005cc0       ?size@?$deque@PAUPRT_BUFF@@V?$allocator@PAUPRT_BUFF@@@std@@@std@@QBEIXZ 10006cc0 f i DiagPackage.obj
 0001:00005d00       ?front@?$deque@PAUPRT_BUFF@@V?$allocator@PAUPRT_BUFF@@@std@@@std@@QAEAAPAUPRT_BUFF@@XZ 10006d00 f i DiagPackage.obj
 0001:00005d60       ?pop_front@?$deque@PAUPRT_BUFF@@V?$allocator@PAUPRT_BUFF@@@std@@@std@@QAEXXZ 10006d60 f i DiagPackage.obj
 0001:00005e10       ?push_back@?$deque@PAUPRT_BUFF@@V?$allocator@PAUPRT_BUFF@@@std@@@std@@QAEXABQAUPRT_BUFF@@@Z 10006e10 f i DiagPackage.obj
 0001:00005f50       ?erase@?$deque@PAUPRT_BUFF@@V?$allocator@PAUPRT_BUFF@@@std@@@std@@QAE?AViterator@12@V312@0@Z 10006f50 f i DiagPackage.obj
 0001:000061d0       ?empty@?$deque@PAUPRT_BUFF@@V?$allocator@PAUPRT_BUFF@@@std@@@std@@QBE_NXZ 100071d0 f i DiagPackage.obj
 0001:00006220       ?pop_back@?$deque@PAUPRT_BUFF@@V?$allocator@PAUPRT_BUFF@@@std@@@std@@QAEXXZ 10007220 f i DiagPackage.obj
 0001:000062f0       ?_Buyback@?$deque@PAUPRT_BUFF@@V?$allocator@PAUPRT_BUFF@@@std@@@std@@IAEXXZ 100072f0 f i DiagPackage.obj
 0001:00006570       ?_Freefront@?$deque@PAUPRT_BUFF@@V?$allocator@PAUPRT_BUFF@@@std@@@std@@IAEXXZ 10007570 f i DiagPackage.obj
 0001:00006690       ?construct@?$allocator@PAUPRT_BUFF@@@std@@QAEXPAPAUPRT_BUFF@@ABQAU3@@Z 10007690 f i DiagPackage.obj
 0001:000066e0       ?destroy@?$allocator@PAUPRT_BUFF@@@std@@QAEXPAPAUPRT_BUFF@@@Z 100076e0 f i DiagPackage.obj
 0001:00006730       ??0iterator@?$deque@PAUPRT_BUFF@@V?$allocator@PAUPRT_BUFF@@@std@@@std@@QAE@XZ 10007730 f i DiagPackage.obj
 0001:00006780       ??Diterator@?$deque@PAUPRT_BUFF@@V?$allocator@PAUPRT_BUFF@@@std@@@std@@QBEAAPAUPRT_BUFF@@XZ 10007780 f i DiagPackage.obj
 0001:000067c0       ??Hiterator@?$deque@PAUPRT_BUFF@@V?$allocator@PAUPRT_BUFF@@@std@@@std@@QBE?AV012@H@Z 100077c0 f i DiagPackage.obj
 0001:00006850       ??Giterator@?$deque@PAUPRT_BUFF@@V?$allocator@PAUPRT_BUFF@@@std@@@std@@QBEHABV012@@Z 10007850 f i DiagPackage.obj
 0001:00006900       ?_Freeback@?$deque@PAUPRT_BUFF@@V?$allocator@PAUPRT_BUFF@@@std@@@std@@IAEXXZ 10007900 f i DiagPackage.obj
 0001:00006a50       ?_Freemap@?$deque@PAUPRT_BUFF@@V?$allocator@PAUPRT_BUFF@@@std@@@std@@IAEXXZ 10007a50 f i DiagPackage.obj
 0001:00006ab0       ?_Freeptr@?$deque@PAUPRT_BUFF@@V?$allocator@PAUPRT_BUFF@@@std@@@std@@IAEXPAPAPAUPRT_BUFF@@@Z 10007ab0 f i DiagPackage.obj
 0001:00006b10       ?_Getmap@?$deque@PAUPRT_BUFF@@V?$allocator@PAUPRT_BUFF@@@std@@@std@@IAEXXZ 10007b10 f i DiagPackage.obj
 0001:00006b70       ?_Growmap@?$deque@PAUPRT_BUFF@@V?$allocator@PAUPRT_BUFF@@@std@@@std@@IAEPAPAPAUPRT_BUFF@@I@Z 10007b70 f i DiagPackage.obj
 0001:00006c40       ?_Setptr@?$deque@PAUPRT_BUFF@@V?$allocator@PAUPRT_BUFF@@@std@@@std@@IAEXPAPAPAUPRT_BUFF@@PAPAU3@@Z 10007c40 f i DiagPackage.obj
 0001:00006c80       ?allocate@?$allocator@PAUPRT_BUFF@@@std@@QAEPAPAUPRT_BUFF@@IPBX@Z 10007c80 f i DiagPackage.obj
 0001:00006cd0       ??0const_iterator@?$deque@PAUPRT_BUFF@@V?$allocator@PAUPRT_BUFF@@@std@@@std@@QAE@XZ 10007cd0 f i DiagPackage.obj
 0001:00006d40       ??0iterator@?$deque@PAUPRT_BUFF@@V?$allocator@PAUPRT_BUFF@@@std@@@std@@QAE@PAPAUPRT_BUFF@@PAPAPAU3@@Z 10007d40 f i DiagPackage.obj
 0001:00006da0       ??Yiterator@?$deque@PAUPRT_BUFF@@V?$allocator@PAUPRT_BUFF@@@std@@@std@@QAEAAV012@H@Z 10007da0 f i DiagPackage.obj
 0001:00006df0       ?_Charalloc@?$allocator@PAUPRT_BUFF@@@std@@QAEPADI@Z 10007df0 f i DiagPackage.obj
 0001:00006e40       ?deallocate@?$allocator@PAUPRT_BUFF@@@std@@QAEXPAXI@Z 10007e40 f i DiagPackage.obj
 0001:00006e90       ??0const_iterator@?$deque@PAUPRT_BUFF@@V?$allocator@PAUPRT_BUFF@@@std@@@std@@QAE@PAPAUPRT_BUFF@@PAPAPAU3@@Z 10007e90 f i DiagPackage.obj
 0001:00006f00       ?_Add@const_iterator@?$deque@PAUPRT_BUFF@@V?$allocator@PAUPRT_BUFF@@@std@@@std@@IAEXH@Z 10007f00 f i DiagPackage.obj
 0001:00007000       ?copy_backward@std@@YA?AViterator@?$deque@PAUPRT_BUFF@@V?$allocator@PAUPRT_BUFF@@@std@@@1@V231@00@Z 10008000 f i DiagPackage.obj
 0001:000070b0       ?copy@std@@YA?AViterator@?$deque@PAUPRT_BUFF@@V?$allocator@PAUPRT_BUFF@@@std@@@1@V231@00@Z 100080b0 f i DiagPackage.obj
 0001:00007160       ?_Construct@std@@YAXPAPAUPRT_BUFF@@ABQAU2@@Z 10008160 f i DiagPackage.obj
 0001:000071d0       ??2@YAPAXIPAX@Z            100081d0 f i DiagPackage.obj
 0001:00007200       ?_Destroy@std@@YAXPAPAUPRT_BUFF@@@Z 10008200 f i DiagPackage.obj
 0001:00007230       ?copy@std@@YAPAPAPAUPRT_BUFF@@PAPAPAU2@00@Z 10008230 f i DiagPackage.obj
 0001:00007290       ?_Allocate@std@@YAPAPAUPRT_BUFF@@HPAPAU2@@Z 10008290 f i DiagPackage.obj
 0001:000072f0       ?_Allocate@std@@YAPADHPAD@Z 100082f0 f i DiagPackage.obj
 0001:00007350       ??Eiterator@?$deque@PAUPRT_BUFF@@V?$allocator@PAUPRT_BUFF@@@std@@@std@@QAEAAV012@XZ 10008350 f i DiagPackage.obj
 0001:000073f0       ??Fiterator@?$deque@PAUPRT_BUFF@@V?$allocator@PAUPRT_BUFF@@@std@@@std@@QAEAAV012@XZ 100083f0 f i DiagPackage.obj
 0001:00007490       ??9iterator@?$deque@PAUPRT_BUFF@@V?$allocator@PAUPRT_BUFF@@@std@@@std@@QBE_NABV012@@Z 10008490 f i DiagPackage.obj
 0001:000074f0       ??8iterator@?$deque@PAUPRT_BUFF@@V?$allocator@PAUPRT_BUFF@@@std@@@std@@QBE_NABV012@@Z 100084f0 f i DiagPackage.obj
 0001:00007540       ??0CSmpChannel@@QAE@XZ     10008540 f   SmpChannel.obj
 0001:00007650       ??_GCSmpChannel@@UAEPAXI@Z 10008650 f i SmpChannel.obj
 0001:00007650       ??_ECSmpChannel@@UAEPAXI@Z 10008650 f i SmpChannel.obj
 0001:000076c0       ??1CSmpChannel@@UAE@XZ     100086c0 f   SmpChannel.obj
 0001:00007770       ?Read@CSmpChannel@@UAEKPAXKKK@Z 10008770 f   SmpChannel.obj
 0001:000077b0       ?Write@CSmpChannel@@UAEKPAXKK@Z 100087b0 f   SmpChannel.obj
 0001:000077f0       ??0CSmpPackage@@QAE@XZ     100087f0 f   SmpPackage.obj
 0001:00007870       ??_ECSmpPackage@@UAEPAXI@Z 10008870 f i SmpPackage.obj
 0001:00007870       ??_GCSmpPackage@@UAEPAXI@Z 10008870 f i SmpPackage.obj
 0001:000078e0       ??1CSmpPackage@@UAE@XZ     100088e0 f   SmpPackage.obj
 0001:00007930       ?Append@CSmpPackage@@UAEIPAXI@Z 10008930 f   SmpPackage.obj
 0001:000080b0       ?Package@CSmpPackage@@UAEIPAXHPAPAXPAH@Z 100090b0 f   SmpPackage.obj
 0001:00008250       ?CheckHeader@CSmpPackage@@MAE_NPAUSMP_HEADER@@@Z 10009250 f   SmpPackage.obj
 0001:000082c0       ?SetProperty@CSmpPackage@@UAE_NJIPBX@Z 100092c0 f   SmpPackage.obj
 0001:00008320       ?CheckLength@CSmpPackage@@MAE_NXZ 10009320 f   SmpPackage.obj
 0001:00008450       ?AddToPackageList@CSmpPackage@@MAEXXZ 10009450 f   SmpPackage.obj
 0001:000084f0       ?search@std@@YAPAEPAE000@Z 100094f0 f i SmpPackage.obj
 0001:00008570       ?_Dist_type@std@@YAPAHPBE@Z 10009570 f i SmpPackage.obj
 0001:000085a0       ?_Search@std@@YAPAEPAE000PAH1@Z 100095a0 f i SmpPackage.obj
 0001:000086a0       ?_Distance@std@@YAXPAE0AAH@Z 100096a0 f i SmpPackage.obj
 0001:00008710       ?_Iter_cat@std@@YA?AUrandom_access_iterator_tag@1@PBE@Z 10009710 f i SmpPackage.obj
 0001:00008750       ?_Distance@std@@YAXPAE0AAHUrandom_access_iterator_tag@1@@Z 10009750 f i SmpPackage.obj
 0001:0000878e       _GetModuleFileNameW@12     1000978e f   kernel32:KERNEL32.dll
 0001:00008794       _InitializeCriticalSection@4 10009794 f   kernel32:KERNEL32.dll
 0001:0000879a       _DeleteCriticalSection@4   1000979a f   kernel32:KERNEL32.dll
 0001:000087a0       _LeaveCriticalSection@4    100097a0 f   kernel32:KERNEL32.dll
 0001:000087a6       _EnterCriticalSection@4    100097a6 f   kernel32:KERNEL32.dll
 0001:000087b0       ??1ICommChannel@@UAE@XZ    100097b0 f   ProtoChand:BaseChan.obj
 0001:000087e0       ??0CBaseChannel@@QAE@XZ    100097e0 f   ProtoChand:BaseChan.obj
 0001:00008a80       ??_ECBaseChannel@@UAEPAXI@Z 10009a80 f i ProtoChand:BaseChan.obj
 0001:00008a80       ??_GCBaseChannel@@UAEPAXI@Z 10009a80 f i ProtoChand:BaseChan.obj
 0001:00008ae0       ??0IProtocolChannel@@QAE@XZ 10009ae0 f i ProtoChand:BaseChan.obj
 0001:00008b30       ??1IProtocolChannel@@UAE@XZ 10009b30 f i ProtoChand:BaseChan.obj
 0001:00008b70       ??0IProtocolObserver@@QAE@XZ 10009b70 f i ProtoChand:BaseChan.obj
 0001:00008ba0       ??_EIProtocolChannel@@UAEPAXI@Z 10009ba0 f i ProtoChand:BaseChan.obj
 0001:00008ba0       ??_GIProtocolChannel@@UAEPAXI@Z 10009ba0 f i ProtoChand:BaseChan.obj
 0001:00008c00       ??0ICommChannel@@QAE@XZ    10009c00 f i ProtoChand:BaseChan.obj
 0001:00008c30       ??1CBaseChannel@@UAE@XZ    10009c30 f   ProtoChand:BaseChan.obj
 0001:00008e60       ?InitLog@CBaseChannel@@UAEHPBGIIPAVISpLog@@0@Z 10009e60 f   ProtoChand:BaseChan.obj
 0001:00008f30       ?SetReceiver@CBaseChannel@@UAEHKHPBX@Z 10009f30 f   ProtoChand:BaseChan.obj
 0001:00008f60       ?GetReceiver@CBaseChannel@@UAEXAAKAAHAAPAX@Z 10009f60 f   ProtoChand:BaseChan.obj
 0001:00008f90       ?GetProperty@CBaseChannel@@UAEHJKPAX@Z 10009f90 f   ProtoChand:BaseChan.obj
 0001:000090b0       ?SetProperty@CBaseChannel@@UAEHJKPBX@Z 1000a0b0 f   ProtoChand:BaseChan.obj
 0001:000092d0       ?Open@CBaseChannel@@UAEHQAU_CHANNEL_ATTRIBUTE@@@Z 1000a2d0 f   ProtoChand:BaseChan.obj
 0001:000097b0       ?Close@CBaseChannel@@UAEXXZ 1000a7b0 f   ProtoChand:BaseChan.obj
 0001:00009c40       ?IsPhyicalChannel@CBaseChannel@@IAE_NXZ 1000ac40 f i ProtoChand:BaseChan.obj
 0001:00009c70       ?IsInternalChannel@CBaseChannel@@IAE_NXZ 1000ac70 f i ProtoChand:BaseChan.obj
 0001:00009ca0       ?Clear@CBaseChannel@@UAEHXZ 1000aca0 f   ProtoChand:BaseChan.obj
 0001:0000a040       ?FreeMem@CBaseChannel@@UAEXPAX@Z 1000b040 f   ProtoChand:BaseChan.obj
 0001:0000a0a0       ?SetLowerChannel@CBaseChannel@@UAEXPAVICommChannel@@_N@Z 1000b0a0 f   ProtoChand:BaseChan.obj
 0001:0000a340       ?GetLowerChannel@CBaseChannel@@UAEXPAPAVICommChannel@@_N@Z 1000b340 f   ProtoChand:BaseChan.obj
 0001:0000a3f0       ?Write@CBaseChannel@@UAEKPAXKK@Z 1000b3f0 f   ProtoChand:BaseChan.obj
 0001:0000a810       ?Read@CBaseChannel@@UAEKPAXKKK@Z 1000b810 f   ProtoChand:BaseChan.obj
 0001:0000af30       ?AddCond@CBaseChannel@@MAEHPAXH@Z 1000bf30 f   ProtoChand:BaseChan.obj
 0001:0000b160       ??0PRT_COND_T@@QAE@XZ      1000c160 f i ProtoChand:BaseChan.obj
 0001:0000b1a0       ??1PRT_COND_T@@QAE@XZ      1000c1a0 f i ProtoChand:BaseChan.obj
 0001:0000b1e0       ?AddCond@CBaseChannel@@IAEHPAUPRT_COND_T@@@Z 1000c1e0 f   ProtoChand:BaseChan.obj
 0001:0000b3e0       ?RemoveCond@CBaseChannel@@MAE_NH_N@Z 1000c3e0 f   ProtoChand:BaseChan.obj
 0001:0000b7f0       ?FindPackage@CBaseChannel@@MAEPAUPRT_BUFF@@AAH@Z 1000c7f0 f   ProtoChand:BaseChan.obj
 0001:0000b9d0       ?FindPackage@CBaseChannel@@MAEPAUPRT_BUFF@@PAUPRT_READ_T@@_N@Z 1000c9d0 f   ProtoChand:BaseChan.obj
 0001:0000bdd0       ?RemovePackages@CBaseChannel@@MAEXPAX@Z 1000cdd0 f   ProtoChand:BaseChan.obj
 0001:0000c040       ?CheckPackage@CBaseChannel@@MAE_NPAUPRT_BUFF@@PAX@Z 1000d040 f   ProtoChand:BaseChan.obj
 0001:0000c0c0       ?CompareCond@CBaseChannel@@MAE_NPAX0_N@Z 1000d0c0 f   ProtoChand:BaseChan.obj
 0001:0000c0f0       ?GetCondition@CBaseChannel@@MAEPAXPAXI_N@Z 1000d0f0 f   ProtoChand:BaseChan.obj
 0001:0000c120       ?CopyCondition@CBaseChannel@@MAEPAXPAX@Z 1000d120 f   ProtoChand:BaseChan.obj
 0001:0000c150       ?FreeCondition@CBaseChannel@@MAEXPAX@Z 1000d150 f   ProtoChand:BaseChan.obj
 0001:0000c180       ?IsLastPackage@CBaseChannel@@MAE_NPAX@Z 1000d180 f   ProtoChand:BaseChan.obj
 0001:0000c1b0       ?AddObserver@CBaseChannel@@UAEHPAVIProtocolObserver@@@Z 1000d1b0 f   ProtoChand:BaseChan.obj
 0001:0000c360       ?RemoveObserver@CBaseChannel@@UAE_NH@Z 1000d360 f   ProtoChand:BaseChan.obj
 0001:0000c440       ?GetNextObserver@CBaseChannel@@IAEPAVIProtocolObserver@@AAH@Z 1000d440 f   ProtoChand:BaseChan.obj
 0001:0000c520       ?FindObserver@CBaseChannel@@IAEHPAVIProtocolObserver@@@Z 1000d520 f   ProtoChand:BaseChan.obj
 0001:0000c5b0       ?RecvThread@@YGIPAX@Z      1000d5b0 f   ProtoChand:BaseChan.obj
 0001:0000c790       ?StartRecvThread@CBaseChannel@@IAEKXZ 1000d790 f   ProtoChand:BaseChan.obj
 0001:0000c820       ?StopRecvThread@CBaseChannel@@IAEXXZ 1000d820 f   ProtoChand:BaseChan.obj
 0001:0000c930       ?OnChannelData@CBaseChannel@@UAEHPAXK@Z 1000d930 f   ProtoChand:BaseChan.obj
 0001:0000cb80       ?OnChannelEvent@CBaseChannel@@UAEHIPAX@Z 1000db80 f   ProtoChand:BaseChan.obj
 0001:0000cca0       ?AddtoPackageList@CBaseChannel@@IAEXPAPAUPRT_BUFF@@HH@Z 1000dca0 f   ProtoChand:BaseChan.obj
 0001:0000d100       ?ProcessThread@@YGIPAX@Z   1000e100 f   ProtoChand:BaseChan.obj
 0001:0000d140       ?StartProcessThread@CBaseChannel@@IAEKXZ 1000e140 f   ProtoChand:BaseChan.obj
 0001:0000d1d0       ?StopProcessThread@CBaseChannel@@IAEXXZ 1000e1d0 f   ProtoChand:BaseChan.obj
 0001:0000d2c0       ?ProcessData@CBaseChannel@@QAEXXZ 1000e2c0 f   ProtoChand:BaseChan.obj
 0001:0000d550       ?GetPackage@CBaseChannel@@IAEPAUPRT_BUFF@@XZ 1000e550 f   ProtoChand:BaseChan.obj
 0001:0000d720       ?WakeupOnPackages@CBaseChannel@@IAEXXZ 1000e720 f   ProtoChand:BaseChan.obj
 0001:0000d770       ?WaitForPackages@CBaseChannel@@IAEXXZ 1000e770 f   ProtoChand:BaseChan.obj
 0001:0000d7c0       ?WakeupOnResponse@CBaseChannel@@IAEXPAX@Z 1000e7c0 f   ProtoChand:BaseChan.obj
 0001:0000d810       ?WaitForResponse@CBaseChannel@@IAE_NPAXI@Z 1000e810 f   ProtoChand:BaseChan.obj
 0001:0000d860       ?LockLowerChannel@CBaseChannel@@IAEX_N@Z 1000e860 f   ProtoChand:BaseChan.obj
 0001:0000d8d0       ?LockCondList@CBaseChannel@@IAEX_N@Z 1000e8d0 f   ProtoChand:BaseChan.obj
 0001:0000d940       ?LockPackageList@CBaseChannel@@IAEX_N@Z 1000e940 f   ProtoChand:BaseChan.obj
 0001:0000d9b0       ?LockObserverList@CBaseChannel@@IAEX_N@Z 1000e9b0 f   ProtoChand:BaseChan.obj
 0001:0000da20       ?Free_PRT_BUFF@@YAXPAX@Z   1000ea20 f   ProtoChand:BaseChan.obj
 0001:0000da80       ?Alloc_PRT_BUFF@@YAPAUPRT_BUFF@@I@Z 1000ea80 f   ProtoChand:BaseChan.obj
 0001:0000db00       ?LoadConfig@CBaseChannel@@MAEXPAX@Z 1000eb00 f   ProtoChand:BaseChan.obj
 0001:0000dc60       ?GenerateEndianEvent@CBaseChannel@@IAEXXZ 1000ec60 f   ProtoChand:BaseChan.obj
 0001:0000dd40       ?SetThreadEvent@CBaseChannel@@QAEXXZ 1000ed40 f   ProtoChand:BaseChan.obj
 0001:0000dda0       ??0?$list@PAUPRT_BUFF@@V?$allocator@PAUPRT_BUFF@@@std@@@std@@QAE@ABV?$allocator@PAUPRT_BUFF@@@1@@Z 1000eda0 f i ProtoChand:BaseChan.obj
 0001:0000de00       ??1?$list@PAUPRT_BUFF@@V?$allocator@PAUPRT_BUFF@@@std@@@std@@QAE@XZ 1000ee00 f i ProtoChand:BaseChan.obj
 0001:0000de80       ?begin@?$list@PAUPRT_BUFF@@V?$allocator@PAUPRT_BUFF@@@std@@@std@@QAE?AViterator@12@XZ 1000ee80 f i ProtoChand:BaseChan.obj
 0001:0000ded0       ?end@?$list@PAUPRT_BUFF@@V?$allocator@PAUPRT_BUFF@@@std@@@std@@QAE?AViterator@12@XZ 1000eed0 f i ProtoChand:BaseChan.obj
 0001:0000df20       ?size@?$list@PAUPRT_BUFF@@V?$allocator@PAUPRT_BUFF@@@std@@@std@@QBEIXZ 1000ef20 f i ProtoChand:BaseChan.obj
 0001:0000df50       ?empty@?$list@PAUPRT_BUFF@@V?$allocator@PAUPRT_BUFF@@@std@@@std@@QBE_NXZ 1000ef50 f i ProtoChand:BaseChan.obj
 0001:0000df90       ?front@?$list@PAUPRT_BUFF@@V?$allocator@PAUPRT_BUFF@@@std@@@std@@QAEAAPAUPRT_BUFF@@XZ 1000ef90 f i ProtoChand:BaseChan.obj
 0001:0000dfe0       ?pop_front@?$list@PAUPRT_BUFF@@V?$allocator@PAUPRT_BUFF@@@std@@@std@@QAEXXZ 1000efe0 f i ProtoChand:BaseChan.obj
 0001:0000e030       ?push_back@?$list@PAUPRT_BUFF@@V?$allocator@PAUPRT_BUFF@@@std@@@std@@QAEXABQAUPRT_BUFF@@@Z 1000f030 f i ProtoChand:BaseChan.obj
 0001:0000e080       ?erase@?$list@PAUPRT_BUFF@@V?$allocator@PAUPRT_BUFF@@@std@@@std@@QAE?AViterator@12@V312@@Z 1000f080 f i ProtoChand:BaseChan.obj
 0001:0000e160       ?erase@?$list@PAUPRT_BUFF@@V?$allocator@PAUPRT_BUFF@@@std@@@std@@QAE?AViterator@12@V312@0@Z 1000f160 f i ProtoChand:BaseChan.obj
 0001:0000e1d0       ?clear@?$list@PAUPRT_BUFF@@V?$allocator@PAUPRT_BUFF@@@std@@@std@@QAEXXZ 1000f1d0 f i ProtoChand:BaseChan.obj
 0001:0000e230       ?swap@?$list@PAUPRT_BUFF@@V?$allocator@PAUPRT_BUFF@@@std@@@std@@QAEXAAV12@@Z 1000f230 f i ProtoChand:BaseChan.obj
 0001:0000e300       ??0iterator@?$list@PAUPRT_BUFF@@V?$allocator@PAUPRT_BUFF@@@std@@@std@@QAE@XZ 1000f300 f i ProtoChand:BaseChan.obj
 0001:0000e340       ??Diterator@?$list@PAUPRT_BUFF@@V?$allocator@PAUPRT_BUFF@@@std@@@std@@QBEAAPAUPRT_BUFF@@XZ 1000f340 f i ProtoChand:BaseChan.obj
 0001:0000e380       ??Eiterator@?$list@PAUPRT_BUFF@@V?$allocator@PAUPRT_BUFF@@@std@@@std@@QAE?AV012@H@Z 1000f380 f i ProtoChand:BaseChan.obj
 0001:0000e3d0       ??Fiterator@?$list@PAUPRT_BUFF@@V?$allocator@PAUPRT_BUFF@@@std@@@std@@QAE?AV012@H@Z 1000f3d0 f i ProtoChand:BaseChan.obj
 0001:0000e420       ??8iterator@?$list@PAUPRT_BUFF@@V?$allocator@PAUPRT_BUFF@@@std@@@std@@QBE_NABV012@@Z 1000f420 f i ProtoChand:BaseChan.obj
 0001:0000e460       ??9iterator@?$list@PAUPRT_BUFF@@V?$allocator@PAUPRT_BUFF@@@std@@@std@@QBE_NABV012@@Z 1000f460 f i ProtoChand:BaseChan.obj
 0001:0000e4b0       ??0?$vector@UPRT_COND_T@@V?$allocator@UPRT_COND_T@@@std@@@std@@QAE@ABV?$allocator@UPRT_COND_T@@@1@@Z 1000f4b0 f i ProtoChand:BaseChan.obj
 0001:0000e510       ??1?$vector@UPRT_COND_T@@V?$allocator@UPRT_COND_T@@@std@@@std@@QAE@XZ 1000f510 f i ProtoChand:BaseChan.obj
 0001:0000e5a0       ?size@?$vector@UPRT_COND_T@@V?$allocator@UPRT_COND_T@@@std@@@std@@QBEIXZ 1000f5a0 f i ProtoChand:BaseChan.obj
 0001:0000e5f0       ??A?$vector@UPRT_COND_T@@V?$allocator@UPRT_COND_T@@@std@@@std@@QAEAAUPRT_COND_T@@I@Z 1000f5f0 f i ProtoChand:BaseChan.obj
 0001:0000e630       ?push_back@?$vector@UPRT_COND_T@@V?$allocator@UPRT_COND_T@@@std@@@std@@QAEXABUPRT_COND_T@@@Z 1000f630 f i ProtoChand:BaseChan.obj
 0001:0000e680       ?clear@?$vector@UPRT_COND_T@@V?$allocator@UPRT_COND_T@@@std@@@std@@QAEXXZ 1000f680 f i ProtoChand:BaseChan.obj
 0001:0000e6d0       ??0?$vector@PAVIProtocolObserver@@V?$allocator@PAVIProtocolObserver@@@std@@@std@@QAE@ABV?$allocator@PAVIProtocolObserver@@@1@@Z 1000f6d0 f i ProtoChand:BaseChan.obj
 0001:0000e730       ??1?$vector@PAVIProtocolObserver@@V?$allocator@PAVIProtocolObserver@@@std@@@std@@QAE@XZ 1000f730 f i ProtoChand:BaseChan.obj
 0001:0000e7c0       ?size@?$vector@PAVIProtocolObserver@@V?$allocator@PAVIProtocolObserver@@@std@@@std@@QBEIXZ 1000f7c0 f i ProtoChand:BaseChan.obj
 0001:0000e810       ??A?$vector@PAVIProtocolObserver@@V?$allocator@PAVIProtocolObserver@@@std@@@std@@QAEAAPAVIProtocolObserver@@I@Z 1000f810 f i ProtoChand:BaseChan.obj
 0001:0000e850       ?push_back@?$vector@PAVIProtocolObserver@@V?$allocator@PAVIProtocolObserver@@@std@@@std@@QAEXABQAVIProtocolObserver@@@Z 1000f850 f i ProtoChand:BaseChan.obj
 0001:0000e8a0       ?insert@?$list@PAUPRT_BUFF@@V?$allocator@PAUPRT_BUFF@@@std@@@std@@QAE?AViterator@12@V312@ABQAUPRT_BUFF@@@Z 1000f8a0 f i ProtoChand:BaseChan.obj
 0001:0000e970       ?splice@?$list@PAUPRT_BUFF@@V?$allocator@PAUPRT_BUFF@@@std@@@std@@QAEXViterator@12@AAV12@@Z 1000f970 f i ProtoChand:BaseChan.obj
 0001:0000ea00       ?splice@?$list@PAUPRT_BUFF@@V?$allocator@PAUPRT_BUFF@@@std@@@std@@QAEXViterator@12@AAV12@00@Z 1000fa00 f i ProtoChand:BaseChan.obj
 0001:0000eaa0       ?_Buynode@?$list@PAUPRT_BUFF@@V?$allocator@PAUPRT_BUFF@@@std@@@std@@IAEPAU_Node@12@PAU312@0@Z 1000faa0 f i ProtoChand:BaseChan.obj
 0001:0000eb30       ?_Freenode@?$list@PAUPRT_BUFF@@V?$allocator@PAUPRT_BUFF@@@std@@@std@@IAEXPAU_Node@12@@Z 1000fb30 f i ProtoChand:BaseChan.obj
 0001:0000eb70       ?_Next@_Acc@?$list@PAUPRT_BUFF@@V?$allocator@PAUPRT_BUFF@@@std@@@std@@SAAAPAU_Node@23@PAU423@@Z 1000fb70 f i ProtoChand:BaseChan.obj
 0001:0000eba0       ?_Prev@_Acc@?$list@PAUPRT_BUFF@@V?$allocator@PAUPRT_BUFF@@@std@@@std@@SAAAPAU_Node@23@PAU423@@Z 1000fba0 f i ProtoChand:BaseChan.obj
 0001:0000ebd0       ?_Value@_Acc@?$list@PAUPRT_BUFF@@V?$allocator@PAUPRT_BUFF@@@std@@@std@@SAAAPAUPRT_BUFF@@PAU_Node@23@@Z 1000fbd0 f i ProtoChand:BaseChan.obj
 0001:0000ec00       ??0const_iterator@?$list@PAUPRT_BUFF@@V?$allocator@PAUPRT_BUFF@@@std@@@std@@QAE@XZ 1000fc00 f i ProtoChand:BaseChan.obj
 0001:0000ec30       ?_Mynode@const_iterator@?$list@PAUPRT_BUFF@@V?$allocator@PAUPRT_BUFF@@@std@@@std@@QBEPAU_Node@23@XZ 1000fc30 f i ProtoChand:BaseChan.obj
 0001:0000ec60       ??0iterator@?$list@PAUPRT_BUFF@@V?$allocator@PAUPRT_BUFF@@@std@@@std@@QAE@PAU_Node@12@@Z 1000fc60 f i ProtoChand:BaseChan.obj
 0001:0000eca0       ??Eiterator@?$list@PAUPRT_BUFF@@V?$allocator@PAUPRT_BUFF@@@std@@@std@@QAEAAV012@XZ 1000fca0 f i ProtoChand:BaseChan.obj
 0001:0000ecf0       ??Fiterator@?$list@PAUPRT_BUFF@@V?$allocator@PAUPRT_BUFF@@@std@@@std@@QAEAAV012@XZ 1000fcf0 f i ProtoChand:BaseChan.obj
 0001:0000ed40       ?begin@?$vector@UPRT_COND_T@@V?$allocator@UPRT_COND_T@@@std@@@std@@QAEPAUPRT_COND_T@@XZ 1000fd40 f i ProtoChand:BaseChan.obj
 0001:0000ed70       ?end@?$vector@UPRT_COND_T@@V?$allocator@UPRT_COND_T@@@std@@@std@@QAEPAUPRT_COND_T@@XZ 1000fd70 f i ProtoChand:BaseChan.obj
 0001:0000eda0       ?insert@?$vector@UPRT_COND_T@@V?$allocator@UPRT_COND_T@@@std@@@std@@QAEPAUPRT_COND_T@@PAU3@ABU3@@Z 1000fda0 f i ProtoChand:BaseChan.obj
 0001:0000ee10       ?erase@?$vector@UPRT_COND_T@@V?$allocator@UPRT_COND_T@@@std@@@std@@QAEPAUPRT_COND_T@@PAU3@0@Z 1000fe10 f i ProtoChand:BaseChan.obj
 0001:0000ee80       ?_Destroy@?$vector@UPRT_COND_T@@V?$allocator@UPRT_COND_T@@@std@@@std@@IAEXPAUPRT_COND_T@@0@Z 1000fe80 f i ProtoChand:BaseChan.obj
 0001:0000eee0       ?deallocate@?$allocator@UPRT_COND_T@@@std@@QAEXPAXI@Z 1000fee0 f i ProtoChand:BaseChan.obj
 0001:0000ef20       ?begin@?$vector@PAVIProtocolObserver@@V?$allocator@PAVIProtocolObserver@@@std@@@std@@QAEPAPAVIProtocolObserver@@XZ 1000ff20 f i ProtoChand:BaseChan.obj
 0001:0000ef50       ?end@?$vector@PAVIProtocolObserver@@V?$allocator@PAVIProtocolObserver@@@std@@@std@@QAEPAPAVIProtocolObserver@@XZ 1000ff50 f i ProtoChand:BaseChan.obj
 0001:0000ef80       ?insert@?$vector@PAVIProtocolObserver@@V?$allocator@PAVIProtocolObserver@@@std@@@std@@QAEPAPAVIProtocolObserver@@PAPAV3@ABQAV3@@Z 1000ff80 f i ProtoChand:BaseChan.obj
 0001:0000eff0       ?_Destroy@?$vector@PAVIProtocolObserver@@V?$allocator@PAVIProtocolObserver@@@std@@@std@@IAEXPAPAVIProtocolObserver@@0@Z 1000fff0 f i ProtoChand:BaseChan.obj
 0001:0000f050       ?deallocate@?$allocator@PAVIProtocolObserver@@@std@@QAEXPAXI@Z 10010050 f i ProtoChand:BaseChan.obj
 0001:0000f090       ?_Splice@?$list@PAUPRT_BUFF@@V?$allocator@PAUPRT_BUFF@@@std@@@std@@IAEXViterator@12@AAV12@00@Z 10010090 f i ProtoChand:BaseChan.obj
 0001:0000f210       ??0const_iterator@?$list@PAUPRT_BUFF@@V?$allocator@PAUPRT_BUFF@@@std@@@std@@QAE@PAU_Node@12@@Z 10010210 f i ProtoChand:BaseChan.obj
 0001:0000f250       ?insert@?$vector@UPRT_COND_T@@V?$allocator@UPRT_COND_T@@@std@@@std@@QAEXPAUPRT_COND_T@@IABU3@@Z 10010250 f i ProtoChand:BaseChan.obj
 0001:0000f4b0       ?destroy@?$allocator@UPRT_COND_T@@@std@@QAEXPAUPRT_COND_T@@@Z 100104b0 f i ProtoChand:BaseChan.obj
 0001:0000f4f0       ?insert@?$vector@PAVIProtocolObserver@@V?$allocator@PAVIProtocolObserver@@@std@@@std@@QAEXPAPAVIProtocolObserver@@IABQAV3@@Z 100104f0 f i ProtoChand:BaseChan.obj
 0001:0000f730       ?destroy@?$allocator@PAVIProtocolObserver@@@std@@QAEXPAPAVIProtocolObserver@@@Z 10010730 f i ProtoChand:BaseChan.obj
 0001:0000f770       ?insert@?$list@PAUPRT_BUFF@@V?$allocator@PAUPRT_BUFF@@@std@@@std@@QAEXViterator@12@Vconst_iterator@12@1@Z 10010770 f i ProtoChand:BaseChan.obj
 0001:0000f7e0       ??0const_iterator@?$list@PAUPRT_BUFF@@V?$allocator@PAUPRT_BUFF@@@std@@@std@@QAE@ABViterator@12@@Z 100107e0 f i ProtoChand:BaseChan.obj
 0001:0000f820       ?_Ucopy@?$vector@UPRT_COND_T@@V?$allocator@UPRT_COND_T@@@std@@@std@@IAEPAUPRT_COND_T@@PBU3@0PAU3@@Z 10010820 f i ProtoChand:BaseChan.obj
 0001:0000f890       ?_Ufill@?$vector@UPRT_COND_T@@V?$allocator@UPRT_COND_T@@@std@@@std@@IAEXPAUPRT_COND_T@@IABU3@@Z 10010890 f i ProtoChand:BaseChan.obj
 0001:0000f8f0       ?allocate@?$allocator@UPRT_COND_T@@@std@@QAEPAUPRT_COND_T@@IPBX@Z 100108f0 f i ProtoChand:BaseChan.obj
 0001:0000f930       ?_Ucopy@?$vector@PAVIProtocolObserver@@V?$allocator@PAVIProtocolObserver@@@std@@@std@@IAEPAPAVIProtocolObserver@@PBQAV3@0PAPAV3@@Z 10010930 f i ProtoChand:BaseChan.obj
 0001:0000f9a0       ?_Ufill@?$vector@PAVIProtocolObserver@@V?$allocator@PAVIProtocolObserver@@@std@@@std@@IAEXPAPAVIProtocolObserver@@IABQAV3@@Z 100109a0 f i ProtoChand:BaseChan.obj
 0001:0000fa00       ?allocate@?$allocator@PAVIProtocolObserver@@@std@@QAEPAPAVIProtocolObserver@@IPBX@Z 10010a00 f i ProtoChand:BaseChan.obj
 0001:0000fa40       ??Dconst_iterator@?$list@PAUPRT_BUFF@@V?$allocator@PAUPRT_BUFF@@@std@@@std@@QBEABQAUPRT_BUFF@@XZ 10010a40 f i ProtoChand:BaseChan.obj
 0001:0000fa80       ??Econst_iterator@?$list@PAUPRT_BUFF@@V?$allocator@PAUPRT_BUFF@@@std@@@std@@QAEAAV012@XZ 10010a80 f i ProtoChand:BaseChan.obj
 0001:0000fad0       ??9const_iterator@?$list@PAUPRT_BUFF@@V?$allocator@PAUPRT_BUFF@@@std@@@std@@QBE_NABV012@@Z 10010ad0 f i ProtoChand:BaseChan.obj
 0001:0000fb20       ?construct@?$allocator@UPRT_COND_T@@@std@@QAEXPAUPRT_COND_T@@ABU3@@Z 10010b20 f i ProtoChand:BaseChan.obj
 0001:0000fb60       ?construct@?$allocator@PAVIProtocolObserver@@@std@@QAEXPAPAVIProtocolObserver@@ABQAV3@@Z 10010b60 f i ProtoChand:BaseChan.obj
 0001:0000fba0       ??8const_iterator@?$list@PAUPRT_BUFF@@V?$allocator@PAUPRT_BUFF@@@std@@@std@@QBE_NABV012@@Z 10010ba0 f i ProtoChand:BaseChan.obj
 0001:0000fbe0       ?swap@std@@YAXAAI0@Z       10010be0 f i ProtoChand:BaseChan.obj
 0001:0000fc20       ??8std@@YA_NABV?$allocator@PAUPRT_BUFF@@@0@0@Z 10010c20 f i ProtoChand:BaseChan.obj
 0001:0000fc50       ?swap@std@@YAXAAPAU_Node@?$list@PAUPRT_BUFF@@V?$allocator@PAUPRT_BUFF@@@std@@@1@0@Z 10010c50 f i ProtoChand:BaseChan.obj
 0001:0000fc90       ?_Distance@std@@YAXViterator@?$list@PAUPRT_BUFF@@V?$allocator@PAUPRT_BUFF@@@std@@@1@0AAH@Z 10010c90 f i ProtoChand:BaseChan.obj
 0001:0000fce0       ?copy@std@@YAPAUPRT_COND_T@@PAU2@00@Z 10010ce0 f i ProtoChand:BaseChan.obj
 0001:0000fd40       ?fill@std@@YAXPAUPRT_COND_T@@0ABU2@@Z 10010d40 f i ProtoChand:BaseChan.obj
 0001:0000fd90       ?copy_backward@std@@YAPAUPRT_COND_T@@PAU2@00@Z 10010d90 f i ProtoChand:BaseChan.obj
 0001:0000fdf0       ?_Destroy@std@@YAXPAUPRT_COND_T@@@Z 10010df0 f i ProtoChand:BaseChan.obj
 0001:0000fe30       ?fill@std@@YAXPAPAVIProtocolObserver@@0ABQAV2@@Z 10010e30 f i ProtoChand:BaseChan.obj
 0001:0000fe70       ?copy_backward@std@@YAPAPAVIProtocolObserver@@PAPAV2@00@Z 10010e70 f i ProtoChand:BaseChan.obj
 0001:0000fec0       ?_Destroy@std@@YAXPAPAVIProtocolObserver@@@Z 10010ec0 f i ProtoChand:BaseChan.obj
 0001:0000fee0       ?_Allocate@std@@YAPAUPRT_COND_T@@HPAU2@@Z 10010ee0 f i ProtoChand:BaseChan.obj
 0001:0000ff30       ?_Allocate@std@@YAPAPAVIProtocolObserver@@HPAPAV2@@Z 10010f30 f i ProtoChand:BaseChan.obj
 0001:0000ff80       ?_Construct@std@@YAXPAUPRT_COND_T@@ABU2@@Z 10010f80 f i ProtoChand:BaseChan.obj
 0001:00010010       ??3@YAXPAX0@Z              10011010 f i ProtoChand:BaseChan.obj
 0001:00010030       ?_Construct@std@@YAXPAPAVIProtocolObserver@@ABQAV2@@Z 10011030 f i ProtoChand:BaseChan.obj
 0001:00010090       ??4PRT_COND_T@@QAEAAU0@ABU0@@Z 10011090 f i ProtoChand:BaseChan.obj
 0001:00010100       ??_GPRT_COND_T@@QAEPAXI@Z  10011100 f i ProtoChand:BaseChan.obj
 0001:00010160       ??0PRT_COND_T@@QAE@ABU0@@Z 10011160 f i ProtoChand:BaseChan.obj
 0001:000101d0       ??0?$list@PAUPRT_BUFF@@V?$allocator@PAUPRT_BUFF@@@std@@@std@@QAE@ABV01@@Z 100111d0 f i ProtoChand:BaseChan.obj
 0001:00010260       ??4?$list@PAUPRT_BUFF@@V?$allocator@PAUPRT_BUFF@@@std@@@std@@QAEAAV01@ABV01@@Z 10011260 f i ProtoChand:BaseChan.obj
 0001:00010350       ?begin@?$list@PAUPRT_BUFF@@V?$allocator@PAUPRT_BUFF@@@std@@@std@@QBE?AVconst_iterator@12@XZ 10011350 f i ProtoChand:BaseChan.obj
 0001:000103a0       ?end@?$list@PAUPRT_BUFF@@V?$allocator@PAUPRT_BUFF@@@std@@@std@@QBE?AVconst_iterator@12@XZ 100113a0 f i ProtoChand:BaseChan.obj
 0001:000103f0       ?_Iter_cat@std@@YA?AUbidirectional_iterator_tag@1@ABU?$iterator@Ubidirectional_iterator_tag@std@@PAUPRT_BUFF@@H@1@@Z 100113f0 f i ProtoChand:BaseChan.obj
 0001:00010420       ?_Distance@std@@YAXViterator@?$list@PAUPRT_BUFF@@V?$allocator@PAUPRT_BUFF@@@std@@@1@0AAHUbidirectional_iterator_tag@1@@Z 10011420 f i ProtoChand:BaseChan.obj
 0001:00010480       _dlmalloc                  10011480 f   ProtoChand:dlmalloc.obj
 0001:00013250       _dlfree                    10014250 f   ProtoChand:dlmalloc.obj
 0001:00014840       _dlcalloc                  10015840 f   ProtoChand:dlmalloc.obj
 0001:000148e0       _dlrealloc                 100158e0 f   ProtoChand:dlmalloc.obj
 0001:00014d80       _dlmemalign                10015d80 f   ProtoChand:dlmalloc.obj
 0001:000150e0       _dlindependent_calloc      100160e0 f   ProtoChand:dlmalloc.obj
 0001:00015450       _dlindependent_comalloc    10016450 f   ProtoChand:dlmalloc.obj
 0001:000154a0       _dlvalloc                  100164a0 f   ProtoChand:dlmalloc.obj
 0001:000154f0       _dlpvalloc                 100164f0 f   ProtoChand:dlmalloc.obj
 0001:00015550       _dlmalloc_trim             10016550 f   ProtoChand:dlmalloc.obj
 0001:00015600       _dlmalloc_footprint        10016600 f   ProtoChand:dlmalloc.obj
 0001:00015630       _dlmalloc_max_footprint    10016630 f   ProtoChand:dlmalloc.obj
 0001:00015660       _dlmallinfo                10016660 f   ProtoChand:dlmalloc.obj
 0001:00015920       _dlmalloc_stats            10016920 f   ProtoChand:dlmalloc.obj
 0001:00015b80       _dlmallopt                 10016b80 f   ProtoChand:dlmalloc.obj
 0001:00015c80       _dlmalloc_usable_size      10016c80 f   ProtoChand:dlmalloc.obj
 0001:00015ce0       ??0CSpLog@@QAE@XZ          10016ce0 f   ProtoChand:SpLog.obj
 0001:00015fe0       ??1ISpLog@@UAE@XZ          10016fe0 f i ProtoChand:SpLog.obj
 0001:00016010       ??_EISpLog@@UAEPAXI@Z      10017010 f i ProtoChand:SpLog.obj
 0001:00016010       ??_GISpLog@@UAEPAXI@Z      10017010 f i ProtoChand:SpLog.obj
 0001:00016070       ?Release@CSpLog@@UAEXXZ    10017070 f i ProtoChand:SpLog.obj
 0001:000160e0       ??_ECSpLog@@UAEPAXI@Z      100170e0 f i ProtoChand:SpLog.obj
 0001:000160e0       ??_GCSpLog@@UAEPAXI@Z      100170e0 f i ProtoChand:SpLog.obj
 0001:00016140       ??0ISpLog@@QAE@XZ          10017140 f i ProtoChand:SpLog.obj
 0001:00016170       ??1CSpLog@@UAE@XZ          10017170 f   ProtoChand:SpLog.obj
 0001:00016240       ?Open@CSpLog@@UAEHPBGIII@Z 10017240 f   ProtoChand:SpLog.obj
 0001:000164c0       ?Close@CSpLog@@UAEHXZ      100174c0 f   ProtoChand:SpLog.obj
 0001:00016600       ?SetProperty@CSpLog@@UAEHJJPBX@Z 10017600 f   ProtoChand:SpLog.obj
 0001:00016a10       ?GetProperty@CSpLog@@UAEHJJPAX@Z 10017a10 f   ProtoChand:SpLog.obj
 0001:00016cd0       ?WriteLog@CSpLog@@IAEHAAPAXPBGAAIPBXK@Z 10017cd0 f   ProtoChand:SpLog.obj
 0001:00016e40       ?LogString@CSpLog@@IAEHPBD@Z 10017e40 f   ProtoChand:SpLog.obj
 0001:00016f70       ?GetLocalTime@CSpLog@@IBEPBDXZ 10017f70 f i ProtoChand:SpLog.obj
 0001:00017020       ?WriteConsoleWindow@CSpLog@@IAEXPBXK@Z 10018020 f   ProtoChand:SpLog.obj
 0001:000170a0       ?LogHexData@CSpLog@@UAEHPBEKI@Z 100180a0 f   ProtoChand:SpLog.obj
 0001:00017140       ?LogRawStrA@CSpLog@@UAEHIPBD@Z 10018140 f   ProtoChand:SpLog.obj
 0001:000171d0       ?LogRawStrW@CSpLog@@UAEHIPBG@Z 100181d0 f   ProtoChand:SpLog.obj
 0001:000172c0       ?LogFmtStrA@CSpLog@@UAAHIPBDZZ 100182c0 f   ProtoChand:SpLog.obj
 0001:000173b0       ?LogFmtStrW@CSpLog@@UAAHIPBGZZ 100183b0 f   ProtoChand:SpLog.obj
 0001:000174e0       ?LogBufData@CSpLog@@UAEHIPBEKIPBK@Z 100184e0 f   ProtoChand:SpLog.obj
 0001:00017a50       ?AllocConsoleWindow@CSpLog@@IAEXXZ 10018a50 f   ProtoChand:SpLog.obj
 0001:00017bb0       ?CreateMultiDirectory@CSpLog@@IAEHPBG@Z 10018bb0 f   ProtoChand:SpLog.obj
 0001:00017d70       ?GetLogExtension@CSpLog@@IAEXPBGPAGH@Z 10018d70 f   ProtoChand:SpLog.obj
 0001:00017f10       ?GetLogFilePath@CSpLog@@IAEXPBGPAGH@Z 10018f10 f   ProtoChand:SpLog.obj
 0001:00018240       ?GetBinFilePath@CSpLog@@IAEXPBGPAGH@Z 10019240 f   ProtoChand:SpLog.obj
 0001:000183a0       ?GetNextPartLog@CSpLog@@IAEXPBGPAGI@Z 100193a0 f   ProtoChand:SpLog.obj
 0001:000184d0       ?OpenFile@CSpLog@@IAEPAXPBG@Z 100194d0 f   ProtoChand:SpLog.obj
 0001:00018580       ??0CFnLog@@QAA@PAVISpLog@@PBD1ZZ 10019580 f   ProtoChand:SpLog.obj
 0001:000186e0       ??_ECFnLog@@UAEPAXI@Z      100196e0 f i ProtoChand:SpLog.obj
 0001:000186e0       ??_GCFnLog@@UAEPAXI@Z      100196e0 f i ProtoChand:SpLog.obj
 0001:00018740       ??0CFnLog@@QAA@PAVISpLog@@PBG1ZZ 10019740 f   ProtoChand:SpLog.obj
 0001:00018900       ??1CFnLog@@UAE@XZ          10019900 f   ProtoChand:SpLog.obj
 0001:00018976       _ReleaseChannel            10019976 f   ChannelD:ChannelD.dll
 0001:0001897c       _CreateChannel             1001997c f   ChannelD:ChannelD.dll
 0001:00018990       ??3@YAXPAX@Z               10019990 f   libcpmtd:delop.obj
 0001:000189b0       _wcscat                    100199b0 f   LIBCMTD:wcscat.obj
 0001:00018a10       _wcscpy                    10019a10 f   LIBCMTD:wcscat.obj
 0001:00018a50       ?_JumpToContinuation@@YGXPAXPAUEHRegistrationNode@@@Z 10019a50 f   LIBCMTD:trnsctrl.obj
 0001:00018a90       ?_CallMemberFunction0@@YGXPAX0@Z 10019a90 f   LIBCMTD:trnsctrl.obj
 0001:00018aa0       ?_CallMemberFunction1@@YGXPAX00@Z 10019aa0 f   LIBCMTD:trnsctrl.obj
 0001:00018ab0       ?_CallMemberFunction2@@YGXPAX00H@Z 10019ab0 f   LIBCMTD:trnsctrl.obj
 0001:00018ac0       ?_UnwindNestedFrames@@YGXPAUEHRegistrationNode@@PAUEHExceptionRecord@@@Z 10019ac0 f   LIBCMTD:trnsctrl.obj
 0001:00018b20       ___CxxFrameHandler         10019b20 f   LIBCMTD:trnsctrl.obj
 0001:00018b60       ___CxxLongjmpUnwind@4      10019b60 f   LIBCMTD:trnsctrl.obj
 0001:00018b90       ?_CallCatchBlock2@@YAPAXPAUEHRegistrationNode@@PBU_s_FuncInfo@@PAXHK@Z 10019b90 f   LIBCMTD:trnsctrl.obj
 0001:00018c40       ?_CallSETranslator@@YAHPAUEHExceptionRecord@@PAUEHRegistrationNode@@PAX2PBU_s_FuncInfo@@H1@Z 10019c40 f   LIBCMTD:trnsctrl.obj
 0001:00018da0       ?_GetRangeOfTrysToCheck@@YAPBU_s_TryBlockMapEntry@@PBU_s_FuncInfo@@HHPAI1@Z 10019da0 f   LIBCMTD:trnsctrl.obj
 0001:00018e30       __chkesp                   10019e30 f   LIBCMTD:chkesp.obj
 0001:00018e68       __global_unwind2           10019e68 f   LIBCMTD:exsup.obj
 0001:00018eaa       __local_unwind2            10019eaa f   LIBCMTD:exsup.obj
 0001:00018f02       __NLG_Return2              10019f02 f   LIBCMTD:exsup.obj
 0001:00018f12       __abnormal_termination     10019f12 f   LIBCMTD:exsup.obj
 0001:00018f35       __NLG_Notify1              10019f35 f   LIBCMTD:exsup.obj
 0001:00018f3e       __NLG_Notify               10019f3e f   LIBCMTD:exsup.obj
 0001:00018f51       __NLG_Dispatch             10019f51 f   LIBCMTD:exsup.obj
 0001:00018f60       __assert                   10019f60 f   LIBCMTD:assert.obj
 0001:000192e0       _memcpy                    1001a2e0 f   LIBCMTD:memcpy.obj
 0001:00019620       _memset                    1001a620 f   LIBCMTD:memset.obj
 0001:00019680       ??2@YAPAXI@Z               1001a680 f   LIBCMTD:new.obj
 0001:000196a0       __alloca_probe             1001a6a0 f   LIBCMTD:chkstk.obj
 0001:000196a0       __chkstk                   1001a6a0 f   LIBCMTD:chkstk.obj
 0001:000196d0       _fclose                    1001a6d0 f   LIBCMTD:fclose.obj
 0001:00019760       __fclose_lk                1001a760 f   LIBCMTD:fclose.obj
 0001:00019820       _fscanf                    1001a820 f   LIBCMTD:fscanf.obj
 0001:000198c0       _fgets                     1001a8c0 f   LIBCMTD:fgets.obj
 0001:00019a00       __wfsopen                  1001aa00 f   LIBCMTD:wfopen.obj
 0001:00019b00       __wfopen                   1001ab00 f   LIBCMTD:wfopen.obj
 0001:00019b20       _wcsrchr                   1001ab20 f   LIBCMTD:wcsrchr.obj
 0001:00019b90       __purecall                 1001ab90 f   LIBCMTD:purevirt.obj
 0001:00019ba0       _memmove                   1001aba0 f   LIBCMTD:memmove.obj
 0001:00019ee0       __CRT_INIT@12              1001aee0 f   LIBCMTD:dllcrt0.obj
 0001:0001a020       __DllMainCRTStartup@12     1001b020 f   LIBCMTD:dllcrt0.obj
 0001:0001a120       __amsg_exit                1001b120 f   LIBCMTD:dllcrt0.obj
 0001:0001a160       __beginthreadex            1001b160 f   LIBCMTD:threadex.obj
 0001:0001a320       __endthreadex              1001b320 f   LIBCMTD:threadex.obj
 0001:0001a370       _abort                     1001b370 f   LIBCMTD:abort.obj
 0001:0001a390       _fprintf                   1001b390 f   LIBCMTD:fprintf.obj
 0001:0001a460       ___initstdio               1001b460 f   LIBCMTD:_file.obj
 0001:0001a590       ___endstdio                1001b590 f   LIBCMTD:_file.obj
 0001:0001a5b0       __lock_file                1001b5b0 f   LIBCMTD:_file.obj
 0001:0001a5f0       __lock_file2               1001b5f0 f   LIBCMTD:_file.obj
 0001:0001a620       __unlock_file              1001b620 f   LIBCMTD:_file.obj
 0001:0001a660       __unlock_file2             1001b660 f   LIBCMTD:_file.obj
 0001:0001a690       __snwprintf                1001b690 f   LIBCMTD:snwprint.obj
 0001:0001a7e0       _wcslen                    1001b7e0 f   LIBCMTD:wcslen.obj
 0001:0001a810       __snprintf                 1001b810 f   LIBCMTD:snprintf.obj
 0001:0001a910       __vsnprintf                1001b910 f   LIBCMTD:vsnprint.obj
 0001:0001aa10       __vsnwprintf               1001ba10 f   LIBCMTD:vsnwprnt.obj
 0001:0001ab50       _isalpha                   1001bb50 f   LIBCMTD:_ctype.obj
 0001:0001aba0       _isupper                   1001bba0 f   LIBCMTD:_ctype.obj
 0001:0001abe0       _islower                   1001bbe0 f   LIBCMTD:_ctype.obj
 0001:0001ac20       _isdigit                   1001bc20 f   LIBCMTD:_ctype.obj
 0001:0001ac60       _isxdigit                  1001bc60 f   LIBCMTD:_ctype.obj
 0001:0001acb0       _isspace                   1001bcb0 f   LIBCMTD:_ctype.obj
 0001:0001acf0       _ispunct                   1001bcf0 f   LIBCMTD:_ctype.obj
 0001:0001ad30       _isalnum                   1001bd30 f   LIBCMTD:_ctype.obj
 0001:0001ad80       _isprint                   1001bd80 f   LIBCMTD:_ctype.obj
 0001:0001add0       _isgraph                   1001bdd0 f   LIBCMTD:_ctype.obj
 0001:0001ae20       _iscntrl                   1001be20 f   LIBCMTD:_ctype.obj
 0001:0001ae60       ___isascii                 1001be60 f   LIBCMTD:_ctype.obj
 0001:0001ae70       ___toascii                 1001be70 f   LIBCMTD:_ctype.obj
 0001:0001ae80       ___iscsymf                 1001be80 f   LIBCMTD:_ctype.obj
 0001:0001aee0       ___iscsym                  1001bee0 f   LIBCMTD:_ctype.obj
 0001:0001af40       _sprintf                   1001bf40 f   LIBCMTD:sprintf.obj
 0001:0001b040       _wcsncpy                   1001c040 f   LIBCMTD:wcsncpy.obj
 0001:0001b0c0       __wcsicmp                  1001c0c0 f   LIBCMTD:wcsicmp.obj
 0001:0001b270       _malloc                    1001c270 f   LIBCMTD:dbgheap.obj
 0001:0001b2a0       __malloc_dbg               1001c2a0 f   LIBCMTD:dbgheap.obj
 0001:0001b2d0       __nh_malloc                1001c2d0 f   LIBCMTD:dbgheap.obj
 0001:0001b2f0       __nh_malloc_dbg            1001c2f0 f   LIBCMTD:dbgheap.obj
 0001:0001b390       __heap_alloc               1001c390 f   LIBCMTD:dbgheap.obj
 0001:0001b3b0       __heap_alloc_dbg           1001c3b0 f   LIBCMTD:dbgheap.obj
 0001:0001b6d0       _calloc                    1001c6d0 f   LIBCMTD:dbgheap.obj
 0001:0001b700       __calloc_dbg               1001c700 f   LIBCMTD:dbgheap.obj
 0001:0001b760       _realloc                   1001c760 f   LIBCMTD:dbgheap.obj
 0001:0001b790       __realloc_dbg              1001c790 f   LIBCMTD:dbgheap.obj
 0001:0001bd40       __expand                   1001cd40 f   LIBCMTD:dbgheap.obj
 0001:0001bd70       __expand_dbg               1001cd70 f   LIBCMTD:dbgheap.obj
 0001:0001be00       _free                      1001ce00 f   LIBCMTD:dbgheap.obj
 0001:0001be20       __free_lk                  1001ce20 f   LIBCMTD:dbgheap.obj
 0001:0001be40       __free_dbg                 1001ce40 f   LIBCMTD:dbgheap.obj
 0001:0001beb0       __free_dbg_lk              1001ceb0 f   LIBCMTD:dbgheap.obj
 0001:0001c2a0       __msize                    1001d2a0 f   LIBCMTD:dbgheap.obj
 0001:0001c2c0       __msize_dbg                1001d2c0 f   LIBCMTD:dbgheap.obj
 0001:0001c450       __CrtSetBreakAlloc         1001d450 f   LIBCMTD:dbgheap.obj
 0001:0001c470       __CrtSetDbgBlockType       1001d470 f   LIBCMTD:dbgheap.obj
 0001:0001c550       __CrtSetAllocHook          1001d550 f   LIBCMTD:dbgheap.obj
 0001:0001c600       __CrtCheckMemory           1001d600 f   LIBCMTD:dbgheap.obj
 0001:0001c9b0       __CrtSetDbgFlag            1001d9b0 f   LIBCMTD:dbgheap.obj
 0001:0001c9e0       __CrtDoForAllClientObjects 1001d9e0 f   LIBCMTD:dbgheap.obj
 0001:0001ca90       __CrtIsValidPointer        1001da90 f   LIBCMTD:dbgheap.obj
 0001:0001cae0       __CrtIsValidHeapPointer    1001dae0 f   LIBCMTD:dbgheap.obj
 0001:0001cc10       __CrtIsMemoryBlock         1001dc10 f   LIBCMTD:dbgheap.obj
 0001:0001cd40       __CrtSetDumpClient         1001dd40 f   LIBCMTD:dbgheap.obj
 0001:0001cd60       __CrtMemCheckpoint         1001dd60 f   LIBCMTD:dbgheap.obj
 0001:0001cf10       __CrtMemDifference         1001df10 f   LIBCMTD:dbgheap.obj
 0001:0001d040       __CrtMemDumpAllObjectsSince 1001e040 f   LIBCMTD:dbgheap.obj
 0001:0001d460       __CrtDumpMemoryLeaks       1001e460 f   LIBCMTD:dbgheap.obj
 0001:0001d4e0       __CrtMemDumpStatistics     1001e4e0 f   LIBCMTD:dbgheap.obj
 0001:0001d5b0       ___InternalCxxFrameHandler 1001e5b0 f   LIBCMTD:frame.obj
 0001:0001db20       ___FrameUnwindToState      1001eb20 f   LIBCMTD:frame.obj
 0001:0001e130       ?_DestructExceptionObject@@YAXPAUEHExceptionRecord@@E@Z 1001f130 f   LIBCMTD:frame.obj
 0001:0001e210       __CallSettingFrame@12      1001f210 f   LIBCMTD:lowhelpr.obj
 0001:0001e237       __NLG_Return               1001f237 f   LIBCMTD:lowhelpr.obj
 0001:0001e260       __mtinit                   1001f260 f   LIBCMTD:tidtable.obj
 0001:0001e2f0       __mtterm                   1001f2f0 f   LIBCMTD:tidtable.obj
 0001:0001e320       __initptd                  1001f320 f   LIBCMTD:tidtable.obj
 0001:0001e340       __getptd                   1001f340 f   LIBCMTD:tidtable.obj
 0001:0001e3e0       __freeptd                  1001f3e0 f   LIBCMTD:tidtable.obj
 0001:0001e4f0       ___threadid                1001f4f0 f   LIBCMTD:tidtable.obj
 0001:0001e500       ___threadhandle            1001f500 f   LIBCMTD:tidtable.obj
 0001:0001e510       ?terminate@@YAXXZ          1001f510 f   LIBCMTD:hooks.obj
 0001:0001e5a0       ?unexpected@@YAXXZ         1001f5a0 f   LIBCMTD:hooks.obj
 0001:0001e5c0       ?_inconsistency@@YAXXZ     1001f5c0 f   LIBCMTD:hooks.obj
 0001:0001e650       __CrtDbgBreak              1001f650 f   LIBCMTD:dbgrpt.obj
 0001:0001e660       __CrtSetReportMode         1001f660 f   LIBCMTD:dbgrpt.obj
 0001:0001e6c0       __CrtSetReportFile         1001f6c0 f   LIBCMTD:dbgrpt.obj
 0001:0001e740       __CrtSetReportHook         1001f740 f   LIBCMTD:dbgrpt.obj
 0001:0001e760       __CrtDbgReport             1001f760 f   LIBCMTD:dbgrpt.obj
 0001:0001ee00       __cinit                    1001fe00 f   LIBCMTD:crt0dat.obj
 0001:0001ee40       _exit                      1001fe40 f   LIBCMTD:crt0dat.obj
 0001:0001ee60       __exit                     1001fe60 f   LIBCMTD:crt0dat.obj
 0001:0001ee80       __cexit                    1001fe80 f   LIBCMTD:crt0dat.obj
 0001:0001eea0       __c_exit                   1001fea0 f   LIBCMTD:crt0dat.obj
 0001:0001efb0       __lockexit                 1001ffb0 f   LIBCMTD:crt0dat.obj
 0001:0001efc0       __unlockexit               1001ffc0 f   LIBCMTD:crt0dat.obj
 0001:0001f000       _signal                    10020000 f   LIBCMTD:winsig.obj
 0001:0001f2d0       _raise                     100202d0 f   LIBCMTD:winsig.obj
 0001:0001f570       ___fpecode                 10020570 f   LIBCMTD:winsig.obj
 0001:0001f580       ___pxcptinfoptrs           10020580 f   LIBCMTD:winsig.obj
 0001:0001f590       ___crtMessageBoxA          10020590 f   LIBCMTD:crtmbox.obj
 0001:0001f650       __itoa                     10020650 f   LIBCMTD:xtoa.obj
 0001:0001f770       __ltoa                     10020770 f   LIBCMTD:xtoa.obj
 0001:0001f7b0       __ultoa                    100207b0 f   LIBCMTD:xtoa.obj
 0001:0001f7d0       __i64toa                   100207d0 f   LIBCMTD:xtoa.obj
 0001:0001f920       __ui64toa                  10020920 f   LIBCMTD:xtoa.obj
 0001:0001f940       _strncat                   10020940 f   LIBCMTD:strncat.obj
 0001:0001fa70       _strncpy                   10020a70 f   LIBCMTD:strncpy.obj
 0001:0001fb70       _strlen                    10020b70 f   LIBCMTD:strlen.obj
 0001:0001fbf0       _strcpy                    10020bf0 f   LIBCMTD:strcat.obj
 0001:0001fc00       _strcat                    10020c00 f   LIBCMTD:strcat.obj
 0001:0001fce0       _fflush                    10020ce0 f   LIBCMTD:fflush.obj
 0001:0001fd30       __fflush_lk                10020d30 f   LIBCMTD:fflush.obj
 0001:0001fd80       __flush                    10020d80 f   LIBCMTD:fflush.obj
 0001:0001fe40       __flushall                 10020e40 f   LIBCMTD:fflush.obj
 0001:0001ff90       _setvbuf                   10020f90 f   LIBCMTD:setvbuf.obj
 0001:00020100       __close                    10021100 f   LIBCMTD:close.obj
 0001:00020180       __close_lk                 10021180 f   LIBCMTD:close.obj
 0001:00020230       __freebuf                  10021230 f   LIBCMTD:_freebuf.obj
 0001:000202d0       __input                    100212d0 f   LIBCMTD:input.obj
 0001:000217d0       __filbuf                   100227d0 f   LIBCMTD:_filbuf.obj
 0001:000219c0       __wopenfile                100229c0 f   LIBCMTD:_wopen.obj
 0001:00021d60       __getstream                10022d60 f   LIBCMTD:stream.obj
 0001:00021ee0       __ioinit                   10022ee0 f   LIBCMTD:ioinit.obj
 0001:00022210       __ioterm                   10023210 f   LIBCMTD:ioinit.obj
 0001:000222b0       __setenvp                  100232b0 f   LIBCMTD:stdenvp.obj
 0001:00022400       __setargv                  10023400 f   LIBCMTD:stdargv.obj
 0001:00022910       ___crtGetEnvironmentStringsA 10023910 f   LIBCMTD:a_env.obj
 0001:00022b30       __GetLinkerVersion         10023b30 f   LIBCMTD:heapinit.obj
 0001:00022b90       ___heap_select             10023b90 f   LIBCMTD:heapinit.obj
 0001:00022dc0       __heap_init                10023dc0 f   LIBCMTD:heapinit.obj
 0001:00022e50       __heap_term                10023e50 f   LIBCMTD:heapinit.obj
 0001:00022f40       __FF_MSGBANNER             10023f40 f   LIBCMTD:crt0msg.obj
 0001:00022f90       __NMSG_WRITE               10023f90 f   LIBCMTD:crt0msg.obj
 0001:00023150       __GET_RTERRMSG             10024150 f   LIBCMTD:crt0msg.obj
 0001:000231a0       __dosmaperr                100241a0 f   LIBCMTD:dosmap.obj
 0001:00023240       __errno                    10024240 f   LIBCMTD:dosmap.obj
 0001:00023250       ___doserrno                10024250 f   LIBCMTD:dosmap.obj
 0001:00023260       __XcptFilter               10024260 f   LIBCMTD:winxfltr.obj
 0001:00023484       __except_handler3          10024484 f   LIBCMTD:exsup3.obj
 0001:00023541       __seh_longjmp_unwind@4     10024541 f   LIBCMTD:exsup3.obj
 0001:00023560       __stbuf                    10024560 f   LIBCMTD:_sftbuf.obj
 0001:000236c0       __ftbuf                    100246c0 f   LIBCMTD:_sftbuf.obj
 0001:00023760       __output                   10024760 f   LIBCMTD:output.obj
 0001:00024690       __fcloseall                10025690 f   LIBCMTD:closeall.obj
 0001:00024770       __mtinitlocks              10025770 f   LIBCMTD:mlock.obj
 0001:000247b0       __mtdeletelocks            100257b0 f   LIBCMTD:mlock.obj
 0001:00024850       __lock                     10025850 f   LIBCMTD:mlock.obj
 0001:000248f0       __unlock                   100258f0 f   LIBCMTD:mlock.obj
 0001:00024910       __lockerr_exit             10025910 f   LIBCMTD:mlock.obj
 0001:00024930       __flsbuf                   10025930 f   LIBCMTD:_flsbuf.obj
 0001:00024bb0       __woutput                  10025bb0 f   LIBCMTD:woutput.obj
 0001:00025a20       __isctype                  10026a20 f   LIBCMTD:isctype.obj
 0001:00025ae0       _towlower                  10026ae0 f   LIBCMTD:towlower.obj
 0001:00025bb0       __towlower_lk              10026bb0 f   LIBCMTD:towlower.obj
 0001:00025c70       _setlocale                 10026c70 f   LIBCMTD:setlocal.obj
 0001:00026300       __expandlocale             10027300 f   LIBCMTD:setlocal.obj
 0001:00026490       ___init_dummy              10027490 f   LIBCMTD:setlocal.obj
 0001:000264a0       __strcats                  100274a0 f   LIBCMTD:setlocal.obj
 0001:000264f0       ___lc_strtolc              100274f0 f   LIBCMTD:setlocal.obj
 0001:00026650       ___lc_lctostr              10027650 f   LIBCMTD:setlocal.obj
 0001:000266c0       ?_set_new_handler@@YAP6AHI@ZP6AHI@Z@Z 100276c0 f   LIBCMTD:handler.obj
 0001:000266f0       ?_query_new_handler@@YAP6AHI@ZXZ 100276f0 f   LIBCMTD:handler.obj
 0001:00026700       __callnewh                 10027700 f   LIBCMTD:handler.obj
 0001:00026730       __malloc_base              10027730 f   LIBCMTD:malloc.obj
 0001:00026750       __nh_malloc_base           10027750 f   LIBCMTD:malloc.obj
 0001:000267b0       __heap_alloc_base          100277b0 f   LIBCMTD:malloc.obj
 0001:00026900       __CrtDefaultAllocHook      10027900 f   LIBCMTD:dbghook.obj
 0001:00026910       __expand_base              10027910 f   LIBCMTD:expand.obj
 0001:00026b20       __realloc_base             10027b20 f   LIBCMTD:realloc.obj
 0001:00026fc0       __free_base                10027fc0 f   LIBCMTD:free.obj
 0001:00027110       __heapchk                  10028110 f   LIBCMTD:heapchk.obj
 0001:00027220       __heapset                  10028220 f   LIBCMTD:heapchk.obj
 0001:00027230       __get_sbh_threshold        10028230 f   LIBCMTD:sbheap.obj
 0001:00027260       __set_sbh_threshold        10028260 f   LIBCMTD:sbheap.obj
 0001:00027370       ___sbh_heap_init           10028370 f   LIBCMTD:sbheap.obj
 0001:000273e0       ___sbh_find_block          100283e0 f   LIBCMTD:sbheap.obj
 0001:00027440       ___sbh_verify_block        10028440 f   LIBCMTD:sbheap.obj
 0001:000274a0       ___sbh_free_block          100284a0 f   LIBCMTD:sbheap.obj
 0001:00027a80       ___sbh_alloc_block         10028a80 f   LIBCMTD:sbheap.obj
 0001:00027fc0       ___sbh_alloc_new_region    10028fc0 f   LIBCMTD:sbheap.obj
 0001:000280d0       ___sbh_alloc_new_group     100290d0 f   LIBCMTD:sbheap.obj
 0001:000282c0       ___sbh_resize_block        100292c0 f   LIBCMTD:sbheap.obj
 0001:000288b0       ___sbh_heapmin             100298b0 f   LIBCMTD:sbheap.obj
 0001:000289e0       ___sbh_heap_check          100299e0 f   LIBCMTD:sbheap.obj
 0001:00029000       __get_old_sbh_threshold    1002a000 f   LIBCMTD:sbheap.obj
 0001:00029010       __set_old_sbh_threshold    1002a010 f   LIBCMTD:sbheap.obj
 0001:00029040       ___old_sbh_new_region      1002a040 f   LIBCMTD:sbheap.obj
 0001:00029220       ___old_sbh_release_region  1002a220 f   LIBCMTD:sbheap.obj
 0001:000292a0       ___old_sbh_decommit_pages  1002a2a0 f   LIBCMTD:sbheap.obj
 0001:00029400       ___old_sbh_find_block      1002a400 f   LIBCMTD:sbheap.obj
 0001:00029490       ___old_sbh_free_block      1002a490 f   LIBCMTD:sbheap.obj
 0001:00029500       ___old_sbh_alloc_block     1002a500 f   LIBCMTD:sbheap.obj
 0001:000298c0       ___old_sbh_alloc_block_from_page 1002a8c0 f   LIBCMTD:sbheap.obj
 0001:00029b70       ___old_sbh_resize_block    1002ab70 f   LIBCMTD:sbheap.obj
 0001:00029ce0       ___old_sbh_heap_check      1002ace0 f   LIBCMTD:sbheap.obj
 0001:00029f20       ?__CxxUnhandledExceptionFilter@@YGJPAU_EXCEPTION_POINTERS@@@Z 1002af20 f   LIBCMTD:unhandld.obj
 0001:00029f80       ?__CxxSetUnhandledExceptionFilter@@YAXXZ 1002af80 f   LIBCMTD:unhandld.obj
 0001:00029fa0       ?__CxxRestoreUnhandledExceptionFilter@@YAXXZ 1002afa0 f   LIBCMTD:unhandld.obj
 0001:00029fc0       ?_ValidateRead@@YAHPBXI@Z  1002afc0 f   LIBCMTD:validate.obj
 0001:00029ff0       ?_ValidateWrite@@YAHPAXI@Z 1002aff0 f   LIBCMTD:validate.obj
 0001:0002a020       ?_ValidateExecute@@YAHP6GHXZ@Z 1002b020 f   LIBCMTD:validate.obj
 0001:0002a050       _strcmp                    1002b050 f   LIBCMTD:strcmp.obj
 0001:0002a0e0       __aulldiv                  1002b0e0 f   LIBCMTD:ulldiv.obj
 0001:0002a150       __aullrem                  1002b150 f   LIBCMTD:ullrem.obj
 0001:0002a1d0       __commit                   1002b1d0 f   LIBCMTD:commit.obj
 0001:0002a2b0       __write                    1002b2b0 f   LIBCMTD:write.obj
 0001:0002a340       __write_lk                 1002b340 f   LIBCMTD:write.obj
 0001:0002a5c0       __alloc_osfhnd             1002b5c0 f   LIBCMTD:osfinfo.obj
 0001:0002a7b0       __set_osfhnd               1002b7b0 f   LIBCMTD:osfinfo.obj
 0001:0002a870       __free_osfhnd              1002b870 f   LIBCMTD:osfinfo.obj
 0001:0002a950       __get_osfhandle            1002b950 f   LIBCMTD:osfinfo.obj
 0001:0002a9c0       __open_osfhandle           1002b9c0 f   LIBCMTD:osfinfo.obj
 0001:0002aad0       __lock_fhandle             1002bad0 f   LIBCMTD:osfinfo.obj
 0001:0002ab60       __unlock_fhandle           1002bb60 f   LIBCMTD:osfinfo.obj
 0001:0002ab90       _mbtowc                    1002bb90 f   LIBCMTD:mbtowc.obj
 0001:0002ac10       __mbtowc_lk                1002bc10 f   LIBCMTD:mbtowc.obj
 0001:0002ad70       __allshl                   1002bd70 f   LIBCMTD:llshl.obj
 0001:0002ad90       _ungetc                    1002bd90 f   LIBCMTD:ungetc.obj
 0001:0002ae00       __ungetc_lk                1002be00 f   LIBCMTD:ungetc.obj
 0001:0002af40       __read                     1002bf40 f   LIBCMTD:read.obj
 0001:0002afd0       __read_lk                  1002bfd0 f   LIBCMTD:read.obj
 0001:0002b420       __getbuf                   1002c420 f   LIBCMTD:_getbuf.obj
 0001:0002b4f0       __wopen                    1002c4f0 f   LIBCMTD:wopen.obj
 0001:0002b530       __wsopen                   1002c530 f   LIBCMTD:wopen.obj
 0001:0002ba90       __setmbcp                  1002ca90 f   LIBCMTD:mbctype.obj
 0001:0002c250       __getmbcp                  1002d250 f   LIBCMTD:mbctype.obj
 0001:0002c270       ___initmbctable            1002d270 f   LIBCMTD:mbctype.obj
 0001:0002c2a0       _strtol                    1002d2a0 f   LIBCMTD:strtol.obj
 0001:0002c600       _strtoul                   1002d600 f   LIBCMTD:strtol.obj
 0001:0002c630       _strchr                    1002d630 f   LIBCMTD:strchr.obj
 0001:0002c636       ___from_strstr_to_strchr   1002d636 f   LIBCMTD:strchr.obj
 0001:0002c6f0       _strstr                    1002d6f0 f   LIBCMTD:strstr.obj
 0001:0002c770       _strncmp                   1002d770 f   LIBCMTD:strncmp.obj
 0001:0002c7b0       __isatty                   1002d7b0 f   LIBCMTD:isatty.obj
 0001:0002c7f0       _wctomb                    1002d7f0 f   LIBCMTD:wctomb.obj
 0001:0002c870       __wctomb_lk                1002d870 f   LIBCMTD:wctomb.obj
 0001:0002c910       __lseek                    1002d910 f   LIBCMTD:lseek.obj
 0001:0002c9a0       __lseek_lk                 1002d9a0 f   LIBCMTD:lseek.obj
 0001:0002ca60       _fputwc                    1002da60 f   LIBCMTD:fputwc.obj
 0001:0002cae0       __putwc_lk                 1002dae0 f   LIBCMTD:fputwc.obj
 0001:0002cd10       _putwc                     1002dd10 f   LIBCMTD:fputwc.obj
 0001:0002cd30       ___crtGetStringTypeA       1002dd30 f   LIBCMTD:a_str.obj
 0001:0002cef0       ___crtLCMapStringW         1002def0 f   LIBCMTD:w_map.obj
 0001:0002d240       _iswctype                  1002e240 f   LIBCMTD:iswctype.obj
 0001:0002d2c0       _is_wctype                 1002e2c0 f   LIBCMTD:iswctype.obj
 0001:0002d2e0       ___init_time               1002e2e0 f   LIBCMTD:inittime.obj
 0001:0002dc60       ___init_numeric            1002ec60 f   LIBCMTD:initnum.obj
 0001:0002df90       ___init_monetary           1002ef90 f   LIBCMTD:initmon.obj
 0001:0002e3f0       ___init_ctype              1002f3f0 f   LIBCMTD:initctyp.obj
 0001:0002e790       ___init_collate            1002f790 f   LIBCMTD:initcoll.obj
 0001:0002e7a0       _strcspn                   1002f7a0 f   LIBCMTD:strcspn.obj
 0001:0002e7e0       _strpbrk                   1002f7e0 f   LIBCMTD:strpbrk.obj
 0001:0002e820       ___get_qualified_locale    1002f820 f   LIBCMTD:getqloc.obj
 0001:0002f5c0       __fptrap                   100305c0 f   LIBCMTD:crt0fp.obj
 0001:0002f5d0       __chsize                   100305d0 f   LIBCMTD:chsize.obj
 0001:0002f650       __chsize_lk                10030650 f   LIBCMTD:chsize.obj
 0001:0002f880       ___crtLCMapStringA         10030880 f   LIBCMTD:a_map.obj
 0001:0002fbe0       __toupper                  10030be0 f   LIBCMTD:toupper.obj
 0001:0002fbf0       _toupper                   10030bf0 f   LIBCMTD:toupper.obj
 0001:0002fc90       __toupper_lk               10030c90 f   LIBCMTD:toupper.obj
 0001:0002fdc0       __flswbuf                  10030dc0 f   LIBCMTD:_flswbuf.obj
 0001:00030050       ___crtGetStringTypeW       10031050 f   LIBCMTD:w_str.obj
 0001:000302c0       __Getdays                  100312c0 f   LIBCMTD:strftime.obj
 0001:000303f0       __Getmonths                100313f0 f   LIBCMTD:strftime.obj
 0001:00030520       __Gettnames                10031520 f   LIBCMTD:strftime.obj
 0001:00030890       _strftime                  10031890 f   LIBCMTD:strftime.obj
 0001:000308b0       __Strftime                 100318b0 f   LIBCMTD:strftime.obj
 0001:000317d0       ___getlocaleinfo           100327d0 f   LIBCMTD:inithelp.obj
 0001:00031a60       _localeconv                10032a60 f   LIBCMTD:lconv.obj
 0001:00031a70       __strcmpi                  10032a70 f   LIBCMTD:stricmp.obj
 0001:00031a70       __stricmp                  10032a70 f   LIBCMTD:stricmp.obj
 0001:00031b40       __strnicmp                 10032b40 f   LIBCMTD:strnicmp.obj
 0001:00031c50       _atol                      10032c50 f   LIBCMTD:atox.obj
 0001:00031d50       _atoi                      10032d50 f   LIBCMTD:atox.obj
 0001:00031d70       __atoi64                   10032d70 f   LIBCMTD:atox.obj
 0001:00031ea0       __setmode                  10032ea0 f   LIBCMTD:setmode.obj
 0001:00031f20       __setmode_lk               10032f20 f   LIBCMTD:setmode.obj
 0001:00031ff0       ___tzset                   10032ff0 f   LIBCMTD:tzset.obj
 0001:00032030       __tzset                    10033030 f   LIBCMTD:tzset.obj
 0001:00032400       __isindst                  10033400 f   LIBCMTD:tzset.obj
 0001:00032930       ___crtGetLocaleInfoW       10033930 f   LIBCMTD:w_loc.obj
 0001:00032ad0       ___crtGetLocaleInfoA       10033ad0 f   LIBCMTD:a_loc.obj
 0001:00032c80       __tolower                  10033c80 f   LIBCMTD:tolower.obj
 0001:00032c90       _tolower                   10033c90 f   LIBCMTD:tolower.obj
 0001:00032d30       __tolower_lk               10033d30 f   LIBCMTD:tolower.obj
 0001:00032e60       __allmul                   10033e60 f   LIBCMTD:llmul.obj
 0001:00032ea0       _getenv                    10033ea0 f   LIBCMTD:getenv.obj
 0001:00032ed0       __getenv_lk                10033ed0 f   LIBCMTD:getenv.obj
 0001:00032fa0       __mbsnbicoll               10033fa0 f   LIBCMTD:mbsnbico.obj
 0001:00032ff0       ___wtomb_environ           10033ff0 f   LIBCMTD:wtombenv.obj
 0001:000330a0       ___crtCompareStringA       100340a0 f   LIBCMTD:a_cmp.obj
 0001:000334f0       ___crtsetenv               100344f0 f   LIBCMTD:setenv.obj
 0001:00033940       __mbschr                   10034940 f   LIBCMTD:mbschr.obj
 0001:00033a2e       _PathRemoveFileSpecW@4     10034a2e f   shlwapi:SHLWAPI.dll
 0001:00033a34       _PathFindFileNameW@4       10034a34 f   shlwapi:SHLWAPI.dll
 0001:00033a3a       _PathFindExtensionW@4      10034a3a f   shlwapi:SHLWAPI.dll
 0001:00033a40       _PathIsRelativeW@4         10034a40 f   shlwapi:SHLWAPI.dll
 0001:00033a46       _CreateEventW@16           10034a46 f   kernel32:KERNEL32.dll
 0001:00033a4c       _InitializeCriticalSectionAndSpinCount@8 10034a4c f   kernel32:KERNEL32.dll
 0001:00033a52       _SetEvent@4                10034a52 f   kernel32:KERNEL32.dll
 0001:00033a58       _CloseHandle@4             10034a58 f   kernel32:KERNEL32.dll
 0001:00033a5e       _GetTickCount@0            10034a5e f   kernel32:KERNEL32.dll
 0001:00033a64       _WaitForSingleObject@8     10034a64 f   kernel32:KERNEL32.dll
 0001:00033a6a       _ResetEvent@4              10034a6a f   kernel32:KERNEL32.dll
 0001:00033a70       _Sleep@4                   10034a70 f   kernel32:KERNEL32.dll
 0001:00033a76       _InterlockedIncrement@4    10034a76 f   kernel32:KERNEL32.dll
 0001:00033a7c       _InterlockedDecrement@4    10034a7c f   kernel32:KERNEL32.dll
 0001:00033a82       _GetPrivateProfileIntW@16  10034a82 f   kernel32:KERNEL32.dll
 0001:00033a88       _GetSystemInfo@4           10034a88 f   kernel32:KERNEL32.dll
 0001:00033a8e       _SleepEx@8                 10034a8e f   kernel32:KERNEL32.dll
 0001:00033a94       _VirtualAlloc@16           10034a94 f   kernel32:KERNEL32.dll
 0001:00033a9a       _VirtualFree@12            10034a9a f   kernel32:KERNEL32.dll
 0001:00033aa0       _VirtualQuery@12           10034aa0 f   kernel32:KERNEL32.dll
 0001:00033aa6       _FreeConsole@0             10034aa6 f   kernel32:KERNEL32.dll
 0001:00033aac       _FlushFileBuffers@4        10034aac f   kernel32:KERNEL32.dll
 0001:00033ab2       _GetConsoleWindow@0        10034ab2 f   kernel32:KERNEL32.dll
 0001:00033ab8       _GetTempPathW@8            10034ab8 f   kernel32:KERNEL32.dll
 0001:00033abe       _IsBadWritePtr@8           10034abe f   kernel32:KERNEL32.dll
 0001:00033ac4       _WriteFile@20              10034ac4 f   kernel32:KERNEL32.dll
 0001:00033aca       _GetFileSize@8             10034aca f   kernel32:KERNEL32.dll
 0001:00033ad0       _lstrlenA@4                10034ad0 f   kernel32:KERNEL32.dll
 0001:00033ad6       _GetLocalTime@4            10034ad6 f   kernel32:KERNEL32.dll
 0001:00033adc       _WriteConsoleW@20          10034adc f   kernel32:KERNEL32.dll
 0001:00033ae2       _WideCharToMultiByte@32    10034ae2 f   kernel32:KERNEL32.dll
 0001:00033ae8       _lstrcatA@8                10034ae8 f   kernel32:KERNEL32.dll
 0001:00033aee       _SetConsoleTitleW@4        10034aee f   kernel32:KERNEL32.dll
 0001:00033af4       _SetConsoleWindowInfo@12   10034af4 f   kernel32:KERNEL32.dll
 0001:00033afa       _SetConsoleScreenBufferSize@8 10034afa f   kernel32:KERNEL32.dll
 0001:00033b00       _GetStdHandle@4            10034b00 f   kernel32:KERNEL32.dll
 0001:00033b06       _AllocConsole@0            10034b06 f   kernel32:KERNEL32.dll
 0001:00033b0c       _GetLastError@0            10034b0c f   kernel32:KERNEL32.dll
 0001:00033b12       _CreateDirectoryW@8        10034b12 f   kernel32:KERNEL32.dll
 0001:00033b18       _GetFileAttributesW@4      10034b18 f   kernel32:KERNEL32.dll
 0001:00033b1e       _lstrlenW@4                10034b1e f   kernel32:KERNEL32.dll
 0001:00033b24       _SetFilePointer@16         10034b24 f   kernel32:KERNEL32.dll
 0001:00033b2a       _CreateFileW@28            10034b2a f   kernel32:KERNEL32.dll
 0001:00033b30       _RtlUnwind@16              10034b30 f   kernel32:KERNEL32.dll
 0001:00033b36       _GetModuleFileNameA@12     10034b36 f   kernel32:KERNEL32.dll
 0001:00033b3c       _GetCommandLineA@0         10034b3c f   kernel32:KERNEL32.dll
 0001:00033b42       _GetVersion@0              10034b42 f   kernel32:KERNEL32.dll
 0001:00033b48       _CreateThread@24           10034b48 f   kernel32:KERNEL32.dll
 0001:00033b4e       _GetCurrentThreadId@0      10034b4e f   kernel32:KERNEL32.dll
 0001:00033b54       _TlsSetValue@8             10034b54 f   kernel32:KERNEL32.dll
 0001:00033b5a       _TlsGetValue@4             10034b5a f   kernel32:KERNEL32.dll
 0001:00033b60       _ExitThread@4              10034b60 f   kernel32:KERNEL32.dll
 0001:00033b66       _IsBadReadPtr@8            10034b66 f   kernel32:KERNEL32.dll
 0001:00033b6c       _HeapValidate@12           10034b6c f   kernel32:KERNEL32.dll
 0001:00033b72       _TlsAlloc@0                10034b72 f   kernel32:KERNEL32.dll
 0001:00033b78       _TlsFree@4                 10034b78 f   kernel32:KERNEL32.dll
 0001:00033b7e       _SetLastError@4            10034b7e f   kernel32:KERNEL32.dll
 0001:00033b84       _GetCurrentThread@0        10034b84 f   kernel32:KERNEL32.dll
 0001:00033b8a       _DebugBreak@0              10034b8a f   kernel32:KERNEL32.dll
 0001:00033b90       _OutputDebugStringA@4      10034b90 f   kernel32:KERNEL32.dll
 0001:00033b96       _GetProcAddress@8          10034b96 f   kernel32:KERNEL32.dll
 0001:00033b9c       _LoadLibraryA@4            10034b9c f   kernel32:KERNEL32.dll
 0001:00033ba2       _ExitProcess@4             10034ba2 f   kernel32:KERNEL32.dll
 0001:00033ba8       _TerminateProcess@8        10034ba8 f   kernel32:KERNEL32.dll
 0001:00033bae       _GetCurrentProcess@0       10034bae f   kernel32:KERNEL32.dll
 0001:00033bb4       _SetConsoleCtrlHandler@8   10034bb4 f   kernel32:KERNEL32.dll
 0001:00033bba       _SetHandleCount@4          10034bba f   kernel32:KERNEL32.dll
 0001:00033bc0       _GetFileType@4             10034bc0 f   kernel32:KERNEL32.dll
 0001:00033bc6       _GetStartupInfoA@4         10034bc6 f   kernel32:KERNEL32.dll
 0001:00033bcc       _FreeEnvironmentStringsA@4 10034bcc f   kernel32:KERNEL32.dll
 0001:00033bd2       _FreeEnvironmentStringsW@4 10034bd2 f   kernel32:KERNEL32.dll
 0001:00033bd8       _GetEnvironmentStrings@0   10034bd8 f   kernel32:KERNEL32.dll
 0001:00033bde       _GetEnvironmentStringsW@0  10034bde f   kernel32:KERNEL32.dll
 0001:00033be4       _GetModuleHandleA@4        10034be4 f   kernel32:KERNEL32.dll
 0001:00033bea       _GetEnvironmentVariableA@12 10034bea f   kernel32:KERNEL32.dll
 0001:00033bf0       _GetVersionExA@4           10034bf0 f   kernel32:KERNEL32.dll
 0001:00033bf6       _HeapDestroy@4             10034bf6 f   kernel32:KERNEL32.dll
 0001:00033bfc       _HeapCreate@12             10034bfc f   kernel32:KERNEL32.dll
 0001:00033c02       _HeapFree@12               10034c02 f   kernel32:KERNEL32.dll
 0001:00033c08       _UnhandledExceptionFilter@4 10034c08 f   kernel32:KERNEL32.dll
 0001:00033c0e       _FatalAppExitA@8           10034c0e f   kernel32:KERNEL32.dll
 0001:00033c14       _HeapAlloc@12              10034c14 f   kernel32:KERNEL32.dll
 0001:00033c1a       _HeapReAlloc@16            10034c1a f   kernel32:KERNEL32.dll
 0001:00033c20       _SetUnhandledExceptionFilter@4 10034c20 f   kernel32:KERNEL32.dll
 0001:00033c26       _IsBadCodePtr@4            10034c26 f   kernel32:KERNEL32.dll
 0001:00033c2c       _SetStdHandle@8            10034c2c f   kernel32:KERNEL32.dll
 0001:00033c32       _MultiByteToWideChar@24    10034c32 f   kernel32:KERNEL32.dll
 0001:00033c38       _ReadFile@20               10034c38 f   kernel32:KERNEL32.dll
 0001:00033c3e       _GetCPInfo@8               10034c3e f   kernel32:KERNEL32.dll
 0001:00033c44       _GetACP@0                  10034c44 f   kernel32:KERNEL32.dll
 0001:00033c4a       _GetOEMCP@0                10034c4a f   kernel32:KERNEL32.dll
 0001:00033c50       _GetStringTypeA@20         10034c50 f   kernel32:KERNEL32.dll
 0001:00033c56       _GetStringTypeW@16         10034c56 f   kernel32:KERNEL32.dll
 0001:00033c5c       _LCMapStringA@24           10034c5c f   kernel32:KERNEL32.dll
 0001:00033c62       _LCMapStringW@24           10034c62 f   kernel32:KERNEL32.dll
 0001:00033c68       _IsValidLocale@8           10034c68 f   kernel32:KERNEL32.dll
 0001:00033c6e       _IsValidCodePage@4         10034c6e f   kernel32:KERNEL32.dll
 0001:00033c74       _GetLocaleInfoA@16         10034c74 f   kernel32:KERNEL32.dll
 0001:00033c7a       _EnumSystemLocalesA@8      10034c7a f   kernel32:KERNEL32.dll
 0001:00033c80       _GetUserDefaultLCID@0      10034c80 f   kernel32:KERNEL32.dll
 0001:00033c86       _SetEndOfFile@4            10034c86 f   kernel32:KERNEL32.dll
 0001:00033c8c       _GetTimeZoneInformation@4  10034c8c f   kernel32:KERNEL32.dll
 0001:00033c92       _GetLocaleInfoW@16         10034c92 f   kernel32:KERNEL32.dll
 0001:00033c98       _CompareStringA@24         10034c98 f   kernel32:KERNEL32.dll
 0001:00033c9e       _CompareStringW@24         10034c9e f   kernel32:KERNEL32.dll
 0001:00033ca4       _SetEnvironmentVariableA@8 10034ca4 f   kernel32:KERNEL32.dll
 0001:00033caa       _GetMessageW@16            10034caa f   user32:USER32.dll
 0001:00033cb0       _PostThreadMessageW@16     10034cb0 f   user32:USER32.dll
 0001:00033cb6       _ShowWindow@8              10034cb6 f   user32:USER32.dll
 0001:00033cbc       _EnableMenuItem@12         10034cbc f   user32:USER32.dll
 0001:00033cc2       _GetSystemMenu@8           10034cc2 f   user32:USER32.dll
 0001:00040d00       __enc$textbss$begin        10041d00     <linker-defined>
 0001:0005b000       __enc$textbss$end          1005c000     <linker-defined>
 0002:0000001c       ??_C@_1BA@MJLL@?$AAB?$AAm?$AAC?$AAh?$AAa?$AAn?$AAD?$AA?$AA@ 1005c01c     BmChannel.obj
 0002:00000030       ??_7CBmChannel@@6BIProtocolObserver@@@ 1005c030     BmChannel.obj
 0002:0000003c       ??_7CBmChannel@@6BIProtocolChannel@@@ 1005c03c     BmChannel.obj
 0002:000000c4       ??_C@_1GM@ILGC@?$AAW?$AAr?$AAi?$AAt?$AAe?$AA?3?$AA?5?$AAf?$AAa?$AAi?$AAl?$AAe?$AAd?$AA?0?$AAr?$AAe?$AAm?$AAo?$AAv?$AAe@ 1005c0c4     BmChannel.obj
 0002:00000148       ??_C@_1HC@NLML@?$AAW?$AAr?$AAi?$AAt?$AAe?$AA?3?$AA?5?$AAr?$AAe?$AAm?$AAo?$AAv?$AAe?$AA?5?$AAa?$AAl?$AAl?$AA?5?$AAp?$AAa@ 1005c148     BmChannel.obj
 0002:000001d0       ??_C@_1GA@CJKJ@?$AAW?$AAr?$AAi?$AAt?$AAe?$AA?3?$AA?5?$AAl?$AAo?$AAw?$AAe?$AAr?$AA?5?$AAW?$AAr?$AAi?$AAt?$AAe?$AA?5?$AAi@ 1005c1d0     BmChannel.obj
 0002:00000244       ??_C@_1FC@PECG@?$AAW?$AAr?$AAi?$AAt?$AAe?$AA?3?$AA?5?$AAa?$AAd?$AAd?$AA?5?$AAa?$AA?5?$AAc?$AAo?$AAn?$AAd?$AAi?$AAt?$AAi@ 1005c244     BmChannel.obj
 0002:000002a8       ??_C@_1BG@DGPK@?$AAW?$AAr?$AAi?$AAt?$AAe?$AA?3?$AA?5?$AA?9?$AA?9?$AA?9?$AA?$AA@ 1005c2a8     BmChannel.obj
 0002:000002c4       ??_C@_1FA@NGGO@?$AAW?$AAr?$AAi?$AAt?$AAe?$AA?3?$AA?5?$AAp?$AAa?$AAc?$AAk?$AAa?$AAg?$AAe?$AA?5?$AAf?$AAa?$AAi?$AAl?$AAe@ 1005c2c4     BmChannel.obj
 0002:00000324       ??_C@_0BE@KNFB@m_lpProtocolPackage?$AA@ 1005c324     BmChannel.obj
 0002:0000033c       ??_C@_0FP@EPCM@E?3?2Work?2workspace?2tools?9main?2tru@ 1005c33c     BmChannel.obj
 0002:000003b0       ??_C@_1CI@LBIP@?$AAW?$AAr?$AAi?$AAt?$AAe?$AA?3?$AA?5?$AAa?$AAc?$AAt?$AAi?$AAo?$AAn?$AA?5?$AAi?$AAs?$AA?5?$AA?$CF?$AAd?$AA?$AA@ 1005c3b0     BmChannel.obj
 0002:000003e0       ??_C@_1FM@NFAL@?$AAW?$AAr?$AAi?$AAt?$AAe?$AA?3?$AA?5?$AAl?$AAo?$AAw?$AAe?$AAr?$AA?5?$AAc?$AAh?$AAa?$AAn?$AAn?$AAe?$AAl@ 1005c3e0     BmChannel.obj
 0002:00000450       ??_C@_1BE@MAAI@?$AAW?$AAr?$AAi?$AAt?$AAe?$AA?3?$AA?5?$AA?9?$AA?9?$AA?$AA@ 1005c450     BmChannel.obj
 0002:00000468       ??_C@_1JA@NJJL@?$AAW?$AAr?$AAi?$AAt?$AAe?$AA?3?$AA?5?$AAi?$AAn?$AAp?$AAu?$AAt?$AA?5?$AAd?$AAa?$AAt?$AAa?$AA?5?$AAp?$AAo@ 1005c468     BmChannel.obj
 0002:00000514       ??_C@_1BG@PNCP@?$AAW?$AAr?$AAi?$AAt?$AAe?$AA?3?$AA?5?$AA?$CL?$AA?$CL?$AA?$CL?$AA?$AA@ 1005c514     BmChannel.obj
 0002:00000530       ??_7CBmPackage@@6B@        1005c530     BmPackage.obj
 0002:00000570       ??_7CDiagChannel@@6BIProtocolObserver@@@ 1005c570     DiagChannel.obj
 0002:0000057c       ??_7CDiagChannel@@6BIProtocolChannel@@@ 1005c57c     DiagChannel.obj
 0002:00000604       ??_C@_1FK@KGAJ@?$AAG?$AAe?$AAt?$AAC?$AAo?$AAn?$AAd?$AAi?$AAt?$AAi?$AAo?$AAn?$AA?3?$AA?5?$AAs?$AAn?$AA?5?$AA?$DN?$AA?5?$AA?$CF@ 1005c604     DiagChannel.obj
 0002:00000670       ??_C@_1HO@FGLC@?$AAI?$AAn?$AAp?$AAu?$AAt?$AA?5?$AAd?$AAa?$AAt?$AAa?$AA?5?$AAc?$AAo?$AAn?$AAt?$AAa?$AAi?$AAn?$AAs?$AA?5@ 1005c670     DiagChannel.obj
 0002:00000708       ??_C@_0BD@MCLJ@type?$DN?$CFd?0subtype?$DN?$CFd?$AA@ 1005c708     DiagChannel.obj
 0002:00000720       ??_C@_13ECDI@?$AAr?$AA?$AA@ 1005c720     DiagChannel.obj
 0002:00000724       ??_C@_1BK@NGPL@?$AAt?$AAy?$AAp?$AAe?$AA_?$AAd?$AAe?$AAf?$AA?4?$AAd?$AAe?$AAf?$AA?$AA@ 1005c724     DiagChannel.obj
 0002:00000744       ??_7CDiagPackage@@6B@      1005c744     DiagPackage.obj
[...]
 0003:00000cc0       ?__LINE__Var@?1???0CFnLog@@QAA@PAVISpLog@@PBD1ZZ@4FA 10063cc0     ProtoChand:SpLog.obj
 0003:00000cc4       ?__LINE__Var@?1???0CFnLog@@QAA@PAVISpLog@@PBG1ZZ@4FA 10063cc4     ProtoChand:SpLog.obj
 0003:00000cc8       __NLG_Destination          10063cc8     LIBCMTD:exsup.obj
 0003:00000d10       __aexit_rtn                10063d10     LIBCMTD:dllcrt0.obj
 0003:00000d18       __iob                      10063d18     LIBCMTD:_file.obj
 0003:00000f98       __crtDbgFlag               10063f98     LIBCMTD:dbgheap.obj
 0003:00000fa0       __crtBreakAlloc            10063fa0     LIBCMTD:dbgheap.obj
 0003:00000fc0       ___tlsindex                10063fc0     LIBCMTD:tidtable.obj
 0003:00000fc4       ?__pInconsistency@@3P6AXXZA 10063fc4     LIBCMTD:hooks.obj
 0003:00000fc8       __crtAssertBusy            10063fc8     LIBCMTD:dbgrpt.obj
 0003:00000fcc       __CrtDbgMode               10063fcc     LIBCMTD:dbgrpt.obj
 0003:00000fd8       __CrtDbgFile               10063fd8     LIBCMTD:dbgrpt.obj
 0003:00001000       ___badioinfo               10064000     LIBCMTD:ioinit.obj
 0003:00001024       __amblksiz                 10064024     LIBCMTD:heapinit.obj
 0003:00001220       __XcptActTab               10064220     LIBCMTD:winxfltr.obj
 0003:00001298       __First_FPE_Indx           10064298     LIBCMTD:winxfltr.obj
 0003:0000129c       __Num_FPE                  1006429c     LIBCMTD:winxfltr.obj
 0003:000012a0       __XcptActTabSize           100642a0     LIBCMTD:winxfltr.obj
 0003:000012a4       __XcptActTabCount          100642a4     LIBCMTD:winxfltr.obj
 0003:000012a8       ___nullstring              100642a8     LIBCMTD:output.obj
 0003:000012ac       ___wnullstring             100642ac     LIBCMTD:output.obj
 0003:000012b0       __locktable                100642b0     LIBCMTD:mlock.obj
 0003:00001370       __pctype                   10064370     LIBCMTD:ctype.obj
 0003:00001374       __pwctype                  10064374     LIBCMTD:ctype.obj
 0003:00001378       __ctype                    10064378     LIBCMTD:ctype.obj
 0003:0000157c       ___mb_cur_max              1006457c     LIBCMTD:nlsdata1.obj
 0003:00001580       ___decimal_point           10064580     LIBCMTD:nlsdata1.obj
 0003:00001584       ___decimal_point_length    10064584     LIBCMTD:nlsdata1.obj
 0003:00001698       ___lc_category             10064698     LIBCMTD:setlocal.obj
 0003:000016e0       __pfnAllocHook             100646e0     LIBCMTD:dbghook.obj
 0003:000016e8       ___old_small_block_heap    100646e8     LIBCMTD:sbheap.obj
 0003:0000370c       ___old_sbh_threshold       1006670c     LIBCMTD:sbheap.obj
 0003:00003710       __cfltcvt_tab              10066710     LIBCMTD:cmiscdat.obj
 0003:00003830       ___rgLocInfo               10066830     LIBCMTD:getqloc.obj
 0003:00003cd4       ___rglangidNotDefault      10066cd4     LIBCMTD:getqloc.obj
 0003:00003ce8       ___rg_country              10066ce8     LIBCMTD:getqloc.obj
 0003:00003da0       ___rg_language             10066da0     LIBCMTD:getqloc.obj
 0003:00003fa8       ___lc_time_curr            10066fa8     LIBCMTD:strftime.obj
 0003:00003fb0       ___lc_time_c               10066fb0     LIBCMTD:strftime.obj
 0003:00004060       ___lconv_static_decimal    10067060     LIBCMTD:lconv.obj
 0003:00004068       ___lconv_c                 10067068     LIBCMTD:lconv.obj
 0003:00004098       ___lconv                   10067098     LIBCMTD:lconv.obj
 0003:000040a0       __timezone                 100670a0     LIBCMTD:timeset.obj
 0003:000040a4       __daylight                 100670a4     LIBCMTD:timeset.obj
 0003:000040a8       __dstbias                  100670a8     LIBCMTD:timeset.obj
 0003:0000412c       __tzname                   1006712c     LIBCMTD:timeset.obj
 0003:00004160       __lpdays                   10067160     LIBCMTD:days.obj
 0003:00004194       __days                     10067194     LIBCMTD:days.obj
 0003:00004d80       ?ghModule@@3PAXA           10067d80     DiagChan.obj
 0003:00004fac       __aenvptr                  10067fac     LIBCMTD:dllcrt0.obj
 0003:00004fb0       __wenvptr                  10067fb0     LIBCMTD:dllcrt0.obj
 0003:00004fb4       ___error_mode              10067fb4     LIBCMTD:dllcrt0.obj
 0003:00004fb8       ___app_type                10067fb8     LIBCMTD:dllcrt0.obj
 0003:00004fbc       __cflush                   10067fbc     LIBCMTD:_file.obj
 0003:00004fd8       __umaskval                 10067fd8     LIBCMTD:crt0dat.obj
 0003:00004fdc       __osver                    10067fdc     LIBCMTD:crt0dat.obj
 0003:00004fe0       __winver                   10067fe0     LIBCMTD:crt0dat.obj
 0003:00004fe4       __winmajor                 10067fe4     LIBCMTD:crt0dat.obj
 0003:00004fe8       __winminor                 10067fe8     LIBCMTD:crt0dat.obj
 0003:00004fec       ___argc                    10067fec     LIBCMTD:crt0dat.obj
 0003:00004ff0       ___argv                    10067ff0     LIBCMTD:crt0dat.obj
 0003:00004ff4       ___wargv                   10067ff4     LIBCMTD:crt0dat.obj
 0003:00004ff8       __environ                  10067ff8     LIBCMTD:crt0dat.obj
 0003:00004ffc       ___initenv                 10067ffc     LIBCMTD:crt0dat.obj
 0003:00005000       __wenviron                 10068000     LIBCMTD:crt0dat.obj
 0003:00005004       ___winitenv                10068004     LIBCMTD:crt0dat.obj
 0003:00005008       __pgmptr                   10068008     LIBCMTD:crt0dat.obj
 0003:0000500c       __wpgmptr                  1006800c     LIBCMTD:crt0dat.obj
 0003:00005010       __exitflag                 10068010     LIBCMTD:crt0dat.obj
 0003:00005014       __C_Termination_Done       10068014     LIBCMTD:crt0dat.obj
 0003:00005018       __C_Exit_Done              10068018     LIBCMTD:crt0dat.obj
 0003:00005148       __adbgmsg                  10068148     LIBCMTD:crt0msg.obj
 0003:0000514c       __stdbuf                   1006814c     LIBCMTD:_sftbuf.obj
 0003:000051c4       ___lc_handle               100681c4     LIBCMTD:nlsdata2.obj
 0003:000051dc       ___lc_codepage             100681dc     LIBCMTD:nlsdata2.obj
 0003:000051e0       ___lc_collate_cp           100681e0     LIBCMTD:nlsdata2.obj
 0003:000051e4       __newmode                  100681e4     LIBCMTD:_newmode.obj
 0003:000051e8       ?_pnhHeap@@3P6AHI@ZA       100681e8     LIBCMTD:handler.obj
 0003:000051f4       __commode                  100681f4     LIBCMTD:ncommode.obj
 0003:00005204       ___lc_time_intl            10068204     LIBCMTD:inittime.obj
 0003:00005220       ___lc_id                   10068220     LIBCMTD:nlsdata3.obj
 0003:00005268       __fmode                    10068268     LIBCMTD:txtmode.obj
 0003:0000527c       ___lconv_static_null       1006827c     LIBCMTD:lconv.obj
 0003:00005348       ___alternate_form          10068348     <common>
 0003:00005358       ___no_lead_zeros           10068358     <common>
 0003:0000535c       ___mbcodepage              1006835c     <common>
 0003:000053e0       ___mbulinfo                100683e0     <common>
 0003:000053ec       ___ismbcodepage            100683ec     <common>
 0003:00005400       __mbcasemap                10068400     <common>
 0003:00005500       __mbctype                  10068500     <common>
 0003:00005604       ___mblcid                  10068604     <common>
 0003:00005608       ___sbh_sizeHeaderList      10068608     <common>
 0003:0000561c       ___sbh_indGroupDefer       1006861c     <common>
 0003:00005620       ___sbh_pHeaderScan         10068620     <common>
 0003:00005624       ___sbh_initialized         10068624     <common>
 0003:00005628       ___sbh_pHeaderDefer        10068628     <common>
 0003:0000562c       ___sbh_cntHeaderList       1006862c     <common>
 0003:00005630       ___sbh_pHeaderList         10068630     <common>
 0003:00005634       ___sbh_threshold           10068634     <common>
 0003:00005638       ___setlc_active            10068638     <common>
 0003:00005648       ___unguarded_readlc_active 10068648     <common>
 0003:0000564c       __crtheap                  1006864c     <common>
 0003:0000565c       ___active_heap             1006865c     <common>
 0003:00005660       ___pioinfo                 10068660     <common>
 0003:0000579c       __nhandle                  1006879c     <common>
 0003:000057a0       ___env_initialized         100687a0     <common>
 0003:000057b0       ___mbctype_initialized     100687b0     <common>
 0003:000057b4       ___onexitend               100687b4     <common>
 0003:000057b8       ___onexitbegin             100687b8     <common>
 0003:000057bc       __FPinit                   100687bc     <common>
 0003:000057c0       __pfnReportHook            100687c0     <common>
 0003:000057cc       __pfnDumpClient            100687cc     <common>
 0003:000057d8       ___piob                    100687d8     <common>
 0003:00005b20       __bufin                    10068b20     <common>
 0003:00006b20       __nstream                  10069b20     <common>
 0003:00006b24       __FPmtinit                 10069b24     <common>
 0003:00006b34       __FPmtterm                 10069b34     <common>
 0003:00006b38       __acmdln                   10069b38     <common>
 0003:00006b48       __pRawDllMain              10069b48     <common>
 0004:00000000       __IMPORT_DESCRIPTOR_KERNEL32 1006a000     kernel32:KERNEL32.dll
 0004:00000014       __IMPORT_DESCRIPTOR_ChannelD 1006a014     ChannelD:ChannelD.dll
 0004:00000028       __IMPORT_DESCRIPTOR_SHLWAPI 1006a028     shlwapi:SHLWAPI.dll
 0004:0000003c       __IMPORT_DESCRIPTOR_USER32 1006a03c     user32:USER32.dll
 0004:00000050       __NULL_IMPORT_DESCRIPTOR   1006a050     kernel32:KERNEL32.dll
 0004:00000344       __imp__CreateChannel       1006a344     ChannelD:ChannelD.dll
 0004:00000348       __imp__ReleaseChannel      1006a348     ChannelD:ChannelD.dll
 0004:0000034c       \177ChannelD_NULL_THUNK_DATA 1006a34c     ChannelD:ChannelD.dll
 0004:00000378       __imp__EnterCriticalSection@4 1006a378     kernel32:KERNEL32.dll
 0004:0000037c       __imp__LeaveCriticalSection@4 1006a37c     kernel32:KERNEL32.dll
 0004:00000380       __imp__DeleteCriticalSection@4 1006a380     kernel32:KERNEL32.dll
 0004:00000384       __imp__InitializeCriticalSection@4 1006a384     kernel32:KERNEL32.dll
 0004:00000388       __imp__GetModuleFileNameW@12 1006a388     kernel32:KERNEL32.dll
 0004:0000038c       __imp__SetEnvironmentVariableA@8 1006a38c     kernel32:KERNEL32.dll
 0004:00000390       __imp__CompareStringW@24   1006a390     kernel32:KERNEL32.dll
 0004:00000394       __imp__CompareStringA@24   1006a394     kernel32:KERNEL32.dll
 0004:00000398       __imp__GetLocaleInfoW@16   1006a398     kernel32:KERNEL32.dll
 0004:0000039c       __imp__GetTimeZoneInformation@4 1006a39c     kernel32:KERNEL32.dll
 0004:000003a0       __imp__CreateEventW@16     1006a3a0     kernel32:KERNEL32.dll
 0004:000003a4       __imp__InitializeCriticalSectionAndSpinCount@8 1006a3a4     kernel32:KERNEL32.dll
 0004:000003a8       __imp__SetEvent@4          1006a3a8     kernel32:KERNEL32.dll
 0004:000003ac       __imp__CloseHandle@4       1006a3ac     kernel32:KERNEL32.dll
 0004:000003b0       __imp__GetTickCount@0      1006a3b0     kernel32:KERNEL32.dll
 0004:000003b4       __imp__WaitForSingleObject@8 1006a3b4     kernel32:KERNEL32.dll
 0004:000003b8       __imp__ResetEvent@4        1006a3b8     kernel32:KERNEL32.dll
 0004:000003bc       __imp__Sleep@4             1006a3bc     kernel32:KERNEL32.dll
 0004:000003c0       __imp__InterlockedIncrement@4 1006a3c0     kernel32:KERNEL32.dll
 0004:000003c4       __imp__InterlockedDecrement@4 1006a3c4     kernel32:KERNEL32.dll
 0004:000003c8       __imp__GetPrivateProfileIntW@16 1006a3c8     kernel32:KERNEL32.dll
 0004:000003cc       __imp__GetSystemInfo@4     1006a3cc     kernel32:KERNEL32.dll
 0004:000003d0       __imp__SleepEx@8           1006a3d0     kernel32:KERNEL32.dll
 0004:000003d4       __imp__VirtualAlloc@16     1006a3d4     kernel32:KERNEL32.dll
 0004:000003d8       __imp__VirtualFree@12      1006a3d8     kernel32:KERNEL32.dll
 0004:000003dc       __imp__VirtualQuery@12     1006a3dc     kernel32:KERNEL32.dll
 0004:000003e0       __imp__FreeConsole@0       1006a3e0     kernel32:KERNEL32.dll
 0004:000003e4       __imp__FlushFileBuffers@4  1006a3e4     kernel32:KERNEL32.dll
 0004:000003e8       __imp__GetConsoleWindow@0  1006a3e8     kernel32:KERNEL32.dll
 0004:000003ec       __imp__GetTempPathW@8      1006a3ec     kernel32:KERNEL32.dll
 0004:000003f0       __imp__IsBadWritePtr@8     1006a3f0     kernel32:KERNEL32.dll
 0004:000003f4       __imp__WriteFile@20        1006a3f4     kernel32:KERNEL32.dll
 0004:000003f8       __imp__GetFileSize@8       1006a3f8     kernel32:KERNEL32.dll
 0004:000003fc       __imp__lstrlenA@4          1006a3fc     kernel32:KERNEL32.dll
 0004:00000400       __imp__GetLocalTime@4      1006a400     kernel32:KERNEL32.dll
 0004:00000404       __imp__WriteConsoleW@20    1006a404     kernel32:KERNEL32.dll
 0004:00000408       __imp__WideCharToMultiByte@32 1006a408     kernel32:KERNEL32.dll
 0004:0000040c       __imp__lstrcatA@8          1006a40c     kernel32:KERNEL32.dll
 0004:00000410       __imp__SetConsoleTitleW@4  1006a410     kernel32:KERNEL32.dll
 0004:00000414       __imp__SetConsoleWindowInfo@12 1006a414     kernel32:KERNEL32.dll
 0004:00000418       __imp__SetConsoleScreenBufferSize@8 1006a418     kernel32:KERNEL32.dll
 0004:0000041c       __imp__GetStdHandle@4      1006a41c     kernel32:KERNEL32.dll
 0004:00000420       __imp__AllocConsole@0      1006a420     kernel32:KERNEL32.dll
 0004:00000424       __imp__GetLastError@0      1006a424     kernel32:KERNEL32.dll
 0004:00000428       __imp__CreateDirectoryW@8  1006a428     kernel32:KERNEL32.dll
 0004:0000042c       __imp__GetFileAttributesW@4 1006a42c     kernel32:KERNEL32.dll
 0004:00000430       __imp__lstrlenW@4          1006a430     kernel32:KERNEL32.dll
 0004:00000434       __imp__SetFilePointer@16   1006a434     kernel32:KERNEL32.dll
 0004:00000438       __imp__CreateFileW@28      1006a438     kernel32:KERNEL32.dll
 0004:0000043c       __imp__RtlUnwind@16        1006a43c     kernel32:KERNEL32.dll
 0004:00000440       __imp__GetModuleFileNameA@12 1006a440     kernel32:KERNEL32.dll
 0004:00000444       __imp__GetCommandLineA@0   1006a444     kernel32:KERNEL32.dll
 0004:00000448       __imp__GetVersion@0        1006a448     kernel32:KERNEL32.dll
 0004:0000044c       __imp__CreateThread@24     1006a44c     kernel32:KERNEL32.dll
 0004:00000450       __imp__GetCurrentThreadId@0 1006a450     kernel32:KERNEL32.dll
 0004:00000454       __imp__TlsSetValue@8       1006a454     kernel32:KERNEL32.dll
 0004:00000458       __imp__TlsGetValue@4       1006a458     kernel32:KERNEL32.dll
 0004:0000045c       __imp__ExitThread@4        1006a45c     kernel32:KERNEL32.dll
 0004:00000460       __imp__IsBadReadPtr@8      1006a460     kernel32:KERNEL32.dll
 0004:00000464       __imp__HeapValidate@12     1006a464     kernel32:KERNEL32.dll
 0004:00000468       __imp__TlsAlloc@0          1006a468     kernel32:KERNEL32.dll
 0004:0000046c       __imp__TlsFree@4           1006a46c     kernel32:KERNEL32.dll
 0004:00000470       __imp__SetLastError@4      1006a470     kernel32:KERNEL32.dll
 0004:00000474       __imp__GetCurrentThread@0  1006a474     kernel32:KERNEL32.dll
 0004:00000478       __imp__DebugBreak@0        1006a478     kernel32:KERNEL32.dll
 0004:0000047c       __imp__OutputDebugStringA@4 1006a47c     kernel32:KERNEL32.dll
 0004:00000480       __imp__GetProcAddress@8    1006a480     kernel32:KERNEL32.dll
 0004:00000484       __imp__LoadLibraryA@4      1006a484     kernel32:KERNEL32.dll
 0004:00000488       __imp__ExitProcess@4       1006a488     kernel32:KERNEL32.dll
 0004:0000048c       __imp__TerminateProcess@8  1006a48c     kernel32:KERNEL32.dll
 0004:00000490       __imp__GetCurrentProcess@0 1006a490     kernel32:KERNEL32.dll
 0004:00000494       __imp__SetConsoleCtrlHandler@8 1006a494     kernel32:KERNEL32.dll
 0004:00000498       __imp__SetHandleCount@4    1006a498     kernel32:KERNEL32.dll
 0004:0000049c       __imp__GetFileType@4       1006a49c     kernel32:KERNEL32.dll
 0004:000004a0       __imp__GetStartupInfoA@4   1006a4a0     kernel32:KERNEL32.dll
 0004:000004a4       __imp__FreeEnvironmentStringsA@4 1006a4a4     kernel32:KERNEL32.dll
 0004:000004a8       __imp__FreeEnvironmentStringsW@4 1006a4a8     kernel32:KERNEL32.dll
 0004:000004ac       __imp__GetEnvironmentStrings@0 1006a4ac     kernel32:KERNEL32.dll
 0004:000004b0       __imp__GetEnvironmentStringsW@0 1006a4b0     kernel32:KERNEL32.dll
 0004:000004b4       __imp__GetModuleHandleA@4  1006a4b4     kernel32:KERNEL32.dll
 0004:000004b8       __imp__GetEnvironmentVariableA@12 1006a4b8     kernel32:KERNEL32.dll
 0004:000004bc       __imp__GetVersionExA@4     1006a4bc     kernel32:KERNEL32.dll
 0004:000004c0       __imp__HeapDestroy@4       1006a4c0     kernel32:KERNEL32.dll
 0004:000004c4       __imp__HeapCreate@12       1006a4c4     kernel32:KERNEL32.dll
 0004:000004c8       __imp__HeapFree@12         1006a4c8     kernel32:KERNEL32.dll
 0004:000004cc       __imp__UnhandledExceptionFilter@4 1006a4cc     kernel32:KERNEL32.dll
 0004:000004d0       __imp__FatalAppExitA@8     1006a4d0     kernel32:KERNEL32.dll
 0004:000004d4       __imp__HeapAlloc@12        1006a4d4     kernel32:KERNEL32.dll
 0004:000004d8       __imp__HeapReAlloc@16      1006a4d8     kernel32:KERNEL32.dll
 0004:000004dc       __imp__SetUnhandledExceptionFilter@4 1006a4dc     kernel32:KERNEL32.dll
 0004:000004e0       __imp__IsBadCodePtr@4      1006a4e0     kernel32:KERNEL32.dll
 0004:000004e4       __imp__SetStdHandle@8      1006a4e4     kernel32:KERNEL32.dll
 0004:000004e8       __imp__MultiByteToWideChar@24 1006a4e8     kernel32:KERNEL32.dll
 0004:000004ec       __imp__ReadFile@20         1006a4ec     kernel32:KERNEL32.dll
 0004:000004f0       __imp__GetCPInfo@8         1006a4f0     kernel32:KERNEL32.dll
 0004:000004f4       __imp__GetACP@0            1006a4f4     kernel32:KERNEL32.dll
 0004:000004f8       __imp__GetOEMCP@0          1006a4f8     kernel32:KERNEL32.dll
 0004:000004fc       __imp__GetStringTypeA@20   1006a4fc     kernel32:KERNEL32.dll
 0004:00000500       __imp__GetStringTypeW@16   1006a500     kernel32:KERNEL32.dll
 0004:00000504       __imp__LCMapStringA@24     1006a504     kernel32:KERNEL32.dll
 0004:00000508       __imp__LCMapStringW@24     1006a508     kernel32:KERNEL32.dll
 0004:0000050c       __imp__IsValidLocale@8     1006a50c     kernel32:KERNEL32.dll
 0004:00000510       __imp__IsValidCodePage@4   1006a510     kernel32:KERNEL32.dll
 0004:00000514       __imp__GetLocaleInfoA@16   1006a514     kernel32:KERNEL32.dll
 0004:00000518       __imp__EnumSystemLocalesA@8 1006a518     kernel32:KERNEL32.dll
 0004:0000051c       __imp__GetUserDefaultLCID@0 1006a51c     kernel32:KERNEL32.dll
 0004:00000520       __imp__SetEndOfFile@4      1006a520     kernel32:KERNEL32.dll
 0004:00000524       \177KERNEL32_NULL_THUNK_DATA 1006a524     kernel32:KERNEL32.dll
 0004:000005a4       __imp__PathIsRelativeW@4   1006a5a4     shlwapi:SHLWAPI.dll
 0004:000005a8       __imp__PathFindExtensionW@4 1006a5a8     shlwapi:SHLWAPI.dll
 0004:000005ac       __imp__PathFindFileNameW@4 1006a5ac     shlwapi:SHLWAPI.dll
 0004:000005b0       __imp__PathRemoveFileSpecW@4 1006a5b0     shlwapi:SHLWAPI.dll
 0004:000005b4       \177SHLWAPI_NULL_THUNK_DATA 1006a5b4     shlwapi:SHLWAPI.dll
 0004:000005e0       __imp__GetMessageW@16      1006a5e0     user32:USER32.dll
 0004:000005e4       __imp__PostThreadMessageW@16 1006a5e4     user32:USER32.dll
 0004:000005e8       __imp__ShowWindow@8        1006a5e8     user32:USER32.dll
 0004:000005ec       __imp__EnableMenuItem@12   1006a5ec     user32:USER32.dll
 0004:000005f0       __imp__GetSystemMenu@8     1006a5f0     user32:USER32.dll
 0004:000005f4       \177USER32_NULL_THUNK_DATA 1006a5f4     user32:USER32.dll

 entry point at        0001:0001a020

