 DiagChan9d

 Timestamp is 5655c013 (Wed Nov 25 22:05:07 2015)

 Preferred load address is 10000000

 Start         Length     Name                   Class
 0001:00000000 00044ddaH .textbss                DATA
 0002:00000000 0008d811H .text                   CODE
 0002:0008d820 00001c00H .text$x                 CODE
 0002:0008f420 00001025H .text$yc                CODE
 0002:00090450 0000105bH .text$yd                CODE
 0003:00000000 00000104H .CRT$XCA                DATA
 0003:00000104 00000104H .CRT$XCC                DATA
 0003:00000208 00000104H .CRT$XCZ                DATA
 0003:0000030c 00000104H .CRT$XIA                DATA
 0003:00000410 00000113H .CRT$XIC                DATA
 0003:00000524 00000104H .CRT$XIZ                DATA
 0003:00000628 00000104H .CRT$XPA                DATA
 0003:0000072c 00000109H .CRT$XPX                DATA
 0003:00000838 00000104H .CRT$XPXA               DATA
 0003:0000093c 00000104H .CRT$XPZ                DATA
 0003:00000a40 00000104H .CRT$XTA                DATA
 0003:00000b44 00000104H .CRT$XTZ                DATA
 0003:00000c50 000159e8H .rdata                  DATA
 0003:00016638 00000166H .rdata$debug            DATA
 0003:000167a0 00000aedH .rdata$r                DATA
 0003:00017290 00000104H .rtc$IAA                DATA
 0003:00017394 00000139H .rtc$IMZ                DATA
 0003:000174d0 00000104H .rtc$IZZ                DATA
 0003:000175d4 00000104H .rtc$TAA                DATA
 0003:000176d8 00000139H .rtc$TMZ                DATA
 0003:00017814 00000104H .rtc$TZZ                DATA
 0003:00017918 00002092H .xdata$x                DATA
 0003:000199b0 000002d7H .edata                  DATA
 0004:00000000 000019b5H .data                   DATA
 0004:000019c0 00002678H .bss                    DATA
 0005:00000000 0000003cH .idata$2                DATA
 0005:0000003c 00000014H .idata$3                DATA
 0005:00000050 000002f0H .idata$4                DATA
 0005:00000340 000002f0H .idata$5                DATA
 0005:00000630 00000b50H .idata$6                DATA
 0006:00000000 000001c0H .rsrc$01                DATA
 0006:000001c0 00000f49H .rsrc$02                DATA

  Address         Publics by Value              Rva+Base       Lib:Object

 0000:00000000       ___safe_se_handler_table   00000000     <absolute>
 0000:00000000       __except_list              00000000     <absolute>
 0000:00000000       ___safe_se_handler_count   00000000     <absolute>
 0000:00000000       ___ImageBase               10000000     <linker-defined>
 0001:00000000       __enc$textbss$begin        10001000     <linker-defined>
 0001:00044dda       __enc$textbss$end          10045dda     <linker-defined>
 0002:00004270       ??1ICommChannel@@UAE@XZ    1004a270 f   BaseChan.obj
 0002:000042b0       ??0CBaseChannel@@QAE@XZ    1004a2b0 f   BaseChan.obj
 0002:00004620       ??_GCBaseChannel@@UAEPAXI@Z 1004a620 f i BaseChan.obj
 0002:00004620       ??_ECBaseChannel@@UAEPAXI@Z 1004a620 f i BaseChan.obj
 0002:00004690       ??0IProtocolChannel@@QAE@XZ 1004a690 f i BaseChan.obj
 0002:000046f0       ??1IProtocolChannel@@UAE@XZ 1004a6f0 f i BaseChan.obj
 0002:00004740       ??0IProtocolObserver@@QAE@XZ 1004a740 f i BaseChan.obj
 0002:00004790       ??_GIProtocolChannel@@UAEPAXI@Z 1004a790 f i BaseChan.obj
 0002:00004790       ??_EIProtocolChannel@@UAEPAXI@Z 1004a790 f i BaseChan.obj
 0002:00004800       ??0ICommChannel@@QAE@XZ    1004a800 f i BaseChan.obj
 0002:00004850       ??1CBaseChannel@@UAE@XZ    1004a850 f   BaseChan.obj
 0002:00004b20       ?InitLog@CBaseChannel@@UAEHPB_WIIPAVISpLog@@0@Z 1004ab20 f   BaseChan.obj
 0002:00004c30       ?SetReceiver@CBaseChannel@@UAEHKHPBX@Z 1004ac30 f   BaseChan.obj
 0002:00004c70       ?GetReceiver@CBaseChannel@@UAEXAAKAAHAAPAX@Z 1004ac70 f   BaseChan.obj
 0002:00004cb0       ?GetProperty@CBaseChannel@@UAEHJKPAX@Z 1004acb0 f   BaseChan.obj
 0002:00004e30       ?SetProperty@CBaseChannel@@UAEHJKPBX@Z 1004ae30 f   BaseChan.obj
 0002:00005130       ?Open@CBaseChannel@@UAEHQAU_CHANNEL_ATTRIBUTE@@@Z 1004b130 f   BaseChan.obj
 0002:00005790       ?Close@CBaseChannel@@UAEXXZ 1004b790 f   BaseChan.obj
 0002:00005e10       ?IsPhyicalChannel@CBaseChannel@@IAE_NXZ 1004be10 f i BaseChan.obj
 0002:00005e50       ?IsInternalChannel@CBaseChannel@@IAE_NXZ 1004be50 f i BaseChan.obj
 0002:00005e90       ?Clear@CBaseChannel@@UAEHXZ 1004be90 f   BaseChan.obj
 0002:000063f0       ?FreeMem@CBaseChannel@@UAEXPAX@Z 1004c3f0 f   BaseChan.obj
 0002:00006470       ?SetLowerChannel@CBaseChannel@@UAEXPAVICommChannel@@_N@Z 1004c470 f   BaseChan.obj
 0002:000067e0       ?GetLowerChannel@CBaseChannel@@UAEXPAPAVICommChannel@@_N@Z 1004c7e0 f   BaseChan.obj
 0002:000068b0       ?Write@CBaseChannel@@UAEKPAXKK@Z 1004c8b0 f   BaseChan.obj
 0002:00006e70       ?Read@CBaseChannel@@UAEKPAXKKK@Z 1004ce70 f   BaseChan.obj
 0002:00007800       ?AddCond@CBaseChannel@@MAEHPAXH@Z 1004d800 f   BaseChan.obj
 0002:00007b10       ??0PRT_COND_T@@QAE@XZ      1004db10 f i BaseChan.obj
 0002:00007b70       ??1PRT_COND_T@@QAE@XZ      1004db70 f i BaseChan.obj
 0002:00007bd0       ?AddCond@CBaseChannel@@IAEHPAUPRT_COND_T@@@Z 1004dbd0 f   BaseChan.obj
 0002:00007e60       ?RemoveCond@CBaseChannel@@MAE_NH_N@Z 1004de60 f   BaseChan.obj
 0002:000083e0       ?FindPackage@CBaseChannel@@MAEPAUPRT_BUFF@@AAH@Z 1004e3e0 f   BaseChan.obj
 0002:00008640       ?FindPackage@CBaseChannel@@MAEPAUPRT_BUFF@@PAUPRT_READ_T@@_N@Z 1004e640 f   BaseChan.obj
 0002:00008bf0       ?RemovePackages@CBaseChannel@@MAEXPAX@Z 1004ebf0 f   BaseChan.obj
 0002:00008ff0       ?CheckPackage@CBaseChannel@@MAE_NPAUPRT_BUFF@@PAX@Z 1004eff0 f   BaseChan.obj
 0002:000090a0       ?CompareCond@CBaseChannel@@MAE_NPAX0_N@Z 1004f0a0 f   BaseChan.obj
 0002:000090e0       ?GetCondition@CBaseChannel@@MAEPAXPAXI_N@Z 1004f0e0 f   BaseChan.obj
 0002:00009120       ?CopyCondition@CBaseChannel@@MAEPAXPAX@Z 1004f120 f   BaseChan.obj
 0002:00009160       ?FreeCondition@CBaseChannel@@MAEXPAX@Z 1004f160 f   BaseChan.obj
 0002:000091a0       ?IsLastPackage@CBaseChannel@@MAE_NPAX@Z 1004f1a0 f   BaseChan.obj
 0002:000091e0       ?AddObserver@CBaseChannel@@UAEHPAVIProtocolObserver@@@Z 1004f1e0 f   BaseChan.obj
 0002:00009420       ?RemoveObserver@CBaseChannel@@UAE_NH@Z 1004f420 f   BaseChan.obj
 0002:00009550       ?GetNextObserver@CBaseChannel@@IAEPAVIProtocolObserver@@AAH@Z 1004f550 f   BaseChan.obj
 0002:00009680       ?FindObserver@CBaseChannel@@IAEHPAVIProtocolObserver@@@Z 1004f680 f   BaseChan.obj
 0002:00009740       ?RecvThread@@YGIPAX@Z      1004f740 f   BaseChan.obj
 0002:00009a10       ?StartRecvThread@CBaseChannel@@IAEKXZ 1004fa10 f   BaseChan.obj
 0002:00009ad0       ?StopRecvThread@CBaseChannel@@IAEXXZ 1004fad0 f   BaseChan.obj
 0002:00009c30       ?OnChannelData@CBaseChannel@@UAEHPAXK@Z 1004fc30 f   BaseChan.obj
 0002:00009f90       ?OnChannelEvent@CBaseChannel@@UAEHIPAX@Z 1004ff90 f   BaseChan.obj
 0002:0000a140       ?AddtoPackageList@CBaseChannel@@IAEXPAPAUPRT_BUFF@@HH@Z 10050140 f   BaseChan.obj
 0002:0000a6e0       ?ProcessThread@@YGIPAX@Z   100506e0 f   BaseChan.obj
 0002:0000a730       ?StartProcessThread@CBaseChannel@@IAEKXZ 10050730 f   BaseChan.obj
 0002:0000a830       ?StopProcessThread@CBaseChannel@@IAEXXZ 10050830 f   BaseChan.obj
 0002:0000a970       ?ProcessData@CBaseChannel@@QAEXXZ 10050970 f   BaseChan.obj
 0002:0000ad90       ?GetPackage@CBaseChannel@@IAEPAUPRT_BUFF@@XZ 10050d90 f   BaseChan.obj
 0002:0000aff0       ?WakeupOnPackages@CBaseChannel@@IAEXXZ 10050ff0 f   BaseChan.obj
 0002:0000b060       ?WaitForPackages@CBaseChannel@@IAEXXZ 10051060 f   BaseChan.obj
 0002:0000b0d0       ?WakeupOnResponse@CBaseChannel@@IAEXPAX@Z 100510d0 f   BaseChan.obj
 0002:0000b130       ?WaitForResponse@CBaseChannel@@IAE_NPAXI@Z 10051130 f   BaseChan.obj
 0002:0000b1a0       ?LockLowerChannel@CBaseChannel@@IAEX_N@Z 100511a0 f   BaseChan.obj
 0002:0000b230       ?LockCondList@CBaseChannel@@IAEX_N@Z 10051230 f   BaseChan.obj
 0002:0000b2c0       ?LockPackageList@CBaseChannel@@IAEX_N@Z 100512c0 f   BaseChan.obj
 0002:0000b350       ?LockObserverList@CBaseChannel@@IAEX_N@Z 10051350 f   BaseChan.obj
 0002:0000b3e0       ?Free_PRT_BUFF@@YAXPAX@Z   100513e0 f   BaseChan.obj
 0002:0000b460       ?Alloc_PRT_BUFF@@YAPAUPRT_BUFF@@I@Z 10051460 f   BaseChan.obj
 0002:0000b500       ?LoadConfig@CBaseChannel@@MAEXPAX@Z 10051500 f   BaseChan.obj
 0002:0000b690       ?GenerateEndianEvent@CBaseChannel@@IAEXXZ 10051690 f   BaseChan.obj
 0002:0000b7f0       ?SetThreadEvent@CBaseChannel@@QAEXXZ 100517f0 f   BaseChan.obj
 0002:0000b870       ??0?$list@PAUPRT_BUFF@@V?$allocator@PAUPRT_BUFF@@@std@@@std@@QAE@XZ 10051870 f i BaseChan.obj
 0002:0000b940       ??1?$list@PAUPRT_BUFF@@V?$allocator@PAUPRT_BUFF@@@std@@@std@@QAE@XZ 10051940 f i BaseChan.obj
 0002:0000b9e0       ?begin@?$list@PAUPRT_BUFF@@V?$allocator@PAUPRT_BUFF@@@std@@@std@@QAE?AV?$_Iterator@$0A@@12@XZ 100519e0 f i BaseChan.obj
 0002:0000ba50       ?end@?$list@PAUPRT_BUFF@@V?$allocator@PAUPRT_BUFF@@@std@@@std@@QAE?AV?$_Iterator@$0A@@12@XZ 10051a50 f i BaseChan.obj
 0002:0000bab0       ?size@?$list@PAUPRT_BUFF@@V?$allocator@PAUPRT_BUFF@@@std@@@std@@QBEIXZ 10051ab0 f i BaseChan.obj
 0002:0000baf0       ?empty@?$list@PAUPRT_BUFF@@V?$allocator@PAUPRT_BUFF@@@std@@@std@@QBE_NXZ 10051af0 f i BaseChan.obj
 0002:0000bb40       ?front@?$list@PAUPRT_BUFF@@V?$allocator@PAUPRT_BUFF@@@std@@@std@@QAEAAPAUPRT_BUFF@@XZ 10051b40 f i BaseChan.obj
 0002:0000bba0       ?pop_front@?$list@PAUPRT_BUFF@@V?$allocator@PAUPRT_BUFF@@@std@@@std@@QAEXXZ 10051ba0 f i BaseChan.obj
 0002:0000bc40       ?push_back@?$list@PAUPRT_BUFF@@V?$allocator@PAUPRT_BUFF@@@std@@@std@@QAEXABQAUPRT_BUFF@@@Z 10051c40 f i BaseChan.obj
 0002:0000bcd0       ?erase@?$list@PAUPRT_BUFF@@V?$allocator@PAUPRT_BUFF@@@std@@@std@@QAE?AV?$_Iterator@$0A@@12@V?$_Const_iterator@$0A@@12@@Z 10051cd0 f i BaseChan.obj
 0002:0000be10       ?erase@?$list@PAUPRT_BUFF@@V?$allocator@PAUPRT_BUFF@@@std@@@std@@QAE?AV?$_Iterator@$0A@@12@V?$_Const_iterator@$0A@@12@0@Z 10051e10 f i BaseChan.obj
 0002:0000bf30       ?clear@?$list@PAUPRT_BUFF@@V?$allocator@PAUPRT_BUFF@@@std@@@std@@QAEXXZ 10051f30 f i BaseChan.obj
 0002:0000c030       ?swap@?$list@PAUPRT_BUFF@@V?$allocator@PAUPRT_BUFF@@@std@@@std@@QAEXAAV12@@Z 10052030 f i BaseChan.obj
 0002:0000c240       ?_Swap_aux@_Container_base_aux@std@@QAEXAAV12@@Z 10052240 f i BaseChan.obj
 0002:0000c2c0       ??0?$vector@UPRT_COND_T@@V?$allocator@UPRT_COND_T@@@std@@@std@@QAE@XZ 100522c0 f i BaseChan.obj
 0002:0000c380       ??1?$vector@UPRT_COND_T@@V?$allocator@UPRT_COND_T@@@std@@@std@@QAE@XZ 10052380 f i BaseChan.obj
 0002:0000c420       ?size@?$vector@UPRT_COND_T@@V?$allocator@UPRT_COND_T@@@std@@@std@@QBEIXZ 10052420 f i BaseChan.obj
 0002:0000c470       ??A?$vector@UPRT_COND_T@@V?$allocator@UPRT_COND_T@@@std@@@std@@QAEAAUPRT_COND_T@@I@Z 10052470 f i BaseChan.obj
 0002:0000c4c0       ?push_back@?$vector@UPRT_COND_T@@V?$allocator@UPRT_COND_T@@@std@@@std@@QAEXABUPRT_COND_T@@@Z 100524c0 f i BaseChan.obj
 0002:0000c5a0       ?clear@?$vector@UPRT_COND_T@@V?$allocator@UPRT_COND_T@@@std@@@std@@QAEXXZ 100525a0 f i BaseChan.obj
 0002:0000c670       ??0?$vector@PAVIProtocolObserver@@V?$allocator@PAVIProtocolObserver@@@std@@@std@@QAE@XZ 10052670 f i BaseChan.obj
 0002:0000c730       ??1?$vector@PAVIProtocolObserver@@V?$allocator@PAVIProtocolObserver@@@std@@@std@@QAE@XZ 10052730 f i BaseChan.obj
 0002:0000c7d0       ?size@?$vector@PAVIProtocolObserver@@V?$allocator@PAVIProtocolObserver@@@std@@@std@@QBEIXZ 100527d0 f i BaseChan.obj
 0002:0000c820       ??A?$vector@PAVIProtocolObserver@@V?$allocator@PAVIProtocolObserver@@@std@@@std@@QAEAAPAVIProtocolObserver@@I@Z 10052820 f i BaseChan.obj
 0002:0000c870       ?push_back@?$vector@PAVIProtocolObserver@@V?$allocator@PAVIProtocolObserver@@@std@@@std@@QAEXABQAVIProtocolObserver@@@Z 10052870 f i BaseChan.obj
 0002:0000c950       ??0?$_Iterator@$0A@@?$list@PAUPRT_BUFF@@V?$allocator@PAUPRT_BUFF@@@std@@@std@@QAE@XZ 10052950 f i BaseChan.obj
 0002:0000c9b0       ??D?$_Iterator@$0A@@?$list@PAUPRT_BUFF@@V?$allocator@PAUPRT_BUFF@@@std@@@std@@QBEAAPAUPRT_BUFF@@XZ 100529b0 f i BaseChan.obj
 0002:0000ca00       ??E?$_Iterator@$0A@@?$list@PAUPRT_BUFF@@V?$allocator@PAUPRT_BUFF@@@std@@@std@@QAE?AV012@H@Z 10052a00 f i BaseChan.obj
 0002:0000cab0       ??F?$_Iterator@$0A@@?$list@PAUPRT_BUFF@@V?$allocator@PAUPRT_BUFF@@@std@@@std@@QAE?AV012@H@Z 10052ab0 f i BaseChan.obj
 0002:0000cb60       ??8?$_Const_iterator@$0A@@?$list@PAUPRT_BUFF@@V?$allocator@PAUPRT_BUFF@@@std@@@std@@QBE_NABV012@@Z 10052b60 f i BaseChan.obj
 0002:0000cbb0       ??9?$_Const_iterator@$0A@@?$list@PAUPRT_BUFF@@V?$allocator@PAUPRT_BUFF@@@std@@@std@@QBE_NABV012@@Z 10052bb0 f i BaseChan.obj
 0002:0000cc20       ??1?$_List_val@PAUPRT_BUFF@@V?$allocator@PAUPRT_BUFF@@@std@@@std@@QAE@XZ 10052c20 f i BaseChan.obj
 0002:0000cc70       ??1?$_Vector_val@UPRT_COND_T@@V?$allocator@UPRT_COND_T@@@std@@@std@@QAE@XZ 10052c70 f i BaseChan.obj
 0002:0000ccc0       ??1?$_Vector_val@PAVIProtocolObserver@@V?$allocator@PAVIProtocolObserver@@@std@@@std@@QAE@XZ 10052cc0 f i BaseChan.obj
 0002:0000cd10       ??1?$_List_ptr@PAUPRT_BUFF@@V?$allocator@PAUPRT_BUFF@@@std@@@std@@QAE@XZ 10052d10 f i BaseChan.obj
 0002:0000cd60       ??1?$_List_nod@PAUPRT_BUFF@@V?$allocator@PAUPRT_BUFF@@@std@@@std@@QAE@XZ 10052d60 f i BaseChan.obj
 0002:0000cdb0       ?_Nextnode@?$list@PAUPRT_BUFF@@V?$allocator@PAUPRT_BUFF@@@std@@@std@@KAAAPAU_Node@?$_List_nod@PAUPRT_BUFF@@V?$allocator@PAUPRT_BUFF@@@std@@@2@PAU342@@Z 10052db0 f i BaseChan.obj
 0002:0000cdf0       ?_Prevnode@?$list@PAUPRT_BUFF@@V?$allocator@PAUPRT_BUFF@@@std@@@std@@KAAAPAU_Node@?$_List_nod@PAUPRT_BUFF@@V?$allocator@PAUPRT_BUFF@@@std@@@2@PAU342@@Z 10052df0 f i BaseChan.obj
 0002:0000ce30       ?_Make_iter@?$list@PAUPRT_BUFF@@V?$allocator@PAUPRT_BUFF@@@std@@@std@@QBE?AV?$_Iterator@$0A@@12@V?$_Const_iterator@$0A@@12@@Z 10052e30 f i BaseChan.obj
 0002:0000ce90       ?_Insert@?$list@PAUPRT_BUFF@@V?$allocator@PAUPRT_BUFF@@@std@@@std@@QAEXV?$_Const_iterator@$0A@@12@ABQAUPRT_BUFF@@@Z 10052e90 f i BaseChan.obj
 0002:0000cf60       ?splice@?$list@PAUPRT_BUFF@@V?$allocator@PAUPRT_BUFF@@@std@@@std@@QAEXV?$_Const_iterator@$0A@@12@AAV12@@Z 10052f60 f i BaseChan.obj
 0002:0000d060       ?splice@?$list@PAUPRT_BUFF@@V?$allocator@PAUPRT_BUFF@@@std@@@std@@QAEXV?$_Const_iterator@$0A@@12@AAV12@00@Z 10053060 f i BaseChan.obj
 0002:0000d300       ??0length_error@std@@QAE@ABV?$basic_string@DU?$char_traits@D@std@@V?$allocator@D@2@@1@@Z 10053300 f i BaseChan.obj
 0002:0000d370       ??0logic_error@std@@QAE@ABV?$basic_string@DU?$char_traits@D@std@@V?$allocator@D@2@@1@@Z 10053370 f i BaseChan.obj
 0002:0000d430       ?what@logic_error@std@@UBEPBDXZ 10053430 f i BaseChan.obj
 0002:0000d490       ??_Glogic_error@std@@UAEPAXI@Z 10053490 f i BaseChan.obj
 0002:0000d490       ??_Elogic_error@std@@UAEPAXI@Z 10053490 f i BaseChan.obj
 0002:0000d500       ??1logic_error@std@@UAE@XZ 10053500 f i BaseChan.obj
 0002:0000d570       ??1length_error@std@@UAE@XZ 10053570 f i BaseChan.obj
 0002:0000d5d0       ??_Glength_error@std@@UAEPAXI@Z 100535d0 f i BaseChan.obj
 0002:0000d5d0       ??_Elength_error@std@@UAEPAXI@Z 100535d0 f i BaseChan.obj
 0002:0000d640       ??0?$basic_string@DU?$char_traits@D@std@@V?$allocator@D@2@@std@@QAE@ABV01@@Z 10053640 f i BaseChan.obj
 0002:0000d6d0       ??1?$basic_string@DU?$char_traits@D@std@@V?$allocator@D@2@@std@@QAE@XZ 100536d0 f i BaseChan.obj
 0002:0000d730       ?c_str@?$basic_string@DU?$char_traits@D@std@@V?$allocator@D@2@@std@@QBEPBDXZ 10053730 f i BaseChan.obj
 0002:0000d780       ?assign@?$basic_string@DU?$char_traits@D@std@@V?$allocator@D@2@@std@@QAEAAV12@ABV12@II@Z 10053780 f i BaseChan.obj
 0002:0000d8a0       ?size@?$basic_string@DU?$char_traits@D@std@@V?$allocator@D@2@@std@@QBEIXZ 100538a0 f i BaseChan.obj
 0002:0000d8e0       ?_Tidy@?$basic_string@DU?$char_traits@D@std@@V?$allocator@D@2@@std@@IAEX_NI@Z 100538e0 f i BaseChan.obj
 0002:0000d9b0       ?_Myptr@?$basic_string@DU?$char_traits@D@std@@V?$allocator@D@2@@std@@IBEPBDXZ 100539b0 f i BaseChan.obj
 0002:0000da20       ??0?$_String_val@DV?$allocator@D@std@@@std@@QAE@ABV01@@Z 10053a20 f i BaseChan.obj
 0002:0000daa0       ?_Buynode@?$list@PAUPRT_BUFF@@V?$allocator@PAUPRT_BUFF@@@std@@@std@@IAEPAU_Node@?$_List_nod@PAUPRT_BUFF@@V?$allocator@PAUPRT_BUFF@@@std@@@2@XZ 10053aa0 f i BaseChan.obj
 0002:0000dc60       ?_Tidy@?$list@PAUPRT_BUFF@@V?$allocator@PAUPRT_BUFF@@@std@@@std@@IAEXXZ 10053c60 f i BaseChan.obj
 0002:0000dd20       ??0?$_List_val@PAUPRT_BUFF@@V?$allocator@PAUPRT_BUFF@@@std@@@std@@QAE@V?$allocator@PAUPRT_BUFF@@@1@@Z 10053d20 f i BaseChan.obj
 0002:0000dda0       ??1?$_Container_base_aux_alloc_real@V?$allocator@PAUPRT_BUFF@@@std@@@std@@IAE@XZ 10053da0 f i BaseChan.obj
 0002:0000de50       ??1_Container_base_aux@std@@QAE@XZ 10053e50 f i BaseChan.obj
 0002:0000de90       ??0?$allocator@PAUPRT_BUFF@@@std@@QAE@XZ 10053e90 f i BaseChan.obj
 0002:0000ded0       ?deallocate@?$allocator@U_Node@?$_List_nod@PAUPRT_BUFF@@V?$allocator@PAUPRT_BUFF@@@std@@@std@@@std@@QAEXPAU_Node@?$_List_nod@PAUPRT_BUFF@@V?$allocator@PAUPRT_BUFF@@@std@@@2@I@Z 10053ed0 f i BaseChan.obj
 0002:0000df30       ?destroy@?$allocator@U_Node@?$_List_nod@PAUPRT_BUFF@@V?$allocator@PAUPRT_BUFF@@@std@@@std@@@std@@QAEXPAU_Node@?$_List_nod@PAUPRT_BUFF@@V?$allocator@PAUPRT_BUFF@@@std@@@2@@Z 10053f30 f i BaseChan.obj
 0002:0000df90       ?capacity@?$vector@UPRT_COND_T@@V?$allocator@UPRT_COND_T@@@std@@@std@@QBEIXZ 10053f90 f i BaseChan.obj
 0002:0000e010       ?begin@?$vector@UPRT_COND_T@@V?$allocator@UPRT_COND_T@@@std@@@std@@QAE?AV?$_Vector_iterator@UPRT_COND_T@@V?$allocator@UPRT_COND_T@@@std@@@2@XZ 10054010 f i BaseChan.obj
 0002:0000e070       ?end@?$vector@UPRT_COND_T@@V?$allocator@UPRT_COND_T@@@std@@@std@@QAE?AV?$_Vector_iterator@UPRT_COND_T@@V?$allocator@UPRT_COND_T@@@std@@@2@XZ 10054070 f i BaseChan.obj
 0002:0000e0d0       ?insert@?$vector@UPRT_COND_T@@V?$allocator@UPRT_COND_T@@@std@@@std@@QAE?AV?$_Vector_iterator@UPRT_COND_T@@V?$allocator@UPRT_COND_T@@@std@@@2@V?$_Vector_const_iterator@UPRT_COND_T@@V?$allocator@UPRT_COND_T@@@std@@@2@ABUPRT_COND_T@@@Z 100540d0 f i BaseChan.obj
 0002:0000e1b0       ?erase@?$vector@UPRT_COND_T@@V?$allocator@UPRT_COND_T@@@std@@@std@@QAE?AV?$_Vector_iterator@UPRT_COND_T@@V?$allocator@UPRT_COND_T@@@std@@@2@V?$_Vector_const_iterator@UPRT_COND_T@@V?$allocator@UPRT_COND_T@@@std@@@2@0@Z 100541b0 f i BaseChan.obj
 0002:0000e2f0       ?_Buy@?$vector@UPRT_COND_T@@V?$allocator@UPRT_COND_T@@@std@@@std@@IAE_NI@Z 100542f0 f i BaseChan.obj
 0002:0000e3d0       ?_Tidy@?$vector@UPRT_COND_T@@V?$allocator@UPRT_COND_T@@@std@@@std@@IAEXXZ 100543d0 f i BaseChan.obj
 0002:0000e4a0       ?_Ufill@?$vector@UPRT_COND_T@@V?$allocator@UPRT_COND_T@@@std@@@std@@IAEPAUPRT_COND_T@@PAU3@IABU3@@Z 100544a0 f i BaseChan.obj
 0002:0000e520       ??0?$_Vector_val@UPRT_COND_T@@V?$allocator@UPRT_COND_T@@@std@@@std@@IAE@V?$allocator@UPRT_COND_T@@@1@@Z 10054520 f i BaseChan.obj
 0002:0000e5a0       ??1?$_Container_base_aux_alloc_real@V?$allocator@UPRT_COND_T@@@std@@@std@@IAE@XZ 100545a0 f i BaseChan.obj
 0002:0000e650       ??0?$allocator@UPRT_COND_T@@@std@@QAE@XZ 10054650 f i BaseChan.obj
 0002:0000e690       ?capacity@?$vector@PAVIProtocolObserver@@V?$allocator@PAVIProtocolObserver@@@std@@@std@@QBEIXZ 10054690 f i BaseChan.obj
 0002:0000e700       ?end@?$vector@PAVIProtocolObserver@@V?$allocator@PAVIProtocolObserver@@@std@@@std@@QAE?AV?$_Vector_iterator@PAVIProtocolObserver@@V?$allocator@PAVIProtocolObserver@@@std@@@2@XZ 10054700 f i BaseChan.obj
 0002:0000e760       ?insert@?$vector@PAVIProtocolObserver@@V?$allocator@PAVIProtocolObserver@@@std@@@std@@QAE?AV?$_Vector_iterator@PAVIProtocolObserver@@V?$allocator@PAVIProtocolObserver@@@std@@@2@V?$_Vector_const_iterator@PAVIProtocolObserver@@V?$allocator@PAVIProtocolObserver@@@std@@@2@ABQAVIProtocolObserver@@@Z 10054760 f i BaseChan.obj
 0002:0000e840       ?_Buy@?$vector@PAVIProtocolObserver@@V?$allocator@PAVIProtocolObserver@@@std@@@std@@IAE_NI@Z 10054840 f i BaseChan.obj
 0002:0000e920       ?_Tidy@?$vector@PAVIProtocolObserver@@V?$allocator@PAVIProtocolObserver@@@std@@@std@@IAEXXZ 10054920 f i BaseChan.obj
 0002:0000e9e0       ?_Ufill@?$vector@PAVIProtocolObserver@@V?$allocator@PAVIProtocolObserver@@@std@@@std@@IAEPAPAVIProtocolObserver@@PAPAV3@IABQAV3@@Z 100549e0 f i BaseChan.obj
 0002:0000ea60       ??0?$_Vector_val@PAVIProtocolObserver@@V?$allocator@PAVIProtocolObserver@@@std@@@std@@IAE@V?$allocator@PAVIProtocolObserver@@@1@@Z 10054a60 f i BaseChan.obj
 0002:0000eae0       ??1?$_Container_base_aux_alloc_real@V?$allocator@PAVIProtocolObserver@@@std@@@std@@IAE@XZ 10054ae0 f i BaseChan.obj
 0002:0000eb90       ??0?$allocator@PAVIProtocolObserver@@@std@@QAE@XZ 10054b90 f i BaseChan.obj
 0002:0000ebd0       ??0?$_Iterator@$0A@@?$list@PAUPRT_BUFF@@V?$allocator@PAUPRT_BUFF@@@std@@@std@@QAE@PAU_Node@?$_List_nod@PAUPRT_BUFF@@V?$allocator@PAUPRT_BUFF@@@std@@@2@@Z 10054bd0 f i BaseChan.obj
 0002:0000ec30       ??E?$_Iterator@$0A@@?$list@PAUPRT_BUFF@@V?$allocator@PAUPRT_BUFF@@@std@@@std@@QAEAAV012@XZ 10054c30 f i BaseChan.obj
 0002:0000ec90       ??F?$_Iterator@$0A@@?$list@PAUPRT_BUFF@@V?$allocator@PAUPRT_BUFF@@@std@@@std@@QAEAAV012@XZ 10054c90 f i BaseChan.obj
 0002:0000ecf0       ??0?$_Const_iterator@$0A@@?$list@PAUPRT_BUFF@@V?$allocator@PAUPRT_BUFF@@@std@@@std@@QAE@XZ 10054cf0 f i BaseChan.obj
 0002:0000ed50       ??D?$_Const_iterator@$0A@@?$list@PAUPRT_BUFF@@V?$allocator@PAUPRT_BUFF@@@std@@@std@@QBEABQAUPRT_BUFF@@XZ 10054d50 f i BaseChan.obj
 0002:0000edb0       ??E?$_Const_iterator@$0A@@?$list@PAUPRT_BUFF@@V?$allocator@PAUPRT_BUFF@@@std@@@std@@QAE?AV012@H@Z 10054db0 f i BaseChan.obj
 0002:0000ee60       ?_Mynode@?$_Const_iterator@$0A@@?$list@PAUPRT_BUFF@@V?$allocator@PAUPRT_BUFF@@@std@@@std@@QBEPAU_Node@?$_List_nod@PAUPRT_BUFF@@V?$allocator@PAUPRT_BUFF@@@std@@@3@XZ 10054e60 f i BaseChan.obj
 0002:0000eea0       ??0_String_base@std@@QAE@XZ 10054ea0 f i BaseChan.obj
 0002:0000ef00       ??0_Container_base_secure@std@@QAE@XZ 10054f00 f i BaseChan.obj
 0002:0000ef50       ??0length_error@std@@QAE@ABV01@@Z 10054f50 f i BaseChan.obj
 0002:0000efc0       ??0logic_error@std@@QAE@ABV01@@Z 10054fc0 f i BaseChan.obj
 0002:0000f090       ??0?$_Bidit@PAUPRT_BUFF@@HPBQAU1@ABQAU1@@std@@QAE@XZ 10055090 f i BaseChan.obj
 0002:0000f0f0       ??0?$_Iterator_with_base@Ubidirectional_iterator_tag@std@@PAUPRT_BUFF@@HPBQAU3@ABQAU3@V_Iterator_base_aux@2@@std@@QAE@XZ 100550f0 f i BaseChan.obj
 0002:0000f150       ??0_Iterator_base_aux@std@@QAE@XZ 10055150 f i BaseChan.obj
 0002:0000f1a0       ??0?$basic_string@DU?$char_traits@D@std@@V?$allocator@D@2@@std@@QAE@PBD@Z 100551a0 f i BaseChan.obj
 0002:0000f220       ?erase@?$basic_string@DU?$char_traits@D@std@@V?$allocator@D@2@@std@@QAEAAV12@II@Z 10055220 f i BaseChan.obj
 0002:0000f310       ?_Eos@?$basic_string@DU?$char_traits@D@std@@V?$allocator@D@2@@std@@IAEXI@Z 10055310 f i BaseChan.obj
 0002:0000f390       ?assign@?$char_traits@D@std@@SAXAADABD@Z 10055390 f i BaseChan.obj
 0002:0000f3d0       ?_Grow@?$basic_string@DU?$char_traits@D@std@@V?$allocator@D@2@@std@@IAE_NI_N@Z 100553d0 f i BaseChan.obj
 0002:0000f4d0       ?_Myptr@?$basic_string@DU?$char_traits@D@std@@V?$allocator@D@2@@std@@IAEPADXZ 100554d0 f i BaseChan.obj
 0002:0000f540       ??0?$allocator@D@std@@QAE@ABV01@@Z 10055540 f i BaseChan.obj
 0002:0000f580       ?deallocate@?$allocator@D@std@@QAEXPADI@Z 10055580 f i BaseChan.obj
 0002:0000f5e0       ?_Myval@?$list@PAUPRT_BUFF@@V?$allocator@PAUPRT_BUFF@@@std@@@std@@KAAAPAUPRT_BUFF@@PAU_Node@?$_List_nod@PAUPRT_BUFF@@V?$allocator@PAUPRT_BUFF@@@std@@@2@@Z 100555e0 f i BaseChan.obj
 0002:0000f620       ?_Splice@?$list@PAUPRT_BUFF@@V?$allocator@PAUPRT_BUFF@@@std@@@std@@QAEXV?$_Const_iterator@$0A@@12@AAV12@00I_N@Z 10055620 f i BaseChan.obj
 0002:0000f840       ?_Buynode@?$list@PAUPRT_BUFF@@V?$allocator@PAUPRT_BUFF@@@std@@@std@@IAEPAU_Node@?$_List_nod@PAUPRT_BUFF@@V?$allocator@PAUPRT_BUFF@@@std@@@2@PAU342@0ABQAUPRT_BUFF@@@Z 10055840 f i BaseChan.obj
 0002:0000fa20       ?_Incsize@?$list@PAUPRT_BUFF@@V?$allocator@PAUPRT_BUFF@@@std@@@std@@IAEXI@Z 10055a20 f i BaseChan.obj
 0002:0000fb30       ??0?$_List_ptr@PAUPRT_BUFF@@V?$allocator@PAUPRT_BUFF@@@std@@@std@@IAE@V?$allocator@PAUPRT_BUFF@@@1@@Z 10055b30 f i BaseChan.obj
 0002:0000fbb0       ??0?$allocator@PAUPRT_BUFF@@@std@@QAE@ABV01@@Z 10055bb0 f i BaseChan.obj
 0002:0000fbf0       ?deallocate@?$allocator@V_Aux_cont@std@@@std@@QAEXPAV_Aux_cont@2@I@Z 10055bf0 f i BaseChan.obj
 0002:0000fc50       ?allocate@?$allocator@U_Node@?$_List_nod@PAUPRT_BUFF@@V?$allocator@PAUPRT_BUFF@@@std@@@std@@@std@@QAEPAU_Node@?$_List_nod@PAUPRT_BUFF@@V?$allocator@PAUPRT_BUFF@@@std@@@2@I@Z 10055c50 f i BaseChan.obj
 0002:0000fcb0       ?construct@?$allocator@PAU_Node@?$_List_nod@PAUPRT_BUFF@@V?$allocator@PAUPRT_BUFF@@@std@@@std@@@std@@QAEXPAPAU_Node@?$_List_nod@PAUPRT_BUFF@@V?$allocator@PAUPRT_BUFF@@@std@@@2@ABQAU342@@Z 10055cb0 f i BaseChan.obj
 0002:0000fd10       ?destroy@?$allocator@PAU_Node@?$_List_nod@PAUPRT_BUFF@@V?$allocator@PAUPRT_BUFF@@@std@@@std@@@std@@QAEXPAPAU_Node@?$_List_nod@PAUPRT_BUFF@@V?$allocator@PAUPRT_BUFF@@@std@@@2@@Z 10055d10 f i BaseChan.obj
 0002:0000fd70       ?_Make_iter@?$vector@UPRT_COND_T@@V?$allocator@UPRT_COND_T@@@std@@@std@@QBE?AV?$_Vector_iterator@UPRT_COND_T@@V?$allocator@UPRT_COND_T@@@std@@@2@V?$_Vector_const_iterator@UPRT_COND_T@@V?$allocator@UPRT_COND_T@@@std@@@2@@Z 10055d70 f i BaseChan.obj
 0002:0000fdd0       ?max_size@?$vector@UPRT_COND_T@@V?$allocator@UPRT_COND_T@@@std@@@std@@QBEIXZ 10055dd0 f i BaseChan.obj
 0002:0000fe30       ?_Destroy@?$vector@UPRT_COND_T@@V?$allocator@UPRT_COND_T@@@std@@@std@@IAEXPAUPRT_COND_T@@0@Z 10055e30 f i BaseChan.obj
 0002:0000fea0       ?_Insert_n@?$vector@UPRT_COND_T@@V?$allocator@UPRT_COND_T@@@std@@@std@@IAEXV?$_Vector_const_iterator@UPRT_COND_T@@V?$allocator@UPRT_COND_T@@@std@@@2@IABUPRT_COND_T@@@Z 10055ea0 f i BaseChan.obj
 0002:00010430       ?_Xlen@?$vector@UPRT_COND_T@@V?$allocator@UPRT_COND_T@@@std@@@std@@KAXXZ 10056430 f i BaseChan.obj
 0002:00010510       ??0?$_Container_base_aux_alloc_real@V?$allocator@UPRT_COND_T@@@std@@@std@@IAE@V?$allocator@UPRT_COND_T@@@1@@Z 10056510 f i BaseChan.obj
 0002:00010650       ??2@YAPAXIPAX@Z            10056650 f i BaseChan.obj
 0002:00010690       ??3@YAXPAX0@Z              10056690 f i BaseChan.obj
 0002:000106c0       ??0_Aux_cont@std@@QAE@QBV_Container_base_aux@1@@Z 100566c0 f i BaseChan.obj
 0002:00010710       ??0_Container_base_aux@std@@QAE@XZ 10056710 f i BaseChan.obj
 0002:00010750       ??0?$allocator@UPRT_COND_T@@@std@@QAE@ABV01@@Z 10056750 f i BaseChan.obj
 0002:00010790       ?deallocate@?$allocator@UPRT_COND_T@@@std@@QAEXPAUPRT_COND_T@@I@Z 10056790 f i BaseChan.obj
 0002:000107f0       ?allocate@?$allocator@UPRT_COND_T@@@std@@QAEPAUPRT_COND_T@@I@Z 100567f0 f i BaseChan.obj
 0002:00010850       ?begin@?$vector@PAVIProtocolObserver@@V?$allocator@PAVIProtocolObserver@@@std@@@std@@QAE?AV?$_Vector_iterator@PAVIProtocolObserver@@V?$allocator@PAVIProtocolObserver@@@std@@@2@XZ 10056850 f i BaseChan.obj
 0002:000108b0       ?max_size@?$vector@PAVIProtocolObserver@@V?$allocator@PAVIProtocolObserver@@@std@@@std@@QBEIXZ 100568b0 f i BaseChan.obj
 0002:00010910       ?_Destroy@?$vector@PAVIProtocolObserver@@V?$allocator@PAVIProtocolObserver@@@std@@@std@@IAEXPAPAVIProtocolObserver@@0@Z 10056910 f i BaseChan.obj
 0002:00010980       ?_Insert_n@?$vector@PAVIProtocolObserver@@V?$allocator@PAVIProtocolObserver@@@std@@@std@@IAEXV?$_Vector_const_iterator@PAVIProtocolObserver@@V?$allocator@PAVIProtocolObserver@@@std@@@2@IABQAVIProtocolObserver@@@Z 10056980 f i BaseChan.obj
 0002:00010e90       ?_Xlen@?$vector@PAVIProtocolObserver@@V?$allocator@PAVIProtocolObserver@@@std@@@std@@KAXXZ 10056e90 f i BaseChan.obj
 0002:00010f70       ??0?$_Container_base_aux_alloc_real@V?$allocator@PAVIProtocolObserver@@@std@@@std@@IAE@V?$allocator@PAVIProtocolObserver@@@1@@Z 10056f70 f i BaseChan.obj
 0002:000110b0       ??0?$allocator@PAVIProtocolObserver@@@std@@QAE@ABV01@@Z 100570b0 f i BaseChan.obj
 0002:000110f0       ?deallocate@?$allocator@PAVIProtocolObserver@@@std@@QAEXPAPAVIProtocolObserver@@I@Z 100570f0 f i BaseChan.obj
 0002:00011150       ?allocate@?$allocator@PAVIProtocolObserver@@@std@@QAEPAPAVIProtocolObserver@@I@Z 10057150 f i BaseChan.obj
 0002:000111b0       ??0?$_Const_iterator@$0A@@?$list@PAUPRT_BUFF@@V?$allocator@PAUPRT_BUFF@@@std@@@std@@QAE@PAU_Node@?$_List_nod@PAUPRT_BUFF@@V?$allocator@PAUPRT_BUFF@@@std@@@2@@Z 100571b0 f i BaseChan.obj
 0002:00011210       ??E?$_Const_iterator@$0A@@?$list@PAUPRT_BUFF@@V?$allocator@PAUPRT_BUFF@@@std@@@std@@QAEAAV012@XZ 10057210 f i BaseChan.obj
 0002:00011280       ??F?$_Const_iterator@$0A@@?$list@PAUPRT_BUFF@@V?$allocator@PAUPRT_BUFF@@@std@@@std@@QAEAAV012@XZ 10057280 f i BaseChan.obj
 0002:000112f0       ??0?$_Vector_iterator@UPRT_COND_T@@V?$allocator@UPRT_COND_T@@@std@@@std@@QAE@PAUPRT_COND_T@@@Z 100572f0 f i BaseChan.obj
 0002:00011350       ??H?$_Vector_iterator@UPRT_COND_T@@V?$allocator@UPRT_COND_T@@@std@@@std@@QBE?AV01@H@Z 10057350 f i BaseChan.obj
 0002:00011400       ??G?$_Vector_const_iterator@UPRT_COND_T@@V?$allocator@UPRT_COND_T@@@std@@@std@@QBEHABV01@@Z 10057400 f i BaseChan.obj
 0002:00011450       ??9?$_Vector_const_iterator@UPRT_COND_T@@V?$allocator@UPRT_COND_T@@@std@@@std@@QBE_NABV01@@Z 10057450 f i BaseChan.obj
 0002:000114c0       ??0?$_Vector_iterator@PAVIProtocolObserver@@V?$allocator@PAVIProtocolObserver@@@std@@@std@@QAE@PAPAVIProtocolObserver@@@Z 100574c0 f i BaseChan.obj
 0002:00011520       ??H?$_Vector_iterator@PAVIProtocolObserver@@V?$allocator@PAVIProtocolObserver@@@std@@@std@@QBE?AV01@H@Z 10057520 f i BaseChan.obj
 0002:000115d0       ??G?$_Vector_const_iterator@PAVIProtocolObserver@@V?$allocator@PAVIProtocolObserver@@@std@@@std@@QBEHABV01@@Z 100575d0 f i BaseChan.obj
 0002:00011620       ??0PRT_COND_T@@QAE@ABU0@@Z 10057620 f i BaseChan.obj
 0002:000116b0       ?assign@?$basic_string@DU?$char_traits@D@std@@V?$allocator@D@2@@std@@QAEAAV12@PBD@Z 100576b0 f i BaseChan.obj
 0002:00011720       ?length@?$char_traits@D@std@@SAIPBD@Z 10057720 f i BaseChan.obj
 0002:00011770       ?max_size@?$basic_string@DU?$char_traits@D@std@@V?$allocator@D@2@@std@@QBEIXZ 10057770 f i BaseChan.obj
 0002:00011800       ?_Copy@?$basic_string@DU?$char_traits@D@std@@V?$allocator@D@2@@std@@IAEXII@Z 10057800 f i BaseChan.obj
 0002:00011a30       ??0?$_String_val@DV?$allocator@D@std@@@std@@IAE@V?$allocator@D@1@@Z 10057a30 f i BaseChan.obj
 0002:00011aa0       ??0?$allocator@D@std@@QAE@XZ 10057aa0 f i BaseChan.obj
 0002:00011ae0       ??0?$list@PAUPRT_BUFF@@V?$allocator@PAUPRT_BUFF@@@std@@@std@@QAE@ABV01@@Z 10057ae0 f i BaseChan.obj
 0002:00011ca0       ?max_size@?$list@PAUPRT_BUFF@@V?$allocator@PAUPRT_BUFF@@@std@@@std@@QBEIXZ 10057ca0 f i BaseChan.obj
 0002:00011d00       ??0?$_List_nod@PAUPRT_BUFF@@V?$allocator@PAUPRT_BUFF@@@std@@@std@@IAE@V?$allocator@PAUPRT_BUFF@@@1@@Z 10057d00 f i BaseChan.obj
 0002:00011d80       ?construct@?$allocator@PAUPRT_BUFF@@@std@@QAEXPAPAUPRT_BUFF@@ABQAU3@@Z 10057d80 f i BaseChan.obj
 0002:00011de0       ?allocate@?$allocator@V_Aux_cont@std@@@std@@QAEPAV_Aux_cont@2@I@Z 10057de0 f i BaseChan.obj
 0002:00011e40       ?max_size@?$allocator@UPRT_COND_T@@@std@@QBEIXZ 10057e40 f i BaseChan.obj
 0002:00011eb0       ?max_size@?$allocator@PAVIProtocolObserver@@@std@@QBEIXZ 10057eb0 f i BaseChan.obj
 0002:00011f20       ??Y?$_Vector_iterator@UPRT_COND_T@@V?$allocator@UPRT_COND_T@@@std@@@std@@QAEAAV01@H@Z 10057f20 f i BaseChan.obj
 0002:00011f80       ??0?$_Vector_const_iterator@UPRT_COND_T@@V?$allocator@UPRT_COND_T@@@std@@@std@@QAE@PAUPRT_COND_T@@@Z 10057f80 f i BaseChan.obj
 0002:00011fe0       ??8?$_Vector_const_iterator@UPRT_COND_T@@V?$allocator@UPRT_COND_T@@@std@@@std@@QBE_NABV01@@Z 10057fe0 f i BaseChan.obj
 0002:00012030       ??Y?$_Vector_iterator@PAVIProtocolObserver@@V?$allocator@PAVIProtocolObserver@@@std@@@std@@QAEAAV01@H@Z 10058030 f i BaseChan.obj
 0002:00012090       ??0?$_Vector_const_iterator@PAVIProtocolObserver@@V?$allocator@PAVIProtocolObserver@@@std@@@std@@QAE@PAPAVIProtocolObserver@@@Z 10058090 f i BaseChan.obj
 0002:000120f0       ??0?$_Ranit@UPRT_COND_T@@HPBU1@ABU1@@std@@QAE@XZ 100580f0 f i BaseChan.obj
 0002:00012150       ??0?$_Ranit@PAVIProtocolObserver@@HPBQAV1@ABQAV1@@std@@QAE@XZ 10058150 f i BaseChan.obj
 0002:000121b0       ??0?$_Iterator_with_base@Urandom_access_iterator_tag@std@@UPRT_COND_T@@HPBU3@ABU3@V_Iterator_base_aux@2@@std@@QAE@XZ 100581b0 f i BaseChan.obj
 0002:00012210       ??0?$_Iterator_with_base@Urandom_access_iterator_tag@std@@PAVIProtocolObserver@@HPBQAV3@ABQAV3@V_Iterator_base_aux@2@@std@@QAE@XZ 10058210 f i BaseChan.obj
 0002:00012270       ?assign@?$basic_string@DU?$char_traits@D@std@@V?$allocator@D@2@@std@@QAEAAV12@PBDI@Z 10058270 f i BaseChan.obj
 0002:00012350       ?allocate@?$allocator@D@std@@QAEPADI@Z 10058350 f i BaseChan.obj
 0002:000123b0       ?max_size@?$allocator@D@std@@QBEIXZ 100583b0 f i BaseChan.obj
 0002:00012420       ?begin@?$list@PAUPRT_BUFF@@V?$allocator@PAUPRT_BUFF@@@std@@@std@@QBE?AV?$_Const_iterator@$0A@@12@XZ 10058420 f i BaseChan.obj
 0002:00012490       ?end@?$list@PAUPRT_BUFF@@V?$allocator@PAUPRT_BUFF@@@std@@@std@@QBE?AV?$_Const_iterator@$0A@@12@XZ 10058490 f i BaseChan.obj
 0002:000124f0       ??0?$_Container_base_aux_alloc_real@V?$allocator@PAUPRT_BUFF@@@std@@@std@@IAE@V?$allocator@PAUPRT_BUFF@@@1@@Z 100584f0 f i BaseChan.obj
 0002:00012630       ?max_size@?$allocator@PAUPRT_BUFF@@@std@@QBEIXZ 10058630 f i BaseChan.obj
 0002:000126a0       ??Y?$_Vector_const_iterator@UPRT_COND_T@@V?$allocator@UPRT_COND_T@@@std@@@std@@QAEAAV01@H@Z 100586a0 f i BaseChan.obj
 0002:00012700       ??Y?$_Vector_const_iterator@PAVIProtocolObserver@@V?$allocator@PAVIProtocolObserver@@@std@@@std@@QAEAAV01@H@Z 10058700 f i BaseChan.obj
 0002:00012760       ?_Inside@?$basic_string@DU?$char_traits@D@std@@V?$allocator@D@2@@std@@IAE_NPBD@Z 10058760 f i BaseChan.obj
 0002:000127e0       ??$swap@PAV_Aux_cont@std@@@std@@YAXAAPAV_Aux_cont@0@0@Z 100587e0 f i BaseChan.obj
 0002:00012840       ??$swap@V_Aux_cont@std@@@std@@YAXAAV_Aux_cont@0@0@Z 10058840 f i BaseChan.obj
 0002:000128d0       ??$?8PAUPRT_BUFF@@PAU0@@std@@YA_NABV?$allocator@PAUPRT_BUFF@@@0@0@Z 100588d0 f i BaseChan.obj
 0002:00012900       ??$swap@PAU_Node@?$_List_nod@PAUPRT_BUFF@@V?$allocator@PAUPRT_BUFF@@@std@@@std@@@std@@YAXAAPAU_Node@?$_List_nod@PAUPRT_BUFF@@V?$allocator@PAUPRT_BUFF@@@std@@@0@0@Z 10058900 f i BaseChan.obj
 0002:00012960       ??$swap@I@std@@YAXAAI0@Z   10058960 f i BaseChan.obj
 0002:000129c0       ??$copy_s@U?$char_traits@D@std@@@_Traits_helper@std@@YAPADPADIPBDI@Z 100589c0 f i BaseChan.obj
 0002:00012a40       ??$_Destroy@U_Node@?$_List_nod@PAUPRT_BUFF@@V?$allocator@PAUPRT_BUFF@@@std@@@std@@@std@@YAXPAU_Node@?$_List_nod@PAUPRT_BUFF@@V?$allocator@PAUPRT_BUFF@@@std@@@0@@Z 10058a40 f i BaseChan.obj
 0002:00012a70       ??$unchecked_copy@PAUPRT_COND_T@@PAU1@@stdext@@YAPAUPRT_COND_T@@PAU1@00@Z 10058a70 f i BaseChan.obj
 0002:00012b30       ??$unchecked_uninitialized_fill_n@PAUPRT_COND_T@@IU1@V?$allocator@UPRT_COND_T@@@std@@@stdext@@YAXPAUPRT_COND_T@@IABU1@AAV?$allocator@UPRT_COND_T@@@std@@@Z 10058b30 f i BaseChan.obj
 0002:00012bd0       ??$unchecked_uninitialized_fill_n@PAPAVIProtocolObserver@@IPAV1@V?$allocator@PAVIProtocolObserver@@@std@@@stdext@@YAXPAPAVIProtocolObserver@@IABQAV1@AAV?$allocator@PAVIProtocolObserver@@@std@@@Z 10058bd0 f i BaseChan.obj
 0002:00012c70       ??$move_s@U?$char_traits@D@std@@@_Traits_helper@std@@YAPADPADIPBDI@Z 10058c70 f i BaseChan.obj
 0002:00012cf0       ??$insert@V?$_Const_iterator@$0A@@?$list@PAUPRT_BUFF@@V?$allocator@PAUPRT_BUFF@@@std@@@std@@@?$list@PAUPRT_BUFF@@V?$allocator@PAUPRT_BUFF@@@std@@@std@@QAEXV?$_Const_iterator@$0A@@01@00@Z 10058cf0 f i BaseChan.obj
 0002:00012d90       ??$?0PAUPRT_BUFF@@@?$allocator@PAU_Node@?$_List_nod@PAUPRT_BUFF@@V?$allocator@PAUPRT_BUFF@@@std@@@std@@@std@@QAE@ABV?$allocator@PAUPRT_BUFF@@@1@@Z 10058d90 f i BaseChan.obj
 0002:00012dd0       ??$_Allocate@U_Node@?$_List_nod@PAUPRT_BUFF@@V?$allocator@PAUPRT_BUFF@@@std@@@std@@@std@@YAPAU_Node@?$_List_nod@PAUPRT_BUFF@@V?$allocator@PAUPRT_BUFF@@@std@@@0@IPAU120@@Z 10058dd0 f i BaseChan.obj
 0002:00012e70       ??0bad_alloc@std@@QAE@PBD@Z 10058e70 f i BaseChan.obj
 0002:00012ee0       ??1bad_alloc@std@@UAE@XZ   10058ee0 f i BaseChan.obj
 0002:00012f40       ??_Gbad_alloc@std@@UAEPAXI@Z 10058f40 f i BaseChan.obj
 0002:00012f40       ??_Ebad_alloc@std@@UAEPAXI@Z 10058f40 f i BaseChan.obj
 0002:00012fb0       ??$_Construct@PAU_Node@?$_List_nod@PAUPRT_BUFF@@V?$allocator@PAUPRT_BUFF@@@std@@@std@@PAU123@@std@@YAXPAPAU_Node@?$_List_nod@PAUPRT_BUFF@@V?$allocator@PAUPRT_BUFF@@@std@@@0@ABQAU120@@Z 10058fb0 f i BaseChan.obj
 0002:00013050       ??$_Destroy@PAU_Node@?$_List_nod@PAUPRT_BUFF@@V?$allocator@PAUPRT_BUFF@@@std@@@std@@@std@@YAXPAPAU_Node@?$_List_nod@PAUPRT_BUFF@@V?$allocator@PAUPRT_BUFF@@@std@@@0@@Z 10059050 f i BaseChan.obj
 0002:00013080       ??$_Destroy_range@V?$allocator@UPRT_COND_T@@@std@@@std@@YAXPAUPRT_COND_T@@0AAV?$allocator@UPRT_COND_T@@@0@@Z 10059080 f i BaseChan.obj
 0002:00013100       ??$_Umove@PAUPRT_COND_T@@@?$vector@UPRT_COND_T@@V?$allocator@UPRT_COND_T@@@std@@@std@@IAEPAUPRT_COND_T@@PAU2@00@Z 10059100 f i BaseChan.obj
 0002:00013170       ??$fill@PAUPRT_COND_T@@U1@@std@@YAXPAUPRT_COND_T@@0ABU1@@Z 10059170 f i BaseChan.obj
 0002:000131d0       ??$_Unchecked_move_backward@PAUPRT_COND_T@@PAU1@@stdext@@YAPAUPRT_COND_T@@PAU1@00@Z 100591d0 f i BaseChan.obj
 0002:00013280       ??$?0UPRT_COND_T@@@?$allocator@V_Aux_cont@std@@@std@@QAE@ABV?$allocator@UPRT_COND_T@@@1@@Z 10059280 f i BaseChan.obj
 0002:000132c0       ??$_Allocate@UPRT_COND_T@@@std@@YAPAUPRT_COND_T@@IPAU1@@Z 100592c0 f i BaseChan.obj
 0002:00013360       ??$_Destroy_range@V?$allocator@PAVIProtocolObserver@@@std@@@std@@YAXPAPAVIProtocolObserver@@0AAV?$allocator@PAVIProtocolObserver@@@0@@Z 10059360 f i BaseChan.obj
 0002:000133e0       ??$_Umove@PAPAVIProtocolObserver@@@?$vector@PAVIProtocolObserver@@V?$allocator@PAVIProtocolObserver@@@std@@@std@@IAEPAPAVIProtocolObserver@@PAPAV2@00@Z 100593e0 f i BaseChan.obj
 0002:00013450       ??$fill@PAPAVIProtocolObserver@@PAV1@@std@@YAXPAPAVIProtocolObserver@@0ABQAV1@@Z 10059450 f i BaseChan.obj
 0002:000134b0       ??$_Unchecked_move_backward@PAPAVIProtocolObserver@@PAPAV1@@stdext@@YAPAPAVIProtocolObserver@@PAPAV1@00@Z 100594b0 f i BaseChan.obj
 0002:00013560       ??$?0PAVIProtocolObserver@@@?$allocator@V_Aux_cont@std@@@std@@QAE@ABV?$allocator@PAVIProtocolObserver@@@1@@Z 10059560 f i BaseChan.obj
 0002:000135a0       ??$_Allocate@PAVIProtocolObserver@@@std@@YAPAPAVIProtocolObserver@@IPAPAV1@@Z 100595a0 f i BaseChan.obj
 0002:00013640       ??$?0PAUPRT_BUFF@@@?$allocator@U_Node@?$_List_nod@PAUPRT_BUFF@@V?$allocator@PAUPRT_BUFF@@@std@@@std@@@std@@QAE@ABV?$allocator@PAUPRT_BUFF@@@1@@Z 10059640 f i BaseChan.obj
 0002:00013680       ??$_Construct@PAUPRT_BUFF@@PAU1@@std@@YAXPAPAUPRT_BUFF@@ABQAU1@@Z 10059680 f i BaseChan.obj
 0002:00013720       ??$_Allocate@V_Aux_cont@std@@@std@@YAPAV_Aux_cont@0@IPAV10@@Z 10059720 f i BaseChan.obj
 0002:000137c0       ??$_Allocate@D@std@@YAPADIPAD@Z 100597c0 f i BaseChan.obj
 0002:00013860       ??$?0PAUPRT_BUFF@@@?$allocator@V_Aux_cont@std@@@std@@QAE@ABV?$allocator@PAUPRT_BUFF@@@1@@Z 10059860 f i BaseChan.obj
 0002:000138a0       ??0bad_alloc@std@@QAE@ABV01@@Z 100598a0 f i BaseChan.obj
 0002:00013910       ??$_Char_traits_cat@U?$char_traits@D@std@@@std@@YA?AU_Secure_char_traits_tag@0@XZ 10059910 f i BaseChan.obj
 0002:00013980       ??$copy_s@U?$char_traits@D@std@@@_Traits_helper@std@@YAPADPADIPBDIU_Secure_char_traits_tag@1@@Z 10059980 f i BaseChan.obj
 0002:000139e0       ?_Copy_s@?$char_traits@D@std@@SAPADPADIPBDI@Z 100599e0 f i BaseChan.obj
 0002:00013a40       ??$_Iter_random@PAUPRT_COND_T@@PAU1@@std@@YA?AUrandom_access_iterator_tag@0@ABQAUPRT_COND_T@@0@Z 10059a40 f i BaseChan.obj
 0002:00013ab0       ??$_Ptr_cat@PAUPRT_COND_T@@PAU1@@std@@YA?AU_Nonscalar_ptr_iterator_tag@0@AAPAUPRT_COND_T@@0@Z 10059ab0 f i BaseChan.obj
 0002:00013b20       ??$_Copy_opt@PAUPRT_COND_T@@PAU1@Urandom_access_iterator_tag@std@@@std@@YAPAUPRT_COND_T@@PAU1@00Urandom_access_iterator_tag@0@U_Nonscalar_ptr_iterator_tag@0@U_Range_checked_iterator_tag@0@@Z 10059b20 f i BaseChan.obj
 0002:00013ba0       ??$_Uninit_fill_n@PAUPRT_COND_T@@IU1@V?$allocator@UPRT_COND_T@@@std@@@std@@YAXPAUPRT_COND_T@@IABU1@AAV?$allocator@UPRT_COND_T@@@0@U_Nonscalar_ptr_iterator_tag@0@U_Range_checked_iterator_tag@0@@Z 10059ba0 f i BaseChan.obj
 0002:00013cb0       ??$_Ptr_cat@PAPAVIProtocolObserver@@PAPAV1@@std@@YA?AU_Scalar_ptr_iterator_tag@0@AAPAPAVIProtocolObserver@@0@Z 10059cb0 f i BaseChan.obj
 0002:00013d20       ??$_Uninit_fill_n@PAPAVIProtocolObserver@@IPAV1@V?$allocator@PAVIProtocolObserver@@@std@@@std@@YAXPAPAVIProtocolObserver@@IABQAV1@AAV?$allocator@PAVIProtocolObserver@@@0@U_Scalar_ptr_iterator_tag@0@U_Range_checked_iterator_tag@0@@Z 10059d20 f i BaseChan.obj
 0002:00013d80       ??$move_s@U?$char_traits@D@std@@@_Traits_helper@std@@YAPADPADIPBDIU_Secure_char_traits_tag@1@@Z 10059d80 f i BaseChan.obj
 0002:00013de0       ?_Move_s@?$char_traits@D@std@@SAPADPADIPBDI@Z 10059de0 f i BaseChan.obj
 0002:00013e40       ??$_Iter_cat@V?$_Const_iterator@$0A@@?$list@PAUPRT_BUFF@@V?$allocator@PAUPRT_BUFF@@@std@@@std@@@std@@YA?AUbidirectional_iterator_tag@0@ABV?$_Const_iterator@$0A@@?$list@PAUPRT_BUFF@@V?$allocator@PAUPRT_BUFF@@@std@@@0@@Z 10059e40 f i BaseChan.obj
 0002:00013eb0       ??$_Insert@V?$_Const_iterator@$0A@@?$list@PAUPRT_BUFF@@V?$allocator@PAUPRT_BUFF@@@std@@@std@@@?$list@PAUPRT_BUFF@@V?$allocator@PAUPRT_BUFF@@@std@@@std@@QAEXV?$_Const_iterator@$0A@@01@00Uforward_iterator_tag@1@@Z 10059eb0 f i BaseChan.obj
 0002:00014080       ??$_Destroy_range@V?$allocator@UPRT_COND_T@@@std@@@std@@YAXPAUPRT_COND_T@@0AAV?$allocator@UPRT_COND_T@@@0@U_Nonscalar_ptr_iterator_tag@0@@Z 1005a080 f i BaseChan.obj
 0002:000140f0       ??$_Unchecked_uninitialized_move@PAUPRT_COND_T@@PAU1@V?$allocator@UPRT_COND_T@@@std@@@stdext@@YAPAUPRT_COND_T@@PAU1@00AAV?$allocator@UPRT_COND_T@@@std@@@Z 1005a0f0 f i BaseChan.obj
 0002:00014190       ??$_Fill@PAUPRT_COND_T@@U1@@std@@YAXPAUPRT_COND_T@@0ABU1@@Z 1005a190 f i BaseChan.obj
 0002:00014200       ??$_Move_cat@PAUPRT_COND_T@@@std@@YA?AU_Undefined_move_tag@0@ABQAUPRT_COND_T@@@Z 1005a200 f i BaseChan.obj
 0002:00014270       ??$_Move_backward_opt@PAUPRT_COND_T@@PAU1@Urandom_access_iterator_tag@std@@U_Undefined_move_tag@3@@std@@YAPAUPRT_COND_T@@PAU1@00Urandom_access_iterator_tag@0@U_Undefined_move_tag@0@U_Range_checked_iterator_tag@0@@Z 1005a270 f i BaseChan.obj
 0002:00014310       ??$_Destroy_range@V?$allocator@PAVIProtocolObserver@@@std@@@std@@YAXPAPAVIProtocolObserver@@0AAV?$allocator@PAVIProtocolObserver@@@0@U_Scalar_ptr_iterator_tag@0@@Z 1005a310 f i BaseChan.obj
 0002:00014340       ??$_Unchecked_uninitialized_move@PAPAVIProtocolObserver@@PAPAV1@V?$allocator@PAVIProtocolObserver@@@std@@@stdext@@YAPAPAVIProtocolObserver@@PAPAV1@00AAV?$allocator@PAVIProtocolObserver@@@std@@@Z 1005a340 f i BaseChan.obj
 0002:000143e0       ??$_Fill@PAPAVIProtocolObserver@@PAV1@@std@@YAXPAPAVIProtocolObserver@@0ABQAV1@@Z 1005a3e0 f i BaseChan.obj
 0002:00014440       ??$_Iter_random@PAPAVIProtocolObserver@@PAPAV1@@std@@YA?AUrandom_access_iterator_tag@0@ABQAPAVIProtocolObserver@@0@Z 1005a440 f i BaseChan.obj
 0002:000144b0       ??$_Move_cat@PAPAVIProtocolObserver@@@std@@YA?AU_Undefined_move_tag@0@ABQAPAVIProtocolObserver@@@Z 1005a4b0 f i BaseChan.obj
 0002:00014520       ??$_Move_backward_opt@PAPAVIProtocolObserver@@PAPAV1@Urandom_access_iterator_tag@std@@U_Undefined_move_tag@3@@std@@YAPAPAVIProtocolObserver@@PAPAV1@00Urandom_access_iterator_tag@0@U_Undefined_move_tag@0@U_Range_checked_iterator_tag@0@@Z 1005a520 f i BaseChan.obj
 0002:000145c0       ??4PRT_COND_T@@QAEAAU0@ABU0@@Z 1005a5c0 f i BaseChan.obj
 0002:00014650       ??4?$list@PAUPRT_BUFF@@V?$allocator@PAUPRT_BUFF@@@std@@@std@@QAEAAV01@ABV01@@Z 1005a650 f i BaseChan.obj
 0002:000146f0       ?construct@?$allocator@UPRT_COND_T@@@std@@QAEXPAUPRT_COND_T@@ABU3@@Z 1005a6f0 f i BaseChan.obj
 0002:00014750       ?destroy@?$allocator@UPRT_COND_T@@@std@@QAEXPAUPRT_COND_T@@@Z 1005a750 f i BaseChan.obj
 0002:000147b0       ??$unchecked_fill_n@PAPAVIProtocolObserver@@IPAV1@@stdext@@YAXPAPAVIProtocolObserver@@IABQAV1@@Z 1005a7b0 f i BaseChan.obj
 0002:00014840       ??$_Uninit_move@PAUPRT_COND_T@@PAU1@V?$allocator@UPRT_COND_T@@@std@@U_Undefined_move_tag@3@@std@@YAPAUPRT_COND_T@@PAU1@00AAV?$allocator@UPRT_COND_T@@@0@U_Undefined_move_tag@0@U_Range_checked_iterator_tag@0@@Z 1005a840 f i BaseChan.obj
 0002:000148a0       ??$_Copy_backward_opt@PAUPRT_COND_T@@PAU1@Urandom_access_iterator_tag@std@@@std@@YAPAUPRT_COND_T@@PAU1@00Urandom_access_iterator_tag@0@U_Nonscalar_ptr_iterator_tag@0@U_Range_checked_iterator_tag@0@@Z 1005a8a0 f i BaseChan.obj
 0002:00014920       ??$_Uninit_move@PAPAVIProtocolObserver@@PAPAV1@V?$allocator@PAVIProtocolObserver@@@std@@U_Undefined_move_tag@3@@std@@YAPAPAVIProtocolObserver@@PAPAV1@00AAV?$allocator@PAVIProtocolObserver@@@0@U_Undefined_move_tag@0@U_Range_checked_iterator_tag@0@@Z 1005a920 f i BaseChan.obj
 0002:00014980       ??$_Copy_backward_opt@PAPAVIProtocolObserver@@PAPAV1@Urandom_access_iterator_tag@std@@@std@@YAPAPAVIProtocolObserver@@PAPAV1@00Urandom_access_iterator_tag@0@U_Scalar_ptr_iterator_tag@0@U_Range_checked_iterator_tag@0@@Z 1005a980 f i BaseChan.obj
 0002:00014a10       ??$assign@V?$_Const_iterator@$0A@@?$list@PAUPRT_BUFF@@V?$allocator@PAUPRT_BUFF@@@std@@@std@@@?$list@PAUPRT_BUFF@@V?$allocator@PAUPRT_BUFF@@@std@@@std@@QAEXV?$_Const_iterator@$0A@@01@0@Z 1005aa10 f i BaseChan.obj
 0002:00014aa0       ??$_Construct@UPRT_COND_T@@U1@@std@@YAXPAUPRT_COND_T@@ABU1@@Z 1005aaa0 f i BaseChan.obj
 0002:00014b90       ??$_Destroy@UPRT_COND_T@@@std@@YAXPAUPRT_COND_T@@@Z 1005ab90 f i BaseChan.obj
 0002:00014be0       ??_GPRT_COND_T@@QAEPAXI@Z  1005abe0 f i BaseChan.obj
 0002:00014c50       ??$_Iter_cat@PAPAVIProtocolObserver@@@std@@YA?AUrandom_access_iterator_tag@0@ABQAPAVIProtocolObserver@@@Z 1005ac50 f i BaseChan.obj
 0002:00014cc0       ??$_Fill_n@PAPAVIProtocolObserver@@IPAV1@Urandom_access_iterator_tag@std@@@std@@YAXPAPAVIProtocolObserver@@IABQAV1@Urandom_access_iterator_tag@0@U_Range_checked_iterator_tag@0@@Z 1005acc0 f i BaseChan.obj
 0002:00014d30       ??$unchecked_uninitialized_copy@PAUPRT_COND_T@@PAU1@V?$allocator@UPRT_COND_T@@@std@@@stdext@@YAPAUPRT_COND_T@@PAU1@00AAV?$allocator@UPRT_COND_T@@@std@@@Z 1005ad30 f i BaseChan.obj
 0002:00014dd0       ??$unchecked_uninitialized_copy@PAPAVIProtocolObserver@@PAPAV1@V?$allocator@PAVIProtocolObserver@@@std@@@stdext@@YAPAPAVIProtocolObserver@@PAPAV1@00AAV?$allocator@PAVIProtocolObserver@@@std@@@Z 1005add0 f i BaseChan.obj
 0002:00014e70       ??$_Assign@V?$_Const_iterator@$0A@@?$list@PAUPRT_BUFF@@V?$allocator@PAUPRT_BUFF@@@std@@@std@@@?$list@PAUPRT_BUFF@@V?$allocator@PAUPRT_BUFF@@@std@@@std@@QAEXV?$_Const_iterator@$0A@@01@0Uinput_iterator_tag@1@@Z 1005ae70 f i BaseChan.obj
 0002:00014f20       ??$_Fill_n@PAPAVIProtocolObserver@@IPAV1@@std@@YAXPAPAVIProtocolObserver@@IABQAV1@U_Range_checked_iterator_tag@0@@Z 1005af20 f i BaseChan.obj
 0002:00014f80       ??$_Uninit_copy@PAUPRT_COND_T@@PAU1@V?$allocator@UPRT_COND_T@@@std@@@std@@YAPAUPRT_COND_T@@PAU1@00AAV?$allocator@UPRT_COND_T@@@0@U_Nonscalar_ptr_iterator_tag@0@U_Range_checked_iterator_tag@0@@Z 1005af80 f i BaseChan.obj
 0002:000150a0       ??$_Uninit_copy@PAPAVIProtocolObserver@@PAPAV1@V?$allocator@PAVIProtocolObserver@@@std@@@std@@YAPAPAVIProtocolObserver@@PAPAV1@00AAV?$allocator@PAVIProtocolObserver@@@0@U_Scalar_ptr_iterator_tag@0@U_Range_checked_iterator_tag@0@@Z 1005b0a0 f i BaseChan.obj
 0002:00015130       ??0CBmChannel@@QAE@XZ      1005b130 f   BmChannel.obj
 0002:00015250       ??_ECBmChannel@@UAEPAXI@Z  1005b250 f i BmChannel.obj
 0002:00015250       ??_GCBmChannel@@UAEPAXI@Z  1005b250 f i BmChannel.obj
 0002:000152c0       ??1CBmChannel@@UAE@XZ      1005b2c0 f   BmChannel.obj
 0002:00015380       ?SetProperty@CBmChannel@@UAEHJKPBX@Z 1005b380 f   BmChannel.obj
 0002:00015440       ?Write@CBmChannel@@UAEKPAXKK@Z 1005b440 f   BmChannel.obj
 0002:00015a90       ?CompareCond@CBmChannel@@MAE_NPAX0_N@Z 1005ba90 f   BmChannel.obj
 0002:00015ae0       ?GetCondition@CBmChannel@@MAEPAXPAXI_N@Z 1005bae0 f   BmChannel.obj
 0002:00015b60       ?CopyCondition@CBmChannel@@MAEPAXPAX@Z 1005bb60 f   BmChannel.obj
 0002:00015ba0       ?FreeCondition@CBmChannel@@MAEXPAX@Z 1005bba0 f   BmChannel.obj
 0002:00015be0       ??0CBmPackage@@QAE@XZ      1005bbe0 f   BmPackage.obj
 0002:00015c80       ??_GCBmPackage@@UAEPAXI@Z  1005bc80 f i BmPackage.obj
 0002:00015c80       ??_ECBmPackage@@UAEPAXI@Z  1005bc80 f i BmPackage.obj
 0002:00015cf0       ??1CBmPackage@@UAE@XZ      1005bcf0 f   BmPackage.obj
 0002:00015d50       ?CheckLength@CBmPackage@@MAE_NXZ 1005bd50 f   BmPackage.obj
 0002:00016060       ?SetProperty@CBmPackage@@UAE_NJIPBX@Z 1005c060 f   BmPackage.obj
 0002:00016100       ?Package@CBmPackage@@UAEIPAXHPAPAXPAH@Z 1005c100 f   BmPackage.obj
 0002:00016580       _crc_16_l_calc             1005c580 f   crc.obj
 0002:00016680       _frm_chk                   1005c680 f   crc.obj
 0002:00016790       _DllMain@12                1005c790 f   DiagChan.obj
 0002:00016820       ?LoadChannelLib@@YAHXZ     1005c820 f   DiagChan.obj
 0002:000169b0       ?FreeChannelLib@@YAXXZ     1005c9b0 f   DiagChan.obj
 0002:00016a20       _CreateDiagChannel         1005ca20 f   DiagChan.obj
 0002:00016ae0       _ReleaseDiagChannel        1005cae0 f   DiagChan.obj
 0002:00016b90       _CreateDiagPackage         1005cb90 f   DiagChan.obj
 0002:00016c50       _ReleaseDiagPackage        1005cc50 f   DiagChan.obj
 0002:00016cc0       _CreateBmChannel           1005ccc0 f   DiagChan.obj
 0002:00016d80       _ReleaseBmChannel          1005cd80 f   DiagChan.obj
 0002:00016e30       _CreateBmPackage           1005ce30 f   DiagChan.obj
 0002:00016ef0       _ReleaseBmPackage          1005cef0 f   DiagChan.obj
 0002:00016f60       _CreateProtoChannel        1005cf60 f   DiagChan.obj
 0002:00017140       _ReleaseProtoChannel       1005d140 f   DiagChan.obj
 0002:000171f0       _CreateProtoPackage        1005d1f0 f   DiagChan.obj
 0002:000173d0       _ReleaseProtoPackage       1005d3d0 f   DiagChan.obj
 0002:00017440       ??0CDiagChannel@@QAE@XZ    1005d440 f   DiagChannel.obj
 0002:00017580       ??_GCDiagChannel@@UAEPAXI@Z 1005d580 f i DiagChannel.obj
 0002:00017580       ??_ECDiagChannel@@UAEPAXI@Z 1005d580 f i DiagChannel.obj
 0002:000175f0       ??1CDiagChannel@@UAE@XZ    1005d5f0 f   DiagChannel.obj
 0002:000176b0       ?CompareCond@CDiagChannel@@MAE_NPAX0_N@Z 1005d6b0 f   DiagChannel.obj
 0002:00017800       ?GetCondition@CDiagChannel@@MAEPAXPAXI_N@Z 1005d800 f   DiagChannel.obj
 0002:00017c40       ?CopyCondition@CDiagChannel@@MAEPAXPAX@Z 1005dc40 f   DiagChannel.obj
 0002:00017cc0       ?FreeCondition@CDiagChannel@@MAEXPAX@Z 1005dcc0 f   DiagChannel.obj
 0002:00017d20       ?IsLastPackage@CDiagChannel@@MAE_NPAX@Z 1005dd20 f   DiagChannel.obj
 0002:00017df0       ?LoadTypeDef@CDiagChannel@@IAEXXZ 1005ddf0 f   DiagChannel.obj
 0002:000180b0       ?wcsrchr@@YAPA_WPA_W_W@Z   1005e0b0 f i DiagChannel.obj
 0002:00018110       ?GetProperty@CDiagChannel@@UAEHJKPAX@Z 1005e110 f   DiagChannel.obj
 0002:000181c0       ?SetProperty@CDiagChannel@@UAEHJKPBX@Z 1005e1c0 f   DiagChannel.obj
 0002:000182c0       ??0CDiagPackage@@QAE@XZ    1005e2c0 f   DiagPackage.obj
 0002:000184a0       ??_ECDiagPackage@@UAEPAXI@Z 1005e4a0 f i DiagPackage.obj
 0002:000184a0       ??_GCDiagPackage@@UAEPAXI@Z 1005e4a0 f i DiagPackage.obj
 0002:00018510       ??0IProtocolPackage@@QAE@XZ 1005e510 f i DiagPackage.obj
 0002:00018560       ??1CDiagPackage@@UAE@XZ    1005e560 f   DiagPackage.obj
 0002:000185e0       ?Append@CDiagPackage@@UAEIPAXI@Z 1005e5e0 f   DiagPackage.obj
 0002:00018c60       ?NoHeaderAppend@CDiagPackage@@MAEIPAXI@Z 1005ec60 f   DiagPackage.obj
 0002:00019230       ?NoEscapeAppend@CDiagPackage@@MAEIPAXI@Z 1005f230 f   DiagPackage.obj
 0002:00019a50       ?Clear@CDiagPackage@@UAEXXZ 1005fa50 f   DiagPackage.obj
 0002:00019c10       ?GetPackages@CDiagPackage@@UAEIPAXH@Z 1005fc10 f   DiagPackage.obj
 0002:00019d30       ?FreeMem@CDiagPackage@@UAEXPAX@Z 1005fd30 f   DiagPackage.obj
 0002:00019d90       ?GetProperty@CDiagPackage@@UAE_NJIPAX@Z 1005fd90 f   DiagPackage.obj
 0002:00019e90       ?SetProperty@CDiagPackage@@UAE_NJIPBX@Z 1005fe90 f   DiagPackage.obj
 0002:00019fe0       ?LockPakcageList@CDiagPackage@@IAEX_N@Z 1005ffe0 f   DiagPackage.obj
 0002:0001a070       ?Package@CDiagPackage@@UAEIPAXHPAPAXPAH@Z 10060070 f   DiagPackage.obj
 0002:0001a6f0       ?PackageQueryEndianCmd@CDiagPackage@@IAEIPAXHPAPAXPAH@Z 100606f0 f   DiagPackage.obj
 0002:0001aa70       ?AddPackage@CDiagPackage@@MAE_NXZ 10060a70 f   DiagPackage.obj
 0002:0001ab40       ?CheckLength@CDiagPackage@@MAE_NXZ 10060b40 f   DiagPackage.obj
 0002:0001aea0       ?AddToPackageList@CDiagPackage@@MAEXXZ 10060ea0 f   DiagPackage.obj
 0002:0001af80       ?Copy@CDiagPackage@@IAEXPAEAAHPBEH@Z 10060f80 f   DiagPackage.obj
 0002:0001b080       ?CheckIsDataModeSwitch@CDiagPackage@@IAE_NXZ 10061080 f   DiagPackage.obj
 0002:0001b130       ?RawDataAppend@CDiagPackage@@IAEIPAXI@Z 10061130 f   DiagPackage.obj
 0002:0001b230       ??0?$deque@PAUPRT_BUFF@@V?$allocator@PAUPRT_BUFF@@@std@@@std@@QAE@XZ 10061230 f i DiagPackage.obj
 0002:0001b2d0       ??1?$deque@PAUPRT_BUFF@@V?$allocator@PAUPRT_BUFF@@@std@@@std@@QAE@XZ 100612d0 f i DiagPackage.obj
 0002:0001b370       ?begin@?$deque@PAUPRT_BUFF@@V?$allocator@PAUPRT_BUFF@@@std@@@std@@QAE?AV?$_Deque_iterator@PAUPRT_BUFF@@V?$allocator@PAUPRT_BUFF@@@std@@$0A@@2@XZ 10061370 f i DiagPackage.obj
 0002:0001b3e0       ?end@?$deque@PAUPRT_BUFF@@V?$allocator@PAUPRT_BUFF@@@std@@@std@@QAE?AV?$_Deque_iterator@PAUPRT_BUFF@@V?$allocator@PAUPRT_BUFF@@@std@@$0A@@2@XZ 100613e0 f i DiagPackage.obj
 0002:0001b450       ?size@?$deque@PAUPRT_BUFF@@V?$allocator@PAUPRT_BUFF@@@std@@@std@@QBEIXZ 10061450 f i DiagPackage.obj
 0002:0001b490       ?front@?$deque@PAUPRT_BUFF@@V?$allocator@PAUPRT_BUFF@@@std@@@std@@QAEAAPAUPRT_BUFF@@XZ 10061490 f i DiagPackage.obj
 0002:0001b4f0       ?pop_front@?$deque@PAUPRT_BUFF@@V?$allocator@PAUPRT_BUFF@@@std@@@std@@QAEXXZ 100614f0 f i DiagPackage.obj
 0002:0001b5f0       ?push_back@?$deque@PAUPRT_BUFF@@V?$allocator@PAUPRT_BUFF@@@std@@@std@@QAEXABQAUPRT_BUFF@@@Z 100615f0 f i DiagPackage.obj
 0002:0001b740       ?erase@?$deque@PAUPRT_BUFF@@V?$allocator@PAUPRT_BUFF@@@std@@@std@@QAE?AV?$_Deque_iterator@PAUPRT_BUFF@@V?$allocator@PAUPRT_BUFF@@@std@@$0A@@2@V?$_Deque_const_iterator@PAUPRT_BUFF@@V?$allocator@PAUPRT_BUFF@@@std@@$0A@@2@0@Z 10061740 f i DiagPackage.obj
 0002:0001b960       ??1?$_Deque_val@PAUPRT_BUFF@@V?$allocator@PAUPRT_BUFF@@@std@@@std@@QAE@XZ 10061960 f i DiagPackage.obj
 0002:0001b9b0       ??1?$_Deque_map@PAUPRT_BUFF@@V?$allocator@PAUPRT_BUFF@@@std@@@std@@QAE@XZ 100619b0 f i DiagPackage.obj
 0002:0001ba00       ?_Make_iter@?$deque@PAUPRT_BUFF@@V?$allocator@PAUPRT_BUFF@@@std@@@std@@QBE?AV?$_Deque_iterator@PAUPRT_BUFF@@V?$allocator@PAUPRT_BUFF@@@std@@$0A@@2@V?$_Deque_const_iterator@PAUPRT_BUFF@@V?$allocator@PAUPRT_BUFF@@@std@@$0A@@2@@Z 10061a00 f i DiagPackage.obj
 0002:0001ba60       ?empty@?$deque@PAUPRT_BUFF@@V?$allocator@PAUPRT_BUFF@@@std@@@std@@QBE_NXZ 10061a60 f i DiagPackage.obj
 0002:0001bab0       ?pop_back@?$deque@PAUPRT_BUFF@@V?$allocator@PAUPRT_BUFF@@@std@@@std@@QAEXXZ 10061ab0 f i DiagPackage.obj
 0002:0001bbb0       ?_Growmap@?$deque@PAUPRT_BUFF@@V?$allocator@PAUPRT_BUFF@@@std@@@std@@IAEXI@Z 10061bb0 f i DiagPackage.obj
 0002:0001beb0       ?_Tidy@?$deque@PAUPRT_BUFF@@V?$allocator@PAUPRT_BUFF@@@std@@@std@@IAEXXZ 10061eb0 f i DiagPackage.obj
 0002:0001bfd0       ??0?$_Deque_val@PAUPRT_BUFF@@V?$allocator@PAUPRT_BUFF@@@std@@@std@@IAE@V?$allocator@PAUPRT_BUFF@@@1@@Z 10061fd0 f i DiagPackage.obj
 0002:0001c050       ?allocate@?$allocator@PAUPRT_BUFF@@@std@@QAEPAPAUPRT_BUFF@@I@Z 10062050 f i DiagPackage.obj
 0002:0001c0b0       ?destroy@?$allocator@PAUPRT_BUFF@@@std@@QAEXPAPAUPRT_BUFF@@@Z 100620b0 f i DiagPackage.obj
 0002:0001c110       ??0?$_Deque_iterator@PAUPRT_BUFF@@V?$allocator@PAUPRT_BUFF@@@std@@$0A@@std@@QAE@IPBV_Container_base_aux@1@@Z 10062110 f i DiagPackage.obj
 0002:0001c170       ??D?$_Deque_iterator@PAUPRT_BUFF@@V?$allocator@PAUPRT_BUFF@@@std@@$0A@@std@@QBEAAPAUPRT_BUFF@@XZ 10062170 f i DiagPackage.obj
 0002:0001c1c0       ??H?$_Deque_iterator@PAUPRT_BUFF@@V?$allocator@PAUPRT_BUFF@@@std@@$0A@@std@@QBE?AV01@H@Z 100621c0 f i DiagPackage.obj
 0002:0001c270       ??G?$_Deque_iterator@PAUPRT_BUFF@@V?$allocator@PAUPRT_BUFF@@@std@@$0A@@std@@QBEHABV?$_Deque_const_iterator@PAUPRT_BUFF@@V?$allocator@PAUPRT_BUFF@@@std@@$0A@@1@@Z 10062270 f i DiagPackage.obj
 0002:0001c2d0       ?max_size@?$deque@PAUPRT_BUFF@@V?$allocator@PAUPRT_BUFF@@@std@@@std@@QBEIXZ 100622d0 f i DiagPackage.obj
 0002:0001c330       ?_Xlen@?$deque@PAUPRT_BUFF@@V?$allocator@PAUPRT_BUFF@@@std@@@std@@KAXXZ 10062330 f i DiagPackage.obj
 0002:0001c410       ??0?$_Deque_map@PAUPRT_BUFF@@V?$allocator@PAUPRT_BUFF@@@std@@@std@@IAE@V?$allocator@PAUPRT_BUFF@@@1@@Z 10062410 f i DiagPackage.obj
 0002:0001c490       ?deallocate@?$allocator@PAUPRT_BUFF@@@std@@QAEXPAPAUPRT_BUFF@@I@Z 10062490 f i DiagPackage.obj
 0002:0001c4f0       ?deallocate@?$allocator@PAPAUPRT_BUFF@@@std@@QAEXPAPAPAUPRT_BUFF@@I@Z 100624f0 f i DiagPackage.obj
 0002:0001c550       ?allocate@?$allocator@PAPAUPRT_BUFF@@@std@@QAEPAPAPAUPRT_BUFF@@I@Z 10062550 f i DiagPackage.obj
 0002:0001c5b0       ?destroy@?$allocator@PAPAUPRT_BUFF@@@std@@QAEXPAPAPAUPRT_BUFF@@@Z 100625b0 f i DiagPackage.obj
 0002:0001c610       ??Y?$_Deque_iterator@PAUPRT_BUFF@@V?$allocator@PAUPRT_BUFF@@@std@@$0A@@std@@QAEAAV01@H@Z 10062610 f i DiagPackage.obj
 0002:0001c670       ??0?$_Deque_const_iterator@PAUPRT_BUFF@@V?$allocator@PAUPRT_BUFF@@@std@@$0A@@std@@QAE@IPBV_Container_base_aux@1@@Z 10062670 f i DiagPackage.obj
 0002:0001c6e0       ?_Set_container@_Iterator_base_aux@std@@QAEXQBV_Container_base_aux@2@@Z 100626e0 f i DiagPackage.obj
 0002:0001c730       ??D?$_Deque_const_iterator@PAUPRT_BUFF@@V?$allocator@PAUPRT_BUFF@@@std@@$0A@@std@@QBEABQAUPRT_BUFF@@XZ 10062730 f i DiagPackage.obj
 0002:0001c7e0       ?_Getmycont@_Iterator_base_aux@std@@QBEPBV_Container_base_aux@2@XZ 100627e0 f i DiagPackage.obj
 0002:0001c860       ?_Getcont@_Aux_cont@std@@QBEPBV_Container_base_aux@2@XZ 10062860 f i DiagPackage.obj
 0002:0001c8a0       ??G?$_Deque_const_iterator@PAUPRT_BUFF@@V?$allocator@PAUPRT_BUFF@@@std@@$0A@@std@@QBEHABV01@@Z 100628a0 f i DiagPackage.obj
 0002:0001c930       ??0?$_Ranit@PAUPRT_BUFF@@HPBQAU1@ABQAU1@@std@@QAE@XZ 10062930 f i DiagPackage.obj
 0002:0001c990       ??0?$_Iterator_with_base@Urandom_access_iterator_tag@std@@PAUPRT_BUFF@@HPBQAU3@ABQAU3@V_Iterator_base_aux@2@@std@@QAE@XZ 10062990 f i DiagPackage.obj
 0002:0001c9f0       ??Y?$_Deque_const_iterator@PAUPRT_BUFF@@V?$allocator@PAUPRT_BUFF@@@std@@$0A@@std@@QAEAAV01@H@Z 100629f0 f i DiagPackage.obj
 0002:0001ca40       ??$copy_backward@V?$_Deque_iterator@PAUPRT_BUFF@@V?$allocator@PAUPRT_BUFF@@@std@@$0A@@std@@V12@@std@@YA?AV?$_Deque_iterator@PAUPRT_BUFF@@V?$allocator@PAUPRT_BUFF@@@std@@$0A@@0@V10@00@Z 10062a40 f i DiagPackage.obj
 0002:0001cb10       ??$copy@V?$_Deque_iterator@PAUPRT_BUFF@@V?$allocator@PAUPRT_BUFF@@@std@@$0A@@std@@V12@@std@@YA?AV?$_Deque_iterator@PAUPRT_BUFF@@V?$allocator@PAUPRT_BUFF@@@std@@$0A@@0@V10@00@Z 10062b10 f i DiagPackage.obj
 0002:0001cbe0       ??$unchecked_uninitialized_copy@PAPAPAUPRT_BUFF@@PAPAPAU1@V?$allocator@PAPAUPRT_BUFF@@@std@@@stdext@@YAPAPAPAUPRT_BUFF@@PAPAPAU1@00AAV?$allocator@PAPAUPRT_BUFF@@@std@@@Z 10062be0 f i DiagPackage.obj
 0002:0001cc80       ??$unchecked_uninitialized_fill_n@PAPAPAUPRT_BUFF@@IPAPAU1@V?$allocator@PAPAUPRT_BUFF@@@std@@@stdext@@YAXPAPAPAUPRT_BUFF@@IABQAPAU1@AAV?$allocator@PAPAUPRT_BUFF@@@std@@@Z 10062c80 f i DiagPackage.obj
 0002:0001cd20       ??$_Destroy_range@V?$allocator@PAPAUPRT_BUFF@@@std@@@std@@YAXPAPAPAUPRT_BUFF@@0AAV?$allocator@PAPAUPRT_BUFF@@@0@@Z 10062d20 f i DiagPackage.obj
 0002:0001cda0       ??$_Allocate@PAUPRT_BUFF@@@std@@YAPAPAUPRT_BUFF@@IPAPAU1@@Z 10062da0 f i DiagPackage.obj
 0002:0001ce40       ??$_Destroy@PAUPRT_BUFF@@@std@@YAXPAPAUPRT_BUFF@@@Z 10062e40 f i DiagPackage.obj
 0002:0001ce70       ??$?0PAUPRT_BUFF@@@?$allocator@PAPAUPRT_BUFF@@@std@@QAE@ABV?$allocator@PAUPRT_BUFF@@@1@@Z 10062e70 f i DiagPackage.obj
 0002:0001ceb0       ??$_Allocate@PAPAUPRT_BUFF@@@std@@YAPAPAPAUPRT_BUFF@@IPAPAPAU1@@Z 10062eb0 f i DiagPackage.obj
 0002:0001cf50       ??$_Destroy@PAPAUPRT_BUFF@@@std@@YAXPAPAPAUPRT_BUFF@@@Z 10062f50 f i DiagPackage.obj
 0002:0001cf80       ??$_Iter_random@V?$_Deque_iterator@PAUPRT_BUFF@@V?$allocator@PAUPRT_BUFF@@@std@@$0A@@std@@V12@@std@@YA?AUrandom_access_iterator_tag@0@ABV?$_Deque_iterator@PAUPRT_BUFF@@V?$allocator@PAUPRT_BUFF@@@std@@$0A@@0@0@Z 10062f80 f i DiagPackage.obj
 0002:0001cff0       ??$_Ptr_cat@V?$_Deque_iterator@PAUPRT_BUFF@@V?$allocator@PAUPRT_BUFF@@@std@@$0A@@std@@V12@@std@@YA?AU_Nonscalar_ptr_iterator_tag@0@AAV?$_Deque_iterator@PAUPRT_BUFF@@V?$allocator@PAUPRT_BUFF@@@std@@$0A@@0@0@Z 10062ff0 f i DiagPackage.obj
 0002:0001d060       ??$_Copy_backward_opt@V?$_Deque_iterator@PAUPRT_BUFF@@V?$allocator@PAUPRT_BUFF@@@std@@$0A@@std@@V12@Urandom_access_iterator_tag@2@@std@@YA?AV?$_Deque_iterator@PAUPRT_BUFF@@V?$allocator@PAUPRT_BUFF@@@std@@$0A@@0@V10@00Urandom_access_iterator_tag@0@U_Nonscalar_ptr_iterator_tag@0@U_Range_checked_iterator_tag@0@@Z 10063060 f i DiagPackage.obj
 0002:0001d100       ??$_Copy_opt@V?$_Deque_iterator@PAUPRT_BUFF@@V?$allocator@PAUPRT_BUFF@@@std@@$0A@@std@@V12@Urandom_access_iterator_tag@2@@std@@YA?AV?$_Deque_iterator@PAUPRT_BUFF@@V?$allocator@PAUPRT_BUFF@@@std@@$0A@@0@V10@00Urandom_access_iterator_tag@0@U_Nonscalar_ptr_iterator_tag@0@U_Range_checked_iterator_tag@0@@Z 10063100 f i DiagPackage.obj
 0002:0001d1a0       ??$_Ptr_cat@PAPAPAUPRT_BUFF@@PAPAPAU1@@std@@YA?AU_Scalar_ptr_iterator_tag@0@AAPAPAPAUPRT_BUFF@@0@Z 100631a0 f i DiagPackage.obj
 0002:0001d210       ??$_Uninit_copy@PAPAPAUPRT_BUFF@@PAPAPAU1@V?$allocator@PAPAUPRT_BUFF@@@std@@@std@@YAPAPAPAUPRT_BUFF@@PAPAPAU1@00AAV?$allocator@PAPAUPRT_BUFF@@@0@U_Scalar_ptr_iterator_tag@0@U_Range_checked_iterator_tag@0@@Z 10063210 f i DiagPackage.obj
 0002:0001d2a0       ??$_Uninit_fill_n@PAPAPAUPRT_BUFF@@IPAPAU1@V?$allocator@PAPAUPRT_BUFF@@@std@@@std@@YAXPAPAPAUPRT_BUFF@@IABQAPAU1@AAV?$allocator@PAPAUPRT_BUFF@@@0@U_Scalar_ptr_iterator_tag@0@U_Range_checked_iterator_tag@0@@Z 100632a0 f i DiagPackage.obj
 0002:0001d300       ??$_Destroy_range@V?$allocator@PAPAUPRT_BUFF@@@std@@@std@@YAXPAPAPAUPRT_BUFF@@0AAV?$allocator@PAPAUPRT_BUFF@@@0@U_Scalar_ptr_iterator_tag@0@@Z 10063300 f i DiagPackage.obj
 0002:0001d330       ??E?$_Deque_iterator@PAUPRT_BUFF@@V?$allocator@PAUPRT_BUFF@@@std@@$0A@@std@@QAEAAV01@XZ 10063330 f i DiagPackage.obj
 0002:0001d390       ??F?$_Deque_iterator@PAUPRT_BUFF@@V?$allocator@PAUPRT_BUFF@@@std@@$0A@@std@@QAEAAV01@XZ 10063390 f i DiagPackage.obj
 0002:0001d3f0       ??9?$_Deque_const_iterator@PAUPRT_BUFF@@V?$allocator@PAUPRT_BUFF@@@std@@$0A@@std@@QBE_NABV01@@Z 100633f0 f i DiagPackage.obj
 0002:0001d460       ??E?$_Deque_const_iterator@PAUPRT_BUFF@@V?$allocator@PAUPRT_BUFF@@@std@@$0A@@std@@QAEAAV01@XZ 10063460 f i DiagPackage.obj
 0002:0001d4b0       ??F?$_Deque_const_iterator@PAUPRT_BUFF@@V?$allocator@PAUPRT_BUFF@@@std@@$0A@@std@@QAEAAV01@XZ 100634b0 f i DiagPackage.obj
 0002:0001d500       ??8?$_Deque_const_iterator@PAUPRT_BUFF@@V?$allocator@PAUPRT_BUFF@@@std@@$0A@@std@@QBE_NABV01@@Z 10063500 f i DiagPackage.obj
 0002:0001d5a0       ?_Same_container@_Iterator_base_aux@std@@QBE_NABV12@@Z 100635a0 f i DiagPackage.obj
 0002:0001d5f0       ??$unchecked_fill_n@PAPAPAUPRT_BUFF@@IPAPAU1@@stdext@@YAXPAPAPAUPRT_BUFF@@IABQAPAU1@@Z 100635f0 f i DiagPackage.obj
 0002:0001d680       ??$_Iter_cat@PAPAPAUPRT_BUFF@@@std@@YA?AUrandom_access_iterator_tag@0@ABQAPAPAUPRT_BUFF@@@Z 10063680 f i DiagPackage.obj
 0002:0001d6f0       ??$_Fill_n@PAPAPAUPRT_BUFF@@IPAPAU1@Urandom_access_iterator_tag@std@@@std@@YAXPAPAPAUPRT_BUFF@@IABQAPAU1@Urandom_access_iterator_tag@0@U_Range_checked_iterator_tag@0@@Z 100636f0 f i DiagPackage.obj
 0002:0001d760       ??$_Fill_n@PAPAPAUPRT_BUFF@@IPAPAU1@@std@@YAXPAPAPAUPRT_BUFF@@IABQAPAU1@U_Range_checked_iterator_tag@0@@Z 10063760 f i DiagPackage.obj
 0002:0001d7c0       _dlmalloc                  100637c0 f   dlmalloc.obj
 0002:00021640       _dlfree                    10067640 f   dlmalloc.obj
 0002:00023410       _dlcalloc                  10069410 f   dlmalloc.obj
 0002:000234e0       _dlrealloc                 100694e0 f   dlmalloc.obj
 0002:00023b00       _dlmemalign                10069b00 f   dlmalloc.obj
 0002:00023f80       _dlindependent_calloc      10069f80 f   dlmalloc.obj
 0002:00024430       _dlindependent_comalloc    1006a430 f   dlmalloc.obj
 0002:00024490       _dlvalloc                  1006a490 f   dlmalloc.obj
 0002:00024500       _dlpvalloc                 1006a500 f   dlmalloc.obj
 0002:00024590       _dlmalloc_trim             1006a590 f   dlmalloc.obj
 0002:00024660       _dlmalloc_footprint        1006a660 f   dlmalloc.obj
 0002:000246a0       _dlmalloc_max_footprint    1006a6a0 f   dlmalloc.obj
 0002:000246e0       _dlmallinfo                1006a6e0 f   dlmalloc.obj
 0002:00024a90       _dlmalloc_stats            1006aa90 f   dlmalloc.obj
 0002:00024da0       _dlmallopt                 1006ada0 f   dlmalloc.obj
 0002:00024f10       _dlmalloc_usable_size      1006af10 f   dlmalloc.obj
 0002:00024f90       ??0CSmpChannel@@QAE@XZ     1006af90 f   SmpChannel.obj
 0002:000250b0       ??_ECSmpChannel@@UAEPAXI@Z 1006b0b0 f i SmpChannel.obj
 0002:000250b0       ??_GCSmpChannel@@UAEPAXI@Z 1006b0b0 f i SmpChannel.obj
 0002:00025120       ??1CSmpChannel@@UAE@XZ     1006b120 f   SmpChannel.obj
 0002:000251e0       ?Read@CSmpChannel@@UAEKPAXKKK@Z 1006b1e0 f   SmpChannel.obj
 0002:00025220       ?Write@CSmpChannel@@UAEKPAXKK@Z 1006b220 f   SmpChannel.obj
 0002:00025260       ??0CSmpPackage@@QAE@XZ     1006b260 f   SmpPackage.obj
 0002:000252f0       ??_ECSmpPackage@@UAEPAXI@Z 1006b2f0 f i SmpPackage.obj
 0002:000252f0       ??_GCSmpPackage@@UAEPAXI@Z 1006b2f0 f i SmpPackage.obj
 0002:00025360       ??1CSmpPackage@@UAE@XZ     1006b360 f   SmpPackage.obj
 0002:000253c0       ?GetSMPDataStatus@CSmpPackage@@IAE?AW4Diag_Pkg_Status@@PAEH@Z 1006b3c0 f   SmpPackage.obj
 0002:000254e0       ?Append@CSmpPackage@@UAEIPAXI@Z 1006b4e0 f   SmpPackage.obj
 0002:00025de0       ?Package@CSmpPackage@@UAEIPAXHPAPAXPAH@Z 1006bde0 f   SmpPackage.obj
 0002:00025f90       ?CheckHeader@CSmpPackage@@MAE_NPAUSMP_HEADER@@@Z 1006bf90 f   SmpPackage.obj
 0002:00026000       ?SetProperty@CSmpPackage@@UAE_NJIPBX@Z 1006c000 f   SmpPackage.obj
 0002:00026060       ?CheckLength@CSmpPackage@@MAE_NXZ 1006c060 f   SmpPackage.obj
 0002:00026190       ?AddToPackageList@CSmpPackage@@MAEXXZ 1006c190 f   SmpPackage.obj
 0002:00026270       ??$search@PAEPAE@std@@YAPAEPAE000@Z 1006c270 f i SmpPackage.obj
 0002:00026300       ??$_Dist_type@PAE@std@@YAPAHPAE@Z 1006c300 f i SmpPackage.obj
 0002:00026330       ??$_Search@PAEPAEHH@std@@YAPAEPAE000PAH1@Z 1006c330 f i SmpPackage.obj
 0002:00026490       ??$_Distance@PAEH@std@@YAXPAE0AAH@Z 1006c490 f i SmpPackage.obj
 0002:00026510       ??$_Iter_cat@PAE@std@@YA?AUrandom_access_iterator_tag@0@ABQAE@Z 1006c510 f i SmpPackage.obj
 0002:00026580       ??$_Distance2@PAEH@std@@YAXPAE0AAHUrandom_access_iterator_tag@0@@Z 1006c580 f i SmpPackage.obj
 0002:000265d0       ??0CSpLog@@QAE@XZ          1006c5d0 f   SpLog.obj
 0002:00026a00       ??1ISpLog@@UAE@XZ          1006ca00 f i SpLog.obj
 0002:00026a40       ??_EISpLog@@UAEPAXI@Z      1006ca40 f i SpLog.obj
 0002:00026a40       ??_GISpLog@@UAEPAXI@Z      1006ca40 f i SpLog.obj
 0002:00026ab0       ?Release@CSpLog@@UAEXXZ    1006cab0 f i SpLog.obj
 0002:00026b60       ??_ECSpLog@@UAEPAXI@Z      1006cb60 f i SpLog.obj
 0002:00026b60       ??_GCSpLog@@UAEPAXI@Z      1006cb60 f i SpLog.obj
 0002:00026bd0       ??0ISpLog@@QAE@XZ          1006cbd0 f i SpLog.obj
 0002:00026c20       ??1CSpLog@@UAE@XZ          1006cc20 f   SpLog.obj
 0002:00026ca0       ?Open@CSpLog@@UAEHPB_WIII@Z 1006cca0 f   SpLog.obj
 0002:00027010       ?Close@CSpLog@@UAEHXZ      1006d010 f   SpLog.obj
 0002:000271b0       ?SetProperty@CSpLog@@UAEHJJPBX@Z 1006d1b0 f   SpLog.obj
 0002:00027740       ?GetProperty@CSpLog@@UAEHJJPAX@Z 1006d740 f   SpLog.obj
 0002:00027ac0       ?WriteLog@CSpLog@@IAEHAAPAXPB_WAAIPBXK@Z 1006dac0 f   SpLog.obj
 0002:00027d30       ?Lock@CSpLog@@IAEXXZ       1006dd30 f i SpLog.obj
 0002:00027da0       ?UnLock@CSpLog@@IAEXXZ     1006dda0 f i SpLog.obj
 0002:00027e10       ?LogString@CSpLog@@IAEHPBD@Z 1006de10 f   SpLog.obj
 0002:00027ff0       ?GetLocalTime@CSpLog@@IBEPBDXZ 1006dff0 f i SpLog.obj
 0002:000280e0       ?WriteConsoleWindow@CSpLog@@IAEXPBXK@Z 1006e0e0 f   SpLog.obj
 0002:000281d0       ?LogHexData@CSpLog@@UAEHPBEKI@Z 1006e1d0 f   SpLog.obj
 0002:000282a0       ?LogRawStrA@CSpLog@@UAEHIPBD@Z 1006e2a0 f   SpLog.obj
 0002:00028360       ?LogRawStrW@CSpLog@@UAEHIPB_W@Z 1006e360 f   SpLog.obj
 0002:000284d0       ?LogFmtStrA@CSpLog@@UAAHIPBDZZ 1006e4d0 f   SpLog.obj
 0002:00028650       ?LogFmtStrW@CSpLog@@UAAHIPB_WZZ 1006e650 f   SpLog.obj
 0002:00028850       ?LogBufData@CSpLog@@UAEHIPBEKIPBK@Z 1006e850 f   SpLog.obj
 0002:00029070       ?AllocConsoleWindow@CSpLog@@IAEXXZ 1006f070 f   SpLog.obj
 0002:00029290       ?CreateMultiDirectory@CSpLog@@IAEHPB_W@Z 1006f290 f   SpLog.obj
 0002:00029540       ?GetLogExtension@CSpLog@@IAEXPB_WPA_WH@Z 1006f540 f   SpLog.obj
 0002:00029760       ?GetLogFilePath@CSpLog@@IAEXPB_WPA_WH@Z 1006f760 f   SpLog.obj
 0002:00029bf0       ?GetBinFilePath@CSpLog@@IAEXPB_WPA_WH@Z 1006fbf0 f   SpLog.obj
 0002:00029e30       ?GetNextPartLog@CSpLog@@IAEXPB_WPA_WI@Z 1006fe30 f   SpLog.obj
 0002:0002a030       ?OpenFile@CSpLog@@IAEPAXPB_W@Z 10070030 f   SpLog.obj
 0002:0002a110       ??0CFnLog@@QAA@PAVISpLog@@PBD1ZZ 10070110 f   SpLog.obj
 0002:0002a320       ??_GCFnLog@@UAEPAXI@Z      10070320 f i SpLog.obj
 0002:0002a320       ??_ECFnLog@@UAEPAXI@Z      10070320 f i SpLog.obj
 0002:0002a390       ??0CFnLog@@QAA@PAVISpLog@@PB_W1ZZ 10070390 f   SpLog.obj
 0002:0002a630       ??1CFnLog@@UAE@XZ          10070630 f   SpLog.obj
 0002:0002a6e0       ?GetCurrentModule@@YAPAUHINSTANCE__@@XZ 100706e0 f   StdAfx.obj
 0002:0002a720       ?GetModuleFilePath@@YAXPAUHINSTANCE__@@PA_W@Z 10070720 f   StdAfx.obj
 0002:0002a88c       _CreateEventW@16           1007088c f   kernel32:KERNEL32.dll
 0002:0002a892       _InitializeCriticalSectionAndSpinCount@8 10070892 f   kernel32:KERNEL32.dll
 0002:0002a898       _InitializeCriticalSection@4 10070898 f   kernel32:KERNEL32.dll
 0002:0002a89e       _SetEvent@4                1007089e f   kernel32:KERNEL32.dll
 0002:0002a8a4       _CloseHandle@4             100708a4 f   kernel32:KERNEL32.dll
 0002:0002a8aa       _DeleteCriticalSection@4   100708aa f   kernel32:KERNEL32.dll
 0002:0002a8b0       _GetTickCount@0            100708b0 f   kernel32:KERNEL32.dll
 0002:0002a8b6       _WaitForSingleObject@8     100708b6 f   kernel32:KERNEL32.dll
 0002:0002a8bc       _ResetEvent@4              100708bc f   kernel32:KERNEL32.dll
 0002:0002a8c2       _Sleep@4                   100708c2 f   kernel32:KERNEL32.dll
 0002:0002a8c8       _InterlockedIncrement@4    100708c8 f   kernel32:KERNEL32.dll
 0002:0002a8ce       _InterlockedDecrement@4    100708ce f   kernel32:KERNEL32.dll
 0002:0002a8d4       _LeaveCriticalSection@4    100708d4 f   kernel32:KERNEL32.dll
 0002:0002a8da       _EnterCriticalSection@4    100708da f   kernel32:KERNEL32.dll
 0002:0002a8e0       _GetPrivateProfileIntW@16  100708e0 f   kernel32:KERNEL32.dll
 0002:0002a8e6       _GetProcAddress@8          100708e6 f   kernel32:KERNEL32.dll
 0002:0002a8ec       _LoadLibraryW@4            100708ec f   kernel32:KERNEL32.dll
 0002:0002a8f2       _FreeLibrary@4             100708f2 f   kernel32:KERNEL32.dll
 0002:0002a8f8       _GetModuleFileNameW@12     100708f8 f   kernel32:KERNEL32.dll
 0002:0002a8fe       _SleepEx@8                 100708fe f   kernel32:KERNEL32.dll
 0002:0002a904       _GetCurrentThreadId@0      10070904 f   kernel32:KERNEL32.dll
 0002:0002a90a       _GetSystemInfo@4           1007090a f   kernel32:KERNEL32.dll
 0002:0002a910       _VirtualAlloc@16           10070910 f   kernel32:KERNEL32.dll
 0002:0002a916       _VirtualFree@12            10070916 f   kernel32:KERNEL32.dll
 0002:0002a91c       _VirtualQuery@12           1007091c f   kernel32:KERNEL32.dll
 0002:0002a922       _FreeConsole@0             10070922 f   kernel32:KERNEL32.dll
 0002:0002a928       _FlushFileBuffers@4        10070928 f   kernel32:KERNEL32.dll
 0002:0002a92e       _GetConsoleWindow@0        1007092e f   kernel32:KERNEL32.dll
 0002:0002a934       _GetTempPathW@8            10070934 f   kernel32:KERNEL32.dll
 0002:0002a93a       _IsBadWritePtr@8           1007093a f   kernel32:KERNEL32.dll
 0002:0002a940       _WriteFile@20              10070940 f   kernel32:KERNEL32.dll
 0002:0002a946       _GetFileSize@8             10070946 f   kernel32:KERNEL32.dll
 0002:0002a94c       _lstrlenA@4                1007094c f   kernel32:KERNEL32.dll
 0002:0002a952       _GetLocalTime@4            10070952 f   kernel32:KERNEL32.dll
 0002:0002a958       _WriteConsoleW@20          10070958 f   kernel32:KERNEL32.dll
 0002:0002a95e       _WideCharToMultiByte@32    1007095e f   kernel32:KERNEL32.dll
 0002:0002a964       _lstrcatA@8                10070964 f   kernel32:KERNEL32.dll
 0002:0002a96a       _SetConsoleTitleW@4        1007096a f   kernel32:KERNEL32.dll
 0002:0002a970       _SetConsoleWindowInfo@12   10070970 f   kernel32:KERNEL32.dll
 0002:0002a976       _SetConsoleScreenBufferSize@8 10070976 f   kernel32:KERNEL32.dll
 0002:0002a97c       _GetStdHandle@4            1007097c f   kernel32:KERNEL32.dll
 0002:0002a982       _AllocConsole@0            10070982 f   kernel32:KERNEL32.dll
 0002:0002a988       _GetLastError@0            10070988 f   kernel32:KERNEL32.dll
 0002:0002a98e       _CreateDirectoryW@8        1007098e f   kernel32:KERNEL32.dll
 0002:0002a994       _GetFileAttributesW@4      10070994 f   kernel32:KERNEL32.dll
 0002:0002a99a       _lstrlenW@4                1007099a f   kernel32:KERNEL32.dll
 0002:0002a9a0       _SetFilePointer@16         100709a0 f   kernel32:KERNEL32.dll
 0002:0002a9a6       _CreateFileW@28            100709a6 f   kernel32:KERNEL32.dll
 0002:0002a9ac       _GetMessageW@16            100709ac f   user32:USER32.dll
 0002:0002a9b2       _PostThreadMessageW@16     100709b2 f   user32:USER32.dll
 0002:0002a9b8       _ShowWindow@8              100709b8 f   user32:USER32.dll
 0002:0002a9be       _EnableMenuItem@12         100709be f   user32:USER32.dll
 0002:0002a9c4       _GetSystemMenu@8           100709c4 f   user32:USER32.dll
 0002:0002a9d0       ?_Xlen@_String_base@std@@SAXXZ 100709d0 f   libcpmtd:string.obj
 0002:0002aa60       ?_Xran@_String_base@std@@SAXXZ 10070a60 f   libcpmtd:string.obj
 0002:0002aaf0       ??0out_of_range@std@@QAE@ABV?$basic_string@DU?$char_traits@D@std@@V?$allocator@D@2@@1@@Z 10070af0 f i libcpmtd:string.obj
 0002:0002ab20       ??1out_of_range@std@@UAE@XZ 10070b20 f i libcpmtd:string.obj
 0002:0002ab50       ??_Eout_of_range@std@@UAEPAXI@Z 10070b50 f i libcpmtd:string.obj
 0002:0002ab50       ??_Gout_of_range@std@@UAEPAXI@Z 10070b50 f i libcpmtd:string.obj
 0002:0002ab90       ??0out_of_range@std@@QAE@ABV01@@Z 10070b90 f i libcpmtd:string.obj
 0002:0002abc0       ?_Xinvarg@_String_base@std@@SAXXZ 10070bc0 f   libcpmtd:string.obj
 0002:0002ac50       ??0invalid_argument@std@@QAE@ABV?$basic_string@DU?$char_traits@D@std@@V?$allocator@D@2@@1@@Z 10070c50 f i libcpmtd:string.obj
 0002:0002ac80       ??1invalid_argument@std@@UAE@XZ 10070c80 f i libcpmtd:string.obj
 0002:0002acb0       ??_Einvalid_argument@std@@UAEPAXI@Z 10070cb0 f i libcpmtd:string.obj
 0002:0002acb0       ??_Ginvalid_argument@std@@UAEPAXI@Z 10070cb0 f i libcpmtd:string.obj
 0002:0002acf0       ??0invalid_argument@std@@QAE@ABV01@@Z 10070cf0 f i libcpmtd:string.obj
 0002:0002ad20       ?allocate@?$_DebugHeapAllocator@D@std@@QAAPADIPBX@Z 10070d20 f i libcpmtd:string.obj
 0002:0002ada0       ?allocate@?$_DebugHeapAllocator@D@std@@QAEPADI@Z 10070da0 f i libcpmtd:string.obj
 0002:0002ae20       ?deallocate@?$_DebugHeapAllocator@D@std@@QAEXPADI@Z 10070e20 f i libcpmtd:string.obj
 0002:0002ae50       ??1?$_String_val@DV?$allocator@D@std@@@std@@QAE@XZ 10070e50 f i libcpmtd:string.obj
 0002:0002ae70       ??0?$_DebugHeapAllocator@D@std@@QAE@XZ 10070e70 f i libcpmtd:string.obj
 0002:0002ae90       ??1_String_base@std@@QAE@XZ 10070e90 f i libcpmtd:string.obj
 0002:0002aeb0       ??1_Container_base_secure@std@@QAE@XZ 10070eb0 f i libcpmtd:string.obj
 0002:0002aed0       ?_Orphan_all@_Container_base_secure@std@@QBEXXZ 10070ed0 f i libcpmtd:string.obj
 0002:0002af50       ??0?$_DebugHeapAllocator@D@std@@QAE@ABV01@@Z 10070f50 f i libcpmtd:string.obj
 0002:0002af80       ??$_Debug_pointer@D@std@@YAXPBDPB_WI@Z 10070f80 f i libcpmtd:string.obj
 0002:0002afb0       ??$_DebugHeapDelete@X@std@@YAXPAX@Z 10070fb0 f i libcpmtd:string.obj
 0002:0002afd0       ??2@YAPAXIABU_DebugHeapTag_t@std@@PADH@Z 10070fd0 f   libcpmtd:xdebug.obj
 0002:0002b070       ??0bad_alloc@std@@QAE@XZ   10071070 f i libcpmtd:xdebug.obj
 0002:0002b0b0       ??_U@YAPAXIABU_DebugHeapTag_t@std@@PADH@Z 100710b0 f   libcpmtd:xdebug.obj
 0002:0002b0e0       ??3@YAXPAXABU_DebugHeapTag_t@std@@PADH@Z 100710e0 f   libcpmtd:xdebug.obj
 0002:0002b100       ??_V@YAXPAXABU_DebugHeapTag_t@std@@PADH@Z 10071100 f   libcpmtd:xdebug.obj
 0002:0002b130       ?_DebugHeapTag_func@std@@YAABU_DebugHeapTag_t@1@XZ 10071130 f   libcpmtd:xdebug.obj
 0002:0002b140       ??0_Init_locks@std@@QAE@XZ 10071140 f   libcpmtd:xlock.obj
 0002:0002b1b0       ??1_Init_locks@std@@QAE@XZ 100711b0 f   libcpmtd:xlock.obj
 0002:0002b210       ?_Init_locks_ctor@_Init_locks@std@@CAXPAV12@@Z 10071210 f   libcpmtd:xlock.obj
 0002:0002b270       ?_Init_locks_dtor@_Init_locks@std@@CAXPAV12@@Z 10071270 f   libcpmtd:xlock.obj
 0002:0002b2d0       ??0_Lockit@std@@QAE@XZ     100712d0 f   libcpmtd:xlock.obj
 0002:0002b300       ??0_Lockit@std@@QAE@H@Z    10071300 f   libcpmtd:xlock.obj
 0002:0002b350       ??1_Lockit@std@@QAE@XZ     10071350 f   libcpmtd:xlock.obj
 0002:0002b390       ?_Lockit_ctor@_Lockit@std@@CAXPAV12@@Z 10071390 f   libcpmtd:xlock.obj
 0002:0002b3b0       ?_Lockit_ctor@_Lockit@std@@CAXPAV12@H@Z 100713b0 f   libcpmtd:xlock.obj
 0002:0002b3f0       ?_Lockit_dtor@_Lockit@std@@CAXPAV12@@Z 100713f0 f   libcpmtd:xlock.obj
 0002:0002b420       ?_Lockit_ctor@_Lockit@std@@SAXH@Z 10071420 f   libcpmtd:xlock.obj
 0002:0002b450       ?_Lockit_dtor@_Lockit@std@@SAXH@Z 10071450 f   libcpmtd:xlock.obj
 0002:0002b480       ?_Debug_message@std@@YAXPBD0@Z 10071480 f   libcpmtd:stdthrow.obj
 0002:0002b510       ?_Debug_message@std@@YAXPB_W0I@Z 10071510 f   libcpmtd:stdthrow.obj
 0002:0002b540       ?_Debug_message@std@@YAXPBG0I@Z 10071540 f   libcpmtd:stdthrow.obj
 0002:0002b570       ?_Throw@std@@YAXABVexception@stdext@@@Z 10071570 f   libcpmtd:stdthrow.obj
 0002:0002b5a0       __Once                     100715a0 f   libcpmtd:xmtx.obj
 0002:0002b610       __Mtxinit                  10071610 f   libcpmtd:xmtx.obj
 0002:0002b630       __Mtxdst                   10071630 f   libcpmtd:xmtx.obj
 0002:0002b650       __Mtxlock                  10071650 f   libcpmtd:xmtx.obj
 0002:0002b670       __Mtxunlock                10071670 f   libcpmtd:xmtx.obj
 0002:0002b690       __RTC_InitBase             10071690 f   LIBCMTD:_init_.obj
 0002:0002b6d0       __RTC_Shutdown             100716d0 f   LIBCMTD:_init_.obj
 0002:0002b6f0       ?name@type_info@@QBEPBDPAU__type_info_node@@@Z 100716f0 f   LIBCMTD:typinfo.obj
 0002:0002b720       ??1type_info@@UAE@XZ       10071720 f   LIBCMTD:typinfo.obj
 0002:0002b750       ??_Gtype_info@@UAEPAXI@Z   10071750 f i LIBCMTD:typinfo.obj
[...]
 0004:00001694       ___lc_time_curr            100f3694     LIBCMTD:strftime.obj
 0004:00001698       ___lconv_static_decimal    100f3698     LIBCMTD:lconv.obj
 0004:0000169c       ___lconv_c                 100f369c     LIBCMTD:lconv.obj
 0004:000016cc       ___lconv                   100f36cc     LIBCMTD:lconv.obj
 0004:000016dc       ___mb_cur_max              100f36dc     LIBCMTD:nlsdata1.obj
 0004:000016e0       ___decimal_point           100f36e0     LIBCMTD:nlsdata1.obj
 0004:000016e4       ___decimal_point_length    100f36e4     LIBCMTD:nlsdata1.obj
 0004:000016f8       __timezone                 100f36f8     LIBCMTD:timeset.obj
 0004:000016fc       __daylight                 100f36fc     LIBCMTD:timeset.obj
 0004:00001700       __dstbias                  100f3700     LIBCMTD:timeset.obj
 0004:00001788       __tzname                   100f3788     LIBCMTD:timeset.obj
 0004:000017cc       __coninpfh                 100f37cc     LIBCMTD:initcon.obj
 0004:000017d0       __confh                    100f37d0     LIBCMTD:initcon.obj
 0004:000017d8       __lpdays                   100f37d8     LIBCMTD:days.obj
 0004:0000180c       __days                     100f380c     LIBCMTD:days.obj
 0004:000019c0       ?g_pfReleaseChannel@@3P6AXPAVICommChannel@@@ZA 100f39c0     DiagChan.obj
 0004:000019c4       ?g_pfCreateChannel@@3P6AHPAPAVICommChannel@@W4CHANNEL_TYPE@@@ZA 100f39c4     DiagChan.obj
 0004:000019c8       ?ghModule@@3PAXA           100f39c8     DiagChan.obj
 0004:000019cc       ?ghChannelLib@@3PAUHINSTANCE__@@A 100f39cc     DiagChan.obj
 0004:00001ce4       __cflush                   100f3ce4     LIBCMTD:_file.obj
 0004:00001cec       __aenvptr                  100f3cec     LIBCMTD:dllcrt0.obj
 0004:00001cf0       __wenvptr                  100f3cf0     LIBCMTD:dllcrt0.obj
 0004:00001cf4       ___error_mode              100f3cf4     LIBCMTD:dllcrt0.obj
 0004:00001cf8       ___app_type                100f3cf8     LIBCMTD:dllcrt0.obj
 0004:00001d14       ?_pfnDumpClient@@3P6AXPAXI@ZA 100f3d14     LIBCMTD:dbgheap.obj
 0004:00001d1c       ___crtDebugCheckCount      100f3d1c     LIBCMTD:dbgheap.obj
 0004:000020fc       _gpFlsAlloc                100f40fc     LIBCMTD:tidtable.obj
 0004:00002100       _gpFlsGetValue             100f4100     LIBCMTD:tidtable.obj
 0004:00002104       _gpFlsSetValue             100f4104     LIBCMTD:tidtable.obj
 0004:00002108       _gpFlsFree                 100f4108     LIBCMTD:tidtable.obj
 0004:00002118       ___pPurecall               100f4118     LIBCMTD:inithelp.obj
 0004:00002120       ?__pInconsistency@@3P6AXXZA 100f4120     LIBCMTD:hooks.obj
 0004:000024ec       ?wsprintffp@@3P6AHPADPBDZZA 100f44ec     LIBCMTD:_error_.obj
 0004:000026a0       __umaskval                 100f46a0     LIBCMTD:crt0dat.obj
 0004:000026a4       ___argc                    100f46a4     LIBCMTD:crt0dat.obj
 0004:000026a8       ___argv                    100f46a8     LIBCMTD:crt0dat.obj
 0004:000026ac       ___wargv                   100f46ac     LIBCMTD:crt0dat.obj
 0004:000026b0       __environ                  100f46b0     LIBCMTD:crt0dat.obj
 0004:000026b4       ___initenv                 100f46b4     LIBCMTD:crt0dat.obj
 0004:000026b8       __wenviron                 100f46b8     LIBCMTD:crt0dat.obj
 0004:000026bc       ___winitenv                100f46bc     LIBCMTD:crt0dat.obj
 0004:000026c0       __pgmptr                   100f46c0     LIBCMTD:crt0dat.obj
 0004:000026c4       __wpgmptr                  100f46c4     LIBCMTD:crt0dat.obj
 0004:000026c8       __exitflag                 100f46c8     LIBCMTD:crt0dat.obj
 0004:000026cc       __C_Termination_Done       100f46cc     LIBCMTD:crt0dat.obj
 0004:000026d0       __C_Exit_Done              100f46d0     LIBCMTD:crt0dat.obj
 0004:00002714       ___pInvalidArgHandler      100f4714     LIBCMTD:invarg.obj
 0004:00002718       ?_pnhHeap@@3P6AHI@ZA       100f4718     LIBCMTD:handler.obj
 0004:0000271c       __stdbuf                   100f471c     LIBCMTD:_sftbuf.obj
 0004:0000272c       ___mbulinfo                100f472c     LIBCMTD:mbctype.obj
 0004:00002738       ___mbcodepage              100f4738     LIBCMTD:mbctype.obj
 0004:0000273c       ___ismbcodepage            100f473c     LIBCMTD:mbctype.obj
 0004:00002740       ___mblcid                  100f4740     LIBCMTD:mbctype.obj
 0004:0000274c       ___locale_changed          100f474c     LIBCMTD:setlocal.obj
 0004:00002750       ___lc_handle               100f4750     LIBCMTD:nlsdata2.obj
 0004:00002768       ___lc_codepage             100f4768     LIBCMTD:nlsdata2.obj
 0004:0000276c       ___lc_collate_cp           100f476c     LIBCMTD:nlsdata2.obj
 0004:000028b8       __crtheap                  100f48b8     LIBCMTD:heapinit.obj
 0004:000028bc       __newmode                  100f48bc     LIBCMTD:_newmode.obj
 0004:000028cc       ___sbh_pHeaderDefer        100f48cc     LIBCMTD:sbheap.obj
 0004:000028e4       ?pArgList@UnDecorator@@0PAVReplicator@@A 100f48e4     LIBCMTD:undname.obj
 0004:000028e8       ?pZNameList@UnDecorator@@0PAVReplicator@@A 100f48e8     LIBCMTD:undname.obj
 0004:000028ec       ?pTemplateArgList@UnDecorator@@0PAVReplicator@@A 100f48ec     LIBCMTD:undname.obj
 0004:000028f0       ?gName@UnDecorator@@0PBDB  100f48f0     LIBCMTD:undname.obj
 0004:000028f4       ?name@UnDecorator@@0PBDB   100f48f4     LIBCMTD:undname.obj
 0004:000028f8       ?outputString@UnDecorator@@0PADA 100f48f8     LIBCMTD:undname.obj
 0004:000028fc       ?maxStringLength@UnDecorator@@0HA 100f48fc     LIBCMTD:undname.obj
 0004:00002900       ?disableFlags@UnDecorator@@0KA 100f4900     LIBCMTD:undname.obj
 0004:00002904       ?m_pGetParameter@UnDecorator@@0P6APADJ@ZA 100f4904     LIBCMTD:undname.obj
 0004:00002908       ?fExplicitTemplateParams@UnDecorator@@0_NA 100f4908     LIBCMTD:undname.obj
 0004:00002909       ?fGetTemplateArgumentList@UnDecorator@@0_NA 100f4909     LIBCMTD:undname.obj
 0004:00002978       ?nodes@?1??make@DNameStatusNode@@SAPAV2@W4DNameStatus@@@Z@4PAV2@A 100f4978     LIBCMTD:undname.obj
 0004:000029b4       ??_B?1??make@DNameStatusNode@@SAPAV1@W4DNameStatus@@@Z@51 100f49b4     LIBCMTD:undname.obj
 0004:000029e8       __commode                  100f49e8     LIBCMTD:ncommode.obj
 0004:000029f8       ___lconv_static_null       100f49f8     LIBCMTD:lconv.obj
 0004:00002adc       __fmode                    100f4adc     LIBCMTD:txtmode.obj
 0004:00002ae4       __pfnReportHook            100f4ae4     <common>
 0004:00002af4       __pReportHookListW         100f4af4     <common>
 0004:00002af8       __pReportHookList          100f4af8     <common>
 0004:00002afc       ___sbh_initialized         100f4afc     <common>
 0004:00002b10       ___sbh_cntHeaderList       100f4b10     <common>
 0004:00002b14       ___sbh_pHeaderList         100f4b14     <common>
 0004:00002b18       ___sbh_threshold           100f4b18     <common>
 0004:00002b1c       ___sbh_pHeaderScan         100f4b1c     <common>
 0004:00002b20       ___sbh_sizeHeaderList      100f4b20     <common>
 0004:00002b24       ___sbh_indGroupDefer       100f4b24     <common>
 0004:00002b28       __debugger_hook_dummy      100f4b28     <common>
 0004:00002b34       ___active_heap             100f4b34     <common>
 0004:00002b40       ___setlc_active            100f4b40     <common>
 0004:00002b50       ___unguarded_readlc_active 100f4b50     <common>
 0004:00002b54       __nhandle                  100f4b54     <common>
 0004:00002ba0       ___pioinfo                 100f4ba0     <common>
 0004:00002ca0       ___env_initialized         100f4ca0     <common>
 0004:00002cb0       ___onexitend               100f4cb0     <common>
 0004:00002cb4       ___onexitbegin             100f4cb4     <common>
 0004:00002cb8       ___mbctype_initialized     100f4cb8     <common>
 0004:00002cbc       __FPinit                   100f4cbc     <common>
 0004:00002cc0       ___dyn_tls_init_callback   100f4cc0     <common>
 0004:00002cc4       ___sse2_available          100f4cc4     <common>
 0004:00002cd0       __acmdln                   100f4cd0     <common>
 0004:00002cdc       ___piob                    100f4cdc     <common>
 0004:00003020       __bufin                    100f5020     <common>
 0004:00004020       __nstream                  100f6020     <common>
 0004:00004024       __FPmtterm                 100f6024     <common>
 0004:00004034       __FPmtinit                 100f6034     <common>
 0005:00000000       __IMPORT_DESCRIPTOR_KERNEL32 100f7000     kernel32:KERNEL32.dll
 0005:00000014       __IMPORT_DESCRIPTOR_USER32 100f7014     user32:USER32.dll
 0005:00000028       __IMPORT_DESCRIPTOR_SHLWAPI 100f7028     shlwapi:SHLWAPI.dll
 0005:0000003c       __NULL_IMPORT_DESCRIPTOR   100f703c     kernel32:KERNEL32.dll
 0005:00000340       __imp__CreateEventW@16     100f7340     kernel32:KERNEL32.dll
 0005:00000344       __imp__InitializeCriticalSectionAndSpinCount@8 100f7344     kernel32:KERNEL32.dll
 0005:00000348       __imp__InitializeCriticalSection@4 100f7348     kernel32:KERNEL32.dll
 0005:0000034c       __imp__SetEvent@4          100f734c     kernel32:KERNEL32.dll
 0005:00000350       __imp__CloseHandle@4       100f7350     kernel32:KERNEL32.dll
 0005:00000354       __imp__DeleteCriticalSection@4 100f7354     kernel32:KERNEL32.dll
 0005:00000358       __imp__GetTickCount@0      100f7358     kernel32:KERNEL32.dll
 0005:0000035c       __imp__WaitForSingleObject@8 100f735c     kernel32:KERNEL32.dll
 0005:00000360       __imp__ResetEvent@4        100f7360     kernel32:KERNEL32.dll
 0005:00000364       __imp__Sleep@4             100f7364     kernel32:KERNEL32.dll
 0005:00000368       __imp__InterlockedIncrement@4 100f7368     kernel32:KERNEL32.dll
 0005:0000036c       __imp__InterlockedDecrement@4 100f736c     kernel32:KERNEL32.dll
 0005:00000370       __imp__LeaveCriticalSection@4 100f7370     kernel32:KERNEL32.dll
 0005:00000374       __imp__EnterCriticalSection@4 100f7374     kernel32:KERNEL32.dll
 0005:00000378       __imp__GetPrivateProfileIntW@16 100f7378     kernel32:KERNEL32.dll
 0005:0000037c       __imp__GetProcAddress@8    100f737c     kernel32:KERNEL32.dll
 0005:00000380       __imp__LoadLibraryW@4      100f7380     kernel32:KERNEL32.dll
 0005:00000384       __imp__FreeLibrary@4       100f7384     kernel32:KERNEL32.dll
 0005:00000388       __imp__GetModuleFileNameW@12 100f7388     kernel32:KERNEL32.dll
 0005:0000038c       __imp__SleepEx@8           100f738c     kernel32:KERNEL32.dll
 0005:00000390       __imp__GetCurrentThreadId@0 100f7390     kernel32:KERNEL32.dll
 0005:00000394       __imp__GetSystemInfo@4     100f7394     kernel32:KERNEL32.dll
 0005:00000398       __imp__VirtualAlloc@16     100f7398     kernel32:KERNEL32.dll
 0005:0000039c       __imp__VirtualFree@12      100f739c     kernel32:KERNEL32.dll
 0005:000003a0       __imp__VirtualQuery@12     100f73a0     kernel32:KERNEL32.dll
 0005:000003a4       __imp__FreeConsole@0       100f73a4     kernel32:KERNEL32.dll
 0005:000003a8       __imp__FlushFileBuffers@4  100f73a8     kernel32:KERNEL32.dll
 0005:000003ac       __imp__GetConsoleWindow@0  100f73ac     kernel32:KERNEL32.dll
 0005:000003b0       __imp__GetTempPathW@8      100f73b0     kernel32:KERNEL32.dll
 0005:000003b4       __imp__IsBadWritePtr@8     100f73b4     kernel32:KERNEL32.dll
 0005:000003b8       __imp__WriteFile@20        100f73b8     kernel32:KERNEL32.dll
 0005:000003bc       __imp__GetFileSize@8       100f73bc     kernel32:KERNEL32.dll
 0005:000003c0       __imp__lstrlenA@4          100f73c0     kernel32:KERNEL32.dll
 0005:000003c4       __imp__GetLocalTime@4      100f73c4     kernel32:KERNEL32.dll
 0005:000003c8       __imp__WriteConsoleW@20    100f73c8     kernel32:KERNEL32.dll
 0005:000003cc       __imp__WideCharToMultiByte@32 100f73cc     kernel32:KERNEL32.dll
 0005:000003d0       __imp__lstrcatA@8          100f73d0     kernel32:KERNEL32.dll
 0005:000003d4       __imp__SetConsoleTitleW@4  100f73d4     kernel32:KERNEL32.dll
 0005:000003d8       __imp__SetConsoleWindowInfo@12 100f73d8     kernel32:KERNEL32.dll
 0005:000003dc       __imp__SetConsoleScreenBufferSize@8 100f73dc     kernel32:KERNEL32.dll
 0005:000003e0       __imp__GetStdHandle@4      100f73e0     kernel32:KERNEL32.dll
 0005:000003e4       __imp__AllocConsole@0      100f73e4     kernel32:KERNEL32.dll
 0005:000003e8       __imp__GetLastError@0      100f73e8     kernel32:KERNEL32.dll
 0005:000003ec       __imp__CreateDirectoryW@8  100f73ec     kernel32:KERNEL32.dll
 0005:000003f0       __imp__GetFileAttributesW@4 100f73f0     kernel32:KERNEL32.dll
 0005:000003f4       __imp__lstrlenW@4          100f73f4     kernel32:KERNEL32.dll
 0005:000003f8       __imp__SetFilePointer@16   100f73f8     kernel32:KERNEL32.dll
 0005:000003fc       __imp__CreateFileW@28      100f73fc     kernel32:KERNEL32.dll
 0005:00000400       __imp__CompareStringW@24   100f7400     kernel32:KERNEL32.dll
 0005:00000404       __imp__CompareStringA@24   100f7404     kernel32:KERNEL32.dll
 0005:00000408       __imp__CreateFileA@28      100f7408     kernel32:KERNEL32.dll
 0005:0000040c       __imp__GetTimeZoneInformation@4 100f740c     kernel32:KERNEL32.dll
 0005:00000410       __imp__SetEndOfFile@4      100f7410     kernel32:KERNEL32.dll
 0005:00000414       __imp__GetConsoleOutputCP@0 100f7414     kernel32:KERNEL32.dll
 0005:00000418       __imp__WriteConsoleA@20    100f7418     kernel32:KERNEL32.dll
 0005:0000041c       __imp__GetUserDefaultLCID@0 100f741c     kernel32:KERNEL32.dll
 0005:00000420       __imp__EnumSystemLocalesA@8 100f7420     kernel32:KERNEL32.dll
 0005:00000424       __imp__IsValidLocale@8     100f7424     kernel32:KERNEL32.dll
 0005:00000428       __imp__GetDateFormatA@24   100f7428     kernel32:KERNEL32.dll
 0005:0000042c       __imp__InterlockedExchange@8 100f742c     kernel32:KERNEL32.dll
 0005:00000430       __imp__RtlUnwind@16        100f7430     kernel32:KERNEL32.dll
 0005:00000434       __imp__GetFileType@4       100f7434     kernel32:KERNEL32.dll
 0005:00000438       __imp__CreateThread@24     100f7438     kernel32:KERNEL32.dll
 0005:0000043c       __imp__ExitThread@4        100f743c     kernel32:KERNEL32.dll
 0005:00000440       __imp__RaiseException@16   100f7440     kernel32:KERNEL32.dll
 0005:00000444       __imp__UnhandledExceptionFilter@4 100f7444     kernel32:KERNEL32.dll
 0005:00000448       __imp__SetUnhandledExceptionFilter@4 100f7448     kernel32:KERNEL32.dll
 0005:0000044c       __imp__GetCommandLineA@0   100f744c     kernel32:KERNEL32.dll
 0005:00000450       __imp__HeapValidate@12     100f7450     kernel32:KERNEL32.dll
 0005:00000454       __imp__IsBadReadPtr@8      100f7454     kernel32:KERNEL32.dll
 0005:00000458       __imp__GetModuleFileNameA@12 100f7458     kernel32:KERNEL32.dll
 0005:0000045c       __imp__TlsGetValue@4       100f745c     kernel32:KERNEL32.dll
 0005:00000460       __imp__GetModuleHandleW@4  100f7460     kernel32:KERNEL32.dll
 0005:00000464       __imp__TlsAlloc@0          100f7464     kernel32:KERNEL32.dll
 0005:00000468       __imp__TlsSetValue@8       100f7468     kernel32:KERNEL32.dll
 0005:0000046c       __imp__TlsFree@4           100f746c     kernel32:KERNEL32.dll
 0005:00000470       __imp__SetLastError@4      100f7470     kernel32:KERNEL32.dll
 0005:00000474       __imp__GetCurrentThread@0  100f7474     kernel32:KERNEL32.dll
 0005:00000478       __imp__TerminateProcess@8  100f7478     kernel32:KERNEL32.dll
 0005:0000047c       __imp__GetCurrentProcess@0 100f747c     kernel32:KERNEL32.dll
 0005:00000480       __imp__IsDebuggerPresent@0 100f7480     kernel32:KERNEL32.dll
 0005:00000484       __imp__DebugBreak@0        100f7484     kernel32:KERNEL32.dll
 0005:00000488       __imp__MultiByteToWideChar@24 100f7488     kernel32:KERNEL32.dll
 0005:0000048c       __imp__LoadLibraryA@4      100f748c     kernel32:KERNEL32.dll
 0005:00000490       __imp__FatalAppExitA@8     100f7490     kernel32:KERNEL32.dll
 0005:00000494       __imp__ExitProcess@4       100f7494     kernel32:KERNEL32.dll
 0005:00000498       __imp__SetConsoleCtrlHandler@8 100f7498     kernel32:KERNEL32.dll
 0005:0000049c       __imp__SetHandleCount@4    100f749c     kernel32:KERNEL32.dll
 0005:000004a0       __imp__GetStartupInfoA@4   100f74a0     kernel32:KERNEL32.dll
 0005:000004a4       __imp__GetACP@0            100f74a4     kernel32:KERNEL32.dll
 0005:000004a8       __imp__GetOEMCP@0          100f74a8     kernel32:KERNEL32.dll
 0005:000004ac       __imp__GetCPInfo@8         100f74ac     kernel32:KERNEL32.dll
 0005:000004b0       __imp__IsValidCodePage@4   100f74b0     kernel32:KERNEL32.dll
 0005:000004b4       __imp__FreeEnvironmentStringsA@4 100f74b4     kernel32:KERNEL32.dll
 0005:000004b8       __imp__GetEnvironmentStrings@0 100f74b8     kernel32:KERNEL32.dll
 0005:000004bc       __imp__FreeEnvironmentStringsW@4 100f74bc     kernel32:KERNEL32.dll
 0005:000004c0       __imp__GetEnvironmentStringsW@0 100f74c0     kernel32:KERNEL32.dll
 0005:000004c4       __imp__HeapDestroy@4       100f74c4     kernel32:KERNEL32.dll
 0005:000004c8       __imp__HeapCreate@12       100f74c8     kernel32:KERNEL32.dll
 0005:000004cc       __imp__HeapFree@12         100f74cc     kernel32:KERNEL32.dll
 0005:000004d0       __imp__QueryPerformanceCounter@4 100f74d0     kernel32:KERNEL32.dll
 0005:000004d4       __imp__GetCurrentProcessId@0 100f74d4     kernel32:KERNEL32.dll
 0005:000004d8       __imp__GetSystemTimeAsFileTime@4 100f74d8     kernel32:KERNEL32.dll
 0005:000004dc       __imp__HeapAlloc@12        100f74dc     kernel32:KERNEL32.dll
 0005:000004e0       __imp__HeapSize@12         100f74e0     kernel32:KERNEL32.dll
 0005:000004e4       __imp__HeapReAlloc@16      100f74e4     kernel32:KERNEL32.dll
 0005:000004e8       __imp__GetConsoleCP@0      100f74e8     kernel32:KERNEL32.dll
 0005:000004ec       __imp__GetConsoleMode@8    100f74ec     kernel32:KERNEL32.dll
 0005:000004f0       __imp__OutputDebugStringA@4 100f74f0     kernel32:KERNEL32.dll
 0005:000004f4       __imp__OutputDebugStringW@4 100f74f4     kernel32:KERNEL32.dll
 0005:000004f8       __imp__GetLocaleInfoW@16   100f74f8     kernel32:KERNEL32.dll
 0005:000004fc       __imp__GetLocaleInfoA@16   100f74fc     kernel32:KERNEL32.dll
 0005:00000500       __imp__GetProcessHeap@0    100f7500     kernel32:KERNEL32.dll
 0005:00000504       __imp__SetStdHandle@8      100f7504     kernel32:KERNEL32.dll
 0005:00000508       __imp__ReadFile@20         100f7508     kernel32:KERNEL32.dll
 0005:0000050c       __imp__GetStringTypeA@20   100f750c     kernel32:KERNEL32.dll
 0005:00000510       __imp__GetStringTypeW@16   100f7510     kernel32:KERNEL32.dll
 0005:00000514       __imp__LCMapStringA@24     100f7514     kernel32:KERNEL32.dll
 0005:00000518       __imp__LCMapStringW@24     100f7518     kernel32:KERNEL32.dll
 0005:0000051c       __imp__GetTimeFormatA@24   100f751c     kernel32:KERNEL32.dll
 0005:00000520       __imp__SetEnvironmentVariableA@8 100f7520     kernel32:KERNEL32.dll
 0005:00000524       \177KERNEL32_NULL_THUNK_DATA 100f7524     kernel32:KERNEL32.dll
 0005:000005b0       __imp__PathIsRelativeW@4   100f75b0     shlwapi:SHLWAPI.dll
 0005:000005b4       __imp__PathFindExtensionW@4 100f75b4     shlwapi:SHLWAPI.dll
 0005:000005b8       __imp__PathFindFileNameW@4 100f75b8     shlwapi:SHLWAPI.dll
 0005:000005bc       __imp__PathRemoveFileSpecW@4 100f75bc     shlwapi:SHLWAPI.dll
 0005:000005c0       \177SHLWAPI_NULL_THUNK_DATA 100f75c0     shlwapi:SHLWAPI.dll
 0005:000005ec       __imp__EnableMenuItem@12   100f75ec     user32:USER32.dll
 0005:000005f0       __imp__ShowWindow@8        100f75f0     user32:USER32.dll
 0005:000005f4       __imp__PostThreadMessageW@16 100f75f4     user32:USER32.dll
 0005:000005f8       __imp__GetMessageW@16      100f75f8     user32:USER32.dll
 0005:000005fc       __imp__GetSystemMenu@8     100f75fc     user32:USER32.dll
 0005:00000600       \177USER32_NULL_THUNK_DATA 100f7600     user32:USER32.dll

 entry point at        0002:00001059

