 Channel9

 Timestamp is 55017337 (Thu Mar 12 19:06:31 2015)

 Preferred load address is 10000000

 Start         Length     Name                   Class
 0001:00000000 00030b1aH .text                   CODE
 0001:00030b20 000004f5H .text$x                 CODE
 0001:00031015 00000014H .text$yd                CODE
 0002:00000000 000002a0H .idata$5                DATA
 0002:000002a0 00000004H .CRT$XCA                DATA
 0002:000002a4 00000004H .CRT$XCZ                DATA
 0002:000002a8 00000004H .CRT$XIA                DATA
 0002:000002ac 00000010H .CRT$XIC                DATA
 0002:000002bc 00000004H .CRT$XIZ                DATA
 0002:000002c0 00000004H .CRT$XPA                DATA
 0002:000002c4 00000004H .CRT$XPX                DATA
 0002:000002c8 00000004H .CRT$XPXA               DATA
 0002:000002cc 00000004H .CRT$XPZ                DATA
 0002:000002d0 00000004H .CRT$XTA                DATA
 0002:000002d4 00000004H .CRT$XTZ                DATA
 0002:000002e0 00006188H .rdata                  DATA
 0002:00006468 00000053H .rdata$debug            DATA
 0002:000064bc 0000059cH .rdata$r                DATA
 0002:00006a60 0000007cH .rdata$sxdata           DATA
 0002:00006adc 00000004H .rtc$IAA                DATA
 0002:00006ae0 00000004H .rtc$IZZ                DATA
 0002:00006ae4 00000004H .rtc$TAA                DATA
 0002:00006ae8 00000004H .rtc$TZZ                DATA
 0002:00006af0 00000fccH .xdata$x                DATA
 0002:00007abc 00000050H .idata$2                DATA
 0002:00007b0c 00000014H .idata$3                DATA
 0002:00007b20 000002a0H .idata$4                DATA
 0002:00007dc0 00000b02H .idata$6                DATA
 0002:000088d0 00000066H .edata                  DATA
 0003:00000000 00001160H .data                   DATA
 0003:00001160 00001e64H .bss                    DATA
 0004:00000000 00000058H .rsrc$01                DATA
 0004:00000060 00000320H .rsrc$02                DATA

  Address         Publics by Value              Rva+Base       Lib:Object

 0000:00000000       __except_list              00000000     <absolute>
 0000:0000001f       ___safe_se_handler_count   0000001f     <absolute>
 0000:00000000       ___ImageBase               10000000     <linker-defined>
 0001:00000000       _DllMain@12                10001000 f   Channel.obj
 0001:00000010       ??1ICommChannel@@UAE@XZ    10001010 f   Channel.obj
 0001:00000020       _CreateChannel             10001020 f   Channel.obj
 0001:000000b0       _ReleaseChannel            100010b0 f   Channel.obj
 0001:000000d0       ?wcschr@@YAPA_WPA_W_W@Z    100010d0 f i StdAfx.obj
 0001:000000e0       ?wcsrchr@@YAPA_WPA_W_W@Z   100010e0 f i StdAfx.obj
 0001:000000f0       ?assign@?$char_traits@D@std@@SAXAADABD@Z 100010f0 f i StdAfx.obj
 0001:00000100       ?length@?$char_traits@D@std@@SAIPBD@Z 10001100 f i StdAfx.obj
 0001:00000120       ?_Copy_s@?$char_traits@D@std@@SAPADPADIPBDI@Z 10001120 f i StdAfx.obj
 0001:00000150       ?_Move_s@?$char_traits@D@std@@SAPADPADIPBDI@Z 10001150 f i StdAfx.obj
 0001:00000180       ?_Getcont@_Aux_cont@std@@QBEPBV_Container_base_aux@2@XZ 10001180 f i StdAfx.obj
 0001:00000190       ??0_Iterator_base_aux@std@@QAE@XZ 10001190 f i StdAfx.obj
 0001:000001a0       ?_Set_container@_Iterator_base_aux@std@@QAEXQBV_Container_base_aux@2@@Z 100011a0 f i StdAfx.obj
 0001:000001b0       ?_Getmycont@_Iterator_base_aux@std@@QBEPBV_Container_base_aux@2@XZ 100011b0 f i StdAfx.obj
 0001:000001c0       ?_Same_container@_Iterator_base_aux@std@@QBE_NABV12@@Z 100011c0 f i StdAfx.obj
 0001:000001e0       ?_Has_container@_Iterator_base_aux@std@@QBE_NXZ 100011e0 f i StdAfx.obj
 0001:000001f0       ??0bad_alloc@std@@QAE@PBD@Z 100011f0 f i StdAfx.obj
 0001:00000210       ??1bad_alloc@std@@UAE@XZ   10001210 f i StdAfx.obj
 0001:00000220       ??_Ebad_alloc@std@@UAEPAXI@Z 10001220 f i StdAfx.obj
 0001:00000220       ??_Gbad_alloc@std@@UAEPAXI@Z 10001220 f i StdAfx.obj
 0001:00000250       ?GetCurrentModule@@YAPAUHINSTANCE__@@XZ 10001250 f   StdAfx.obj
 0001:00000260       ?GetModuleFilePath@@YAXPAUHINSTANCE__@@PA_W@Z 10001260 f   StdAfx.obj
 0001:00000300       ?_tcstrim@@YAPA_WPA_W@Z    10001300 f   StdAfx.obj
 0001:000003e0       ?size@?$basic_string@DU?$char_traits@D@std@@V?$allocator@D@2@@std@@QBEIXZ 100013e0 f i StdAfx.obj
 0001:000003f0       ?size@?$vector@PA_WV?$allocator@PA_W@std@@@std@@QBEIXZ 100013f0 f i StdAfx.obj
 0001:00000400       ?_Myptr@?$basic_string@DU?$char_traits@D@std@@V?$allocator@D@2@@std@@IBEPBDXZ 10001400 f i StdAfx.obj
 0001:00000410       ??0?$allocator@D@std@@QAE@XZ 10001410 f i StdAfx.obj
 0001:00000420       ?capacity@?$vector@PA_WV?$allocator@PA_W@std@@@std@@QBEIXZ 10001420 f i StdAfx.obj
 0001:00000440       ?_Myptr@?$basic_string@DU?$char_traits@D@std@@V?$allocator@D@2@@std@@IAEPADXZ 10001440 f i StdAfx.obj
 0001:00000450       ??0?$allocator@D@std@@QAE@ABV01@@Z 10001450 f i StdAfx.obj
 0001:00000460       ?deallocate@?$allocator@D@std@@QAEXPADI@Z 10001460 f i StdAfx.obj
 0001:00000470       ??G?$_Vector_const_iterator@PA_WV?$allocator@PA_W@std@@@std@@QBEHABV01@@Z 10001470 f i StdAfx.obj
 0001:000004a0       ?_Inside@?$basic_string@DU?$char_traits@D@std@@V?$allocator@D@2@@std@@IAE_NPBD@Z 100014a0 f i StdAfx.obj
 0001:000004e0       ?deallocate@?$allocator@PA_W@std@@QAEXPAPA_WI@Z 100014e0 f i StdAfx.obj
 0001:000004f0       ??8?$_Vector_const_iterator@PA_WV?$allocator@PA_W@std@@@std@@QBE_NABV01@@Z 100014f0 f i StdAfx.obj
 0001:00000520       ??0?$_Iterator_with_base@Urandom_access_iterator_tag@std@@PA_WHPBQA_WABQA_WV_Iterator_base_aux@2@@std@@QAE@XZ 10001520 f i StdAfx.obj
 0001:00000530       ?max_size@?$allocator@D@std@@QBEIXZ 10001530 f i StdAfx.obj
 0001:00000540       ?max_size@?$allocator@PA_W@std@@QBEIXZ 10001540 f i StdAfx.obj
 0001:00000550       ??Y?$_Vector_const_iterator@PA_WV?$allocator@PA_W@std@@@std@@QAEAAV01@H@Z 10001550 f i StdAfx.obj
 0001:000005a0       ??$_Allocate@PA_W@std@@YAPAPA_WIPAPA_W@Z 100015a0 f i StdAfx.obj
 0001:00000600       ??$_Allocate@D@std@@YAPADIPAD@Z 10001600 f i StdAfx.obj
 0001:00000660       ??0bad_alloc@std@@QAE@ABV01@@Z 10001660 f i StdAfx.obj
 0001:00000680       ??$_Char_traits_cat@U?$char_traits@D@std@@@std@@YA?AU_Secure_char_traits_tag@0@XZ 10001680 f i StdAfx.obj
 0001:00000690       ??$copy_s@U?$char_traits@D@std@@@_Traits_helper@std@@YAPADPADIPBDIU_Secure_char_traits_tag@1@@Z 10001690 f i StdAfx.obj
 0001:000006c0       ??$_Iter_random@PAPA_WPAPA_W@std@@YA?AUrandom_access_iterator_tag@0@ABQAPA_W0@Z 100016c0 f i StdAfx.obj
 0001:000006d0       ??$_Ptr_cat@PAPA_WPAPA_W@std@@YA?AU_Scalar_ptr_iterator_tag@0@AAPAPA_W0@Z 100016d0 f i StdAfx.obj
 0001:000006e0       ??$_Copy_opt@PAPA_WPAPA_WUrandom_access_iterator_tag@std@@@std@@YAPAPA_WPAPA_W00Urandom_access_iterator_tag@0@U_Scalar_ptr_iterator_tag@0@U_Range_checked_iterator_tag@0@@Z 100016e0 f i StdAfx.obj
 0001:00000720       ??$move_s@U?$char_traits@D@std@@@_Traits_helper@std@@YAPADPADIPBDIU_Secure_char_traits_tag@1@@Z 10001720 f i StdAfx.obj
 0001:00000750       ??$_Destroy_range@V?$allocator@PA_W@std@@@std@@YAXPAPA_W0AAV?$allocator@PA_W@0@U_Scalar_ptr_iterator_tag@0@@Z 10001750 f i StdAfx.obj
 0001:00000760       ??$_Fill@PAPA_WPA_W@std@@YAXPAPA_W0ABQA_W@Z 10001760 f i StdAfx.obj
 0001:00000780       ??$_Move_cat@PAPA_W@std@@YA?AU_Undefined_move_tag@0@ABQAPA_W@Z 10001780 f i StdAfx.obj
 0001:00000790       ??$_Checked_base@PAPA_W@std@@YAPAPA_WAAPAPA_WU_Unchanged_checked_iterator_base_type_tag@0@@Z 10001790 f i StdAfx.obj
 0001:000007a0       ??$_Copy_backward_opt@PAPA_WPAPA_WUrandom_access_iterator_tag@std@@@std@@YAPAPA_WPAPA_W00Urandom_access_iterator_tag@0@U_Scalar_ptr_iterator_tag@0@U_Range_checked_iterator_tag@0@@Z 100017a0 f i StdAfx.obj
 0001:000007d0       ??$_Iter_cat@PAPA_W@std@@YA?AUrandom_access_iterator_tag@0@ABQAPA_W@Z 100017d0 f i StdAfx.obj
 0001:000007e0       ??$_Fill_n@PAPA_WIPA_W@std@@YAXPAPA_WIABQA_WU_Range_checked_iterator_tag@0@@Z 100017e0 f i StdAfx.obj
 0001:00000800       ??$_Uninit_copy@PAPA_WPAPA_WV?$allocator@PA_W@std@@@std@@YAPAPA_WPAPA_W00AAV?$allocator@PA_W@0@U_Scalar_ptr_iterator_tag@0@U_Range_checked_iterator_tag@0@@Z 10001800 f i StdAfx.obj
 0001:00000840       ??0?$_String_val@DV?$allocator@D@std@@@std@@IAE@V?$allocator@D@1@@Z 10001840 f i StdAfx.obj
 0001:00000850       ??0?$_String_val@DV?$allocator@D@std@@@std@@QAE@ABV01@@Z 10001850 f i StdAfx.obj
 0001:00000860       ?_Eos@?$basic_string@DU?$char_traits@D@std@@V?$allocator@D@2@@std@@IAEXI@Z 10001860 f i StdAfx.obj
 0001:00000880       ??9?$_Vector_const_iterator@PA_WV?$allocator@PA_W@std@@@std@@QBE_NABV01@@Z 10001880 f i StdAfx.obj
 0001:000008b0       ?max_size@?$basic_string@DU?$char_traits@D@std@@V?$allocator@D@2@@std@@QBEIXZ 100018b0 f i StdAfx.obj
 0001:000008c0       ?max_size@?$vector@PA_WV?$allocator@PA_W@std@@@std@@QBEIXZ 100018c0 f i StdAfx.obj
 0001:000008d0       ?allocate@?$allocator@PA_W@std@@QAEPAPA_WI@Z 100018d0 f i StdAfx.obj
 0001:000008f0       ??Y?$_Vector_iterator@PA_WV?$allocator@PA_W@std@@@std@@QAEAAV01@H@Z 100018f0 f i StdAfx.obj
 0001:00000940       ??0?$_Ranit@PA_WHPBQA_WABQA_W@std@@QAE@XZ 10001940 f i StdAfx.obj
 0001:00000950       ?allocate@?$allocator@D@std@@QAEPADI@Z 10001950 f i StdAfx.obj
 0001:00000970       ??$copy_s@U?$char_traits@D@std@@@_Traits_helper@std@@YAPADPADIPBDI@Z 10001970 f i StdAfx.obj
 0001:000009a0       ??$move_s@U?$char_traits@D@std@@@_Traits_helper@std@@YAPADPADIPBDI@Z 100019a0 f i StdAfx.obj
 0001:000009d0       ??$_Destroy_range@V?$allocator@PA_W@std@@@std@@YAXPAPA_W0AAV?$allocator@PA_W@0@@Z 100019d0 f i StdAfx.obj
 0001:000009e0       ??$_Checked_base@PAPA_W@std@@YAPAPA_WAAPAPA_W@Z 100019e0 f i StdAfx.obj
 0001:000009f0       ??$_Move_backward_opt@PAPA_WPAPA_WUrandom_access_iterator_tag@std@@U_Undefined_move_tag@2@@std@@YAPAPA_WPAPA_W00Urandom_access_iterator_tag@0@U_Undefined_move_tag@0@U_Range_checked_iterator_tag@0@@Z 100019f0 f i StdAfx.obj
 0001:00000a20       ??$_Fill_n@PAPA_WIPA_W@std@@YAXPAPA_WIABQA_WUrandom_access_iterator_tag@0@U_Range_checked_iterator_tag@0@@Z 10001a20 f i StdAfx.obj
 0001:00000a40       ??$unchecked_uninitialized_copy@PAPA_WPAPA_WV?$allocator@PA_W@std@@@stdext@@YAPAPA_WPAPA_W00AAV?$allocator@PA_W@std@@@Z 10001a40 f i StdAfx.obj
 0001:00000a80       ?_Tidy@?$basic_string@DU?$char_traits@D@std@@V?$allocator@D@2@@std@@IAEX_NI@Z 10001a80 f i StdAfx.obj
 0001:00000ad0       ?erase@?$basic_string@DU?$char_traits@D@std@@V?$allocator@D@2@@std@@QAEAAV12@II@Z 10001ad0 f i StdAfx.obj
 0001:00000b60       ?_Destroy@?$vector@PA_WV?$allocator@PA_W@std@@@std@@IAEXPAPA_W0@Z 10001b60 f i StdAfx.obj
 0001:00000b70       ??H?$_Vector_iterator@PA_WV?$allocator@PA_W@std@@@std@@QBE?AV01@H@Z 10001b70 f i StdAfx.obj
 0001:00000bc0       ?_Copy@?$basic_string@DU?$char_traits@D@std@@V?$allocator@D@2@@std@@IAEXII@Z 10001bc0 f i StdAfx.obj
 0001:00000d00       ??0?$_Vector_const_iterator@PA_WV?$allocator@PA_W@std@@@std@@QAE@PAPA_WPBV_Container_base_aux@1@@Z 10001d00 f i StdAfx.obj
 0001:00000d40       ??$unchecked_copy@PAPA_WPAPA_W@stdext@@YAPAPA_WPAPA_W00@Z 10001d40 f i StdAfx.obj
 0001:00000d80       ??$fill@PAPA_WPA_W@std@@YAXPAPA_W0ABQA_W@Z 10001d80 f i StdAfx.obj
 0001:00000da0       ??$_Unchecked_move_backward@PAPA_WPAPA_W@stdext@@YAPAPA_WPAPA_W00@Z 10001da0 f i StdAfx.obj
 0001:00000dd0       ??$unchecked_fill_n@PAPA_WIPA_W@stdext@@YAXPAPA_WIABQA_W@Z 10001dd0 f i StdAfx.obj
 0001:00000df0       ??$_Uninit_move@PAPA_WPAPA_WV?$allocator@PA_W@std@@U_Undefined_move_tag@2@@std@@YAPAPA_WPAPA_W00AAV?$allocator@PA_W@0@U_Undefined_move_tag@0@U_Range_checked_iterator_tag@0@@Z 10001df0 f i StdAfx.obj
 0001:00000e30       ??1?$basic_string@DU?$char_traits@D@std@@V?$allocator@D@2@@std@@QAE@XZ 10001e30 f i StdAfx.obj
 0001:00000e60       ?_Grow@?$basic_string@DU?$char_traits@D@std@@V?$allocator@D@2@@std@@IAE_NI_N@Z 10001e60 f i StdAfx.obj
 0001:00000f20       ??0?$_Vector_iterator@PA_WV?$allocator@PA_W@std@@@std@@QAE@PAPA_WPBV_Container_base_aux@1@@Z 10001f20 f i StdAfx.obj
 0001:00000f60       ??$_Uninit_fill_n@PAPA_WIPA_WV?$allocator@PA_W@std@@@std@@YAXPAPA_WIABQA_WAAV?$allocator@PA_W@0@U_Scalar_ptr_iterator_tag@0@U_Range_checked_iterator_tag@0@@Z 10001f60 f i StdAfx.obj
 0001:00000f80       ??$_Unchecked_uninitialized_move@PAPA_WPAPA_WV?$allocator@PA_W@std@@@stdext@@YAPAPA_WPAPA_W00AAV?$allocator@PA_W@std@@@Z 10001f80 f i StdAfx.obj
 0001:00000fc0       ??1logic_error@std@@UAE@XZ 10001fc0 f i StdAfx.obj
 0001:00001000       ?c_str@?$basic_string@DU?$char_traits@D@std@@V?$allocator@D@2@@std@@QBEPBDXZ 10002000 f i StdAfx.obj
 0001:00001010       ?what@logic_error@std@@UBEPBDXZ 10002010 f i StdAfx.obj
 0001:00001020       ??_Elogic_error@std@@UAEPAXI@Z 10002020 f i StdAfx.obj
 0001:00001020       ??_Glogic_error@std@@UAEPAXI@Z 10002020 f i StdAfx.obj
 0001:00001070       ?assign@?$basic_string@DU?$char_traits@D@std@@V?$allocator@D@2@@std@@QAEAAV12@ABV12@II@Z 10002070 f i StdAfx.obj
 0001:00001150       ?begin@?$vector@PA_WV?$allocator@PA_W@std@@@std@@QAE?AV?$_Vector_iterator@PA_WV?$allocator@PA_W@std@@@2@XZ 10002150 f i StdAfx.obj
 0001:00001180       ?end@?$vector@PA_WV?$allocator@PA_W@std@@@std@@QAE?AV?$_Vector_iterator@PA_WV?$allocator@PA_W@std@@@2@XZ 10002180 f i StdAfx.obj
 0001:000011b0       ?assign@?$basic_string@DU?$char_traits@D@std@@V?$allocator@D@2@@std@@QAEAAV12@PBDI@Z 100021b0 f i StdAfx.obj
 0001:00001290       ?_Make_iter@?$vector@PA_WV?$allocator@PA_W@std@@@std@@QBE?AV?$_Vector_iterator@PA_WV?$allocator@PA_W@std@@@2@V?$_Vector_const_iterator@PA_WV?$allocator@PA_W@std@@@2@@Z 10002290 f i StdAfx.obj
 0001:000012d0       ??$unchecked_uninitialized_fill_n@PAPA_WIPA_WV?$allocator@PA_W@std@@@stdext@@YAXPAPA_WIABQA_WAAV?$allocator@PA_W@std@@@Z 100022d0 f i StdAfx.obj
 0001:000012f0       ??$_Umove@PAPA_W@?$vector@PA_WV?$allocator@PA_W@std@@@std@@IAEPAPA_WPAPA_W00@Z 100022f0 f i StdAfx.obj
 0001:00001330       ??0?$basic_string@DU?$char_traits@D@std@@V?$allocator@D@2@@std@@QAE@ABV01@@Z 10002330 f i StdAfx.obj
 0001:00001360       ?assign@?$basic_string@DU?$char_traits@D@std@@V?$allocator@D@2@@std@@QAEAAV12@PBD@Z 10002360 f i StdAfx.obj
 0001:00001390       ?erase@?$vector@PA_WV?$allocator@PA_W@std@@@std@@QAE?AV?$_Vector_iterator@PA_WV?$allocator@PA_W@std@@@2@V?$_Vector_const_iterator@PA_WV?$allocator@PA_W@std@@@2@0@Z 10002390 f i StdAfx.obj
 0001:00001420       ?_Ufill@?$vector@PA_WV?$allocator@PA_W@std@@@std@@IAEPAPA_WPAPA_WIABQA_W@Z 10002420 f i StdAfx.obj
 0001:00001450       ??0logic_error@std@@QAE@ABV?$basic_string@DU?$char_traits@D@std@@V?$allocator@D@2@@1@@Z 10002450 f i StdAfx.obj
 0001:000014c0       ??0length_error@std@@QAE@ABV?$basic_string@DU?$char_traits@D@std@@V?$allocator@D@2@@1@@Z 100024c0 f i StdAfx.obj
 0001:000014e0       ??1length_error@std@@UAE@XZ 100024e0 f i StdAfx.obj
 0001:00001520       ??_Glength_error@std@@UAEPAXI@Z 10002520 f i StdAfx.obj
 0001:00001520       ??_Elength_error@std@@UAEPAXI@Z 10002520 f i StdAfx.obj
 0001:00001570       ??0?$basic_string@DU?$char_traits@D@std@@V?$allocator@D@2@@std@@QAE@PBD@Z 10002570 f i StdAfx.obj
 0001:000015b0       ?clear@?$vector@PA_WV?$allocator@PA_W@std@@@std@@QAEXXZ 100025b0 f i StdAfx.obj
 0001:000015f0       ?_Xlen@?$vector@PA_WV?$allocator@PA_W@std@@@std@@KAXXZ 100025f0 f i StdAfx.obj
 0001:00001670       ??0logic_error@std@@QAE@ABV01@@Z 10002670 f i StdAfx.obj
 0001:000016f0       ??0length_error@std@@QAE@ABV01@@Z 100026f0 f i StdAfx.obj
 0001:00001710       ?_Insert_n@?$vector@PA_WV?$allocator@PA_W@std@@@std@@IAEXV?$_Vector_const_iterator@PA_WV?$allocator@PA_W@std@@@2@IABQA_W@Z 10002710 f i StdAfx.obj
 0001:000018c0       ?insert@?$vector@PA_WV?$allocator@PA_W@std@@@std@@QAE?AV?$_Vector_iterator@PA_WV?$allocator@PA_W@std@@@2@V?$_Vector_const_iterator@PA_WV?$allocator@PA_W@std@@@2@ABQA_W@Z 100028c0 f i StdAfx.obj
 0001:00001970       ?push_back@?$vector@PA_WV?$allocator@PA_W@std@@@std@@QAEXABQA_W@Z 10002970 f i StdAfx.obj
 0001:000019e0       ?SplitStr@@YAHPB_WAAV?$vector@PA_WV?$allocator@PA_W@std@@@std@@_W@Z 100029e0 f   StdAfx.obj
 0001:00003570       _dlmalloc                  10004570 f   dlmalloc.obj
 0001:00003890       _dlfree                    10004890 f   dlmalloc.obj
 0001:00003f60       _dlcalloc                  10004f60 f   dlmalloc.obj
 0001:00003fc0       _dlmalloc_trim             10004fc0 f   dlmalloc.obj
 0001:00004080       _dlmalloc_footprint        10005080 f   dlmalloc.obj
 0001:00004090       _dlmalloc_max_footprint    10005090 f   dlmalloc.obj
 0001:000040a0       _dlmallinfo                100050a0 f   dlmalloc.obj
 0001:000040d0       _dlmalloc_stats            100050d0 f   dlmalloc.obj
 0001:000040e0       _dlmallopt                 100050e0 f   dlmalloc.obj
 0001:00004100       _dlmalloc_usable_size      10005100 f   dlmalloc.obj
 0001:000047b0       _dlrealloc                 100057b0 f   dlmalloc.obj
 0001:000047e0       _dlmemalign                100057e0 f   dlmalloc.obj
 0001:00004800       _dlindependent_calloc      10005800 f   dlmalloc.obj
 0001:00004830       _dlindependent_comalloc    10005830 f   dlmalloc.obj
 0001:00004850       _dlvalloc                  10005850 f   dlmalloc.obj
 0001:00004880       _dlpvalloc                 10005880 f   dlmalloc.obj
 0001:000048b0       ??0_Aux_cont@std@@QAE@QBV_Container_base_aux@1@@Z 100058b0 f i FileComm.obj
 0001:000048c0       ??0_Container_base_aux@std@@QAE@XZ 100058c0 f i FileComm.obj
 0001:000048d0       ??1_Container_base_aux@std@@QAE@XZ 100058d0 f i FileComm.obj
 0001:000048e0       ??2@YAPAXIPAX@Z            100058e0 f i FileComm.obj
 0001:000048f0       ??3@YAXPAX0@Z              100058f0 f i FileComm.obj
 0001:00004900       ??0ICommChannel@@QAE@XZ    10005900 f i FileComm.obj
 0001:00004910       ?InitLog@CFileComm@@UAEHPB_WIIPAVISpLog@@0@Z 10005910 f   FileComm.obj
 0001:00004ab0       ?GetReceiver@CFileComm@@UAEXAAKAAHAAPAX@Z 10005ab0 f   FileComm.obj
 0001:00004ae0       ?Read@CFileComm@@UAEKPAXKKK@Z 10005ae0 f   FileComm.obj
 0001:00004af0       ?Write@CFileComm@@UAEKPAXKK@Z 10005af0 f   FileComm.obj
 0001:00004b00       ?Clear@CFileComm@@UAEHXZ   10005b00 f   FileComm.obj
 0001:00004b10       ?FreeMem@CFileComm@@UAEXPAX@Z 10005b10 f   FileComm.obj
 0001:00004b20       ?GetProperty@CFileComm@@UAEHJKPAX@Z 10005b20 f   FileComm.obj
 0001:00004bc0       ?SetProperty@CFileComm@@UAEHJKPBX@Z 10005bc0 f   FileComm.obj
 0001:00004c90       ?SendDataToUplevel@CFileComm@@AAEXPBXK@Z 10005c90 f   FileComm.obj
 0001:00004da0       ?CloseLogFile@CFileComm@@AAEXXZ 10005da0 f   FileComm.obj
 0001:00004dc0       ?GetAppPath@CFileComm@@AAEHPA_WK@Z 10005dc0 f   FileComm.obj
 0001:00004e80       ?StopFileWatch@CFileComm@@AAEXXZ 10005e80 f   FileComm.obj
 0001:00004ed0       ?LoadConfig@CFileComm@@AAEHXZ 10005ed0 f   FileComm.obj
 0001:00005020       ?_Read@CFileComm@@AAEKPAXK@Z 10006020 f   FileComm.obj
 0001:000050f0       ??A?$vector@PA_WV?$allocator@PA_W@std@@@std@@QAEAAPA_WI@Z 100060f0 f i FileComm.obj
 0001:00005120       ??0?$allocator@PA_W@std@@QAE@XZ 10006120 f i FileComm.obj
 0001:00005130       ??0?$allocator@PA_W@std@@QAE@ABV01@@Z 10006130 f i FileComm.obj
 0001:00005140       ?deallocate@?$allocator@V_Aux_cont@std@@@std@@QAEXPAV_Aux_cont@2@I@Z 10006140 f i FileComm.obj
 0001:00005150       ??$?0PA_W@?$allocator@V_Aux_cont@std@@@std@@QAE@ABV?$allocator@PA_W@1@@Z 10006150 f i FileComm.obj
 0001:00005160       ??$_Allocate@V_Aux_cont@std@@@std@@YAPAV_Aux_cont@0@IPAV10@@Z 10006160 f i FileComm.obj
 0001:000051c0       ?FileWatchProc@CFileComm@@AAGKXZ 100061c0 f   FileComm.obj
 0001:00005520       ?OpenLogFile@CFileComm@@AAEHPA_W@Z 10006520 f   FileComm.obj
 0001:00005720       ??1?$_Container_base_aux_alloc_real@V?$allocator@PA_W@std@@@std@@IAE@XZ 10006720 f i FileComm.obj
 0001:00005730       ?allocate@?$allocator@V_Aux_cont@std@@@std@@QAEPAV_Aux_cont@2@I@Z 10006730 f i FileComm.obj
 0001:00005750       ?GetThreadProc@CFileComm@@CGKPAX@Z 10006750 f   FileComm.obj
 0001:00005760       ?StartFileWatch@CFileComm@@AAEHPAX@Z 10006760 f   FileComm.obj
 0001:00005810       ??1?$_Vector_val@PA_WV?$allocator@PA_W@std@@@std@@QAE@XZ 10006810 f i FileComm.obj
 0001:00005820       ??0?$_Container_base_aux_alloc_real@V?$allocator@PA_W@std@@@std@@IAE@V?$allocator@PA_W@1@@Z 10006820 f i FileComm.obj
 0001:00005850       ?SetReceiver@CFileComm@@UAEHKHPBX@Z 10006850 f   FileComm.obj
 0001:000058b0       ?_Tidy@?$vector@PA_WV?$allocator@PA_W@std@@@std@@IAEXXZ 100068b0 f i FileComm.obj
 0001:000058e0       ??0?$_Vector_val@PA_WV?$allocator@PA_W@std@@@std@@IAE@V?$allocator@PA_W@1@@Z 100068e0 f i FileComm.obj
 0001:00005910       ??1?$vector@PA_WV?$allocator@PA_W@std@@@std@@QAE@XZ 10006910 f i FileComm.obj
 0001:00005950       ?ClearFiles@CFileComm@@AAEXXZ 10006950 f   FileComm.obj
 0001:000059e0       ?_Buy@?$vector@PA_WV?$allocator@PA_W@std@@@std@@IAE_NI@Z 100069e0 f i FileComm.obj
 0001:00005a30       ?Close@CFileComm@@UAEXXZ   10006a30 f   FileComm.obj
 0001:00005ad0       ?InitFiles@CFileComm@@AAEHPA_W@Z 10006ad0 f   FileComm.obj
 0001:00005b00       ??0?$vector@PA_WV?$allocator@PA_W@std@@@std@@QAE@XZ 10006b00 f i FileComm.obj
 0001:00005b60       ??0CFileComm@@QAE@XZ       10006b60 f   FileComm.obj
 0001:00005c50       ??1CFileComm@@UAE@XZ       10006c50 f   FileComm.obj
 0001:00005d30       ?Open@CFileComm@@UAEHQAU_CHANNEL_ATTRIBUTE@@@Z 10006d30 f   FileComm.obj
 0001:00005fa0       ??_ECFileComm@@UAEPAXI@Z   10006fa0 f i FileComm.obj
 0001:00005fa0       ??_GCFileComm@@UAEPAXI@Z   10006fa0 f i FileComm.obj
 0001:00005fc0       ??0CMemoryMgr@@QAE@XZ      10006fc0 f   MemoryMgr.obj
 0001:00005fe0       ??1CMemoryMgr@@UAE@XZ      10006fe0 f   MemoryMgr.obj
 0001:00005ff0       ?Init@CMemoryMgr@@QAEHHKK@Z 10006ff0 f   MemoryMgr.obj
 0001:00006010       ?GetMemory@CMemoryMgr@@QAEPAXKPAK@Z 10007010 f   MemoryMgr.obj
 0001:00006050       ?FreeMemory@CMemoryMgr@@QAEXPAX@Z 10007050 f   MemoryMgr.obj
 0001:00006080       ?Reset@CMemoryMgr@@QAEXXZ  10007080 f   MemoryMgr.obj
 0001:00006090       ??_ECMemoryMgr@@UAEPAXI@Z  10007090 f i MemoryMgr.obj
 0001:00006090       ??_GCMemoryMgr@@UAEPAXI@Z  10007090 f i MemoryMgr.obj
 0001:000060b0       ??8_SC_ATTR@CSocketComm@@QAE_NABU01@@Z 100070b0 f i SocketComm.obj
 0001:000060d0       ??0_SC_ATTR@CSocketComm@@QAE@XZ 100070d0 f i SocketComm.obj
 0001:000060f0       ?InitLog@CSocketComm@@UAEHPB_WIIPAVISpLog@@0@Z 100070f0 f   SocketComm.obj
 0001:000062a0       ?SetReceiver@CSocketComm@@UAEHKHPBX@Z 100072a0 f   SocketComm.obj
 0001:000062e0       ?GetReceiver@CSocketComm@@UAEXAAKAAHAAPAX@Z 100072e0 f   SocketComm.obj
 0001:00006320       ?_Read@CSocketComm@@AAEKAAU_SC_ATTR@1@PAXK@Z 10007320 f   SocketComm.obj
 0001:00006500       ?_SyncRead@CSocketComm@@AAEKAAU_SC_ATTR@1@PAXKK@Z 10007500 f   SocketComm.obj
 0001:00006680       ?Clear@CSocketComm@@UAEHXZ 10007680 f   SocketComm.obj
 0001:00006690       ?FreeMem@CSocketComm@@UAEXPAX@Z 10007690 f   SocketComm.obj
 0001:000066a0       ?SetProperty@CSocketComm@@UAEHJKPBX@Z 100076a0 f   SocketComm.obj
 0001:00006720       ?SendDataToUplevel@CSocketComm@@AAEXPBXK@Z 10007720 f   SocketComm.obj
 0001:00006880       ?CloseLogFile@CSocketComm@@AAEXXZ 10007880 f   SocketComm.obj
 0001:000068a0       ?GetAppPath@CSocketComm@@AAEHPA_WK@Z 100078a0 f   SocketComm.obj
 0001:00006960       ?LoadConfig@CSocketComm@@AAEHXZ 10007960 f   SocketComm.obj
 0001:00006aa0       ?CloseEventHandle@CSocketComm@@AAEXXZ 10007aa0 f   SocketComm.obj
 0001:00006b30       ?_Cleanup@CSocketComm@@AAEXXZ 10007b30 f i SocketComm.obj
 0001:00006b80       ?_CloseSocket@CSocketComm@@AAEXAAU_SC_ATTR@1@@Z 10007b80 f i SocketComm.obj
 0001:00006c50       ?_CloseSocketAndCleanup@CSocketComm@@AAEXAAU_SC_ATTR@1@@Z 10007c50 f i SocketComm.obj
 0001:00006c70       ?CreateClientBinLogFile@CSocketComm@@AAEHAAU_SC_ATTR@1@@Z 10007c70 f   SocketComm.obj
 0001:00006e10       ?GetConnectState@CSocketComm@@AAEHK@Z 10007e10 f   SocketComm.obj
 0001:00006e20       ?size@?$vector@U_SC_ATTR@CSocketComm@@V?$allocator@U_SC_ATTR@CSocketComm@@@std@@@std@@QBEIXZ 10007e20 f i SocketComm.obj
 0001:00006e40       ??A?$vector@U_SC_ATTR@CSocketComm@@V?$allocator@U_SC_ATTR@CSocketComm@@@std@@@std@@QAEAAU_SC_ATTR@CSocketComm@@I@Z 10007e40 f i SocketComm.obj
 0001:00006e80       ?capacity@?$vector@U_SC_ATTR@CSocketComm@@V?$allocator@U_SC_ATTR@CSocketComm@@@std@@@std@@QBEIXZ 10007e80 f i SocketComm.obj
 0001:00006ea0       ??0?$allocator@U_SC_ATTR@CSocketComm@@@std@@QAE@XZ 10007ea0 f i SocketComm.obj
 0001:00006eb0       ??8?$_Vector_const_iterator@U_SC_ATTR@CSocketComm@@V?$allocator@U_SC_ATTR@CSocketComm@@@std@@@std@@QBE_NABV01@@Z 10007eb0 f i SocketComm.obj
 0001:00006ee0       ??0?$_Iterator_with_base@Urandom_access_iterator_tag@std@@U_SC_ATTR@CSocketComm@@HPBU34@ABU34@V_Iterator_base_aux@2@@std@@QAE@XZ 10007ee0 f i SocketComm.obj
 0001:00006ef0       ??0?$allocator@U_SC_ATTR@CSocketComm@@@std@@QAE@ABV01@@Z 10007ef0 f i SocketComm.obj
 0001:00006f00       ?deallocate@?$allocator@U_SC_ATTR@CSocketComm@@@std@@QAEXPAU_SC_ATTR@CSocketComm@@I@Z 10007f00 f i SocketComm.obj
 0001:00006f10       ??G?$_Vector_const_iterator@U_SC_ATTR@CSocketComm@@V?$allocator@U_SC_ATTR@CSocketComm@@@std@@@std@@QBEHABV01@@Z 10007f10 f i SocketComm.obj
 0001:00006f50       ?max_size@?$allocator@U_SC_ATTR@CSocketComm@@@std@@QBEIXZ 10007f50 f i SocketComm.obj
 0001:00006f60       ??Y?$_Vector_const_iterator@U_SC_ATTR@CSocketComm@@V?$allocator@U_SC_ATTR@CSocketComm@@@std@@@std@@QAEAAV01@H@Z 10007f60 f i SocketComm.obj
 0001:00006fb0       ??$?0U_SC_ATTR@CSocketComm@@@?$allocator@V_Aux_cont@std@@@std@@QAE@ABV?$allocator@U_SC_ATTR@CSocketComm@@@1@@Z 10007fb0 f i SocketComm.obj
 0001:00006fc0       ??$_Allocate@U_SC_ATTR@CSocketComm@@@std@@YAPAU_SC_ATTR@CSocketComm@@IPAU12@@Z 10007fc0 f i SocketComm.obj
 0001:00007020       ??$_Find@PAU_SC_ATTR@CSocketComm@@U12@@std@@YAPAU_SC_ATTR@CSocketComm@@PAU12@0ABU12@@Z 10008020 f i SocketComm.obj
 0001:00007050       ??$_Iter_random@PAU_SC_ATTR@CSocketComm@@PAU12@@std@@YA?AUrandom_access_iterator_tag@0@ABQAU_SC_ATTR@CSocketComm@@0@Z 10008050 f i SocketComm.obj
 0001:00007060       ??$_Ptr_cat@PAU_SC_ATTR@CSocketComm@@PAU12@@std@@YA?AU_Nonscalar_ptr_iterator_tag@0@AAPAU_SC_ATTR@CSocketComm@@0@Z 10008060 f i SocketComm.obj
 0001:00007070       ??$_Fill@PAU_SC_ATTR@CSocketComm@@U12@@std@@YAXPAU_SC_ATTR@CSocketComm@@0ABU12@@Z 10008070 f i SocketComm.obj
 0001:000070a0       ??$_Move_cat@PAU_SC_ATTR@CSocketComm@@@std@@YA?AU_Undefined_move_tag@0@ABQAU_SC_ATTR@CSocketComm@@@Z 100080a0 f i SocketComm.obj
 0001:000070b0       ?_Checked_iterator_assign_from_base@?$_Vector_iterator@U_SC_ATTR@CSocketComm@@V?$allocator@U_SC_ATTR@CSocketComm@@@std@@@std@@QAEXPAU_SC_ATTR@CSocketComm@@@Z 100080b0 f i SocketComm.obj
 0001:000070c0       ??$_Checked_base@PAU_SC_ATTR@CSocketComm@@@std@@YAPAU_SC_ATTR@CSocketComm@@AAPAU12@U_Unchanged_checked_iterator_base_type_tag@0@@Z 100080c0 f i SocketComm.obj
 0001:000070d0       ??$_Copy_opt@PAU_SC_ATTR@CSocketComm@@PAU12@Uforward_iterator_tag@std@@@std@@YAPAU_SC_ATTR@CSocketComm@@PAU12@00Uforward_iterator_tag@0@U_Nonscalar_ptr_iterator_tag@0@U_Range_checked_iterator_tag@0@@Z 100080d0 f i SocketComm.obj
 0001:00007100       ??$_Construct@U_SC_ATTR@CSocketComm@@U12@@std@@YAXPAU_SC_ATTR@CSocketComm@@ABU12@@Z 10008100 f i SocketComm.obj
 0001:00007120       ??$_Destroy@U_SC_ATTR@CSocketComm@@@std@@YAXPAU_SC_ATTR@CSocketComm@@@Z 10008120 f i SocketComm.obj
 0001:00007130       ?_Checked_iterator_base@?$_Vector_iterator@U_SC_ATTR@CSocketComm@@V?$allocator@U_SC_ATTR@CSocketComm@@@std@@@std@@QBEPAU_SC_ATTR@CSocketComm@@XZ 10008130 f i SocketComm.obj
 0001:00007140       ??$_Copy_backward_opt@PAU_SC_ATTR@CSocketComm@@PAU12@Uforward_iterator_tag@std@@@std@@YAPAU_SC_ATTR@CSocketComm@@PAU12@00Uforward_iterator_tag@0@U_Nonscalar_ptr_iterator_tag@0@U_Range_checked_iterator_tag@0@@Z 10008140 f i SocketComm.obj
 0001:00007170       ?GetProperty@CSocketComm@@UAEHJKPAX@Z 10008170 f   SocketComm.obj
 0001:000074d0       ?OpenLogFile@CSocketComm@@AAEHK@Z 100084d0 f   SocketComm.obj
 0001:00007680       ?CreateEventHandle@CSocketComm@@AAEHXZ 10008680 f   SocketComm.obj
 0001:00007720       ?_GetClientIndex@CSocketComm@@AAEHI@Z 10008720 f i SocketComm.obj
 0001:000077b0       ??9?$_Vector_const_iterator@U_SC_ATTR@CSocketComm@@V?$allocator@U_SC_ATTR@CSocketComm@@@std@@@std@@QBE_NABV01@@Z 100087b0 f i SocketComm.obj
 0001:000077e0       ??1?$_Container_base_aux_alloc_real@V?$allocator@U_SC_ATTR@CSocketComm@@@std@@@std@@IAE@XZ 100087e0 f i SocketComm.obj
 0001:000077f0       ??0?$_Ranit@U_SC_ATTR@CSocketComm@@HPBU12@ABU12@@std@@QAE@XZ 100087f0 f i SocketComm.obj
 0001:00007800       ?max_size@?$vector@U_SC_ATTR@CSocketComm@@V?$allocator@U_SC_ATTR@CSocketComm@@@std@@@std@@QBEIXZ 10008800 f i SocketComm.obj
 0001:00007810       ?allocate@?$allocator@U_SC_ATTR@CSocketComm@@@std@@QAEPAU_SC_ATTR@CSocketComm@@I@Z 10008810 f i SocketComm.obj
 0001:00007830       ??0?$_Vector_const_iterator@U_SC_ATTR@CSocketComm@@V?$allocator@U_SC_ATTR@CSocketComm@@@std@@@std@@QAE@PAU_SC_ATTR@CSocketComm@@PBV_Container_base_aux@1@@Z 10008830 f i SocketComm.obj
 0001:00007870       ??Y?$_Vector_iterator@U_SC_ATTR@CSocketComm@@V?$allocator@U_SC_ATTR@CSocketComm@@@std@@@std@@QAEAAV01@H@Z 10008870 f i SocketComm.obj
 0001:000078c0       ??$_Checked_assign_from_base@V?$_Vector_iterator@U_SC_ATTR@CSocketComm@@V?$allocator@U_SC_ATTR@CSocketComm@@@std@@@std@@PAU_SC_ATTR@CSocketComm@@@std@@YAXAAV?$_Vector_iterator@U_SC_ATTR@CSocketComm@@V?$allocator@U_SC_ATTR@CSocketComm@@@std@@@0@ABQAU_SC_ATTR@CSocketComm@@@Z 100088c0 f i SocketComm.obj
 0001:000078d0       ??$_Checked_base@PAU_SC_ATTR@CSocketComm@@@std@@YAPAU_SC_ATTR@CSocketComm@@AAPAU12@@Z 100088d0 f i SocketComm.obj
 0001:000078e0       ??$_Copy_opt@PAU_SC_ATTR@CSocketComm@@PAU12@@std@@YAPAU_SC_ATTR@CSocketComm@@PAU12@00Urandom_access_iterator_tag@0@U_Nonscalar_ptr_iterator_tag@0@U_Range_checked_iterator_tag@0@@Z 100088e0 f i SocketComm.obj
 0001:00007930       ?construct@?$allocator@U_SC_ATTR@CSocketComm@@@std@@QAEXPAU_SC_ATTR@CSocketComm@@ABU34@@Z 10008930 f i SocketComm.obj
 0001:00007950       ?destroy@?$allocator@U_SC_ATTR@CSocketComm@@@std@@QAEXPAU_SC_ATTR@CSocketComm@@@Z 10008950 f i SocketComm.obj
 0001:00007960       ??$_Checked_base@V?$_Vector_iterator@U_SC_ATTR@CSocketComm@@V?$allocator@U_SC_ATTR@CSocketComm@@@std@@@std@@U_Different_checked_iterator_base_type_tag@2@@std@@YAPAU_SC_ATTR@CSocketComm@@AAV?$_Vector_iterator@U_SC_ATTR@CSocketComm@@V?$allocator@U_SC_ATTR@CSocketComm@@@std@@@0@U_Different_checked_iterator_base_type_tag@0@@Z 10008960 f i SocketComm.obj
 0001:00007970       ??$_Copy_backward_opt@PAU_SC_ATTR@CSocketComm@@PAU12@@std@@YAPAU_SC_ATTR@CSocketComm@@PAU12@00Urandom_access_iterator_tag@0@U_Nonscalar_ptr_iterator_tag@0@U_Range_checked_iterator_tag@0@@Z 10008970 f i SocketComm.obj
 0001:000079d0       ??$_Uninit_copy@PAU_SC_ATTR@CSocketComm@@PAU12@V?$allocator@U_SC_ATTR@CSocketComm@@@std@@@std@@YAPAU_SC_ATTR@CSocketComm@@PAU12@00AAV?$allocator@U_SC_ATTR@CSocketComm@@@0@U_Nonscalar_ptr_iterator_tag@0@U_Range_checked_iterator_tag@0@@Z 100089d0 f i SocketComm.obj
 0001:00007a00       ?Read@CSocketComm@@UAEKPAXKKK@Z 10008a00 f   SocketComm.obj
 0001:00007bb0       ??1?$_Vector_val@U_SC_ATTR@CSocketComm@@V?$allocator@U_SC_ATTR@CSocketComm@@@std@@@std@@QAE@XZ 10008bb0 f i SocketComm.obj
 0001:00007bc0       ??0?$_Vector_iterator@U_SC_ATTR@CSocketComm@@V?$allocator@U_SC_ATTR@CSocketComm@@@std@@@std@@QAE@PAU_SC_ATTR@CSocketComm@@PBV_Container_base_aux@1@@Z 10008bc0 f i SocketComm.obj
 0001:00007c00       ??0?$_Vector_const_iterator@U_SC_ATTR@CSocketComm@@V?$allocator@U_SC_ATTR@CSocketComm@@@std@@@std@@QAE@XZ 10008c00 f i SocketComm.obj
 0001:00007c10       ??0?$_Container_base_aux_alloc_real@V?$allocator@U_SC_ATTR@CSocketComm@@@std@@@std@@IAE@V?$allocator@U_SC_ATTR@CSocketComm@@@1@@Z 10008c10 f i SocketComm.obj
 0001:00007c40       ??H?$_Vector_iterator@U_SC_ATTR@CSocketComm@@V?$allocator@U_SC_ATTR@CSocketComm@@@std@@@std@@QBE?AV01@H@Z 10008c40 f i SocketComm.obj
 0001:00007c90       ??$unchecked_copy@PAU_SC_ATTR@CSocketComm@@PAU12@@stdext@@YAPAU_SC_ATTR@CSocketComm@@PAU12@00@Z 10008c90 f i SocketComm.obj
 0001:00007cc0       ??$fill@PAU_SC_ATTR@CSocketComm@@U12@@std@@YAXPAU_SC_ATTR@CSocketComm@@0ABU12@@Z 10008cc0 f i SocketComm.obj
 0001:00007cf0       ??$_Checked_base@V?$_Vector_iterator@U_SC_ATTR@CSocketComm@@V?$allocator@U_SC_ATTR@CSocketComm@@@std@@@std@@@std@@YAPAU_SC_ATTR@CSocketComm@@AAV?$_Vector_iterator@U_SC_ATTR@CSocketComm@@V?$allocator@U_SC_ATTR@CSocketComm@@@std@@@0@@Z 10008cf0 f i SocketComm.obj
 0001:00007d00       ??$_Destroy_range@V?$allocator@U_SC_ATTR@CSocketComm@@@std@@@std@@YAXPAU_SC_ATTR@CSocketComm@@0AAV?$allocator@U_SC_ATTR@CSocketComm@@@0@U_Nonscalar_ptr_iterator_tag@0@@Z 10008d00 f i SocketComm.obj
 0001:00007d10       ??$_Uninit_fill_n@PAU_SC_ATTR@CSocketComm@@IU12@V?$allocator@U_SC_ATTR@CSocketComm@@@std@@@std@@YAXPAU_SC_ATTR@CSocketComm@@IABU12@AAV?$allocator@U_SC_ATTR@CSocketComm@@@0@U_Nonscalar_ptr_iterator_tag@0@U_Range_checked_iterator_tag@0@@Z 10008d10 f i SocketComm.obj
 0001:00007d40       ??$_Move_backward_opt@PAU_SC_ATTR@CSocketComm@@PAU12@Urandom_access_iterator_tag@std@@U_Undefined_move_tag@4@@std@@YAPAU_SC_ATTR@CSocketComm@@PAU12@00Urandom_access_iterator_tag@0@U_Undefined_move_tag@0@U_Range_checked_iterator_tag@0@@Z 10008d40 f i SocketComm.obj
 0001:00007d70       ??$unchecked_uninitialized_copy@PAU_SC_ATTR@CSocketComm@@PAU12@V?$allocator@U_SC_ATTR@CSocketComm@@@std@@@stdext@@YAPAU_SC_ATTR@CSocketComm@@PAU12@00AAV?$allocator@U_SC_ATTR@CSocketComm@@@std@@@Z 10008d70 f i SocketComm.obj
 0001:00007da0       ?begin@?$vector@U_SC_ATTR@CSocketComm@@V?$allocator@U_SC_ATTR@CSocketComm@@@std@@@std@@QAE?AV?$_Vector_iterator@U_SC_ATTR@CSocketComm@@V?$allocator@U_SC_ATTR@CSocketComm@@@std@@@2@XZ 10008da0 f i SocketComm.obj
 0001:00007dd0       ?end@?$vector@U_SC_ATTR@CSocketComm@@V?$allocator@U_SC_ATTR@CSocketComm@@@std@@@std@@QAE?AV?$_Vector_iterator@U_SC_ATTR@CSocketComm@@V?$allocator@U_SC_ATTR@CSocketComm@@@std@@@2@XZ 10008dd0 f i SocketComm.obj
 0001:00007e00       ??0?$_Vector_iterator@U_SC_ATTR@CSocketComm@@V?$allocator@U_SC_ATTR@CSocketComm@@@std@@@std@@QAE@XZ 10008e00 f i SocketComm.obj
 0001:00007e10       ?_Make_iter@?$vector@U_SC_ATTR@CSocketComm@@V?$allocator@U_SC_ATTR@CSocketComm@@@std@@@std@@QBE?AV?$_Vector_iterator@U_SC_ATTR@CSocketComm@@V?$allocator@U_SC_ATTR@CSocketComm@@@std@@@2@V?$_Vector_const_iterator@U_SC_ATTR@CSocketComm@@V?$allocator@U_SC_ATTR@CSocketComm@@@std@@@2@@Z 10008e10 f i SocketComm.obj
 0001:00007e50       ??0?$_Vector_val@U_SC_ATTR@CSocketComm@@V?$allocator@U_SC_ATTR@CSocketComm@@@std@@@std@@IAE@V?$allocator@U_SC_ATTR@CSocketComm@@@1@@Z 10008e50 f i SocketComm.obj
 0001:00007e80       ??$find@V?$_Vector_iterator@U_SC_ATTR@CSocketComm@@V?$allocator@U_SC_ATTR@CSocketComm@@@std@@@std@@U_SC_ATTR@CSocketComm@@@std@@YA?AV?$_Vector_iterator@U_SC_ATTR@CSocketComm@@V?$allocator@U_SC_ATTR@CSocketComm@@@std@@@0@V10@0ABU_SC_ATTR@CSocketComm@@@Z 10008e80 f i SocketComm.obj
 0001:00007ec0       ??$_Destroy_range@V?$allocator@U_SC_ATTR@CSocketComm@@@std@@@std@@YAXPAU_SC_ATTR@CSocketComm@@0AAV?$allocator@U_SC_ATTR@CSocketComm@@@0@@Z 10008ec0 f i SocketComm.obj
 0001:00007ed0       ??$unchecked_uninitialized_fill_n@PAU_SC_ATTR@CSocketComm@@IU12@V?$allocator@U_SC_ATTR@CSocketComm@@@std@@@stdext@@YAXPAU_SC_ATTR@CSocketComm@@IABU12@AAV?$allocator@U_SC_ATTR@CSocketComm@@@std@@@Z 10008ed0 f i SocketComm.obj
 0001:00007f00       ??$_Unchecked_move_backward@PAU_SC_ATTR@CSocketComm@@PAU12@@stdext@@YAPAU_SC_ATTR@CSocketComm@@PAU12@00@Z 10008f00 f i SocketComm.obj
 0001:00007f30       ??$_Uninit_move@PAU_SC_ATTR@CSocketComm@@PAU12@V?$allocator@U_SC_ATTR@CSocketComm@@@std@@U_Undefined_move_tag@4@@std@@YAPAU_SC_ATTR@CSocketComm@@PAU12@00AAV?$allocator@U_SC_ATTR@CSocketComm@@@0@U_Undefined_move_tag@0@U_Range_checked_iterator_tag@0@@Z 10008f30 f i SocketComm.obj
 0001:00007f60       ?_Destroy@?$vector@U_SC_ATTR@CSocketComm@@V?$allocator@U_SC_ATTR@CSocketComm@@@std@@@std@@IAEXPAU_SC_ATTR@CSocketComm@@0@Z 10008f60 f i SocketComm.obj
 0001:00007f70       ?_Tidy@?$vector@U_SC_ATTR@CSocketComm@@V?$allocator@U_SC_ATTR@CSocketComm@@@std@@@std@@IAEXXZ 10008f70 f i SocketComm.obj
 0001:00007fa0       ?_Ufill@?$vector@U_SC_ATTR@CSocketComm@@V?$allocator@U_SC_ATTR@CSocketComm@@@std@@@std@@IAEPAU_SC_ATTR@CSocketComm@@PAU34@IABU34@@Z 10008fa0 f i SocketComm.obj
 0001:00007fe0       ??$_Unchecked_uninitialized_move@PAU_SC_ATTR@CSocketComm@@PAU12@V?$allocator@U_SC_ATTR@CSocketComm@@@std@@@stdext@@YAPAU_SC_ATTR@CSocketComm@@PAU12@00AAV?$allocator@U_SC_ATTR@CSocketComm@@@std@@@Z 10008fe0 f i SocketComm.obj
 0001:00008010       ??1?$vector@U_SC_ATTR@CSocketComm@@V?$allocator@U_SC_ATTR@CSocketComm@@@std@@@std@@QAE@XZ 10009010 f i SocketComm.obj
 0001:00008050       ?erase@?$vector@U_SC_ATTR@CSocketComm@@V?$allocator@U_SC_ATTR@CSocketComm@@@std@@@std@@QAE?AV?$_Vector_iterator@U_SC_ATTR@CSocketComm@@V?$allocator@U_SC_ATTR@CSocketComm@@@std@@@2@V?$_Vector_const_iterator@U_SC_ATTR@CSocketComm@@V?$allocator@U_SC_ATTR@CSocketComm@@@std@@@2@@Z 10009050 f i SocketComm.obj
 0001:000080c0       ?erase@?$vector@U_SC_ATTR@CSocketComm@@V?$allocator@U_SC_ATTR@CSocketComm@@@std@@@std@@QAE?AV?$_Vector_iterator@U_SC_ATTR@CSocketComm@@V?$allocator@U_SC_ATTR@CSocketComm@@@std@@@2@V?$_Vector_const_iterator@U_SC_ATTR@CSocketComm@@V?$allocator@U_SC_ATTR@CSocketComm@@@std@@@2@0@Z 100090c0 f i SocketComm.obj
 0001:00008150       ??$_Umove@PAU_SC_ATTR@CSocketComm@@@?$vector@U_SC_ATTR@CSocketComm@@V?$allocator@U_SC_ATTR@CSocketComm@@@std@@@std@@IAEPAU_SC_ATTR@CSocketComm@@PAU23@00@Z 10009150 f i SocketComm.obj
 0001:00008180       ?_Write@CSocketComm@@AAEKAAU_SC_ATTR@1@PAXK@Z 10009180 f   SocketComm.obj
 0001:00008460       ?clear@?$vector@U_SC_ATTR@CSocketComm@@V?$allocator@U_SC_ATTR@CSocketComm@@@std@@@std@@QAEXXZ 10009460 f i SocketComm.obj
 0001:000084a0       ?_Xlen@?$vector@U_SC_ATTR@CSocketComm@@V?$allocator@U_SC_ATTR@CSocketComm@@@std@@@std@@KAXXZ 100094a0 f i SocketComm.obj
 0001:00008520       ?Close@CSocketComm@@UAEXXZ 10009520 f   SocketComm.obj
 0001:000086e0       ?Write@CSocketComm@@UAEKPAXKK@Z 100096e0 f   SocketComm.obj
 0001:00008900       ?_Buy@?$vector@U_SC_ATTR@CSocketComm@@V?$allocator@U_SC_ATTR@CSocketComm@@@std@@@std@@IAE_NI@Z 10009900 f i SocketComm.obj
 0001:00008950       ?_Insert_n@?$vector@U_SC_ATTR@CSocketComm@@V?$allocator@U_SC_ATTR@CSocketComm@@@std@@@std@@IAEXV?$_Vector_const_iterator@U_SC_ATTR@CSocketComm@@V?$allocator@U_SC_ATTR@CSocketComm@@@std@@@2@IABU_SC_ATTR@CSocketComm@@@Z 10009950 f i SocketComm.obj
 0001:00008be0       ??1CSocketComm@@UAE@XZ     10009be0 f   SocketComm.obj
 0001:00008cb0       ??0?$vector@U_SC_ATTR@CSocketComm@@V?$allocator@U_SC_ATTR@CSocketComm@@@std@@@std@@QAE@XZ 10009cb0 f i SocketComm.obj
 0001:00008d10       ?insert@?$vector@U_SC_ATTR@CSocketComm@@V?$allocator@U_SC_ATTR@CSocketComm@@@std@@@std@@QAE?AV?$_Vector_iterator@U_SC_ATTR@CSocketComm@@V?$allocator@U_SC_ATTR@CSocketComm@@@std@@@2@V?$_Vector_const_iterator@U_SC_ATTR@CSocketComm@@V?$allocator@U_SC_ATTR@CSocketComm@@@std@@@2@ABU_SC_ATTR@CSocketComm@@@Z 10009d10 f i SocketComm.obj
 0001:00008de0       ??0CSocketComm@@QAE@XZ     10009de0 f   SocketComm.obj
 0001:00008f40       ??_ECSocketComm@@UAEPAXI@Z 10009f40 f i SocketComm.obj
 0001:00008f40       ??_GCSocketComm@@UAEPAXI@Z 10009f40 f i SocketComm.obj
 0001:00008f60       ?push_back@?$vector@U_SC_ATTR@CSocketComm@@V?$allocator@U_SC_ATTR@CSocketComm@@@std@@@std@@QAEXABU_SC_ATTR@CSocketComm@@@Z 10009f60 f i SocketComm.obj
 0001:00009000       ?WS32_Accept@CSocketComm@@AAEHXZ 1000a000 f   SocketComm.obj
 0001:000092a0       ?WS32_ProcessRead@CSocketComm@@AAEHXZ 1000a2a0 f   SocketComm.obj
 0001:00009950       ?WS32_Thread@CSocketComm@@AAGKXZ 1000a950 f   SocketComm.obj
 0001:000099e0       ?WS32_GetThreadFunc@CSocketComm@@CGKPAX@Z 1000a9e0 f   SocketComm.obj
 0001:000099f0       ?WS32_CreateThread@CSocketComm@@AAEHXZ 1000a9f0 f   SocketComm.obj
 0001:00009a70       ?CreateServer@CSocketComm@@AAEHKK@Z 1000aa70 f   SocketComm.obj
 0001:00009cb0       ?CreateClient@CSocketComm@@AAEHKK@Z 1000acb0 f   SocketComm.obj
 0001:0000a040       ?Open@CSocketComm@@UAEHQAU_CHANNEL_ATTRIBUTE@@@Z 1000b040 f   SocketComm.obj
 0001:0000a2c0       ??1ISpLog@@UAE@XZ          1000b2c0 f i SpLog.obj
 0001:0000a2d0       ??_EISpLog@@UAEPAXI@Z      1000b2d0 f i SpLog.obj
 0001:0000a2d0       ??_GISpLog@@UAEPAXI@Z      1000b2d0 f i SpLog.obj
 0001:0000a2f0       ?GetLocalTime@CSpLog@@IBEPBDXZ 1000b2f0 f i SpLog.obj
 0001:0000a350       ??0ISpLog@@QAE@XZ          1000b350 f i SpLog.obj
 0001:0000a360       ?Close@CSpLog@@UAEHXZ      1000b360 f   SpLog.obj
 0001:0000a3f0       ?GetProperty@CSpLog@@UAEHJJPAX@Z 1000b3f0 f   SpLog.obj
 0001:0000a620       ?WriteConsoleWindow@CSpLog@@IAEXPBXK@Z 1000b620 f   SpLog.obj
 0001:0000a660       ?AllocConsoleWindow@CSpLog@@IAEXXZ 1000b660 f   SpLog.obj
 0001:0000a730       ?CreateMultiDirectory@CSpLog@@IAEHPB_W@Z 1000b730 f   SpLog.obj
 0001:0000a8b0       ?GetLogExtension@CSpLog@@IAEXPB_WPA_WH@Z 1000b8b0 f   SpLog.obj
 0001:0000a990       ?GetLogFilePath@CSpLog@@IAEXPB_WPA_WH@Z 1000b990 f   SpLog.obj
 0001:0000abd0       ?GetBinFilePath@CSpLog@@IAEXPB_WPA_WH@Z 1000bbd0 f   SpLog.obj
 0001:0000acf0       ?GetNextPartLog@CSpLog@@IAEXPB_WPA_WI@Z 1000bcf0 f   SpLog.obj
 0001:0000ae00       ?OpenFile@CSpLog@@IAEPAXPB_W@Z 1000be00 f   SpLog.obj
 0001:0000ae60       ??0CFnLog@@QAA@PAVISpLog@@PBD1ZZ 1000be60 f   SpLog.obj
 0001:0000af70       ??0CFnLog@@QAA@PAVISpLog@@PB_W1ZZ 1000bf70 f   SpLog.obj
 0001:0000b0d0       ??1CFnLog@@UAE@XZ          1000c0d0 f   SpLog.obj
 0001:0000b100       ??0CSpLog@@QAE@XZ          1000c100 f   SpLog.obj
 0001:0000b320       ?Release@CSpLog@@UAEXXZ    1000c320 f i SpLog.obj
 0001:0000b330       ??1CSpLog@@UAE@XZ          1000c330 f   SpLog.obj
 0001:0000b380       ?Open@CSpLog@@UAEHPB_WIII@Z 1000c380 f   SpLog.obj
 0001:0000b530       ?SetProperty@CSpLog@@UAEHJJPBX@Z 1000c530 f   SpLog.obj
 0001:0000b7e0       ?WriteLog@CSpLog@@IAEHAAPAXPB_WAAIPBXK@Z 1000c7e0 f   SpLog.obj
 0001:0000b900       ?LogString@CSpLog@@IAEHPBD@Z 1000c900 f   SpLog.obj
 0001:0000b9d0       ?LogHexData@CSpLog@@UAEHPBEKI@Z 1000c9d0 f   SpLog.obj
 0001:0000ba30       ?LogRawStrA@CSpLog@@UAEHIPBD@Z 1000ca30 f   SpLog.obj
 0001:0000ba60       ?LogRawStrW@CSpLog@@UAEHIPB_W@Z 1000ca60 f   SpLog.obj
 0001:0000bb00       ?LogFmtStrA@CSpLog@@UAAHIPBDZZ 1000cb00 f   SpLog.obj
 0001:0000bbc0       ?LogFmtStrW@CSpLog@@UAAHIPB_WZZ 1000cbc0 f   SpLog.obj
 0001:0000bcc0       ?LogBufData@CSpLog@@UAEHIPBEKIPBK@Z 1000ccc0 f   SpLog.obj
 0001:0000c080       ??_ECFnLog@@UAEPAXI@Z      1000d080 f i SpLog.obj
 0001:0000c080       ??_GCFnLog@@UAEPAXI@Z      1000d080 f i SpLog.obj
 0001:0000c0a0       ??_ECSpLog@@UAEPAXI@Z      1000d0a0 f i SpLog.obj
 0001:0000c0a0       ??_GCSpLog@@UAEPAXI@Z      1000d0a0 f i SpLog.obj
 0001:0000c0c0       ?InitLog@CUartComm@@UAEHPB_WIIPAVISpLog@@0@Z 1000d0c0 f   UartComm.obj
 0001:0000c270       ?GetReceiver@CUartComm@@UAEXAAKAAHAAPAX@Z 1000d270 f   UartComm.obj
 0001:0000c2a0       ?Read@CUartComm@@UAEKPAXKKK@Z 1000d2a0 f   UartComm.obj
 0001:0000c5f0       ?_Read@CUartComm@@AAEKPAXK@Z 1000d5f0 f   UartComm.obj
 0001:0000c750       ?Write@CUartComm@@UAEKPAXKK@Z 1000d750 f   UartComm.obj
 0001:0000c910       ?Clear@CUartComm@@UAEHXZ   1000d910 f   UartComm.obj
 0001:0000ca00       ?FreeMem@CUartComm@@UAEXPAX@Z 1000da00 f   UartComm.obj
 0001:0000ca10       ?GetProperty@CUartComm@@UAEHJKPAX@Z 1000da10 f   UartComm.obj
 0001:0000cac0       ?SendDataToUplevel@CUartComm@@AAEXPBXK@Z 1000dac0 f   UartComm.obj
 0001:0000cbf0       ?CloseLogFile@CUartComm@@AAEXXZ 1000dbf0 f   UartComm.obj
 0001:0000cc10       ?GetAppPath@CUartComm@@AAEHPA_WK@Z 1000dc10 f   UartComm.obj
 0001:0000ccd0       ?StopUartWatch@CUartComm@@AAEXXZ 1000dcd0 f   UartComm.obj
 0001:0000cd60       ?LoadConfig@CUartComm@@AAEHXZ 1000dd60 f   UartComm.obj
 0001:0000cfb0       ?_SetCommState@CUartComm@@AAEHPAXK@Z 1000dfb0 f   UartComm.obj
 0001:0000d4e0       ?_SetCommTimeouts@CUartComm@@AAEHPAX@Z 1000e4e0 f   UartComm.obj
 0001:0000d540       ?CloseEventHandle@CUartComm@@AAEXXZ 1000e540 f   UartComm.obj
 0001:0000d5a0       ?NotifyWndProc@@YGJPAUHWND__@@IIJ@Z 1000e5a0 f   UartComm.obj
 0001:0000d6a0       ?StopDevNtfThread@CUartComm@@AAEXXZ 1000e6a0 f   UartComm.obj
 0001:0000d6e0       ?DevNtfProc@CUartComm@@AAEXXZ 1000e6e0 f   UartComm.obj
 0001:0000d850       ??0CUartComm@@QAE@XZ       1000e850 f   UartComm.obj
 0001:0000d9d0       ?Close@CUartComm@@UAEXXZ   1000e9d0 f   UartComm.obj
 0001:0000dab0       ?UartWatchProc@CUartComm@@AAGKXZ 1000eab0 f   UartComm.obj
 0001:0000dd50       ?OpenLogFile@CUartComm@@AAEHK@Z 1000ed50 f   UartComm.obj
 0001:0000df20       ?CreateEventHandle@CUartComm@@AAEHXZ 1000ef20 f   UartComm.obj
 0001:0000e070       ?GetDevNtfProc@CUartComm@@CGKPAX@Z 1000f070 f   UartComm.obj
 0001:0000e090       ??1CUartComm@@UAE@XZ       1000f090 f   UartComm.obj
 0001:0000e130       ?GetThreadProc@CUartComm@@CGKPAX@Z 1000f130 f   UartComm.obj
 0001:0000e140       ?StartUartWatch@CUartComm@@AAEHPAX@Z 1000f140 f   UartComm.obj
 0001:0000e250       ?StartDevNtfThread@CUartComm@@AAEXXZ 1000f250 f   UartComm.obj
 0001:0000e270       ??_GCUartComm@@UAEPAXI@Z   1000f270 f i UartComm.obj
 0001:0000e270       ??_ECUartComm@@UAEPAXI@Z   1000f270 f i UartComm.obj
 0001:0000e290       ?SetReceiver@CUartComm@@UAEHKHPBX@Z 1000f290 f   UartComm.obj
 0001:0000e300       ?Open@CUartComm@@UAEHQAU_CHANNEL_ATTRIBUTE@@@Z 1000f300 f   UartComm.obj
 0001:0000e5e0       ?SetProperty@CUartComm@@UAEHJKPBX@Z 1000f5e0 f   UartComm.obj
 0001:0000e758       _GetModuleFileNameW@12     1000f758 f   kernel32:KERNEL32.dll
 0001:0000e75e       _VirtualAlloc@16           1000f75e f   kernel32:KERNEL32.dll
 0001:0000e764       _VirtualFree@12            1000f764 f   kernel32:KERNEL32.dll
 0001:0000e76a       _VirtualQuery@12           1000f76a f   kernel32:KERNEL32.dll
 0001:0000e770       _SleepEx@8                 1000f770 f   kernel32:KERNEL32.dll
 0001:0000e776       _GetCurrentThreadId@0      1000f776 f   kernel32:KERNEL32.dll
 0001:0000e77c       _GetTickCount@0            1000f77c f   kernel32:KERNEL32.dll
 0001:0000e782       _GetSystemInfo@4           1000f782 f   kernel32:KERNEL32.dll
 0001:0000e788       _GetLastError@0            1000f788 f   kernel32:KERNEL32.dll
 0001:0000e78e       _Sleep@4                   1000f78e f   kernel32:KERNEL32.dll
 0001:0000e794       _CloseHandle@4             1000f794 f   kernel32:KERNEL32.dll
 0001:0000e79a       _WaitForSingleObject@8     1000f79a f   kernel32:KERNEL32.dll
 0001:0000e7a0       _GetPrivateProfileIntW@16  1000f7a0 f   kernel32:KERNEL32.dll
 0001:0000e7a6       _ReadFile@20               1000f7a6 f   kernel32:KERNEL32.dll
 0001:0000e7ac       _GetFileSize@8             1000f7ac f   kernel32:KERNEL32.dll
 0001:0000e7b2       _CreateFileW@28            1000f7b2 f   kernel32:KERNEL32.dll
 0001:0000e7b8       _GetLocalTime@4            1000f7b8 f   kernel32:KERNEL32.dll
 0001:0000e7be       _SetThreadPriority@8       1000f7be f   kernel32:KERNEL32.dll
 0001:0000e7c4       _CreateThread@24           1000f7c4 f   kernel32:KERNEL32.dll
 0001:0000e7ca       _SetEvent@4                1000f7ca f   kernel32:KERNEL32.dll
 0001:0000e7d0       _ResetEvent@4              1000f7d0 f   kernel32:KERNEL32.dll
 0001:0000e7d6       _CreateEventW@16           1000f7d6 f   kernel32:KERNEL32.dll
 0001:0000e7dc       _WaitForMultipleObjects@16 1000f7dc f   kernel32:KERNEL32.dll
 0001:0000e7e2       _FreeConsole@0             1000f7e2 f   kernel32:KERNEL32.dll
 0001:0000e7e8       _FlushFileBuffers@4        1000f7e8 f   kernel32:KERNEL32.dll
 0001:0000e7ee       _IsBadWritePtr@8           1000f7ee f   kernel32:KERNEL32.dll
 0001:0000e7f4       _WriteConsoleW@20          1000f7f4 f   kernel32:KERNEL32.dll
 0001:0000e7fa       _GetConsoleWindow@0        1000f7fa f   kernel32:KERNEL32.dll
 0001:0000e800       _SetConsoleTitleW@4        1000f800 f   kernel32:KERNEL32.dll
 0001:0000e806       _SetConsoleWindowInfo@12   1000f806 f   kernel32:KERNEL32.dll
 0001:0000e80c       _SetConsoleScreenBufferSize@8 1000f80c f   kernel32:KERNEL32.dll
 0001:0000e812       _GetStdHandle@4            1000f812 f   kernel32:KERNEL32.dll
 0001:0000e818       _AllocConsole@0            1000f818 f   kernel32:KERNEL32.dll
 0001:0000e81e       _CreateDirectoryW@8        1000f81e f   kernel32:KERNEL32.dll
 0001:0000e824       _GetFileAttributesW@4      1000f824 f   kernel32:KERNEL32.dll
 0001:0000e82a       _lstrlenW@4                1000f82a f   kernel32:KERNEL32.dll
 0001:0000e830       _SetFilePointer@16         1000f830 f   kernel32:KERNEL32.dll
 0001:0000e836       _WideCharToMultiByte@32    1000f836 f   kernel32:KERNEL32.dll
 0001:0000e83c       _GetTempPathW@8            1000f83c f   kernel32:KERNEL32.dll
 0001:0000e842       _WriteFile@20              1000f842 f   kernel32:KERNEL32.dll
 0001:0000e848       _lstrlenA@4                1000f848 f   kernel32:KERNEL32.dll
 0001:0000e84e       _lstrcatA@8                1000f84e f   kernel32:KERNEL32.dll
 0001:0000e854       _GetOverlappedResult@16    1000f854 f   kernel32:KERNEL32.dll
 0001:0000e85a       _SetCommMask@8             1000f85a f   kernel32:KERNEL32.dll
 0001:0000e860       _GetCommMask@8             1000f860 f   kernel32:KERNEL32.dll
 0001:0000e866       _WaitCommEvent@12          1000f866 f   kernel32:KERNEL32.dll
 0001:0000e86c       _ClearCommError@12         1000f86c f   kernel32:KERNEL32.dll
 0001:0000e872       _PurgeComm@8               1000f872 f   kernel32:KERNEL32.dll
 0001:0000e878       _SetupComm@12              1000f878 f   kernel32:KERNEL32.dll
 0001:0000e87e       _SetCommState@8            1000f87e f   kernel32:KERNEL32.dll
 0001:0000e884       _GetCommState@8            1000f884 f   kernel32:KERNEL32.dll
 0001:0000e88a       _SetCommTimeouts@8         1000f88a f   kernel32:KERNEL32.dll
 0001:0000e890       _GetModuleHandleW@4        1000f890 f   kernel32:KERNEL32.dll
 0001:0000e896       _PostMessageW@16           1000f896 f   user32:USER32.dll
 0001:0000e89c       _PostThreadMessageW@16     1000f89c f   user32:USER32.dll
 0001:0000e8a2       _ShowWindow@8              1000f8a2 f   user32:USER32.dll
 0001:0000e8a8       _EnableMenuItem@12         1000f8a8 f   user32:USER32.dll
 0001:0000e8ae       _GetSystemMenu@8           1000f8ae f   user32:USER32.dll
 0001:0000e8b4       _GetWindowLongW@8          1000f8b4 f   user32:USER32.dll
 0001:0000e8ba       _UnregisterClassW@8        1000f8ba f   user32:USER32.dll
 0001:0000e8c0       _DispatchMessageW@4        1000f8c0 f   user32:USER32.dll
 0001:0000e8c6       _TranslateMessage@4        1000f8c6 f   user32:USER32.dll
 0001:0000e8cc       _GetMessageW@16            1000f8cc f   user32:USER32.dll
 0001:0000e8d2       _SetWindowLongW@12         1000f8d2 f   user32:USER32.dll
 0001:0000e8d8       _CreateWindowExW@48        1000f8d8 f   user32:USER32.dll
 0001:0000e8de       _RegisterClassExW@4        1000f8de f   user32:USER32.dll
 0001:0000e8e4       ??0invalid_argument@std@@QAE@ABV?$basic_string@DU?$char_traits@D@std@@V?$allocator@D@2@@1@@Z 1000f8e4 f i libcpmt:string.obj
 0001:0000e901       ??1invalid_argument@std@@UAE@XZ 1000f901 f i libcpmt:string.obj
 0001:0000e90c       ??_Einvalid_argument@std@@UAEPAXI@Z 1000f90c f i libcpmt:string.obj
 0001:0000e90c       ??_Ginvalid_argument@std@@UAEPAXI@Z 1000f90c f i libcpmt:string.obj
 0001:0000e933       ??0out_of_range@std@@QAE@ABV?$basic_string@DU?$char_traits@D@std@@V?$allocator@D@2@@1@@Z 1000f933 f i libcpmt:string.obj
 0001:0000e950       ??1out_of_range@std@@UAE@XZ 1000f950 f i libcpmt:string.obj
 0001:0000e95b       ??_Eout_of_range@std@@UAEPAXI@Z 1000f95b f i libcpmt:string.obj
 0001:0000e95b       ??_Gout_of_range@std@@UAEPAXI@Z 1000f95b f i libcpmt:string.obj
 0001:0000e982       ?_Xlen@_String_base@std@@SAXXZ 1000f982 f   libcpmt:string.obj
 0001:0000e9ba       ?_Xran@_String_base@std@@SAXXZ 1000f9ba f   libcpmt:string.obj
 0001:0000e9f2       ?_Xinvarg@_String_base@std@@SAXXZ 1000f9f2 f   libcpmt:string.obj
 0001:0000ea2a       ??0invalid_argument@std@@QAE@ABV01@@Z 1000fa2a f i libcpmt:string.obj
 0001:0000ea47       ??0out_of_range@std@@QAE@ABV01@@Z 1000fa47 f i libcpmt:string.obj
 0001:0000ea64       ??_U@YAPAXI@Z              1000fa64 f   libcpmt:newaop.obj
 0001:0000ea6f       ?name@type_info@@QBEPBDPAU__type_info_node@@@Z 1000fa6f f   LIBCMT:typinfo.obj
 0001:0000ea83       ??1type_info@@UAE@XZ       1000fa83 f   LIBCMT:typinfo.obj
 0001:0000ea93       ??_Etype_info@@UAEPAXI@Z   1000fa93 f i LIBCMT:typinfo.obj
 0001:0000ea93       ??_Gtype_info@@UAEPAXI@Z   1000fa93 f i LIBCMT:typinfo.obj
 0001:0000eab4       ?_name_internal_method@type_info@@QBEPBDPAU__type_info_node@@@Z 1000fab4 f   LIBCMT:typinfo.obj
 0001:0000eac8       ?_type_info_dtor_internal_method@type_info@@QAEXXZ 1000fac8 f   LIBCMT:typinfo.obj
 0001:0000ead2       ??8type_info@@QBE_NABV0@@Z 1000fad2 f   LIBCMT:typinfo.obj
 0001:0000eaf2       ??9type_info@@QBE_NABV0@@Z 1000faf2 f   LIBCMT:typinfo.obj
 0001:0000eb13       ?before@type_info@@QBEHABV1@@Z 1000fb13 f   LIBCMT:typinfo.obj
 0001:0000eb37       ?raw_name@type_info@@QBEPBDXZ 1000fb37 f   LIBCMT:typinfo.obj
 0001:0000eb3b       ??0type_info@@AAE@ABV0@@Z  1000fb3b f   LIBCMT:typinfo.obj
 0001:0000eb46       ??4type_info@@AAEAAV0@ABV0@@Z 1000fb46 f   LIBCMT:typinfo.obj
 0001:0000eb4b       __purecall                 1000fb4b f   LIBCMT:purevirt.obj
 0001:0000eb75       __set_purecall_handler     1000fb75 f   LIBCMT:purevirt.obj
 0001:0000eb9c       __get_purecall_handler     1000fb9c f   LIBCMT:purevirt.obj
 0001:0000eba9       ??0bad_alloc@std@@QAE@XZ   1000fba9 f i LIBCMT:new.obj
 0001:0000ebc4       ??2@YAPAXI@Z               1000fbc4 f   LIBCMT:new.obj
 0001:0000ec29       _wcschr                    1000fc29 f   LIBCMT:wcschr.obj
 0001:0000ec4f       _wcsrchr                   1000fc4f f   LIBCMT:wcsrchr.obj
 0001:0000ec7b       _memcpy_s                  1000fc7b f   LIBCMT:memcpy_s.obj
 0001:0000ecf8       _memmove_s                 1000fcf8 f   LIBCMT:memmove_s.obj
 0001:0000ed55       ??0exception@std@@QAE@XZ   1000fd55 f   LIBCMT:stdexcpt.obj
 0001:0000ed66       ??0exception@std@@QAE@ABQBD@Z 1000fd66 f   LIBCMT:stdexcpt.obj
 0001:0000edb9       ??0exception@std@@QAE@ABQBDH@Z 1000fdb9 f   LIBCMT:stdexcpt.obj
 0001:0000edd6       ??0exception@std@@QAE@ABV01@@Z 1000fdd6 f   LIBCMT:stdexcpt.obj
 0001:0000ee33       ??4exception@std@@QAEAAV01@ABV01@@Z 1000fe33 f   LIBCMT:stdexcpt.obj
 0001:0000ee8e       ??1exception@std@@UAE@XZ   1000fe8e f   LIBCMT:stdexcpt.obj
 0001:0000eea4       ?what@exception@std@@UBEPBDXZ 1000fea4 f   LIBCMT:stdexcpt.obj
 0001:0000eeb1       ??0bad_cast@std@@QAE@PBD@Z 1000feb1 f   LIBCMT:stdexcpt.obj
 0001:0000eecf       ??0bad_cast@std@@QAE@ABV01@@Z 1000fecf f   LIBCMT:stdexcpt.obj
 0001:0000eeec       ??1bad_cast@std@@UAE@XZ    1000feec f   LIBCMT:stdexcpt.obj
 0001:0000eef7       ??0bad_typeid@std@@QAE@PBD@Z 1000fef7 f   LIBCMT:stdexcpt.obj
 0001:0000ef15       ??0bad_typeid@std@@QAE@ABV01@@Z 1000ff15 f   LIBCMT:stdexcpt.obj
 0001:0000ef32       ??1bad_typeid@std@@UAE@XZ  1000ff32 f   LIBCMT:stdexcpt.obj
 0001:0000ef3d       ??0__non_rtti_object@std@@QAE@PBD@Z 1000ff3d f   LIBCMT:stdexcpt.obj
 0001:0000ef5a       ??0__non_rtti_object@std@@QAE@ABV01@@Z 1000ff5a f   LIBCMT:stdexcpt.obj
 0001:0000ef77       ??1__non_rtti_object@std@@UAE@XZ 1000ff77 f   LIBCMT:stdexcpt.obj
 0001:0000ef82       ??_Gexception@std@@UAEPAXI@Z 1000ff82 f i LIBCMT:stdexcpt.obj
 0001:0000ef82       ??_Eexception@std@@UAEPAXI@Z 1000ff82 f i LIBCMT:stdexcpt.obj
 0001:0000efa3       ??_Gbad_cast@std@@UAEPAXI@Z 1000ffa3 f i LIBCMT:stdexcpt.obj
 0001:0000efa3       ??_Ebad_cast@std@@UAEPAXI@Z 1000ffa3 f i LIBCMT:stdexcpt.obj
 0001:0000efca       ??_Gbad_typeid@std@@UAEPAXI@Z 1000ffca f i LIBCMT:stdexcpt.obj
 0001:0000efca       ??_Ebad_typeid@std@@UAEPAXI@Z 1000ffca f i LIBCMT:stdexcpt.obj
 0001:0000eff1       ??_G__non_rtti_object@std@@UAEPAXI@Z 1000fff1 f i LIBCMT:stdexcpt.obj
 0001:0000eff1       ??_E__non_rtti_object@std@@UAEPAXI@Z 1000fff1 f i LIBCMT:stdexcpt.obj
 0001:0000f018       ??3@YAXPAX@Z               10010018 f   LIBCMT:delete.obj
 0001:0000f023       @__security_check_cookie@4 10010023 f   LIBCMT:secchk.obj
 0001:0000f040       _memset                    10010040 f   LIBCMT:memset.obj
 0001:0000f0c0       _memmove                   100100c0 f   LIBCMT:memmove.obj
 0001:0000f425       __initp_misc_invarg        10010425 f   LIBCMT:invarg.obj
 0001:0000f434       __invoke_watson            10010434 f   LIBCMT:invarg.obj
 0001:0000f55c       __set_invalid_parameter_handler 1001055c f   LIBCMT:invarg.obj
 0001:0000f583       __get_invalid_parameter_handler 10010583 f   LIBCMT:invarg.obj
 0001:0000f590       ?_invoke_watson@@YAXPBG00II@Z 10010590 f   LIBCMT:invarg.obj
 0001:0000f59b       __invalid_parameter        1001059b f   LIBCMT:invarg.obj
 0001:0000f5c1       __invalid_parameter_noinfo 100105c1 f   LIBCMT:invarg.obj
 0001:0000f5d1       ?_invalid_parameter@@YAXPBG00II@Z 100105d1 f   LIBCMT:invarg.obj
 0001:0000f5dc       __CxxThrowException@8      100105dc f   LIBCMT:throw.obj
 0001:0000f628       ?_JumpToContinuation@@YGXPAXPAUEHRegistrationNode@@@Z 10010628 f   LIBCMT:_trnsctrl_.obj
 0001:0000f65a       ?_CallMemberFunction0@@YGXPAX0@Z 1001065a f   LIBCMT:_trnsctrl_.obj
 0001:0000f661       ?_CallMemberFunction1@@YGXPAX00@Z 10010661 f   LIBCMT:_trnsctrl_.obj
 0001:0000f668       ?_CallMemberFunction2@@YGXPAX00H@Z 10010668 f   LIBCMT:_trnsctrl_.obj
 0001:0000f66f       ?_UnwindNestedFrames@@YGXPAUEHRegistrationNode@@PAUEHExceptionRecord@@@Z 1001066f f   LIBCMT:_trnsctrl_.obj
 0001:0000f6c3       ___CxxFrameHandler         100106c3 f   LIBCMT:_trnsctrl_.obj
 0001:0000f6f9       ___CxxFrameHandler3        100106f9 f   LIBCMT:_trnsctrl_.obj
 0001:0000f72f       ___CxxFrameHandler2        1001072f f   LIBCMT:_trnsctrl_.obj
 0001:0000f765       ___CxxLongjmpUnwind@4      10010765 f   LIBCMT:_trnsctrl_.obj
 0001:0000f7b7       ?_CallSETranslator@@YAHPAUEHExceptionRecord@@PAUEHRegistrationNode@@PAX2PBU_s_FuncInfo@@H1@Z 100107b7 f   LIBCMT:_trnsctrl_.obj
 0001:0000f92d       ?_GetRangeOfTrysToCheck@@YAPBU_s_TryBlockMapEntry@@PBU_s_FuncInfo@@HHPAI1@Z 1001092d f   LIBCMT:_trnsctrl_.obj
 0001:0000f9a2       __CreateFrameInfo          100109a2 f   LIBCMT:_trnsctrl_.obj
 0001:0000f9ce       __IsExceptionObjectToBeDestroyed 100109ce f   LIBCMT:_trnsctrl_.obj
 0001:0000f9f5       __FindAndUnlinkFrame       100109f5 f   LIBCMT:_trnsctrl_.obj
 0001:0000fa47       ?_CallCatchBlock2@@YAPAXPAUEHRegistrationNode@@PBU_s_FuncInfo@@PAXHK@Z 10010a47 f   LIBCMT:_trnsctrl_.obj
 0001:0000faa7       _abort                     10010aa7 f   LIBCMT:abort.obj
 0001:0000fbbe       __set_abort_behavior       10010bbe f   LIBCMT:abort.obj
 0001:0000fbdf       _fprintf                   10010bdf f   LIBCMT:fprintf.obj
 0001:0000fcfb       __fprintf_l                10010cfb f   LIBCMT:fprintf.obj
 0001:0000fd17       __fprintf_s_l              10010d17 f   LIBCMT:fprintf.obj
 0001:0000fd33       _fprintf_s                 10010d33 f   LIBCMT:fprintf.obj
 0001:0000fd4e       __fprintf_p_l              10010d4e f   LIBCMT:fprintf.obj
 0001:0000fd6a       __fprintf_p                10010d6a f   LIBCMT:fprintf.obj
 0001:0000fd85       ___iob_func                10010d85 f   LIBCMT:_file.obj
 0001:0000fd8b       ___initstdio               10010d8b f   LIBCMT:_file.obj
 0001:0000fe3c       ___endstdio                10010e3c f   LIBCMT:_file.obj
 0001:0000fe5c       __lock_file                10010e5c f   LIBCMT:_file.obj
 0001:0000fe9d       __lock_file2               10010e9d f   LIBCMT:_file.obj
 0001:0000fecf       __unlock_file              10010ecf f   LIBCMT:_file.obj
 0001:0000ff0b       __unlock_file2             10010f0b f   LIBCMT:_file.obj
 0001:0000ff40       _memcpy                    10010f40 f   LIBCMT:memcpy.obj
 0001:000102a5       __swprintf                 100112a5 f   LIBCMT:swprintf.obj
 0001:0001033d       ___swprintf_l              1001133d f   LIBCMT:swprintf.obj
 0001:00010359       _swprintf_s                10011359 f   LIBCMT:swprintf.obj
 0001:00010377       __snwprintf_s              10011377 f   LIBCMT:swprintf.obj
 0001:00010398       __swprintf_p               10011398 f   LIBCMT:swprintf.obj
 0001:000103b6       __swprintf_s_l             100113b6 f   LIBCMT:swprintf.obj
 0001:000103d5       __snwprintf_s_l            100113d5 f   LIBCMT:swprintf.obj
 0001:000103f7       __swprintf_p_l             100113f7 f   LIBCMT:swprintf.obj
 0001:00010416       __scwprintf                10011416 f   LIBCMT:swprintf.obj
 0001:0001042b       __scwprintf_p              1001142b f   LIBCMT:swprintf.obj
 0001:00010440       __scwprintf_l              10011440 f   LIBCMT:swprintf.obj
 0001:00010459       __scwprintf_p_l            10011459 f   LIBCMT:swprintf.obj
 0001:00010472       ??_V@YAXPAX@Z              10011472 f   LIBCMT:delete2.obj
 0001:0001047d       __snprintf                 1001147d f   LIBCMT:snprintf.obj
 0001:0001052c       __snprintf_l               1001152c f   LIBCMT:snprintf.obj
 0001:0001054b       _wcsncpy                   1001154b f   LIBCMT:wcsncpy.obj
 0001:00010595       ??0_LocaleUpdate@@QAE@PAUlocaleinfo_struct@@@Z 10011595 f i LIBCMT:wcsicmp.obj
 0001:0001061c       ??1_LocaleUpdate@@QAE@XZ   1001161c f i LIBCMT:wcsicmp.obj
 0001:0001062a       ?GetLocaleT@_LocaleUpdate@@QAEPAUlocaleinfo_struct@@XZ 1001162a f i LIBCMT:wcsicmp.obj
 0001:0001062d       __wcsicmp_l                1001162d f   LIBCMT:wcsicmp.obj
 0001:0001073e       __wcsicmp                  1001173e f   LIBCMT:wcsicmp.obj
 0001:000107d1       __snwprintf                100117d1 f   LIBCMT:snwprint.obj
 0001:000108a4       __snwprintf_l              100118a4 f   LIBCMT:snwprint.obj
 0001:000108c3       __vsnprintf_l              100118c3 f   LIBCMT:vsnprint.obj
 0001:00010976       __vsnprintf                10011976 f   LIBCMT:vsnprint.obj
 0001:00010993       __vsnwprintf_l             10011993 f   LIBCMT:vsnwprnt.obj
 0001:00010a67       __vsnwprintf               10011a67 f   LIBCMT:vsnwprnt.obj
 0001:00010a90       __alloca_probe             10011a90     LIBCMT:chkstk.obj
 0001:00010a90       __chkstk                   10011a90 f   LIBCMT:chkstk.obj
 0001:00010abb       __isalpha_l                10011abb f i LIBCMT:_ctype.obj
 0001:00010b11       _isalpha                   10011b11 f i LIBCMT:_ctype.obj
 0001:00010b41       __isupper_l                10011b41 f i LIBCMT:_ctype.obj
 0001:00010b92       _isupper                   10011b92 f i LIBCMT:_ctype.obj
 0001:00010bc0       __islower_l                10011bc0 f i LIBCMT:_ctype.obj
 0001:00010c11       _islower                   10011c11 f i LIBCMT:_ctype.obj
 0001:00010c3f       __isdigit_l                10011c3f f i LIBCMT:_ctype.obj
 0001:00010c90       _isdigit                   10011c90 f i LIBCMT:_ctype.obj
 0001:00010cbe       __isxdigit_l               10011cbe f i LIBCMT:_ctype.obj
 0001:00010d14       _isxdigit                  10011d14 f i LIBCMT:_ctype.obj
 0001:00010d44       __isspace_l                10011d44 f i LIBCMT:_ctype.obj
 0001:00010d95       _isspace                   10011d95 f i LIBCMT:_ctype.obj
 0001:00010dc3       __ispunct_l                10011dc3 f i LIBCMT:_ctype.obj
 0001:00010e14       _ispunct                   10011e14 f i LIBCMT:_ctype.obj
 0001:00010e42       __isalnum_l                10011e42 f i LIBCMT:_ctype.obj
 0001:00010e98       _isalnum                   10011e98 f i LIBCMT:_ctype.obj
 0001:00010ec8       __isprint_l                10011ec8 f i LIBCMT:_ctype.obj
 0001:00010f1e       _isprint                   10011f1e f i LIBCMT:_ctype.obj
 0001:00010f4e       __isgraph_l                10011f4e f i LIBCMT:_ctype.obj
 0001:00010fa4       _isgraph                   10011fa4 f i LIBCMT:_ctype.obj
 0001:00010fd4       __iscntrl_l                10011fd4 f i LIBCMT:_ctype.obj
 0001:00011025       _iscntrl                   10012025 f i LIBCMT:_ctype.obj
 0001:00011053       ___isascii                 10012053 f i LIBCMT:_ctype.obj
 0001:00011065       ___toascii                 10012065 f i LIBCMT:_ctype.obj
 0001:00011072       __iscsymf_l                10012072 f i LIBCMT:_ctype.obj
 0001:00011095       ___iscsymf                 10012095 f i LIBCMT:_ctype.obj
 0001:000110b4       __iscsym_l                 100120b4 f i LIBCMT:_ctype.obj
 0001:000110d7       ___iscsym                  100120d7 f i LIBCMT:_ctype.obj
 0001:000110f8       _sprintf                   100120f8 f   LIBCMT:sprintf.obj
 0001:00011175       __sprintf_l                10012175 f   LIBCMT:sprintf.obj
 0001:00011191       _sprintf_s                 10012191 f   LIBCMT:sprintf.obj
 0001:000111af       __sprintf_s_l              100121af f   LIBCMT:sprintf.obj
 0001:000111ce       __snprintf_s               100121ce f   LIBCMT:sprintf.obj
 0001:000111ef       __snprintf_s_l             100121ef f   LIBCMT:sprintf.obj
 0001:00011211       __sprintf_p                10012211 f   LIBCMT:sprintf.obj
 0001:0001122f       __sprintf_p_l              1001222f f   LIBCMT:sprintf.obj
 0001:0001124e       __scprintf                 1001224e f   LIBCMT:sprintf.obj
 0001:00011263       __scprintf_p               10012263 f   LIBCMT:sprintf.obj
 0001:00011278       __scprintf_l               10012278 f   LIBCMT:sprintf.obj
 0001:00011291       __scprintf_p_l             10012291 f   LIBCMT:sprintf.obj
 0001:000112aa       __wtol                     100122aa f   LIBCMT:wtox.obj
 0001:000112c0       __wtol_l                   100122c0 f   LIBCMT:wtox.obj
 0001:000112d9       __wtoi                     100122d9 f   LIBCMT:wtox.obj
 0001:000112e4       __wtoi_l                   100122e4 f   LIBCMT:wtox.obj
 0001:000112ef       __wtoi64                   100122ef f   LIBCMT:wtox.obj
 0001:00011305       __wtoi64_l                 10012305 f   LIBCMT:wtox.obj
 0001:0001131e       __endthreadex              1001231e f   LIBCMT:threadex.obj
 0001:0001141f       __beginthreadex            1001241f f   LIBCMT:threadex.obj
 0001:000114cf       __CRT_INIT@12              100124cf f   LIBCMT:dllcrt0.obj
 0001:000116fa       __DllMainCRTStartup@12     100126fa f   LIBCMT:dllcrt0.obj
 0001:00011720       _strlen                    10012720 f   LIBCMT:strlen.obj
 0001:000117ab       __EH_prolog3               100127ab f   LIBCMT:ehprolg3.obj
 0001:000117de       __EH_prolog3_catch         100127de f   LIBCMT:ehprolg3.obj
 0001:00011814       __EH_prolog3_GS            10012814 f   LIBCMT:ehprolg3.obj
 0001:0001184a       __EH_prolog3_catch_GS      1001284a f   LIBCMT:ehprolg3.obj
 0001:00011883       __EH_epilog3               10012883 f   LIBCMT:ehprolg3.obj
 0001:00011897       __EH_epilog3_GS            10012897 f   LIBCMT:ehprolg3.obj
 0001:000118a6       __EH_epilog3_catch_GS      100128a6 f   LIBCMT:ehprolg3.obj
 0001:000118b5       __invoke_watson_if_error   100128b5 f i LIBCMT:typname.obj
 0001:000118d9       ?_Type_info_dtor@type_info@@CAXPAV1@@Z 100128d9 f   LIBCMT:typname.obj
 0001:00011949       ?_Name_base@type_info@@CAPBDPBV1@PAU__type_info_node@@@Z 10012949 f   LIBCMT:typname.obj
 0001:00011a3e       ?_Type_info_dtor_internal@type_info@@CAXPAV1@@Z 10012a3e f   LIBCMT:typname.obj
 0001:00011aae       ___unDNameHelper           10012aae f   LIBCMT:typname.obj
 0001:00011ae1       ?_Name_base_internal@type_info@@CAPBDPBV1@PAU__type_info_node@@@Z 10012ae1 f   LIBCMT:typname.obj
 0001:00011bf0       ___clean_type_info_names_internal 10012bf0 f   LIBCMT:typname.obj
 0001:00011c50       _strcmp                    10012c50 f   LIBCMT:strcmp.obj
 0001:00011cd8       __NMSG_WRITE               10012cd8 f   LIBCMT:crt0msg.obj
 0001:00011e83       __GET_RTERRMSG             10012e83 f   LIBCMT:crt0msg.obj
 0001:00011ea9       __FF_MSGBANNER             10012ea9 f   LIBCMT:crt0msg.obj
 0001:00011ee2       __crt_wait_module_handle   10012ee2 f i LIBCMT:tidtable.obj
 0001:00011efc       __encode_pointer           10012efc f   LIBCMT:tidtable.obj
 0001:00011f6e       __encoded_null             10012f6e f   LIBCMT:tidtable.obj
 0001:00011f77       __decode_pointer           10012f77 f   LIBCMT:tidtable.obj
 0001:00011fe9       ___crtTlsAlloc@4           10012fe9 f   LIBCMT:tidtable.obj
 0001:00011ff2       ___fls_getvalue@4          10012ff2 f   LIBCMT:tidtable.obj
 0001:0001200c       ___get_flsindex            1001300c f   LIBCMT:tidtable.obj
 0001:00012012       ___set_flsgetvalue         10013012 f   LIBCMT:tidtable.obj
 0001:00012046       ___fls_setvalue@8          10013046 f   LIBCMT:tidtable.obj
 0001:00012063       __mtterm                   10013063 f   LIBCMT:tidtable.obj
 0001:000120a0       __initptd                  100130a0 f   LIBCMT:tidtable.obj
 0001:00012187       __getptd_noexit            10013187 f   LIBCMT:tidtable.obj
 0001:00012200       __getptd                   10013200 f   LIBCMT:tidtable.obj
 0001:0001221a       __freefls@4                1001321a f   LIBCMT:tidtable.obj
 0001:00012349       __freeptd                  10013349 f   LIBCMT:tidtable.obj
 0001:000123b7       ___threadid                100133b7 f   LIBCMT:tidtable.obj
 0001:000123bd       ___threadhandle            100133bd f   LIBCMT:tidtable.obj
 0001:000123c3       __mtinit                   100133c3 f   LIBCMT:tidtable.obj
 0001:00012550       ___getlocaleinfo           10013550 f   LIBCMT:inithelp.obj
 0001:000126cf       __initp_misc_purevirt      100136cf f   LIBCMT:inithelp.obj
 0001:00012798       ___onexitinit              10013798 f   LIBCMT:onexit.obj
 0001:000127c9       __onexit                   100137c9 f   LIBCMT:onexit.obj
 0001:00012805       _atexit                    10013805 f   LIBCMT:onexit.obj
 0001:0001281c       _V6_HeapAlloc              1001381c f   LIBCMT:malloc.obj
 0001:0001286b       __heap_alloc               1001386b f i LIBCMT:malloc.obj
 0001:000128e5       _malloc                    100138e5 f   LIBCMT:malloc.obj
 0001:000129af       __initp_heap_handler       100139af f   LIBCMT:handler.obj
 0001:000129be       ?_set_new_handler@@YAP6AHI@ZP6AHI@Z@Z 100139be f   LIBCMT:handler.obj
 0001:000129f4       ?_set_new_handler@@YAP6AHI@ZH@Z 100139f4 f   LIBCMT:handler.obj
 0001:000129fd       ?_query_new_handler@@YAP6AHI@ZXZ 100139fd f   LIBCMT:handler.obj
 0001:00012a0a       __callnewh                 10013a0a f   LIBCMT:handler.obj
 0001:00012a32       __get_errno_from_oserr     10013a32 f   LIBCMT:dosmap.obj
 0001:00012a74       __errno                    10013a74 f   LIBCMT:dosmap.obj
 0001:00012a87       ___doserrno                10013a87 f   LIBCMT:dosmap.obj
 0001:00012a9a       __dosmaperr                10013a9a f   LIBCMT:dosmap.obj
 0001:00012abd       __set_errno                10013abd f   LIBCMT:dosmap.obj
 0001:00012ade       __get_errno                10013ade f   LIBCMT:dosmap.obj
 0001:00012b0d       __set_doserrno             10013b0d f   LIBCMT:dosmap.obj
 0001:00012b2e       __get_doserrno             10013b2e f   LIBCMT:dosmap.obj
 0001:00012b5d       _strcpy_s                  10013b5d f   LIBCMT:strcpy_s.obj
 0001:00012bc5       _free                      10013bc5 f   LIBCMT:free.obj
 0001:00012c53       ___report_gsfailure        10013c53 f   LIBCMT:gs_report.obj
 0001:00012db0       __VEC_memzero              10013db0 f   LIBCMT:p4_memset.obj
 0001:00012e8f       __get_sse2_info            10013e8f f   LIBCMT:cpu_disp.obj
 0001:00012ef1       ___sse2_available_init     10013ef1 f   LIBCMT:cpu_disp.obj
 0001:00012f85       __VEC_memcpy               10013f85 f   LIBCMT:p4_memcpy.obj
 0001:00013068       __crt_debugger_hook        10014068 f   LIBCMT:dbghook.obj
 0001:00013070       ??0bad_exception@std@@QAE@PBD@Z 10014070 f i LIBCMT:frame.obj
 0001:0001308e       ??1bad_exception@std@@UAE@XZ 1001408e f i LIBCMT:frame.obj
 0001:00013099       ??_Ebad_exception@std@@UAEPAXI@Z 10014099 f i LIBCMT:frame.obj
 0001:00013099       ??_Gbad_exception@std@@UAEPAXI@Z 10014099 f i LIBCMT:frame.obj
 0001:000130c0       ___TypeMatch               100140c0 f   LIBCMT:frame.obj
 0001:0001311f       ___FrameUnwindFilter       1001411f f   LIBCMT:frame.obj
 0001:00013168       ___FrameUnwindToState      10014168 f   LIBCMT:frame.obj
 0001:0001328e       ___DestructExceptionObject 1001428e f   LIBCMT:frame.obj
 0001:000132e3       ___AdjustPointer           100142e3 f   LIBCMT:frame.obj
 0001:0001330c       ?__uncaught_exception@@YA_NXZ 1001430c f   LIBCMT:frame.obj
 0001:0001331f       ___CxxRegisterExceptionObject 1001431f f   LIBCMT:frame.obj
 0001:000133d6       ___CxxDetectRethrow        100143d6 f   LIBCMT:frame.obj
 0001:00013428       ___CxxUnregisterExceptionObject 10014428 f   LIBCMT:frame.obj
 0001:00013567       ___CxxQueryExceptionSize   10014567 f   LIBCMT:frame.obj
 0001:0001356b       ___CxxCallUnwindDtor       1001456b f   LIBCMT:frame.obj
 0001:0001359d       ___CxxCallUnwindDelDtor    1001459d f   LIBCMT:frame.obj
 0001:000135d0       ___CxxCallUnwindStdDelDtor 100145d0 f   LIBCMT:frame.obj
 0001:00013602       ___CxxCallUnwindVecDtor    10014602 f   LIBCMT:frame.obj
 0001:00013733       ?_is_exception_typeof@@YAHABVtype_info@@PAU_EXCEPTION_POINTERS@@@Z 10014733 f   LIBCMT:frame.obj
 0001:00013955       ___BuildCatchObjectHelper  10014955 f   LIBCMT:frame.obj
 0001:00013ad4       ___BuildCatchObject        10014ad4 f   LIBCMT:frame.obj
 0001:00013b66       ___CxxExceptionFilter      10014b66 f   LIBCMT:frame.obj
 0001:00014154       ??0bad_exception@std@@QAE@ABV01@@Z 10015154 f i LIBCMT:frame.obj
 0001:00014171       ___InternalCxxFrameHandler 10015171 f   LIBCMT:frame.obj
 0001:00014257       ?terminate@@YAXXZ          10015257 f   LIBCMT:hooks.obj
 0001:00014290       ?unexpected@@YAXXZ         10015290 f   LIBCMT:hooks.obj
 0001:000142a3       ?_inconsistency@@YAXXZ     100152a3 f   LIBCMT:hooks.obj
 0001:000142db       __initp_eh_hooks           100152db f   LIBCMT:hooks.obj
 0001:000142f0       __CallSettingFrame@12      100152f0 f   LIBCMT:lowhelpr.obj
 0001:00014317       __NLG_Return               10015317     LIBCMT:lowhelpr.obj
 0001:0001433c       __crt_waiting_on_module_handle 1001533c f   LIBCMT:crt0dat.obj
 0001:0001436c       __amsg_exit                1001536c f   LIBCMT:crt0dat.obj
 0001:00014395       ___crtCorExitProcess       10015395 f   LIBCMT:crt0dat.obj
 0001:000143c0       ___crtExitProcess          100153c0 f   LIBCMT:crt0dat.obj
 0001:000143d8       __lockexit                 100153d8 f   LIBCMT:crt0dat.obj
 0001:000143e1       __unlockexit               100153e1 f   LIBCMT:crt0dat.obj
 0001:00014407       __initterm_e               10015407 f   LIBCMT:crt0dat.obj
 0001:0001442b       __get_wpgmptr              1001542b f   LIBCMT:crt0dat.obj
 0001:00014467       __get_pgmptr               10015467 f   LIBCMT:crt0dat.obj
 0001:000144a3       __cinit                    100154a3 f   LIBCMT:crt0dat.obj
 0001:00014654       _exit                      10015654 f   LIBCMT:crt0dat.obj
 0001:0001466a       __exit                     1001566a f   LIBCMT:crt0dat.obj
 0001:00014680       __cexit                    10015680 f   LIBCMT:crt0dat.obj
 0001:0001468f       __c_exit                   1001568f f   LIBCMT:crt0dat.obj
 0001:0001469e       __init_pointers            1001569e f   LIBCMT:crt0dat.obj
 0001:000146ec       __initp_misc_winsig        100156ec f   LIBCMT:winsig.obj
 0001:000147dc       ___get_sigabrt             100157dc f   LIBCMT:winsig.obj
 0001:000147e9       ___fpecode                 100157e9 f   LIBCMT:winsig.obj
 0001:000147f2       ___pxcptinfoptrs           100157f2 f   LIBCMT:winsig.obj
 0001:000147fb       _signal                    100157fb f   LIBCMT:winsig.obj
 0001:00014a38       _raise                     10015a38 f   LIBCMT:winsig.obj
 0001:00014be8       __stbuf                    10015be8 f   LIBCMT:_sftbuf.obj
 0001:00014c84       __ftbuf                    10015c84 f   LIBCMT:_sftbuf.obj
 0001:00014d5e       _get_int_arg               10015d5e f i LIBCMT:output.obj
 0001:00014d70       _get_int64_arg             10015d70 f i LIBCMT:output.obj
 0001:00014d85       _get_short_arg             10015d85 f i LIBCMT:output.obj
 0001:00014d98       __output_l                 10015d98 f   LIBCMT:output.obj
 0001:00015930       __ioinit                   10016930 f   LIBCMT:ioinit.obj
 0001:00015b84       __ioterm                   10016b84 f   LIBCMT:ioinit.obj
 0001:00015bd2       __fileno                   10016bd2 f   LIBCMT:fileno.obj
 0001:00015c04       __SEH_prolog4              10016c04 f   LIBCMT:sehprolg4.obj
 0001:00015c49       __SEH_epilog4              10016c49 f   LIBCMT:sehprolg4.obj
 0001:00015c90       __except_handler4          10016c90 f   LIBCMT:chandler4.obj
 0001:00015e1c       _vfprintf_helper           10016e1c f   LIBCMT:vfprintf.obj
 0001:00015f37       __vfprintf_l               10016f37 f   LIBCMT:vfprintf.obj
 0001:00015f57       __vfprintf_s_l             10016f57 f   LIBCMT:vfprintf.obj
 0001:00015f77       __vfprintf_p_l             10016f77 f   LIBCMT:vfprintf.obj
 0001:00015f97       _vfprintf                  10016f97 f   LIBCMT:vfprintf.obj
 0001:00015fb6       _vfprintf_s                10016fb6 f   LIBCMT:vfprintf.obj
 0001:00015fd5       __vfprintf_p               10016fd5 f   LIBCMT:vfprintf.obj
 0001:00015ff4       _wait_a_bit                10016ff4 f i LIBCMT:crtheap.obj
 0001:0001601a       __set_malloc_crt_max_wait  1001701a f   LIBCMT:crtheap.obj
 0001:0001602f       __malloc_crt               1001702f f   LIBCMT:crtheap.obj
 0001:00016074       __calloc_crt               10017074 f   LIBCMT:crtheap.obj
 0001:000160c0       __realloc_crt              100170c0 f   LIBCMT:crtheap.obj
 0001:0001610e       __recalloc_crt             1001710e f   LIBCMT:crtheap.obj
 0001:00016160       __fcloseall                10017160 f   LIBCMT:closeall.obj
 0001:000161ff       __flush                    100171ff f   LIBCMT:fflush.obj
 0001:00016267       __fflush_nolock            10017267 f   LIBCMT:fflush.obj
 0001:00016389       _fflush                    10017389 f   LIBCMT:fflush.obj
 0001:000163dc       __flushall                 100173dc f   LIBCMT:fflush.obj
 0001:000163e5       __mtinitlocks              100173e5 f   LIBCMT:mlock.obj
 0001:00016430       __mtdeletelocks            10017430 f   LIBCMT:mlock.obj
 0001:00016487       __unlock                   10017487 f   LIBCMT:mlock.obj
 0001:0001649e       __lockerr_exit             1001749e f   LIBCMT:mlock.obj
 0001:000164b6       __mtinitlocknum            100174b6 f   LIBCMT:mlock.obj
 0001:00016579       __lock                     10017579 f   LIBCMT:mlock.obj
 0001:000165ac       __flsbuf                   100175ac f   LIBCMT:_flsbuf.obj
 0001:000167b8       __woutput_l                100177b8 f   LIBCMT:woutput.obj
 0001:00017350       __vswprintf_l              10018350 f   LIBCMT:vswprint.obj
 0001:000173e9       __vswprintf                100183e9 f   LIBCMT:vswprint.obj
 0001:00017403       ___vswprintf_l             10018403 f   LIBCMT:vswprint.obj
 0001:0001740e       __vscwprintf_helper        1001840e f   LIBCMT:vswprint.obj
 0001:00017465       __vscwprintf               10018465 f   LIBCMT:vswprint.obj
 0001:00017481       __vscwprintf_l             10018481 f   LIBCMT:vswprint.obj
 0001:0001749e       __vscwprintf_p             1001849e f   LIBCMT:vswprint.obj
 0001:000174ba       __vscwprintf_p_l           100184ba f   LIBCMT:vswprint.obj
 0001:000174d7       __vswprintf_helper         100184d7 f   LIBCMT:vswprnc.obj
 0001:000175cf       __vswprintf_c              100185cf f   LIBCMT:vswprnc.obj
 0001:000175f8       __vswprintf_c_l            100185f8 f   LIBCMT:vswprnc.obj
 0001:00017622       __vswprintf_s_l            10018622 f   LIBCMT:vswprnc.obj
 0001:000176ad       _vswprintf_s               100186ad f   LIBCMT:vswprnc.obj
 0001:000176ca       __vsnwprintf_s_l           100186ca f   LIBCMT:vswprnc.obj
[...]
 0001:fffff008       __ehhandler$??0logic_error@std@@QAE@ABV?$basic_string@DU?$char_traits@D@std@@V?$allocator@D@2@@1@@Z 10000008 f   SocketComm.obj
 0001:fffff008       __ehhandler$??0logic_error@std@@QAE@ABV?$basic_string@DU?$char_traits@D@std@@V?$allocator@D@2@@1@@Z 10000008 f   libcpmt:string.obj
 0001:fffff008       __ehhandler$?_Xlen@?$vector@PA_WV?$allocator@PA_W@std@@@std@@KAXXZ 10000008 f   FileComm.obj
 0001:fffff008       __ehhandler$??0logic_error@std@@QAE@ABV?$basic_string@DU?$char_traits@D@std@@V?$allocator@D@2@@1@@Z 10000008 f   FileComm.obj
 0001:fffff059       __catch$?_Copy@?$basic_string@DU?$char_traits@D@std@@V?$allocator@D@2@@std@@IAEXII@Z$0 10000059 f   libcpmt:string.obj
 0001:fffff07d       __catch$?_Copy@?$basic_string@DU?$char_traits@D@std@@V?$allocator@D@2@@std@@IAEXII@Z$0 1000007d f   FileComm.obj
 0001:fffff07d       __catch$?_Copy@?$basic_string@DU?$char_traits@D@std@@V?$allocator@D@2@@std@@IAEXII@Z$0 1000007d f   SocketComm.obj
 0001:fffff0ca       __catch$?_Copy@?$basic_string@DU?$char_traits@D@std@@V?$allocator@D@2@@std@@IAEXII@Z$1 100000ca f   libcpmt:string.obj
 0001:fffff10e       __catch$?_Copy@?$basic_string@DU?$char_traits@D@std@@V?$allocator@D@2@@std@@IAEXII@Z$1 1000010e f   FileComm.obj
 0001:fffff10e       __catch$?_Copy@?$basic_string@DU?$char_traits@D@std@@V?$allocator@D@2@@std@@IAEXII@Z$1 1000010e f   SocketComm.obj
 0001:00000c3d       __catch$?_Copy@?$basic_string@DU?$char_traits@D@std@@V?$allocator@D@2@@std@@IAEXII@Z$0 10001c3d f i StdAfx.obj
 0001:00000cce       __catch$?_Copy@?$basic_string@DU?$char_traits@D@std@@V?$allocator@D@2@@std@@IAEXII@Z$1 10001cce f i StdAfx.obj
 0001:00001bf0       _win32mmap                 10002bf0 f   dlmalloc.obj
 0001:00001c10       _win32direct_mmap          10002c10 f   dlmalloc.obj
 0001:00001c30       _win32munmap               10002c30 f   dlmalloc.obj
 0001:00001cb0       _win32_acquire_lock        10002cb0 f   dlmalloc.obj
 0001:00001d10       _win32_release_lock        10002d10 f   dlmalloc.obj
 0001:00001d30       _segment_holding           10002d30 f   dlmalloc.obj
 0001:00001d50       _has_segment_link          10002d50 f   dlmalloc.obj
 0001:00001d80       _init_mparams              10002d80 f   dlmalloc.obj
 0001:00001e90       _change_mparam             10002e90 f   dlmalloc.obj
 0001:00001ef0       _internal_mallinfo         10002ef0 f   dlmalloc.obj
 0001:00002080       _internal_malloc_stats     10003080 f   dlmalloc.obj
 0001:000021f0       _mmap_alloc                100031f0 f   dlmalloc.obj
 0001:00002280       _mmap_resize               10003280 f   dlmalloc.obj
 0001:000022b0       _init_top                  100032b0 f   dlmalloc.obj
 0001:000022e0       _init_bins                 100032e0 f   dlmalloc.obj
 0001:00002300       _prepend_alloc             10003300 f   dlmalloc.obj
 0001:000026a0       _add_segment               100036a0 f   dlmalloc.obj
 0001:000028e0       _sys_alloc                 100038e0 f   dlmalloc.obj
 0001:00002ac0       _release_unused_segments   10003ac0 f   dlmalloc.obj
 0001:00002de0       _sys_trim                  10003de0 f   dlmalloc.obj
 0001:00002f20       _tmalloc_large             10003f20 f   dlmalloc.obj
 0001:00003350       _tmalloc_small             10004350 f   dlmalloc.obj
 0001:00004130       _internal_realloc          10005130 f   dlmalloc.obj
 0001:00004360       _internal_memalign         10005360 f   dlmalloc.obj
 0001:00004570       _ialloc                    10005570 f   dlmalloc.obj
 0001:00008adf       __catch$?_Insert_n@?$vector@U_SC_ATTR@CSocketComm@@V?$allocator@U_SC_ATTR@CSocketComm@@@std@@@std@@IAEXV?$_Vector_const_iterator@U_SC_ATTR@CSocketComm@@V?$allocator@U_SC_ATTR@CSocketComm@@@std@@@2@IABU_SC_ATTR@CSocketComm@@@Z$0 10009adf f i SocketComm.obj
 0001:00008aeb       __catch$?_Insert_n@?$vector@U_SC_ATTR@CSocketComm@@V?$allocator@U_SC_ATTR@CSocketComm@@@std@@@std@@IAEXV?$_Vector_const_iterator@U_SC_ATTR@CSocketComm@@V?$allocator@U_SC_ATTR@CSocketComm@@@std@@@2@IABU_SC_ATTR@CSocketComm@@@Z$2 10009aeb f i SocketComm.obj
 0001:0000f784       ?CatchGuardHandler@@YA?AW4_EXCEPTION_DISPOSITION@@PAUEHExceptionRecord@@PAUCatchGuardRN@@PAX2@Z 10010784 f   LIBCMT:_trnsctrl_.obj
 0001:0000f88e       ?TranslatorGuardHandler@@YA?AW4_EXCEPTION_DISPOSITION@@PAUEHExceptionRecord@@PAUTranslatorGuardRN@@PAX2@Z 1001088e f   LIBCMT:_trnsctrl_.obj
 0001:0001135b       __callthreadstartex        1001235b f   LIBCMT:threadex.obj
 0001:0001139c       __threadstartex@4          1001239c f   LIBCMT:threadex.obj
 0001:00011604       ___DllMainCRTStartup       10012604 f   LIBCMT:dllcrt0.obj
 0001:000126de       __onexit_nolock            100136de f   LIBCMT:onexit.obj
 0001:00012d59       _fastzero_I                10013d59 f   LIBCMT:p4_memset.obj
 0001:00012e3f       _has_osfxsr_set            10013e3f f   LIBCMT:cpu_disp.obj
 0001:00012efe       _fastcopy_I                10013efe f   LIBCMT:p4_memcpy.obj
 0001:00013249       ?ExFilterRethrow@@YAHPAU_EXCEPTION_POINTERS@@@Z 10014249 f   LIBCMT:frame.obj
 0001:0001363d       ?IsInExceptionSpec@@YAEPAUEHExceptionRecord@@PBU_s_ESTypeList@@@Z 1001463d f   LIBCMT:frame.obj
 0001:000136b8       ?CallUnexpected@@YAXPBU_s_ESTypeList@@@Z 100146b8 f   LIBCMT:frame.obj
 0001:000136e9       __catch$?CallUnexpected@@YAXPBU_s_ESTypeList@@@Z$0 100146e9 f   LIBCMT:frame.obj
 0001:00013701       ?Is_bad_exception_allowed@@YAEPBU_s_ESTypeList@@@Z 10014701 f   LIBCMT:frame.obj
 0001:000137b9       ?CallCatchBlock@@YAPAXPAUEHExceptionRecord@@PAUEHRegistrationNode@@PAU_CONTEXT@@PBU_s_FuncInfo@@PAXHK@Z 100147b9 f   LIBCMT:frame.obj
 0001:00013cab       ?CatchIt@@YAXPAUEHExceptionRecord@@PAUEHRegistrationNode@@PAU_CONTEXT@@PAXPBU_s_FuncInfo@@PBU_s_HandlerType@@PBU_s_CatchableType@@PBU_s_TryBlockMapEntry@@H1E@Z 10014cab f   LIBCMT:frame.obj
 0001:00013d19       ?FindHandlerForForeignException@@YAXPAUEHExceptionRecord@@PAUEHRegistrationNode@@PAU_CONTEXT@@PAXPBU_s_FuncInfo@@HH1@Z 10014d19 f   LIBCMT:frame.obj
 0001:00013e0d       ?FindHandler@@YAXPAUEHExceptionRecord@@PAUEHRegistrationNode@@PAU_CONTEXT@@PAXPBU_s_FuncInfo@@EH1@Z 10014e0d f   LIBCMT:frame.obj
 0001:000143ea       __initterm                 100153ea f   LIBCMT:crt0dat.obj
 0001:00014528       _doexit                    10015528 f   LIBCMT:crt0dat.obj
 0001:0001470a       _ctrlevent_capture@4       1001570a f   LIBCMT:winsig.obj
 0001:000147a5       _siglookup                 100157a5 f   LIBCMT:winsig.obj
 0001:00014cb8       _write_char                10015cb8 f   LIBCMT:output.obj
 0001:00014ceb       _write_multi_char          10015ceb f   LIBCMT:output.obj
 0001:00014d11       _write_string              10015d11 f   LIBCMT:output.obj
 0001:00015c60       _ValidateLocalCookies      10016c60 f   LIBCMT:chandler4.obj
 0001:000162af       _flsall                    100172af f   LIBCMT:fflush.obj
 0001:00016710       _write_char                10017710 f   LIBCMT:woutput.obj
 0001:0001673f       _write_multi_char          1001773f f   LIBCMT:woutput.obj
 0001:00016766       _write_string              10017766 f   LIBCMT:woutput.obj
 0001:00017849       ?CPtoLCID@@YAHH@Z          10018849 f   LIBCMT:mbctype.obj
 0001:00017878       ?setSBCS@@YAXPAUthreadmbcinfostruct@@@Z 10018878 f   LIBCMT:mbctype.obj
 0001:000178dc       ?setSBUpLow@@YAXPAUthreadmbcinfostruct@@@Z 100188dc f   LIBCMT:mbctype.obj
 0001:00017b13       ?getSystemCP@@YAHH@Z       10018b13 f   LIBCMT:mbctype.obj
 0001:000181e7       __copytlocinfo_nolock      100191e7 f   LIBCMT:setlocal.obj
 0001:0001820d       __updatetlocinfoEx_nolock  1001920d f   LIBCMT:setlocal.obj
 0001:0001832b       _sync_legacy_variables_lk  1001932b f   LIBCMT:setlocal.obj
 0001:000186d8       __setlocale_get_all        100196d8 f   LIBCMT:setlocal.obj
 0001:00018a86       __setlocale_set_cat        10019a86 f   LIBCMT:setlocal.obj
 0001:00018d88       __setlocale_nolock         10019d88 f   LIBCMT:setlocal.obj
 0001:00019864       ?wcstoxl@@YAKPAUlocaleinfo_struct@@PB_WPAPB_WHH@Z 1001a864 f   LIBCMT:wcstol.obj
 0001:00019aef       ?wcstoxq@@YA_KPAUlocaleinfo_struct@@PB_WPAPB_WHH@Z 1001aaef f   LIBCMT:wcstoq.obj
 0001:00019f8e       _xcptlookup                1001af8e f   LIBCMT:winxfltr.obj
 0001:0001a230       _parse_cmdline             1001b230 f   LIBCMT:stdargv.obj
 0001:0001b1b6       ?und_strlen@@YAIPBD@Z      1001c1b6 f   LIBCMT:undname.obj
 0001:0001b1c4       ?und_memcpy@@YAXPADPBDI@Z  1001c1c4 f   LIBCMT:undname.obj
 0001:0001b1da       ?und_strncmp@@YAIPBD0I@Z   1001c1da f   LIBCMT:undname.obj
 0001:0001fb50       __unwind_handler4          10020b50 f   LIBCMT:exsup4.obj
 0001:0001ff05       ?__crtGetLocaleInfoW_stat@@YAHPAUlocaleinfo_struct@@KKPA_WHH@Z 10020f05 f   LIBCMT:w_loc.obj
 0001:0001ff88       ?__crtGetLocaleInfoA_stat@@YAHPAUlocaleinfo_struct@@KKPADHH@Z 10020f88 f   LIBCMT:a_loc.obj
 0001:0002121c       __unwind_handler           1002221c f   LIBCMT:exsup.obj
 0001:00021c35       _write_char                10022c35 f   LIBCMT:outputs.obj
 0001:00021c68       _write_multi_char          10022c68 f   LIBCMT:outputs.obj
 0001:00021c8e       _write_string              10022c8e f   LIBCMT:outputs.obj
 0001:000229d6       _write_char                100239d6 f   LIBCMT:outputp.obj
 0001:00022a09       _write_multi_char          10023a09 f   LIBCMT:outputp.obj
 0001:00022a2f       _write_string              10023a2f f   LIBCMT:outputp.obj
 0001:00025161       _write_char                10026161 f   LIBCMT:woutputp.obj
 0001:00025190       _write_multi_char          10026190 f   LIBCMT:woutputp.obj
 0001:000251b7       _write_string              100261b7 f   LIBCMT:woutputp.obj
 0001:000264c9       _write_char                100274c9 f   LIBCMT:woutputs.obj
 0001:000264f8       _write_multi_char          100274f8 f   LIBCMT:woutputs.obj
 0001:0002651f       _write_string              1002751f f   LIBCMT:woutputs.obj
 0001:00027111       ?strncnt@@YAHPBDH@Z        10028111 f   LIBCMT:a_map.obj
 0001:0002712f       ?__crtLCMapStringA_stat@@YAHPAUlocaleinfo_struct@@KKPBDHPADHHH@Z 1002812f f   LIBCMT:a_map.obj
 0001:00027519       ?__crtGetStringTypeA_stat@@YAHPAUlocaleinfo_struct@@KPBDHPAGHHH@Z 10028519 f   LIBCMT:a_str.obj
 0001:00027744       __get_lc_time              10028744 f   LIBCMT:inittime.obj
 0001:00027d6d       _fix_grouping              10028d6d f   LIBCMT:initnum.obj
 0001:00027faf       _fix_grouping              10028faf f   LIBCMT:initmon.obj
 0001:00028d04       ?_store_str@@YAXPADPAPADPAI@Z 10029d04 f   LIBCMT:strftime.obj
 0001:00028d24       ?_store_number@@YAXHPAPADPAI@Z 10029d24 f   LIBCMT:strftime.obj
 0001:00028d5a       ?_store_num@@YAXHHPAPADPAII@Z 10029d5a f   LIBCMT:strftime.obj
 0001:00028dd5       ?_expandtime@@YAHPAUlocaleinfo_struct@@DPBUtm@@PAPADPAIPAU__lc_time_data@@I@Z 10029dd5 f   LIBCMT:strftime.obj
 0001:000291bd       ?_store_winword@@YAHPAUlocaleinfo_struct@@HPBUtm@@PAPADPAIPAU__lc_time_data@@@Z 1002a1bd f   LIBCMT:strftime.obj
 0001:00029896       _TranslateName             1002a896 f   LIBCMT:getqloc.obj
 0001:000298f8       _GetLcidFromDefault        1002a8f8 f   LIBCMT:getqloc.obj
 0001:0002990c       _ProcessCodePage           1002a90c f   LIBCMT:getqloc.obj
 0001:000299b0       _TestDefaultCountry        1002a9b0 f   LIBCMT:getqloc.obj
 0001:000299d4       _LcidFromHexString         1002a9d4 f   LIBCMT:getqloc.obj
 0001:00029a08       _GetPrimaryLen             1002aa08 f   LIBCMT:getqloc.obj
 0001:00029a23       _CountryEnumProc@4         1002aa23 f   LIBCMT:getqloc.obj
 0001:00029abb       _TestDefaultLanguage       1002aabb f   LIBCMT:getqloc.obj
 0001:00029b2f       _LangCountryEnumProc@4     1002ab2f f   LIBCMT:getqloc.obj
 0001:00029d01       _LanguageEnumProc@4        1002ad01 f   LIBCMT:getqloc.obj
 0001:00029dc2       _GetLcidFromCountry        1002adc2 f   LIBCMT:getqloc.obj
 0001:00029dee       _GetLcidFromLangCountry    1002adee f   LIBCMT:getqloc.obj
 0001:00029e55       _GetLcidFromLanguage       1002ae55 f   LIBCMT:getqloc.obj
 0001:0002a082       _cmpResult                 1002b082 f   LIBCMT:memcmp.obj
 0001:0002a094       _cmpBYTE                   1002b094 f   LIBCMT:memcmp.obj
 0001:0002a0ac       _cmpWORD                   1002b0ac f   LIBCMT:memcmp.obj
 0001:0002a0ec       _cmpDWORD                  1002b0ec f   LIBCMT:memcmp.obj
 0001:0002a164       _unaligned_memcmp          1002b164 f   LIBCMT:memcmp.obj
 0001:0002cd80       ?wcsncnt@@YAHPB_WH@Z       1002dd80 f   LIBCMT:w_map.obj
 0001:0002cda0       ?__crtLCMapStringW_stat@@YAHPAUlocaleinfo_struct@@KKPB_WHPA_WHH@Z 1002dda0 f   LIBCMT:w_map.obj
 0001:0002d154       ?x_ismbbtype_l@@YAHPAUlocaleinfo_struct@@IHH@Z 1002e154 f   LIBCMT:ismbbyte.obj
 0001:0002d600       ?strtoxl@@YAKPAUlocaleinfo_struct@@PBDPAPBDHH@Z 1002e600 f   LIBCMT:strtol.obj
 0001:0002e604       __tzset_nolock             1002f604 f   LIBCMT:tzset.obj
 0001:0002e94a       _cvtdate                   1002f94a f   LIBCMT:tzset.obj
 0001:0002eb41       __isindst_nolock           1002fb41 f   LIBCMT:tzset.obj
 0001:0002f091       _xtoa_s@20                 10030091 f   LIBCMT:xtoas.obj
 0001:0002f1d9       @x64toa_s@24               100301d9 f   LIBCMT:xtoas.obj
 0001:0002f325       ?__crtGetStringTypeW_stat@@YAHPAUlocaleinfo_struct@@KPB_WHPAGHH@Z 10030325 f   LIBCMT:w_str.obj
 0001:0002f386       ?strtoxq@@YA_KPAUlocaleinfo_struct@@PBDPAPBDHH@Z 10030386 f   LIBCMT:strtoq.obj
 0001:0002f7ba       __getenv_s_helper          100307ba f   LIBCMT:getenv.obj
 0001:0002f84f       __dupenv_s_helper          1003084f f   LIBCMT:getenv.obj
 0001:0002feed       ?strncnt@@YAHPBDH@Z        10030eed f   LIBCMT:a_cmp.obj
 0001:0002ff0b       ?__crtCompareStringA_stat@@YAHPAUlocaleinfo_struct@@KKPBDH1HH@Z 10030f0b f   LIBCMT:a_cmp.obj
 0001:000303e0       _findenv                   100313e0 f   LIBCMT:setenv.obj
 0001:00030432       _copy_environ              10031432 f   LIBCMT:setenv.obj
 0001:00030b20       __ehhandler$?_Copy@?$basic_string@DU?$char_traits@D@std@@V?$allocator@D@2@@std@@IAEXII@Z 10031b20 f   StdAfx.obj
 0001:00030b40       __unwindfunclet$??0logic_error@std@@QAE@ABV?$basic_string@DU?$char_traits@D@std@@V?$allocator@D@2@@1@@Z$0 10031b40 f   StdAfx.obj
 0001:00030b48       __ehhandler$??0logic_error@std@@QAE@ABV?$basic_string@DU?$char_traits@D@std@@V?$allocator@D@2@@1@@Z 10031b48 f   StdAfx.obj
 0001:00030b70       __unwindfunclet$?_Xlen@?$vector@PA_WV?$allocator@PA_W@std@@@std@@KAXXZ$0 10031b70 f   StdAfx.obj
 0001:00030b78       __ehhandler$?_Xlen@?$vector@PA_WV?$allocator@PA_W@std@@@std@@KAXXZ 10031b78 f   StdAfx.obj
 0001:00030ba0       __unwindfunclet$??0logic_error@std@@QAE@ABV01@@Z$0 10031ba0 f   StdAfx.obj
 0001:00030ba8       __ehhandler$??0logic_error@std@@QAE@ABV01@@Z 10031ba8 f   StdAfx.obj
 0001:00030bd0       __unwindfunclet$?InitLog@CFileComm@@UAEHPB_WIIPAVISpLog@@0@Z$0 10031bd0 f   FileComm.obj
 0001:00030bdb       __ehhandler$?InitLog@CFileComm@@UAEHPB_WIIPAVISpLog@@0@Z 10031bdb f   FileComm.obj
 0001:00030c00       __unwindfunclet$?OpenLogFile@CFileComm@@AAEHPA_W@Z$0 10031c00 f   FileComm.obj
 0001:00030c0e       __ehhandler$?OpenLogFile@CFileComm@@AAEHPA_W@Z 10031c0e f   FileComm.obj
 0001:00030c40       __unwindfunclet$??0?$vector@PA_WV?$allocator@PA_W@std@@@std@@QAE@XZ$0 10031c40 f   FileComm.obj
 0001:00030c48       __ehhandler$??0?$vector@PA_WV?$allocator@PA_W@std@@@std@@QAE@XZ 10031c48 f   FileComm.obj
 0001:00030c70       __unwindfunclet$??0CFileComm@@QAE@XZ$0 10031c70 f   FileComm.obj
 0001:00030c78       __unwindfunclet$??0CFileComm@@QAE@XZ$1 10031c78 f   FileComm.obj
 0001:00030c83       __ehhandler$??0CFileComm@@QAE@XZ 10031c83 f   FileComm.obj
 0001:00030ca0       __unwindfunclet$??1CFileComm@@UAE@XZ$0 10031ca0 f   FileComm.obj
 0001:00030ca8       __unwindfunclet$??1CFileComm@@UAE@XZ$1 10031ca8 f   FileComm.obj
 0001:00030cb3       __unwindfunclet$??1CFileComm@@UAE@XZ$2 10031cb3 f   FileComm.obj
 0001:00030cc1       __ehhandler$??1CFileComm@@UAE@XZ 10031cc1 f   FileComm.obj
 0001:00030ce0       __unwindfunclet$?InitLog@CSocketComm@@UAEHPB_WIIPAVISpLog@@0@Z$0 10031ce0 f   SocketComm.obj
 0001:00030ceb       __ehhandler$?InitLog@CSocketComm@@UAEHPB_WIIPAVISpLog@@0@Z 10031ceb f   SocketComm.obj
 0001:00030d10       __unwindfunclet$?CreateClientBinLogFile@CSocketComm@@AAEHAAU_SC_ATTR@1@@Z$0 10031d10 f   SocketComm.obj
 0001:00030d1e       __ehhandler$?CreateClientBinLogFile@CSocketComm@@AAEHAAU_SC_ATTR@1@@Z 10031d1e f   SocketComm.obj
 0001:00030d50       __unwindfunclet$?OpenLogFile@CSocketComm@@AAEHK@Z$0 10031d50 f   SocketComm.obj
 0001:00030d5e       __ehhandler$?OpenLogFile@CSocketComm@@AAEHK@Z 10031d5e f   SocketComm.obj
 0001:00030d90       __unwindfunclet$?_Xlen@?$vector@U_SC_ATTR@CSocketComm@@V?$allocator@U_SC_ATTR@CSocketComm@@@std@@@std@@KAXXZ$0 10031d90 f   SocketComm.obj
 0001:00030d98       __ehhandler$?_Xlen@?$vector@U_SC_ATTR@CSocketComm@@V?$allocator@U_SC_ATTR@CSocketComm@@@std@@@std@@KAXXZ 10031d98 f   SocketComm.obj
 0001:00030dc0       __ehhandler$?_Insert_n@?$vector@U_SC_ATTR@CSocketComm@@V?$allocator@U_SC_ATTR@CSocketComm@@@std@@@std@@IAEXV?$_Vector_const_iterator@U_SC_ATTR@CSocketComm@@V?$allocator@U_SC_ATTR@CSocketComm@@@std@@@2@IABU_SC_ATTR@CSocketComm@@@Z 10031dc0 f   SocketComm.obj
 0001:00030de0       __unwindfunclet$??1CSocketComm@@UAE@XZ$0 10031de0 f   SocketComm.obj
 0001:00030de8       __unwindfunclet$??1CSocketComm@@UAE@XZ$1 10031de8 f   SocketComm.obj
 0001:00030df6       __unwindfunclet$??1CSocketComm@@UAE@XZ$2 10031df6 f   SocketComm.obj
 0001:00030e04       __ehhandler$??1CSocketComm@@UAE@XZ 10031e04 f   SocketComm.obj
 0001:00030e20       __unwindfunclet$??0?$vector@U_SC_ATTR@CSocketComm@@V?$allocator@U_SC_ATTR@CSocketComm@@@std@@@std@@QAE@XZ$0 10031e20 f   SocketComm.obj
 0001:00030e28       __ehhandler$??0?$vector@U_SC_ATTR@CSocketComm@@V?$allocator@U_SC_ATTR@CSocketComm@@@std@@@std@@QAE@XZ 10031e28 f   SocketComm.obj
 0001:00030e50       __unwindfunclet$??0CSocketComm@@QAE@XZ$0 10031e50 f   SocketComm.obj
 0001:00030e58       __unwindfunclet$??0CSocketComm@@QAE@XZ$1 10031e58 f   SocketComm.obj
 0001:00030e66       __ehhandler$??0CSocketComm@@QAE@XZ 10031e66 f   SocketComm.obj
 0001:00030e90       __unwindfunclet$?WS32_ProcessRead@CSocketComm@@AAEHXZ$0 10031e90 f   SocketComm.obj
 0001:00030e98       __ehhandler$?WS32_ProcessRead@CSocketComm@@AAEHXZ 10031e98 f   SocketComm.obj
 0001:00030ec0       __unwindfunclet$?InitLog@CUartComm@@UAEHPB_WIIPAVISpLog@@0@Z$0 10031ec0 f   UartComm.obj
 0001:00030ecb       __ehhandler$?InitLog@CUartComm@@UAEHPB_WIIPAVISpLog@@0@Z 10031ecb f   UartComm.obj
 0001:00030ef0       __unwindfunclet$??0CUartComm@@QAE@XZ$0 10031ef0 f   UartComm.obj
 0001:00030ef8       __ehhandler$??0CUartComm@@QAE@XZ 10031ef8 f   UartComm.obj
 0001:00030f20       __unwindfunclet$?OpenLogFile@CUartComm@@AAEHK@Z$0 10031f20 f   UartComm.obj
 0001:00030f2e       __ehhandler$?OpenLogFile@CUartComm@@AAEHK@Z 10031f2e f   UartComm.obj
 0001:00030f60       __unwindfunclet$??1CUartComm@@UAE@XZ$0 10031f60 f   UartComm.obj
 0001:00030f68       __unwindfunclet$??1CUartComm@@UAE@XZ$1 10031f68 f   UartComm.obj
 0001:00030f76       __ehhandler$??1CUartComm@@UAE@XZ 10031f76 f   UartComm.obj
 0001:00030f91       __unwindfunclet$?_Xlen@_String_base@std@@SAXXZ$0 10031f91 f   libcpmt:string.obj
 0001:00030f99       __ehhandler$?_Xlen@_String_base@std@@SAXXZ 10031f99 f   libcpmt:string.obj
 0001:00030fb4       __unwindfunclet$?_Xran@_String_base@std@@SAXXZ$0 10031fb4 f   libcpmt:string.obj
 0001:00030fbc       __ehhandler$?_Xran@_String_base@std@@SAXXZ 10031fbc f   libcpmt:string.obj
 0001:00030fd7       __unwindfunclet$?_Xinvarg@_String_base@std@@SAXXZ$0 10031fd7 f   libcpmt:string.obj
 0001:00030fdf       __ehhandler$?_Xinvarg@_String_base@std@@SAXXZ 10031fdf f   libcpmt:string.obj
 0001:00030ffa       __ehhandler$?CallUnexpected@@YAXPBU_s_ESTypeList@@@Z 10031ffa f   LIBCMT:frame.obj
 0001:00031015       ??__Fnomem@?5???2@YAPAXI@Z@YAXXZ 10032015 f   LIBCMT:new.obj
