 DiagChan9

 Timestamp is 5655c019 (Wed Nov 25 22:05:13 2015)

 Preferred load address is 10000000

 Start         Length     Name                   Class
 0001:00000000 000322deH .text                   CODE
 0001:000322e0 00000577H .text$x                 CODE
 0001:00032857 00000014H .text$yd                CODE
 0002:00000000 00000200H .idata$5                DATA
 0002:00000200 00000004H .CRT$XCA                DATA
 0002:00000204 00000004H .CRT$XCZ                DATA
 0002:00000208 00000004H .CRT$XIA                DATA
 0002:0000020c 00000010H .CRT$XIC                DATA
 0002:0000021c 00000004H .CRT$XIZ                DATA
 0002:00000220 00000004H .CRT$XPA                DATA
 0002:00000224 00000004H .CRT$XPX                DATA
 0002:00000228 00000004H .CRT$XPXA               DATA
 0002:0000022c 00000004H .CRT$XPZ                DATA
 0002:00000230 00000004H .CRT$XTA                DATA
 0002:00000234 00000004H .CRT$XTZ                DATA
 0002:00000240 00005c48H .rdata                  DATA
 0002:00005e88 00000054H .rdata$debug            DATA
 0002:00005edc 00000800H .rdata$r                DATA
 0002:000066e0 00000088H .rdata$sxdata           DATA
 0002:00006768 00000004H .rtc$IAA                DATA
 0002:0000676c 00000004H .rtc$IZZ                DATA
 0002:00006770 00000004H .rtc$TAA                DATA
 0002:00006774 00000004H .rtc$TZZ                DATA
 0002:00006778 0000129cH .xdata$x                DATA
 0002:00007a14 0000003cH .idata$2                DATA
 0002:00007a50 00000014H .idata$3                DATA
 0002:00007a64 00000200H .idata$4                DATA
 0002:00007c64 00000906H .idata$6                DATA
 0002:00008570 00000188H .edata                  DATA
 0003:00000000 00001310H .data                   DATA
 0003:00001320 00001e8cH .bss                    DATA
 0004:00000000 00000058H .rsrc$01                DATA
 0004:00000060 000003e8H .rsrc$02                DATA

  Address         Publics by Value              Rva+Base       Lib:Object

 0000:00000000       __except_list              00000000     <absolute>
 0000:00000022       ___safe_se_handler_count   00000022     <absolute>
 0000:00000000       ___ImageBase               10000000     <linker-defined>
 0001:00000000       ??0bad_alloc@std@@QAE@PBD@Z 10001000 f i BaseChan.obj
 0001:00000020       ??1bad_alloc@std@@UAE@XZ   10001020 f i BaseChan.obj
 0001:00000030       ??_Gbad_alloc@std@@UAEPAXI@Z 10001030 f i BaseChan.obj
 0001:00000030       ??_Ebad_alloc@std@@UAEPAXI@Z 10001030 f i BaseChan.obj
 0001:00000060       ??2@YAPAXIPAX@Z            10001060 f i BaseChan.obj
 0001:00000070       ??3@YAXPAX0@Z              10001070 f i BaseChan.obj
 0001:00000080       ?assign@?$char_traits@D@std@@SAXAADABD@Z 10001080 f i BaseChan.obj
 0001:00000090       ?length@?$char_traits@D@std@@SAIPBD@Z 10001090 f i BaseChan.obj
 0001:000000b0       ?_Copy_s@?$char_traits@D@std@@SAPADPADIPBDI@Z 100010b0 f i BaseChan.obj
 0001:000000e0       ?_Move_s@?$char_traits@D@std@@SAPADPADIPBDI@Z 100010e0 f i BaseChan.obj
 0001:00000110       ?_Swap_aux@_Container_base@std@@QAEXAAV12@@Z 10001110 f i BaseChan.obj
 0001:00000120       ?IsPhyicalChannel@CBaseChannel@@IAE_NXZ 10001120 f i BaseChan.obj
 0001:00000130       ?IsInternalChannel@CBaseChannel@@IAE_NXZ 10001130 f i BaseChan.obj
 0001:00000140       ??1ICommChannel@@UAE@XZ    10001140 f   BaseChan.obj
 0001:00000150       ??1IProtocolChannel@@UAE@XZ 10001150 f i BaseChan.obj
 0001:00000160       ??0IProtocolObserver@@QAE@XZ 10001160 f i BaseChan.obj
 0001:00000170       ??0ICommChannel@@QAE@XZ    10001170 f i BaseChan.obj
 0001:00000180       ?InitLog@CBaseChannel@@UAEHPB_WIIPAVISpLog@@0@Z 10001180 f   BaseChan.obj
 0001:00000200       ?SetReceiver@CBaseChannel@@UAEHKHPBX@Z 10001200 f   BaseChan.obj
 0001:00000210       ?GetReceiver@CBaseChannel@@UAEXAAKAAHAAPAX@Z 10001210 f   BaseChan.obj
 0001:00000220       ?GetProperty@CBaseChannel@@UAEHJKPAX@Z 10001220 f   BaseChan.obj
 0001:000002c0       ?SetProperty@CBaseChannel@@UAEHJKPBX@Z 100012c0 f   BaseChan.obj
 0001:00000410       ?FreeMem@CBaseChannel@@UAEXPAX@Z 10001410 f   BaseChan.obj
 0001:00000430       ?GetLowerChannel@CBaseChannel@@UAEXPAPAVICommChannel@@_N@Z 10001430 f   BaseChan.obj
 0001:00000470       ?CheckPackage@CBaseChannel@@MAE_NPAUPRT_BUFF@@PAX@Z 10001470 f   BaseChan.obj
 0001:000004b0       ?CompareCond@CBaseChannel@@MAE_NPAX0_N@Z 100014b0 f   BaseChan.obj
 0001:000004c0       ?GetCondition@CBaseChannel@@MAEPAXPAXI_N@Z 100014c0 f   BaseChan.obj
 0001:000004d0       ?CopyCondition@CBaseChannel@@MAEPAXPAX@Z 100014d0 f   BaseChan.obj
 0001:000004e0       ?FreeCondition@CBaseChannel@@MAEXPAX@Z 100014e0 f   BaseChan.obj
 0001:000004f0       ?IsLastPackage@CBaseChannel@@MAE_NPAX@Z 100014f0 f   BaseChan.obj
 0001:00000500       ?StopRecvThread@CBaseChannel@@IAEXXZ 10001500 f   BaseChan.obj
 0001:00000590       ?WakeupOnPackages@CBaseChannel@@IAEXXZ 10001590 f   BaseChan.obj
 0001:000005a0       ?WaitForPackages@CBaseChannel@@IAEXXZ 100015a0 f   BaseChan.obj
 0001:000005b0       ?WakeupOnResponse@CBaseChannel@@IAEXPAX@Z 100015b0 f   BaseChan.obj
 0001:000005c0       ?WaitForResponse@CBaseChannel@@IAE_NPAXI@Z 100015c0 f   BaseChan.obj
 0001:000005e0       ?LockLowerChannel@CBaseChannel@@IAEX_N@Z 100015e0 f   BaseChan.obj
 0001:00000600       ?LockCondList@CBaseChannel@@IAEX_N@Z 10001600 f   BaseChan.obj
 0001:00000620       ?LockPackageList@CBaseChannel@@IAEX_N@Z 10001620 f   BaseChan.obj
 0001:00000640       ?LockObserverList@CBaseChannel@@IAEX_N@Z 10001640 f   BaseChan.obj
 0001:00000660       ?Free_PRT_BUFF@@YAXPAX@Z   10001660 f   BaseChan.obj
 0001:00000690       ?Alloc_PRT_BUFF@@YAPAUPRT_BUFF@@I@Z 10001690 f   BaseChan.obj
 0001:000006d0       ?LoadConfig@CBaseChannel@@MAEXPAX@Z 100016d0 f   BaseChan.obj
 0001:000007b0       ?SetThreadEvent@CBaseChannel@@QAEXXZ 100017b0 f   BaseChan.obj
 0001:000007d0       ?size@?$basic_string@DU?$char_traits@D@std@@V?$allocator@D@2@@std@@QBEIXZ 100017d0 f i BaseChan.obj
 0001:000007e0       ?size@?$list@PAUPRT_BUFF@@V?$allocator@PAUPRT_BUFF@@@std@@@std@@QBEIXZ 100017e0 f i BaseChan.obj
 0001:000007f0       ?empty@?$list@PAUPRT_BUFF@@V?$allocator@PAUPRT_BUFF@@@std@@@std@@QBE_NXZ 100017f0 f i BaseChan.obj
 0001:00000800       ?size@?$vector@UPRT_COND_T@@V?$allocator@UPRT_COND_T@@@std@@@std@@QBEIXZ 10001800 f i BaseChan.obj
 0001:00000820       ??A?$vector@UPRT_COND_T@@V?$allocator@UPRT_COND_T@@@std@@@std@@QAEAAUPRT_COND_T@@I@Z 10001820 f i BaseChan.obj
 0001:00000830       ?size@?$vector@PAVIProtocolObserver@@V?$allocator@PAVIProtocolObserver@@@std@@@std@@QBEIXZ 10001830 f i BaseChan.obj
 0001:00000840       ??A?$vector@PAVIProtocolObserver@@V?$allocator@PAVIProtocolObserver@@@std@@@std@@QAEAAPAVIProtocolObserver@@I@Z 10001840 f i BaseChan.obj
 0001:00000850       ??8?$_Const_iterator@$0A@@?$list@PAUPRT_BUFF@@V?$allocator@PAUPRT_BUFF@@@std@@@std@@QBE_NABV012@@Z 10001850 f i BaseChan.obj
 0001:00000870       ??9?$_Const_iterator@$0A@@?$list@PAUPRT_BUFF@@V?$allocator@PAUPRT_BUFF@@@std@@@std@@QBE_NABV012@@Z 10001870 f i BaseChan.obj
 0001:00000890       ?_Myptr@?$basic_string@DU?$char_traits@D@std@@V?$allocator@D@2@@std@@IBEPBDXZ 10001890 f i BaseChan.obj
 0001:000008a0       ?_Nextnode@?$list@PAUPRT_BUFF@@V?$allocator@PAUPRT_BUFF@@@std@@@std@@KAAAPAU_Node@?$_List_nod@PAUPRT_BUFF@@V?$allocator@PAUPRT_BUFF@@@std@@@2@PAU342@@Z 100018a0 f i BaseChan.obj
 0001:000008b0       ?_Prevnode@?$list@PAUPRT_BUFF@@V?$allocator@PAUPRT_BUFF@@@std@@@std@@KAAAPAU_Node@?$_List_nod@PAUPRT_BUFF@@V?$allocator@PAUPRT_BUFF@@@std@@@2@PAU342@@Z 100018b0 f i BaseChan.obj
 0001:000008c0       ??1?$_Container_base_aux_alloc_empty@V?$allocator@PAUPRT_BUFF@@@std@@@std@@IAE@XZ 100018c0 f i BaseChan.obj
 0001:000008d0       ??0?$allocator@PAUPRT_BUFF@@@std@@QAE@XZ 100018d0 f i BaseChan.obj
 0001:000008e0       ?deallocate@?$allocator@U_Node@?$_List_nod@PAUPRT_BUFF@@V?$allocator@PAUPRT_BUFF@@@std@@@std@@@std@@QAEXPAU_Node@?$_List_nod@PAUPRT_BUFF@@V?$allocator@PAUPRT_BUFF@@@std@@@2@I@Z 100018e0 f i BaseChan.obj
 0001:000008f0       ?capacity@?$vector@UPRT_COND_T@@V?$allocator@UPRT_COND_T@@@std@@@std@@QBEIXZ 100018f0 f i BaseChan.obj
 0001:00000910       ??1?$_Container_base_aux_alloc_empty@V?$allocator@UPRT_COND_T@@@std@@@std@@IAE@XZ 10001910 f i BaseChan.obj
 0001:00000920       ??0?$allocator@UPRT_COND_T@@@std@@QAE@XZ 10001920 f i BaseChan.obj
 0001:00000930       ?capacity@?$vector@PAVIProtocolObserver@@V?$allocator@PAVIProtocolObserver@@@std@@@std@@QBEIXZ 10001930 f i BaseChan.obj
 0001:00000950       ??1?$_Container_base_aux_alloc_empty@V?$allocator@PAVIProtocolObserver@@@std@@@std@@IAE@XZ 10001950 f i BaseChan.obj
 0001:00000960       ??0?$allocator@PAVIProtocolObserver@@@std@@QAE@XZ 10001960 f i BaseChan.obj
 0001:00000970       ??0?$_Const_iterator@$0A@@?$list@PAUPRT_BUFF@@V?$allocator@PAUPRT_BUFF@@@std@@@std@@QAE@XZ 10001970 f i BaseChan.obj
 0001:00000980       ?_Mynode@?$_Const_iterator@$0A@@?$list@PAUPRT_BUFF@@V?$allocator@PAUPRT_BUFF@@@std@@@std@@QBEPAU_Node@?$_List_nod@PAUPRT_BUFF@@V?$allocator@PAUPRT_BUFF@@@std@@@3@XZ 10001980 f i BaseChan.obj
 0001:00000990       ?_Myptr@?$basic_string@DU?$char_traits@D@std@@V?$allocator@D@2@@std@@IAEPADXZ 10001990 f i BaseChan.obj
 0001:000009a0       ??0?$allocator@D@std@@QAE@ABV01@@Z 100019a0 f i BaseChan.obj
 0001:000009b0       ?deallocate@?$allocator@D@std@@QAEXPADI@Z 100019b0 f i BaseChan.obj
 0001:000009c0       ?_Myval@?$list@PAUPRT_BUFF@@V?$allocator@PAUPRT_BUFF@@@std@@@std@@KAAAPAUPRT_BUFF@@PAU_Node@?$_List_nod@PAUPRT_BUFF@@V?$allocator@PAUPRT_BUFF@@@std@@@2@@Z 100019c0 f i BaseChan.obj
 0001:000009d0       ??0?$allocator@PAUPRT_BUFF@@@std@@QAE@ABV01@@Z 100019d0 f i BaseChan.obj
 0001:000009e0       ??0?$_Container_base_aux_alloc_empty@V?$allocator@UPRT_COND_T@@@std@@@std@@IAE@V?$allocator@UPRT_COND_T@@@1@@Z 100019e0 f i BaseChan.obj
 0001:000009f0       ??0?$allocator@UPRT_COND_T@@@std@@QAE@ABV01@@Z 100019f0 f i BaseChan.obj
 0001:00000a00       ?deallocate@?$allocator@UPRT_COND_T@@@std@@QAEXPAUPRT_COND_T@@I@Z 10001a00 f i BaseChan.obj
 0001:00000a10       ??0?$_Container_base_aux_alloc_empty@V?$allocator@PAVIProtocolObserver@@@std@@@std@@IAE@V?$allocator@PAVIProtocolObserver@@@1@@Z 10001a10 f i BaseChan.obj
 0001:00000a20       ??0?$allocator@PAVIProtocolObserver@@@std@@QAE@ABV01@@Z 10001a20 f i BaseChan.obj
 0001:00000a30       ?deallocate@?$allocator@PAVIProtocolObserver@@@std@@QAEXPAPAVIProtocolObserver@@I@Z 10001a30 f i BaseChan.obj
 0001:00000a40       ??0?$_Const_iterator@$0A@@?$list@PAUPRT_BUFF@@V?$allocator@PAUPRT_BUFF@@@std@@@std@@QAE@PAU_Node@?$_List_nod@PAUPRT_BUFF@@V?$allocator@PAUPRT_BUFF@@@std@@@2@@Z 10001a40 f i BaseChan.obj
 0001:00000a50       ??E?$_Const_iterator@$0A@@?$list@PAUPRT_BUFF@@V?$allocator@PAUPRT_BUFF@@@std@@@std@@QAEAAV012@XZ 10001a50 f i BaseChan.obj
 0001:00000a60       ??F?$_Const_iterator@$0A@@?$list@PAUPRT_BUFF@@V?$allocator@PAUPRT_BUFF@@@std@@@std@@QAEAAV012@XZ 10001a60 f i BaseChan.obj
 0001:00000a70       ??G?$_Vector_const_iterator@UPRT_COND_T@@V?$allocator@UPRT_COND_T@@@std@@@std@@QBEHABV01@@Z 10001a70 f i BaseChan.obj
 0001:00000a90       ??G?$_Vector_const_iterator@PAVIProtocolObserver@@V?$allocator@PAVIProtocolObserver@@@std@@@std@@QBEHABV01@@Z 10001a90 f i BaseChan.obj
 0001:00000aa0       ??0?$_String_val@DV?$allocator@D@std@@@std@@IAE@V?$allocator@D@1@@Z 10001aa0 f i BaseChan.obj
 0001:00000ab0       ??0?$allocator@D@std@@QAE@XZ 10001ab0 f i BaseChan.obj
 0001:00000ac0       ?max_size@?$allocator@UPRT_COND_T@@@std@@QBEIXZ 10001ac0 f i BaseChan.obj
 0001:00000ad0       ?max_size@?$allocator@PAVIProtocolObserver@@@std@@QBEIXZ 10001ad0 f i BaseChan.obj
 0001:00000ae0       ??0?$_Vector_const_iterator@UPRT_COND_T@@V?$allocator@UPRT_COND_T@@@std@@@std@@QAE@PAUPRT_COND_T@@@Z 10001ae0 f i BaseChan.obj
 0001:00000af0       ??8?$_Vector_const_iterator@UPRT_COND_T@@V?$allocator@UPRT_COND_T@@@std@@@std@@QBE_NABV01@@Z 10001af0 f i BaseChan.obj
 0001:00000b10       ??0?$_Vector_const_iterator@PAVIProtocolObserver@@V?$allocator@PAVIProtocolObserver@@@std@@@std@@QAE@PAPAVIProtocolObserver@@@Z 10001b10 f i BaseChan.obj
 0001:00000b20       ?max_size@?$allocator@D@std@@QBEIXZ 10001b20 f i BaseChan.obj
 0001:00000b30       ?begin@?$list@PAUPRT_BUFF@@V?$allocator@PAUPRT_BUFF@@@std@@@std@@QBE?AV?$_Const_iterator@$0A@@12@XZ 10001b30 f i BaseChan.obj
 0001:00000b40       ?end@?$list@PAUPRT_BUFF@@V?$allocator@PAUPRT_BUFF@@@std@@@std@@QBE?AV?$_Const_iterator@$0A@@12@XZ 10001b40 f i BaseChan.obj
 0001:00000b50       ??0?$_Container_base_aux_alloc_empty@V?$allocator@PAUPRT_BUFF@@@std@@@std@@IAE@V?$allocator@PAUPRT_BUFF@@@1@@Z 10001b50 f i BaseChan.obj
 0001:00000b60       ?max_size@?$allocator@PAUPRT_BUFF@@@std@@QBEIXZ 10001b60 f i BaseChan.obj
 0001:00000b70       ??Y?$_Vector_const_iterator@UPRT_COND_T@@V?$allocator@UPRT_COND_T@@@std@@@std@@QAEAAV01@H@Z 10001b70 f i BaseChan.obj
 0001:00000b90       ??Y?$_Vector_const_iterator@PAVIProtocolObserver@@V?$allocator@PAVIProtocolObserver@@@std@@@std@@QAEAAV01@H@Z 10001b90 f i BaseChan.obj
 0001:00000bb0       ?_Inside@?$basic_string@DU?$char_traits@D@std@@V?$allocator@D@2@@std@@IAE_NPBD@Z 10001bb0 f i BaseChan.obj
 0001:00000bf0       ??$?8PAUPRT_BUFF@@PAU0@@std@@YA_NABV?$allocator@PAUPRT_BUFF@@@0@0@Z 10001bf0 f i BaseChan.obj
 0001:00000c00       ??$swap@PAU_Node@?$_List_nod@PAUPRT_BUFF@@V?$allocator@PAUPRT_BUFF@@@std@@@std@@@std@@YAXAAPAU_Node@?$_List_nod@PAUPRT_BUFF@@V?$allocator@PAUPRT_BUFF@@@std@@@0@0@Z 10001c00 f i BaseChan.obj
 0001:00000c20       ??$swap@I@std@@YAXAAI0@Z   10001c20 f i BaseChan.obj
 0001:00000c40       ??$_Destroy@U_Node@?$_List_nod@PAUPRT_BUFF@@V?$allocator@PAUPRT_BUFF@@@std@@@std@@@std@@YAXPAU_Node@?$_List_nod@PAUPRT_BUFF@@V?$allocator@PAUPRT_BUFF@@@std@@@0@@Z 10001c40 f i BaseChan.obj
 0001:00000c50       ??$?0PAUPRT_BUFF@@@?$allocator@PAU_Node@?$_List_nod@PAUPRT_BUFF@@V?$allocator@PAUPRT_BUFF@@@std@@@std@@@std@@QAE@ABV?$allocator@PAUPRT_BUFF@@@1@@Z 10001c50 f i BaseChan.obj
 0001:00000c60       ??$_Allocate@U_Node@?$_List_nod@PAUPRT_BUFF@@V?$allocator@PAUPRT_BUFF@@@std@@@std@@@std@@YAPAU_Node@?$_List_nod@PAUPRT_BUFF@@V?$allocator@PAUPRT_BUFF@@@std@@@0@IPAU120@@Z 10001c60 f i BaseChan.obj
 0001:00000cc0       ??$_Construct@PAU_Node@?$_List_nod@PAUPRT_BUFF@@V?$allocator@PAUPRT_BUFF@@@std@@@std@@PAU123@@std@@YAXPAPAU_Node@?$_List_nod@PAUPRT_BUFF@@V?$allocator@PAUPRT_BUFF@@@std@@@0@ABQAU120@@Z 10001cc0 f i BaseChan.obj
 0001:00000ce0       ??$_Destroy@PAU_Node@?$_List_nod@PAUPRT_BUFF@@V?$allocator@PAUPRT_BUFF@@@std@@@std@@@std@@YAXPAPAU_Node@?$_List_nod@PAUPRT_BUFF@@V?$allocator@PAUPRT_BUFF@@@std@@@0@@Z 10001ce0 f i BaseChan.obj
 0001:00000cf0       ??$_Allocate@UPRT_COND_T@@@std@@YAPAUPRT_COND_T@@IPAU1@@Z 10001cf0 f i BaseChan.obj
 0001:00000d50       ??$_Allocate@PAVIProtocolObserver@@@std@@YAPAPAVIProtocolObserver@@IPAPAV1@@Z 10001d50 f i BaseChan.obj
 0001:00000db0       ??$?0PAUPRT_BUFF@@@?$allocator@U_Node@?$_List_nod@PAUPRT_BUFF@@V?$allocator@PAUPRT_BUFF@@@std@@@std@@@std@@QAE@ABV?$allocator@PAUPRT_BUFF@@@1@@Z 10001db0 f i BaseChan.obj
 0001:00000dc0       ??$_Construct@PAUPRT_BUFF@@PAU1@@std@@YAXPAPAUPRT_BUFF@@ABQAU1@@Z 10001dc0 f i BaseChan.obj
 0001:00000de0       ??$_Allocate@D@std@@YAPADIPAD@Z 10001de0 f i BaseChan.obj
 0001:00000e40       ??0bad_alloc@std@@QAE@ABV01@@Z 10001e40 f i BaseChan.obj
 0001:00000e60       ??$_Char_traits_cat@U?$char_traits@D@std@@@std@@YA?AU_Secure_char_traits_tag@0@XZ 10001e60 f i BaseChan.obj
 0001:00000e70       ??$copy_s@U?$char_traits@D@std@@@_Traits_helper@std@@YAPADPADIPBDIU_Secure_char_traits_tag@1@@Z 10001e70 f i BaseChan.obj
 0001:00000ea0       ??$_Iter_random@PAUPRT_COND_T@@PAU1@@std@@YA?AUrandom_access_iterator_tag@0@ABQAUPRT_COND_T@@0@Z 10001ea0 f i BaseChan.obj
 0001:00000eb0       ??$_Ptr_cat@PAUPRT_COND_T@@PAU1@@std@@YA?AU_Nonscalar_ptr_iterator_tag@0@AAPAUPRT_COND_T@@0@Z 10001eb0 f i BaseChan.obj
 0001:00000ec0       ??$_Ptr_cat@PAPAVIProtocolObserver@@PAPAV1@@std@@YA?AU_Scalar_ptr_iterator_tag@0@AAPAPAVIProtocolObserver@@0@Z 10001ec0 f i BaseChan.obj
 0001:00000ed0       ??$move_s@U?$char_traits@D@std@@@_Traits_helper@std@@YAPADPADIPBDIU_Secure_char_traits_tag@1@@Z 10001ed0 f i BaseChan.obj
 0001:00000f00       ??$_Iter_cat@V?$_Const_iterator@$0A@@?$list@PAUPRT_BUFF@@V?$allocator@PAUPRT_BUFF@@@std@@@std@@@std@@YA?AUbidirectional_iterator_tag@0@ABV?$_Const_iterator@$0A@@?$list@PAUPRT_BUFF@@V?$allocator@PAUPRT_BUFF@@@std@@@0@@Z 10001f00 f i BaseChan.obj
 0001:00000f10       ??$_Move_cat@PAUPRT_COND_T@@@std@@YA?AU_Undefined_move_tag@0@ABQAUPRT_COND_T@@@Z 10001f10 f i BaseChan.obj
 0001:00000f20       ??$_Destroy_range@V?$allocator@PAVIProtocolObserver@@@std@@@std@@YAXPAPAVIProtocolObserver@@0AAV?$allocator@PAVIProtocolObserver@@@0@U_Scalar_ptr_iterator_tag@0@@Z 10001f20 f i BaseChan.obj
 0001:00000f30       ??$_Fill@PAPAVIProtocolObserver@@PAV1@@std@@YAXPAPAVIProtocolObserver@@0ABQAV1@@Z 10001f30 f i BaseChan.obj
 0001:00000f50       ??$_Iter_random@PAPAVIProtocolObserver@@PAPAV1@@std@@YA?AUrandom_access_iterator_tag@0@ABQAPAVIProtocolObserver@@0@Z 10001f50 f i BaseChan.obj
 0001:00000f60       ??$_Move_cat@PAPAVIProtocolObserver@@@std@@YA?AU_Undefined_move_tag@0@ABQAPAVIProtocolObserver@@@Z 10001f60 f i BaseChan.obj
 0001:00000f70       ??$_Copy_backward_opt@PAPAVIProtocolObserver@@PAPAV1@Urandom_access_iterator_tag@std@@@std@@YAPAPAVIProtocolObserver@@PAPAV1@00Urandom_access_iterator_tag@0@U_Scalar_ptr_iterator_tag@0@U_Range_checked_iterator_tag@0@@Z 10001f70 f i BaseChan.obj
 0001:00000fa0       ??$_Iter_cat@PAPAVIProtocolObserver@@@std@@YA?AUrandom_access_iterator_tag@0@ABQAPAVIProtocolObserver@@@Z 10001fa0 f i BaseChan.obj
 0001:00000fb0       ??$_Fill_n@PAPAVIProtocolObserver@@IPAV1@@std@@YAXPAPAVIProtocolObserver@@IABQAV1@U_Range_checked_iterator_tag@0@@Z 10001fb0 f i BaseChan.obj
 0001:00000fd0       ??$_Uninit_copy@PAPAVIProtocolObserver@@PAPAV1@V?$allocator@PAVIProtocolObserver@@@std@@@std@@YAPAPAVIProtocolObserver@@PAPAV1@00AAV?$allocator@PAVIProtocolObserver@@@0@U_Scalar_ptr_iterator_tag@0@U_Range_checked_iterator_tag@0@@Z 10001fd0 f i BaseChan.obj
 0001:00001010       ??0IProtocolChannel@@QAE@XZ 10002010 f i BaseChan.obj
 0001:00001020       ??_EIProtocolChannel@@UAEPAXI@Z 10002020 f i BaseChan.obj
 0001:00001020       ??_GIProtocolChannel@@UAEPAXI@Z 10002020 f i BaseChan.obj
 0001:00001040       ?Write@CBaseChannel@@UAEKPAXKK@Z 10002040 f   BaseChan.obj
 0001:000012b0       ?RemoveObserver@CBaseChannel@@UAE_NH@Z 100022b0 f   BaseChan.obj
 0001:00001330       ?GetNextObserver@CBaseChannel@@IAEPAVIProtocolObserver@@AAH@Z 10002330 f   BaseChan.obj
 0001:000013b0       ?FindObserver@CBaseChannel@@IAEHPAVIProtocolObserver@@@Z 100023b0 f   BaseChan.obj
 0001:00001410       ?RecvThread@@YGIPAX@Z      10002410 f   BaseChan.obj
 0001:000015d0       ?StartRecvThread@CBaseChannel@@IAEKXZ 100025d0 f   BaseChan.obj
 0001:00001620       ?OnChannelEvent@CBaseChannel@@UAEHIPAX@Z 10002620 f   BaseChan.obj
 0001:000016d0       ?StopProcessThread@CBaseChannel@@IAEXXZ 100026d0 f   BaseChan.obj
 0001:00001750       ?GenerateEndianEvent@CBaseChannel@@IAEXXZ 10002750 f   BaseChan.obj
 0001:000017e0       ??0?$_Iterator@$0A@@?$list@PAUPRT_BUFF@@V?$allocator@PAUPRT_BUFF@@@std@@@std@@QAE@XZ 100027e0 f i BaseChan.obj
 0001:000017f0       ??1?$_Vector_val@UPRT_COND_T@@V?$allocator@UPRT_COND_T@@@std@@@std@@QAE@XZ 100027f0 f i BaseChan.obj
 0001:00001800       ??1?$_Vector_val@PAVIProtocolObserver@@V?$allocator@PAVIProtocolObserver@@@std@@@std@@QAE@XZ 10002800 f i BaseChan.obj
 0001:00001810       ??1?$_List_nod@PAUPRT_BUFF@@V?$allocator@PAUPRT_BUFF@@@std@@@std@@QAE@XZ 10002810 f i BaseChan.obj
 0001:00001820       ??0?$_String_val@DV?$allocator@D@std@@@std@@QAE@ABV01@@Z 10002820 f i BaseChan.obj
 0001:00001830       ?destroy@?$allocator@U_Node@?$_List_nod@PAUPRT_BUFF@@V?$allocator@PAUPRT_BUFF@@@std@@@std@@@std@@QAEXPAU_Node@?$_List_nod@PAUPRT_BUFF@@V?$allocator@PAUPRT_BUFF@@@std@@@2@@Z 10002830 f i BaseChan.obj
 0001:00001840       ??0?$_Vector_val@UPRT_COND_T@@V?$allocator@UPRT_COND_T@@@std@@@std@@IAE@V?$allocator@UPRT_COND_T@@@1@@Z 10002840 f i BaseChan.obj
 0001:00001850       ??0?$_Vector_val@PAVIProtocolObserver@@V?$allocator@PAVIProtocolObserver@@@std@@@std@@IAE@V?$allocator@PAVIProtocolObserver@@@1@@Z 10002850 f i BaseChan.obj
 0001:00001860       ??0?$_Iterator@$0A@@?$list@PAUPRT_BUFF@@V?$allocator@PAUPRT_BUFF@@@std@@@std@@QAE@PAU_Node@?$_List_nod@PAUPRT_BUFF@@V?$allocator@PAUPRT_BUFF@@@std@@@2@@Z 10002860 f i BaseChan.obj
 0001:00001870       ??E?$_Iterator@$0A@@?$list@PAUPRT_BUFF@@V?$allocator@PAUPRT_BUFF@@@std@@@std@@QAEAAV012@XZ 10002870 f i BaseChan.obj
 0001:00001880       ??F?$_Iterator@$0A@@?$list@PAUPRT_BUFF@@V?$allocator@PAUPRT_BUFF@@@std@@@std@@QAEAAV012@XZ 10002880 f i BaseChan.obj
 0001:00001890       ??D?$_Const_iterator@$0A@@?$list@PAUPRT_BUFF@@V?$allocator@PAUPRT_BUFF@@@std@@@std@@QBEABQAUPRT_BUFF@@XZ 10002890 f i BaseChan.obj
 0001:000018a0       ??E?$_Const_iterator@$0A@@?$list@PAUPRT_BUFF@@V?$allocator@PAUPRT_BUFF@@@std@@@std@@QAE?AV012@H@Z 100028a0 f i BaseChan.obj
 0001:000018b0       ?_Eos@?$basic_string@DU?$char_traits@D@std@@V?$allocator@D@2@@std@@IAEXI@Z 100028b0 f i BaseChan.obj
 0001:000018d0       ?allocate@?$allocator@U_Node@?$_List_nod@PAUPRT_BUFF@@V?$allocator@PAUPRT_BUFF@@@std@@@std@@@std@@QAEPAU_Node@?$_List_nod@PAUPRT_BUFF@@V?$allocator@PAUPRT_BUFF@@@std@@@2@I@Z 100028d0 f i BaseChan.obj
 0001:000018f0       ?construct@?$allocator@PAU_Node@?$_List_nod@PAUPRT_BUFF@@V?$allocator@PAUPRT_BUFF@@@std@@@std@@@std@@QAEXPAPAU_Node@?$_List_nod@PAUPRT_BUFF@@V?$allocator@PAUPRT_BUFF@@@std@@@2@ABQAU342@@Z 100028f0 f i BaseChan.obj
 0001:00001910       ?destroy@?$allocator@PAU_Node@?$_List_nod@PAUPRT_BUFF@@V?$allocator@PAUPRT_BUFF@@@std@@@std@@@std@@QAEXPAPAU_Node@?$_List_nod@PAUPRT_BUFF@@V?$allocator@PAUPRT_BUFF@@@std@@@2@@Z 10002910 f i BaseChan.obj
 0001:00001920       ?max_size@?$vector@UPRT_COND_T@@V?$allocator@UPRT_COND_T@@@std@@@std@@QBEIXZ 10002920 f i BaseChan.obj
 0001:00001930       ?allocate@?$allocator@UPRT_COND_T@@@std@@QAEPAUPRT_COND_T@@I@Z 10002930 f i BaseChan.obj
 0001:00001950       ?max_size@?$vector@PAVIProtocolObserver@@V?$allocator@PAVIProtocolObserver@@@std@@@std@@QBEIXZ 10002950 f i BaseChan.obj
 0001:00001960       ?allocate@?$allocator@PAVIProtocolObserver@@@std@@QAEPAPAVIProtocolObserver@@I@Z 10002960 f i BaseChan.obj
 0001:00001980       ??0?$_Vector_iterator@UPRT_COND_T@@V?$allocator@UPRT_COND_T@@@std@@@std@@QAE@PAUPRT_COND_T@@@Z 10002980 f i BaseChan.obj
 0001:00001990       ??9?$_Vector_const_iterator@UPRT_COND_T@@V?$allocator@UPRT_COND_T@@@std@@@std@@QBE_NABV01@@Z 10002990 f i BaseChan.obj
 0001:000019b0       ??0?$_Vector_iterator@PAVIProtocolObserver@@V?$allocator@PAVIProtocolObserver@@@std@@@std@@QAE@PAPAVIProtocolObserver@@@Z 100029b0 f i BaseChan.obj
 0001:000019c0       ?max_size@?$basic_string@DU?$char_traits@D@std@@V?$allocator@D@2@@std@@QBEIXZ 100029c0 f i BaseChan.obj
 0001:000019d0       ?max_size@?$list@PAUPRT_BUFF@@V?$allocator@PAUPRT_BUFF@@@std@@@std@@QBEIXZ 100029d0 f i BaseChan.obj
 0001:000019e0       ??0?$_List_nod@PAUPRT_BUFF@@V?$allocator@PAUPRT_BUFF@@@std@@@std@@IAE@V?$allocator@PAUPRT_BUFF@@@1@@Z 100029e0 f i BaseChan.obj
 0001:000019f0       ?construct@?$allocator@PAUPRT_BUFF@@@std@@QAEXPAPAUPRT_BUFF@@ABQAU3@@Z 100029f0 f i BaseChan.obj
 0001:00001a10       ??Y?$_Vector_iterator@UPRT_COND_T@@V?$allocator@UPRT_COND_T@@@std@@@std@@QAEAAV01@H@Z 10002a10 f i BaseChan.obj
 0001:00001a30       ??Y?$_Vector_iterator@PAVIProtocolObserver@@V?$allocator@PAVIProtocolObserver@@@std@@@std@@QAEAAV01@H@Z 10002a30 f i BaseChan.obj
 0001:00001a50       ?allocate@?$allocator@D@std@@QAEPADI@Z 10002a50 f i BaseChan.obj
 0001:00001a70       ??$copy_s@U?$char_traits@D@std@@@_Traits_helper@std@@YAPADPADIPBDI@Z 10002a70 f i BaseChan.obj
 0001:00001aa0       ??$move_s@U?$char_traits@D@std@@@_Traits_helper@std@@YAPADPADIPBDI@Z 10002aa0 f i BaseChan.obj
 0001:00001ad0       ??$_Destroy_range@V?$allocator@PAVIProtocolObserver@@@std@@@std@@YAXPAPAVIProtocolObserver@@0AAV?$allocator@PAVIProtocolObserver@@@0@@Z 10002ad0 f i BaseChan.obj
 0001:00001ae0       ??$fill@PAPAVIProtocolObserver@@PAV1@@std@@YAXPAPAVIProtocolObserver@@0ABQAV1@@Z 10002ae0 f i BaseChan.obj
 0001:00001b00       ??$_Move_backward_opt@PAPAVIProtocolObserver@@PAPAV1@Urandom_access_iterator_tag@std@@U_Undefined_move_tag@3@@std@@YAPAPAVIProtocolObserver@@PAPAV1@00Urandom_access_iterator_tag@0@U_Undefined_move_tag@0@U_Range_checked_iterator_tag@0@@Z 10002b00 f i BaseChan.obj
 0001:00001b30       ??$_Fill_n@PAPAVIProtocolObserver@@IPAV1@Urandom_access_iterator_tag@std@@@std@@YAXPAPAVIProtocolObserver@@IABQAV1@Urandom_access_iterator_tag@0@U_Range_checked_iterator_tag@0@@Z 10002b30 f i BaseChan.obj
 0001:00001b50       ??$unchecked_uninitialized_copy@PAPAVIProtocolObserver@@PAPAV1@V?$allocator@PAVIProtocolObserver@@@std@@@stdext@@YAPAPAVIProtocolObserver@@PAPAV1@00AAV?$allocator@PAVIProtocolObserver@@@std@@@Z 10002b50 f i BaseChan.obj
 0001:00001b90       ?SetLowerChannel@CBaseChannel@@UAEXPAVICommChannel@@_N@Z 10002b90 f   BaseChan.obj
 0001:00001d10       ?begin@?$list@PAUPRT_BUFF@@V?$allocator@PAUPRT_BUFF@@@std@@@std@@QAE?AV?$_Iterator@$0A@@12@XZ 10002d10 f i BaseChan.obj
 0001:00001d20       ?end@?$list@PAUPRT_BUFF@@V?$allocator@PAUPRT_BUFF@@@std@@@std@@QAE?AV?$_Iterator@$0A@@12@XZ 10002d20 f i BaseChan.obj
 0001:00001d30       ?clear@?$list@PAUPRT_BUFF@@V?$allocator@PAUPRT_BUFF@@@std@@@std@@QAEXXZ 10002d30 f i BaseChan.obj
 0001:00001d70       ??D?$_Iterator@$0A@@?$list@PAUPRT_BUFF@@V?$allocator@PAUPRT_BUFF@@@std@@@std@@QBEAAPAUPRT_BUFF@@XZ 10002d70 f i BaseChan.obj
 0001:00001d80       ??E?$_Iterator@$0A@@?$list@PAUPRT_BUFF@@V?$allocator@PAUPRT_BUFF@@@std@@@std@@QAE?AV012@H@Z 10002d80 f i BaseChan.obj
 0001:00001d90       ??F?$_Iterator@$0A@@?$list@PAUPRT_BUFF@@V?$allocator@PAUPRT_BUFF@@@std@@@std@@QAE?AV012@H@Z 10002d90 f i BaseChan.obj
 0001:00001da0       ??1?$_List_ptr@PAUPRT_BUFF@@V?$allocator@PAUPRT_BUFF@@@std@@@std@@QAE@XZ 10002da0 f i BaseChan.obj
 0001:00001db0       ?_Tidy@?$basic_string@DU?$char_traits@D@std@@V?$allocator@D@2@@std@@IAEX_NI@Z 10002db0 f i BaseChan.obj
 0001:00001e00       ?_Make_iter@?$list@PAUPRT_BUFF@@V?$allocator@PAUPRT_BUFF@@@std@@@std@@QBE?AV?$_Iterator@$0A@@12@V?$_Const_iterator@$0A@@12@@Z 10002e00 f i BaseChan.obj
 0001:00001e10       ?_Buynode@?$list@PAUPRT_BUFF@@V?$allocator@PAUPRT_BUFF@@@std@@@std@@IAEPAU_Node@?$_List_nod@PAUPRT_BUFF@@V?$allocator@PAUPRT_BUFF@@@std@@@2@XZ 10002e10 f i BaseChan.obj
 0001:00001e30       ?_Tidy@?$list@PAUPRT_BUFF@@V?$allocator@PAUPRT_BUFF@@@std@@@std@@IAEXXZ 10002e30 f i BaseChan.obj
 0001:00001e80       ?begin@?$vector@UPRT_COND_T@@V?$allocator@UPRT_COND_T@@@std@@@std@@QAE?AV?$_Vector_iterator@UPRT_COND_T@@V?$allocator@UPRT_COND_T@@@std@@@2@XZ 10002e80 f i BaseChan.obj
 0001:00001e90       ?end@?$vector@UPRT_COND_T@@V?$allocator@UPRT_COND_T@@@std@@@std@@QAE?AV?$_Vector_iterator@UPRT_COND_T@@V?$allocator@UPRT_COND_T@@@std@@@2@XZ 10002e90 f i BaseChan.obj
 0001:00001ea0       ?end@?$vector@PAVIProtocolObserver@@V?$allocator@PAVIProtocolObserver@@@std@@@std@@QAE?AV?$_Vector_iterator@PAVIProtocolObserver@@V?$allocator@PAVIProtocolObserver@@@std@@@2@XZ 10002ea0 f i BaseChan.obj
 0001:00001eb0       ?erase@?$basic_string@DU?$char_traits@D@std@@V?$allocator@D@2@@std@@QAEAAV12@II@Z 10002eb0 f i BaseChan.obj
 0001:00001f40       ?_Buynode@?$list@PAUPRT_BUFF@@V?$allocator@PAUPRT_BUFF@@@std@@@std@@IAEPAU_Node@?$_List_nod@PAUPRT_BUFF@@V?$allocator@PAUPRT_BUFF@@@std@@@2@PAU342@0ABQAUPRT_BUFF@@@Z 10002f40 f i BaseChan.obj
 0001:00001f80       ??0?$_List_ptr@PAUPRT_BUFF@@V?$allocator@PAUPRT_BUFF@@@std@@@std@@IAE@V?$allocator@PAUPRT_BUFF@@@1@@Z 10002f80 f i BaseChan.obj
 0001:00001f90       ?_Make_iter@?$vector@UPRT_COND_T@@V?$allocator@UPRT_COND_T@@@std@@@std@@QBE?AV?$_Vector_iterator@UPRT_COND_T@@V?$allocator@UPRT_COND_T@@@std@@@2@V?$_Vector_const_iterator@UPRT_COND_T@@V?$allocator@UPRT_COND_T@@@std@@@2@@Z 10002f90 f i BaseChan.obj
 0001:00001fa0       ?begin@?$vector@PAVIProtocolObserver@@V?$allocator@PAVIProtocolObserver@@@std@@@std@@QAE?AV?$_Vector_iterator@PAVIProtocolObserver@@V?$allocator@PAVIProtocolObserver@@@std@@@2@XZ 10002fa0 f i BaseChan.obj
 0001:00001fb0       ?_Destroy@?$vector@PAVIProtocolObserver@@V?$allocator@PAVIProtocolObserver@@@std@@@std@@IAEXPAPAVIProtocolObserver@@0@Z 10002fb0 f i BaseChan.obj
 0001:00001fc0       ??H?$_Vector_iterator@UPRT_COND_T@@V?$allocator@UPRT_COND_T@@@std@@@std@@QBE?AV01@H@Z 10002fc0 f i BaseChan.obj
 0001:00001fe0       ??H?$_Vector_iterator@PAVIProtocolObserver@@V?$allocator@PAVIProtocolObserver@@@std@@@std@@QBE?AV01@H@Z 10002fe0 f i BaseChan.obj
 0001:00002000       ?_Copy@?$basic_string@DU?$char_traits@D@std@@V?$allocator@D@2@@std@@IAEXII@Z 10003000 f i BaseChan.obj
 0001:00002140       ??$_Unchecked_move_backward@PAPAVIProtocolObserver@@PAPAV1@@stdext@@YAPAPAVIProtocolObserver@@PAPAV1@00@Z 10003140 f i BaseChan.obj
 0001:00002170       ??$unchecked_fill_n@PAPAVIProtocolObserver@@IPAV1@@stdext@@YAXPAPAVIProtocolObserver@@IABQAV1@@Z 10003170 f i BaseChan.obj
 0001:00002190       ??$_Uninit_move@PAPAVIProtocolObserver@@PAPAV1@V?$allocator@PAVIProtocolObserver@@@std@@U_Undefined_move_tag@3@@std@@YAPAPAVIProtocolObserver@@PAPAV1@00AAV?$allocator@PAVIProtocolObserver@@@0@U_Undefined_move_tag@0@U_Range_checked_iterator_tag@0@@Z 10003190 f i BaseChan.obj
 0001:000021d0       ?RemoveCond@CBaseChannel@@MAE_NH_N@Z 100031d0 f   BaseChan.obj
 0001:00002400       ??1?$basic_string@DU?$char_traits@D@std@@V?$allocator@D@2@@std@@QAE@XZ 10003400 f i BaseChan.obj
 0001:00002430       ?front@?$list@PAUPRT_BUFF@@V?$allocator@PAUPRT_BUFF@@@std@@@std@@QAEAAPAUPRT_BUFF@@XZ 10003430 f i BaseChan.obj
 0001:00002440       ?erase@?$list@PAUPRT_BUFF@@V?$allocator@PAUPRT_BUFF@@@std@@@std@@QAE?AV?$_Iterator@$0A@@12@V?$_Const_iterator@$0A@@12@@Z 10003440 f i BaseChan.obj
 0001:00002480       ?erase@?$list@PAUPRT_BUFF@@V?$allocator@PAUPRT_BUFF@@@std@@@std@@QAE?AV?$_Iterator@$0A@@12@V?$_Const_iterator@$0A@@12@0@Z 10003480 f i BaseChan.obj
 0001:000024f0       ??1?$_List_val@PAUPRT_BUFF@@V?$allocator@PAUPRT_BUFF@@@std@@@std@@QAE@XZ 100034f0 f i BaseChan.obj
 0001:00002500       ??0?$_List_val@PAUPRT_BUFF@@V?$allocator@PAUPRT_BUFF@@@std@@@std@@QAE@V?$allocator@PAUPRT_BUFF@@@1@@Z 10003500 f i BaseChan.obj
 0001:00002510       ?_Tidy@?$vector@PAVIProtocolObserver@@V?$allocator@PAVIProtocolObserver@@@std@@@std@@IAEXXZ 10003510 f i BaseChan.obj
 0001:00002540       ?_Grow@?$basic_string@DU?$char_traits@D@std@@V?$allocator@D@2@@std@@IAE_NI_N@Z 10003540 f i BaseChan.obj
 0001:00002600       ??$_Uninit_fill_n@PAPAVIProtocolObserver@@IPAV1@V?$allocator@PAVIProtocolObserver@@@std@@@std@@YAXPAPAVIProtocolObserver@@IABQAV1@AAV?$allocator@PAVIProtocolObserver@@@0@U_Scalar_ptr_iterator_tag@0@U_Range_checked_iterator_tag@0@@Z 10003600 f i BaseChan.obj
 0001:00002620       ??$_Unchecked_uninitialized_move@PAPAVIProtocolObserver@@PAPAV1@V?$allocator@PAVIProtocolObserver@@@std@@@stdext@@YAPAPAVIProtocolObserver@@PAPAV1@00AAV?$allocator@PAVIProtocolObserver@@@std@@@Z 10003620 f i BaseChan.obj
 0001:00002660       ??1logic_error@std@@UAE@XZ 10003660 f i BaseChan.obj
 0001:000026a0       ?c_str@?$basic_string@DU?$char_traits@D@std@@V?$allocator@D@2@@std@@QBEPBDXZ 100036a0 f i BaseChan.obj
 0001:000026b0       ?what@logic_error@std@@UBEPBDXZ 100036b0 f i BaseChan.obj
 0001:000026c0       ??_Glogic_error@std@@UAEPAXI@Z 100036c0 f i BaseChan.obj
 0001:000026c0       ??_Elogic_error@std@@UAEPAXI@Z 100036c0 f i BaseChan.obj
 0001:00002710       ?RemovePackages@CBaseChannel@@MAEXPAX@Z 10003710 f   BaseChan.obj
 0001:00002830       ??0?$list@PAUPRT_BUFF@@V?$allocator@PAUPRT_BUFF@@@std@@@std@@QAE@XZ 10003830 f i BaseChan.obj
 0001:00002850       ??1?$list@PAUPRT_BUFF@@V?$allocator@PAUPRT_BUFF@@@std@@@std@@QAE@XZ 10003850 f i BaseChan.obj
 0001:00002860       ?pop_front@?$list@PAUPRT_BUFF@@V?$allocator@PAUPRT_BUFF@@@std@@@std@@QAEXXZ 10003860 f i BaseChan.obj
 0001:00002890       ??1?$vector@PAVIProtocolObserver@@V?$allocator@PAVIProtocolObserver@@@std@@@std@@QAE@XZ 10003890 f i BaseChan.obj
 0001:000028c0       ?assign@?$basic_string@DU?$char_traits@D@std@@V?$allocator@D@2@@std@@QAEAAV12@ABV12@II@Z 100038c0 f i BaseChan.obj
 0001:000029a0       ?assign@?$basic_string@DU?$char_traits@D@std@@V?$allocator@D@2@@std@@QAEAAV12@PBDI@Z 100039a0 f i BaseChan.obj
 0001:00002a80       ??$unchecked_uninitialized_fill_n@PAPAVIProtocolObserver@@IPAV1@V?$allocator@PAVIProtocolObserver@@@std@@@stdext@@YAXPAPAVIProtocolObserver@@IABQAV1@AAV?$allocator@PAVIProtocolObserver@@@std@@@Z 10003a80 f i BaseChan.obj
 0001:00002aa0       ??$_Umove@PAPAVIProtocolObserver@@@?$vector@PAVIProtocolObserver@@V?$allocator@PAVIProtocolObserver@@@std@@@std@@IAEPAPAVIProtocolObserver@@PAPAV2@00@Z 10003aa0 f i BaseChan.obj
 0001:00002ae0       ?Read@CBaseChannel@@UAEKPAXKKK@Z 10003ae0 f   BaseChan.obj
 0001:00002f50       ??0PRT_COND_T@@QAE@XZ      10003f50 f i BaseChan.obj
 0001:00002f70       ??1PRT_COND_T@@QAE@XZ      10003f70 f i BaseChan.obj
 0001:00002f80       ?FindPackage@CBaseChannel@@MAEPAUPRT_BUFF@@AAH@Z 10003f80 f   BaseChan.obj
 0001:000030a0       ?GetPackage@CBaseChannel@@IAEPAUPRT_BUFF@@XZ 100040a0 f   BaseChan.obj
 0001:000031c0       ??0?$basic_string@DU?$char_traits@D@std@@V?$allocator@D@2@@std@@QAE@ABV01@@Z 100041c0 f i BaseChan.obj
 0001:000031f0       ?_Ufill@?$vector@PAVIProtocolObserver@@V?$allocator@PAVIProtocolObserver@@@std@@@std@@IAEPAPAVIProtocolObserver@@PAPAV3@IABQAV3@@Z 100041f0 f i BaseChan.obj
 0001:00003220       ?assign@?$basic_string@DU?$char_traits@D@std@@V?$allocator@D@2@@std@@QAEAAV12@PBD@Z 10004220 f i BaseChan.obj
 0001:00003250       ??_GPRT_COND_T@@QAEPAXI@Z  10004250 f i BaseChan.obj
 0001:00003280       ??0logic_error@std@@QAE@ABV?$basic_string@DU?$char_traits@D@std@@V?$allocator@D@2@@1@@Z 10004280 f i BaseChan.obj
 0001:000032f0       ??0length_error@std@@QAE@ABV?$basic_string@DU?$char_traits@D@std@@V?$allocator@D@2@@1@@Z 100042f0 f i BaseChan.obj
 0001:00003310       ??1length_error@std@@UAE@XZ 10004310 f i BaseChan.obj
 0001:00003350       ??_Glength_error@std@@UAEPAXI@Z 10004350 f i BaseChan.obj
 0001:00003350       ??_Elength_error@std@@UAEPAXI@Z 10004350 f i BaseChan.obj
 0001:000033a0       ?ProcessData@CBaseChannel@@QAEXXZ 100043a0 f   BaseChan.obj
 0001:00003580       ??0?$basic_string@DU?$char_traits@D@std@@V?$allocator@D@2@@std@@QAE@PBD@Z 10004580 f i BaseChan.obj
 0001:000035c0       ?_Incsize@?$list@PAUPRT_BUFF@@V?$allocator@PAUPRT_BUFF@@@std@@@std@@IAEXI@Z 100045c0 f i BaseChan.obj
 0001:00003660       ??0logic_error@std@@QAE@ABV01@@Z 10004660 f i BaseChan.obj
 0001:000036e0       ??0length_error@std@@QAE@ABV01@@Z 100046e0 f i BaseChan.obj
 0001:00003700       ?_Xlen@?$vector@UPRT_COND_T@@V?$allocator@UPRT_COND_T@@@std@@@std@@KAXXZ 10004700 f i BaseChan.obj
 0001:00003780       ?_Xlen@?$vector@PAVIProtocolObserver@@V?$allocator@PAVIProtocolObserver@@@std@@@std@@KAXXZ 10004780 f i BaseChan.obj
 0001:00003800       ??$_Destroy@UPRT_COND_T@@@std@@YAXPAUPRT_COND_T@@@Z 10004800 f i BaseChan.obj
 0001:00003810       ?ProcessThread@@YGIPAX@Z   10004810 f   BaseChan.obj
 0001:00003820       ?StartProcessThread@CBaseChannel@@IAEKXZ 10004820 f   BaseChan.obj
 0001:00003870       ?_Insert@?$list@PAUPRT_BUFF@@V?$allocator@PAUPRT_BUFF@@@std@@@std@@QAEXV?$_Const_iterator@$0A@@12@ABQAUPRT_BUFF@@@Z 10004870 f i BaseChan.obj
 0001:000038b0       ?_Buy@?$vector@UPRT_COND_T@@V?$allocator@UPRT_COND_T@@@std@@@std@@IAE_NI@Z 100048b0 f i BaseChan.obj
 0001:00003900       ?_Buy@?$vector@PAVIProtocolObserver@@V?$allocator@PAVIProtocolObserver@@@std@@@std@@IAE_NI@Z 10004900 f i BaseChan.obj
 0001:00003950       ?_Insert_n@?$vector@PAVIProtocolObserver@@V?$allocator@PAVIProtocolObserver@@@std@@@std@@IAEXV?$_Vector_const_iterator@PAVIProtocolObserver@@V?$allocator@PAVIProtocolObserver@@@std@@@2@IABQAVIProtocolObserver@@@Z 10004950 f i BaseChan.obj
 0001:00003b00       ??$_Insert@V?$_Const_iterator@$0A@@?$list@PAUPRT_BUFF@@V?$allocator@PAUPRT_BUFF@@@std@@@std@@@?$list@PAUPRT_BUFF@@V?$allocator@PAUPRT_BUFF@@@std@@@std@@QAEXV?$_Const_iterator@$0A@@01@00Uforward_iterator_tag@1@@Z 10004b00 f i BaseChan.obj
 0001:00003bc0       ?destroy@?$allocator@UPRT_COND_T@@@std@@QAEXPAUPRT_COND_T@@@Z 10004bc0 f i BaseChan.obj
 0001:00003bd0       ?Open@CBaseChannel@@UAEHQAU_CHANNEL_ATTRIBUTE@@@Z 10004bd0 f   BaseChan.obj
 0001:00003e90       ?push_back@?$list@PAUPRT_BUFF@@V?$allocator@PAUPRT_BUFF@@@std@@@std@@QAEXABQAUPRT_BUFF@@@Z 10004e90 f i BaseChan.obj
 0001:00003ed0       ??0?$vector@UPRT_COND_T@@V?$allocator@UPRT_COND_T@@@std@@@std@@QAE@XZ 10004ed0 f i BaseChan.obj
 0001:00003ee0       ??0?$vector@PAVIProtocolObserver@@V?$allocator@PAVIProtocolObserver@@@std@@@std@@QAE@XZ 10004ee0 f i BaseChan.obj
 0001:00003ef0       ?insert@?$vector@PAVIProtocolObserver@@V?$allocator@PAVIProtocolObserver@@@std@@@std@@QAE?AV?$_Vector_iterator@PAVIProtocolObserver@@V?$allocator@PAVIProtocolObserver@@@std@@@2@V?$_Vector_const_iterator@PAVIProtocolObserver@@V?$allocator@PAVIProtocolObserver@@@std@@@2@ABQAVIProtocolObserver@@@Z 10004ef0 f i BaseChan.obj
 0001:00003f40       ??$insert@V?$_Const_iterator@$0A@@?$list@PAUPRT_BUFF@@V?$allocator@PAUPRT_BUFF@@@std@@@std@@@?$list@PAUPRT_BUFF@@V?$allocator@PAUPRT_BUFF@@@std@@@std@@QAEXV?$_Const_iterator@$0A@@01@00@Z 10004f40 f i BaseChan.obj
 0001:00003f60       ??$_Destroy_range@V?$allocator@UPRT_COND_T@@@std@@@std@@YAXPAUPRT_COND_T@@0AAV?$allocator@UPRT_COND_T@@@0@U_Nonscalar_ptr_iterator_tag@0@@Z 10004f60 f i BaseChan.obj
 0001:00003fd0       ??$_Assign@V?$_Const_iterator@$0A@@?$list@PAUPRT_BUFF@@V?$allocator@PAUPRT_BUFF@@@std@@@std@@@?$list@PAUPRT_BUFF@@V?$allocator@PAUPRT_BUFF@@@std@@@std@@QAEXV?$_Const_iterator@$0A@@01@0Uinput_iterator_tag@1@@Z 10004fd0 f i BaseChan.obj
 0001:00004030       ?AddtoPackageList@CBaseChannel@@IAEXPAPAUPRT_BUFF@@HH@Z 10005030 f   BaseChan.obj
 0001:00004330       ?push_back@?$vector@PAVIProtocolObserver@@V?$allocator@PAVIProtocolObserver@@@std@@@std@@QAEXABQAVIProtocolObserver@@@Z 10005330 f i BaseChan.obj
 0001:00004380       ?_Splice@?$list@PAUPRT_BUFF@@V?$allocator@PAUPRT_BUFF@@@std@@@std@@QAEXV?$_Const_iterator@$0A@@12@AAV12@00I_N@Z 10005380 f i BaseChan.obj
 0001:000043f0       ??0?$list@PAUPRT_BUFF@@V?$allocator@PAUPRT_BUFF@@@std@@@std@@QAE@ABV01@@Z 100053f0 f i BaseChan.obj
 0001:00004480       ??$_Destroy_range@V?$allocator@UPRT_COND_T@@@std@@@std@@YAXPAUPRT_COND_T@@0AAV?$allocator@UPRT_COND_T@@@0@@Z 10005480 f i BaseChan.obj
 0001:000044a0       ??$assign@V?$_Const_iterator@$0A@@?$list@PAUPRT_BUFF@@V?$allocator@PAUPRT_BUFF@@@std@@@std@@@?$list@PAUPRT_BUFF@@V?$allocator@PAUPRT_BUFF@@@std@@@std@@QAEXV?$_Const_iterator@$0A@@01@0@Z 100054a0 f i BaseChan.obj
 0001:000044c0       ?AddObserver@CBaseChannel@@UAEHPAVIProtocolObserver@@@Z 100054c0 f   BaseChan.obj
 0001:00004610       ?OnChannelData@CBaseChannel@@UAEHPAXK@Z 10005610 f   BaseChan.obj
 0001:00004740       ?splice@?$list@PAUPRT_BUFF@@V?$allocator@PAUPRT_BUFF@@@std@@@std@@QAEXV?$_Const_iterator@$0A@@12@AAV12@@Z 10005740 f i BaseChan.obj
 0001:00004770       ?splice@?$list@PAUPRT_BUFF@@V?$allocator@PAUPRT_BUFF@@@std@@@std@@QAEXV?$_Const_iterator@$0A@@12@AAV12@00@Z 10005770 f i BaseChan.obj
 0001:00004840       ?_Destroy@?$vector@UPRT_COND_T@@V?$allocator@UPRT_COND_T@@@std@@@std@@IAEXPAUPRT_COND_T@@0@Z 10005840 f i BaseChan.obj
 0001:00004860       ??0PRT_COND_T@@QAE@ABU0@@Z 10005860 f i BaseChan.obj
 0001:00004890       ??4?$list@PAUPRT_BUFF@@V?$allocator@PAUPRT_BUFF@@@std@@@std@@QAEAAV01@ABV01@@Z 10005890 f i BaseChan.obj
 0001:000048c0       ??$_Construct@UPRT_COND_T@@U1@@std@@YAXPAUPRT_COND_T@@ABU1@@Z 100058c0 f i BaseChan.obj
 0001:00004930       ?swap@?$list@PAUPRT_BUFF@@V?$allocator@PAUPRT_BUFF@@@std@@@std@@QAEXAAV12@@Z 10005930 f i BaseChan.obj
 0001:00004970       ?_Tidy@?$vector@UPRT_COND_T@@V?$allocator@UPRT_COND_T@@@std@@@std@@IAEXXZ 10005970 f i BaseChan.obj
 0001:000049b0       ??4PRT_COND_T@@QAEAAU0@ABU0@@Z 100059b0 f i BaseChan.obj
 0001:000049f0       ?construct@?$allocator@UPRT_COND_T@@@std@@QAEXPAUPRT_COND_T@@ABU3@@Z 100059f0 f i BaseChan.obj
 0001:00004a10       ??$_Copy_backward_opt@PAUPRT_COND_T@@PAU1@Urandom_access_iterator_tag@std@@@std@@YAPAUPRT_COND_T@@PAU1@00Urandom_access_iterator_tag@0@U_Nonscalar_ptr_iterator_tag@0@U_Range_checked_iterator_tag@0@@Z 10005a10 f i BaseChan.obj
 0001:00004ad0       ??$_Uninit_copy@PAUPRT_COND_T@@PAU1@V?$allocator@UPRT_COND_T@@@std@@@std@@YAPAUPRT_COND_T@@PAU1@00AAV?$allocator@UPRT_COND_T@@@0@U_Nonscalar_ptr_iterator_tag@0@U_Range_checked_iterator_tag@0@@Z 10005ad0 f i BaseChan.obj
 0001:00004b90       ??1?$vector@UPRT_COND_T@@V?$allocator@UPRT_COND_T@@@std@@@std@@QAE@XZ 10005b90 f i BaseChan.obj
 0001:00004bd0       ??$_Copy_opt@PAUPRT_COND_T@@PAU1@Urandom_access_iterator_tag@std@@@std@@YAPAUPRT_COND_T@@PAU1@00Urandom_access_iterator_tag@0@U_Nonscalar_ptr_iterator_tag@0@U_Range_checked_iterator_tag@0@@Z 10005bd0 f i BaseChan.obj
 0001:00004c40       ??$_Uninit_fill_n@PAUPRT_COND_T@@IU1@V?$allocator@UPRT_COND_T@@@std@@@std@@YAXPAUPRT_COND_T@@IABU1@AAV?$allocator@UPRT_COND_T@@@0@U_Nonscalar_ptr_iterator_tag@0@U_Range_checked_iterator_tag@0@@Z 10005c40 f i BaseChan.obj
 0001:00004cf0       ??$_Fill@PAUPRT_COND_T@@U1@@std@@YAXPAUPRT_COND_T@@0ABU1@@Z 10005cf0 f i BaseChan.obj
 0001:00004d40       ??$_Move_backward_opt@PAUPRT_COND_T@@PAU1@Urandom_access_iterator_tag@std@@U_Undefined_move_tag@3@@std@@YAPAUPRT_COND_T@@PAU1@00Urandom_access_iterator_tag@0@U_Undefined_move_tag@0@U_Range_checked_iterator_tag@0@@Z 10005d40 f i BaseChan.obj
 0001:00004d70       ??$unchecked_uninitialized_copy@PAUPRT_COND_T@@PAU1@V?$allocator@UPRT_COND_T@@@std@@@stdext@@YAPAUPRT_COND_T@@PAU1@00AAV?$allocator@UPRT_COND_T@@@std@@@Z 10005d70 f i BaseChan.obj
 0001:00004da0       ??0CBaseChannel@@QAE@XZ    10005da0 f   BaseChan.obj
 0001:00004f30       ??1CBaseChannel@@UAE@XZ    10005f30 f   BaseChan.obj
 0001:00005090       ??$unchecked_copy@PAUPRT_COND_T@@PAU1@@stdext@@YAPAUPRT_COND_T@@PAU1@00@Z 10006090 f i BaseChan.obj
 0001:000050c0       ??$unchecked_uninitialized_fill_n@PAUPRT_COND_T@@IU1@V?$allocator@UPRT_COND_T@@@std@@@stdext@@YAXPAUPRT_COND_T@@IABU1@AAV?$allocator@UPRT_COND_T@@@std@@@Z 100060c0 f i BaseChan.obj
 0001:000050f0       ??$fill@PAUPRT_COND_T@@U1@@std@@YAXPAUPRT_COND_T@@0ABU1@@Z 100060f0 f i BaseChan.obj
 0001:00005100       ??$_Unchecked_move_backward@PAUPRT_COND_T@@PAU1@@stdext@@YAPAUPRT_COND_T@@PAU1@00@Z 10006100 f i BaseChan.obj
 0001:00005130       ??$_Uninit_move@PAUPRT_COND_T@@PAU1@V?$allocator@UPRT_COND_T@@@std@@U_Undefined_move_tag@3@@std@@YAPAUPRT_COND_T@@PAU1@00AAV?$allocator@UPRT_COND_T@@@0@U_Undefined_move_tag@0@U_Range_checked_iterator_tag@0@@Z 10006130 f i BaseChan.obj
 0001:00005160       ??_GCBaseChannel@@UAEPAXI@Z 10006160 f i BaseChan.obj
 0001:00005160       ??_ECBaseChannel@@UAEPAXI@Z 10006160 f i BaseChan.obj
 0001:00005180       ?erase@?$vector@UPRT_COND_T@@V?$allocator@UPRT_COND_T@@@std@@@std@@QAE?AV?$_Vector_iterator@UPRT_COND_T@@V?$allocator@UPRT_COND_T@@@std@@@2@V?$_Vector_const_iterator@UPRT_COND_T@@V?$allocator@UPRT_COND_T@@@std@@@2@0@Z 10006180 f i BaseChan.obj
 0001:000051e0       ?_Ufill@?$vector@UPRT_COND_T@@V?$allocator@UPRT_COND_T@@@std@@@std@@IAEPAUPRT_COND_T@@PAU3@IABU3@@Z 100061e0 f i BaseChan.obj
 0001:00005220       ??$_Unchecked_uninitialized_move@PAUPRT_COND_T@@PAU1@V?$allocator@UPRT_COND_T@@@std@@@stdext@@YAPAUPRT_COND_T@@PAU1@00AAV?$allocator@UPRT_COND_T@@@std@@@Z 10006220 f i BaseChan.obj
 0001:00005250       ?clear@?$vector@UPRT_COND_T@@V?$allocator@UPRT_COND_T@@@std@@@std@@QAEXXZ 10006250 f i BaseChan.obj
 0001:00005270       ??$_Umove@PAUPRT_COND_T@@@?$vector@UPRT_COND_T@@V?$allocator@UPRT_COND_T@@@std@@@std@@IAEPAUPRT_COND_T@@PAU2@00@Z 10006270 f i BaseChan.obj
 0001:000052a0       ?Close@CBaseChannel@@UAEXXZ 100062a0 f   BaseChan.obj
 0001:000055a0       ?Clear@CBaseChannel@@UAEHXZ 100065a0 f   BaseChan.obj
 0001:000057f0       ?_Insert_n@?$vector@UPRT_COND_T@@V?$allocator@UPRT_COND_T@@@std@@@std@@IAEXV?$_Vector_const_iterator@UPRT_COND_T@@V?$allocator@UPRT_COND_T@@@std@@@2@IABUPRT_COND_T@@@Z 100067f0 f i BaseChan.obj
 0001:00005b40       ?insert@?$vector@UPRT_COND_T@@V?$allocator@UPRT_COND_T@@@std@@@std@@QAE?AV?$_Vector_iterator@UPRT_COND_T@@V?$allocator@UPRT_COND_T@@@std@@@2@V?$_Vector_const_iterator@UPRT_COND_T@@V?$allocator@UPRT_COND_T@@@std@@@2@ABUPRT_COND_T@@@Z 10006b40 f i BaseChan.obj
 0001:00005bb0       ?push_back@?$vector@UPRT_COND_T@@V?$allocator@UPRT_COND_T@@@std@@@std@@QAEXABUPRT_COND_T@@@Z 10006bb0 f i BaseChan.obj
 0001:00005c40       ?AddCond@CBaseChannel@@MAEHPAXH@Z 10006c40 f   BaseChan.obj
 0001:00005e10       ?AddCond@CBaseChannel@@IAEHPAUPRT_COND_T@@@Z 10006e10 f   BaseChan.obj
 0001:00005f90       ?FindPackage@CBaseChannel@@MAEPAUPRT_BUFF@@PAUPRT_READ_T@@_N@Z 10006f90 f   BaseChan.obj
 0001:00006290       ??0CBmChannel@@QAE@XZ      10007290 f   BmChannel.obj
 0001:00006340       ??1CBmChannel@@UAE@XZ      10007340 f   BmChannel.obj
 0001:000063b0       ?SetProperty@CBmChannel@@UAEHJKPBX@Z 100073b0 f   BmChannel.obj
 0001:000063f0       ?Write@CBmChannel@@UAEKPAXKK@Z 100073f0 f   BmChannel.obj
 0001:00006660       ?CompareCond@CBmChannel@@MAE_NPAX0_N@Z 10007660 f   BmChannel.obj
 0001:00006670       ?GetCondition@CBmChannel@@MAEPAXPAXI_N@Z 10007670 f   BmChannel.obj
 0001:000066a0       ?CopyCondition@CBmChannel@@MAEPAXPAX@Z 100076a0 f   BmChannel.obj
 0001:000066b0       ?FreeCondition@CBmChannel@@MAEXPAX@Z 100076b0 f   BmChannel.obj
 0001:000066c0       ??_ECBmChannel@@UAEPAXI@Z  100076c0 f i BmChannel.obj
 0001:000066c0       ??_GCBmChannel@@UAEPAXI@Z  100076c0 f i BmChannel.obj
 0001:000066e0       ??0CBmPackage@@QAE@XZ      100076e0 f   BmPackage.obj
 0001:00006720       ??1CBmPackage@@UAE@XZ      10007720 f   BmPackage.obj
 0001:00006730       ?CheckLength@CBmPackage@@MAE_NXZ 10007730 f   BmPackage.obj
 0001:00006820       ?SetProperty@CBmPackage@@UAE_NJIPBX@Z 10007820 f   BmPackage.obj
 0001:00006850       ?Package@CBmPackage@@UAEIPAXHPAPAXPAH@Z 10007850 f   BmPackage.obj
 0001:00006a60       ??_GCBmPackage@@UAEPAXI@Z  10007a60 f i BmPackage.obj
 0001:00006a60       ??_ECBmPackage@@UAEPAXI@Z  10007a60 f i BmPackage.obj
 0001:00006a90       _crc_16_l_calc             10007a90 f   crc.obj
 0001:00006ae0       _frm_chk                   10007ae0 f   crc.obj
 0001:00006b40       ?LoadChannelLib@@YAHXZ     10007b40 f   DiagChan.obj
 0001:00006c20       ?FreeChannelLib@@YAXXZ     10007c20 f   DiagChan.obj
 0001:00006c40       _CreateDiagChannel         10007c40 f   DiagChan.obj
 0001:00006c80       _ReleaseDiagChannel        10007c80 f   DiagChan.obj
 0001:00006ca0       _CreateDiagPackage         10007ca0 f   DiagChan.obj
 0001:00006ce0       _ReleaseDiagPackage        10007ce0 f   DiagChan.obj
 0001:00006d00       _CreateBmChannel           10007d00 f   DiagChan.obj
 0001:00006d40       _ReleaseBmChannel          10007d40 f   DiagChan.obj
 0001:00006d60       _CreateBmPackage           10007d60 f   DiagChan.obj
 0001:00006da0       _ReleaseBmPackage          10007da0 f   DiagChan.obj
 0001:00006dc0       _CreateProtoChannel        10007dc0 f   DiagChan.obj
 0001:00006e50       _ReleaseProtoChannel       10007e50 f   DiagChan.obj
 0001:00006e70       _CreateProtoPackage        10007e70 f   DiagChan.obj
 0001:00006f00       _ReleaseProtoPackage       10007f00 f   DiagChan.obj
 0001:00006f20       _DllMain@12                10007f20 f   DiagChan.obj
 0001:00006f70       ?wcsrchr@@YAPA_WPA_W_W@Z   10007f70 f i DiagChannel.obj
 0001:00006f80       ??1CDiagChannel@@UAE@XZ    10007f80 f   DiagChannel.obj
 0001:00006ff0       ?CompareCond@CDiagChannel@@MAE_NPAX0_N@Z 10007ff0 f   DiagChannel.obj
 0001:00007070       ?GetCondition@CDiagChannel@@MAEPAXPAXI_N@Z 10008070 f   DiagChannel.obj
 0001:00007270       ?CopyCondition@CDiagChannel@@MAEPAXPAX@Z 10008270 f   DiagChannel.obj
 0001:000072a0       ?FreeCondition@CDiagChannel@@MAEXPAX@Z 100082a0 f   DiagChannel.obj
 0001:000072c0       ?IsLastPackage@CDiagChannel@@MAE_NPAX@Z 100082c0 f   DiagChannel.obj
 0001:00007310       ?LoadTypeDef@CDiagChannel@@IAEXXZ 10008310 f   DiagChannel.obj
 0001:00007430       ?GetProperty@CDiagChannel@@UAEHJKPAX@Z 10008430 f   DiagChannel.obj
 0001:00007470       ?SetProperty@CDiagChannel@@UAEHJKPBX@Z 10008470 f   DiagChannel.obj
 0001:000074d0       ??0CDiagChannel@@QAE@XZ    100084d0 f   DiagChannel.obj
 0001:00007590       ??_ECDiagChannel@@UAEPAXI@Z 10008590 f i DiagChannel.obj
 0001:00007590       ??_GCDiagChannel@@UAEPAXI@Z 10008590 f i DiagChannel.obj
 0001:000075b0       ??0_Aux_cont@std@@QAE@QBV_Container_base_aux@1@@Z 100085b0 f i DiagPackage.obj
 0001:000075c0       ?_Getcont@_Aux_cont@std@@QBEPBV_Container_base_aux@2@XZ 100085c0 f i DiagPackage.obj
 0001:000075d0       ??0_Container_base_aux@std@@QAE@XZ 100085d0 f i DiagPackage.obj
 0001:000075e0       ??1_Container_base_aux@std@@QAE@XZ 100085e0 f i DiagPackage.obj
 0001:000075f0       ??0_Iterator_base_aux@std@@QAE@XZ 100085f0 f i DiagPackage.obj
 0001:00007600       ?_Set_container@_Iterator_base_aux@std@@QAEXQBV_Container_base_aux@2@@Z 10008600 f i DiagPackage.obj
 0001:00007610       ?_Getmycont@_Iterator_base_aux@std@@QBEPBV_Container_base_aux@2@XZ 10008610 f i DiagPackage.obj
 0001:00007620       ?_Same_container@_Iterator_base_aux@std@@QBE_NABV12@@Z 10008620 f i DiagPackage.obj
 0001:00007640       ??0IProtocolPackage@@QAE@XZ 10008640 f i DiagPackage.obj
 0001:00007650       ?FreeMem@CDiagPackage@@UAEXPAX@Z 10008650 f   DiagPackage.obj
 0001:00007660       ?GetProperty@CDiagPackage@@UAE_NJIPAX@Z 10008660 f   DiagPackage.obj
 0001:000076c0       ?SetProperty@CDiagPackage@@UAE_NJIPBX@Z 100086c0 f   DiagPackage.obj
 0001:00007730       ?LockPakcageList@CDiagPackage@@IAEX_N@Z 10008730 f   DiagPackage.obj
 0001:00007750       ?AddPackage@CDiagPackage@@MAE_NXZ 10008750 f   DiagPackage.obj
 0001:00007780       ?CheckLength@CDiagPackage@@MAE_NXZ 10008780 f   DiagPackage.obj
 0001:00007890       ?Copy@CDiagPackage@@IAEXPAEAAHPBEH@Z 10008890 f   DiagPackage.obj
 0001:000078f0       ?CheckIsDataModeSwitch@CDiagPackage@@IAE_NXZ 100088f0 f   DiagPackage.obj
 0001:00007920       ?size@?$deque@PAUPRT_BUFF@@V?$allocator@PAUPRT_BUFF@@@std@@@std@@QBEIXZ 10008920 f i DiagPackage.obj
 0001:00007930       ?empty@?$deque@PAUPRT_BUFF@@V?$allocator@PAUPRT_BUFF@@@std@@@std@@QBE_NXZ 10008930 f i DiagPackage.obj
 0001:00007940       ?deallocate@?$allocator@PAUPRT_BUFF@@@std@@QAEXPAPAUPRT_BUFF@@I@Z 10008940 f i DiagPackage.obj
 0001:00007950       ?deallocate@?$allocator@V_Aux_cont@std@@@std@@QAEXPAV_Aux_cont@2@I@Z 10008950 f i DiagPackage.obj
 0001:00007960       ?deallocate@?$allocator@PAPAUPRT_BUFF@@@std@@QAEXPAPAPAUPRT_BUFF@@I@Z 10008960 f i DiagPackage.obj
 0001:00007970       ??D?$_Deque_const_iterator@PAUPRT_BUFF@@V?$allocator@PAUPRT_BUFF@@@std@@$0A@@std@@QBEABQAUPRT_BUFF@@XZ 10008970 f i DiagPackage.obj
 0001:000079c0       ??G?$_Deque_const_iterator@PAUPRT_BUFF@@V?$allocator@PAUPRT_BUFF@@@std@@$0A@@std@@QBEHABV01@@Z 100089c0 f i DiagPackage.obj
 0001:000079d0       ??0?$_Ranit_base@PAUPRT_BUFF@@HPBQAU1@ABQAU1@V_Iterator_base_aux@std@@@std@@QAE@XZ 100089d0 f i DiagPackage.obj
 0001:000079e0       ??Y?$_Deque_const_iterator@PAUPRT_BUFF@@V?$allocator@PAUPRT_BUFF@@@std@@$0A@@std@@QAEAAV01@H@Z 100089e0 f i DiagPackage.obj
 0001:000079f0       ??$_Allocate@PAUPRT_BUFF@@@std@@YAPAPAUPRT_BUFF@@IPAPAU1@@Z 100089f0 f i DiagPackage.obj
 0001:00007a50       ??$_Destroy@PAUPRT_BUFF@@@std@@YAXPAPAUPRT_BUFF@@@Z 10008a50 f i DiagPackage.obj
 0001:00007a60       ??$?0PAUPRT_BUFF@@@?$allocator@PAPAUPRT_BUFF@@@std@@QAE@ABV?$allocator@PAUPRT_BUFF@@@1@@Z 10008a60 f i DiagPackage.obj
 0001:00007a70       ??$_Allocate@PAPAUPRT_BUFF@@@std@@YAPAPAPAUPRT_BUFF@@IPAPAPAU1@@Z 10008a70 f i DiagPackage.obj
 0001:00007ad0       ??$_Destroy@PAPAUPRT_BUFF@@@std@@YAXPAPAPAUPRT_BUFF@@@Z 10008ad0 f i DiagPackage.obj
 0001:00007ae0       ??$?0PAUPRT_BUFF@@@?$allocator@V_Aux_cont@std@@@std@@QAE@ABV?$allocator@PAUPRT_BUFF@@@1@@Z 10008ae0 f i DiagPackage.obj
 0001:00007af0       ??$_Allocate@V_Aux_cont@std@@@std@@YAPAV_Aux_cont@0@IPAV10@@Z 10008af0 f i DiagPackage.obj
 0001:00007b50       ??$_Iter_random@V?$_Deque_iterator@PAUPRT_BUFF@@V?$allocator@PAUPRT_BUFF@@@std@@$0A@@std@@V12@@std@@YA?AUrandom_access_iterator_tag@0@ABV?$_Deque_iterator@PAUPRT_BUFF@@V?$allocator@PAUPRT_BUFF@@@std@@$0A@@0@0@Z 10008b50 f i DiagPackage.obj
 0001:00007b60       ??$_Ptr_cat@V?$_Deque_iterator@PAUPRT_BUFF@@V?$allocator@PAUPRT_BUFF@@@std@@$0A@@std@@V12@@std@@YA?AU_Nonscalar_ptr_iterator_tag@0@AAV?$_Deque_iterator@PAUPRT_BUFF@@V?$allocator@PAUPRT_BUFF@@@std@@$0A@@0@0@Z 10008b60 f i DiagPackage.obj
 0001:00007b70       ??$_Ptr_cat@PAPAPAUPRT_BUFF@@PAPAPAU1@@std@@YA?AU_Scalar_ptr_iterator_tag@0@AAPAPAPAUPRT_BUFF@@0@Z 10008b70 f i DiagPackage.obj
 0001:00007b80       ??$_Uninit_copy@PAPAPAUPRT_BUFF@@PAPAPAU1@V?$allocator@PAPAUPRT_BUFF@@@std@@@std@@YAPAPAPAUPRT_BUFF@@PAPAPAU1@00AAV?$allocator@PAPAUPRT_BUFF@@@0@U_Scalar_ptr_iterator_tag@0@U_Range_checked_iterator_tag@0@@Z 10008b80 f i DiagPackage.obj
 0001:00007bc0       ??$_Destroy_range@V?$allocator@PAPAUPRT_BUFF@@@std@@@std@@YAXPAPAPAUPRT_BUFF@@0AAV?$allocator@PAPAUPRT_BUFF@@@0@U_Scalar_ptr_iterator_tag@0@@Z 10008bc0 f i DiagPackage.obj
 0001:00007bd0       ??E?$_Deque_const_iterator@PAUPRT_BUFF@@V?$allocator@PAUPRT_BUFF@@@std@@$0A@@std@@QAEAAV01@XZ 10008bd0 f i DiagPackage.obj
 0001:00007be0       ??F?$_Deque_const_iterator@PAUPRT_BUFF@@V?$allocator@PAUPRT_BUFF@@@std@@$0A@@std@@QAEAAV01@XZ 10008be0 f i DiagPackage.obj
 0001:00007bf0       ??8?$_Deque_const_iterator@PAUPRT_BUFF@@V?$allocator@PAUPRT_BUFF@@@std@@$0A@@std@@QBE_NABV01@@Z 10008bf0 f i DiagPackage.obj
 0001:00007c10       ??$_Iter_cat@PAPAPAUPRT_BUFF@@@std@@YA?AUrandom_access_iterator_tag@0@ABQAPAPAUPRT_BUFF@@@Z 10008c10 f i DiagPackage.obj
 0001:00007c20       ??$_Fill_n@PAPAPAUPRT_BUFF@@IPAPAU1@@std@@YAXPAPAPAUPRT_BUFF@@IABQAPAU1@U_Range_checked_iterator_tag@0@@Z 10008c20 f i DiagPackage.obj
 0001:00007c40       ?Package@CDiagPackage@@UAEIPAXHPAPAXPAH@Z 10008c40 f   DiagPackage.obj
 0001:00007f50       ?PackageQueryEndianCmd@CDiagPackage@@IAEIPAXHPAPAXPAH@Z 10008f50 f   DiagPackage.obj
 0001:000080d0       ??1?$_Container_base_aux_alloc_real@V?$allocator@PAUPRT_BUFF@@@std@@@std@@IAE@XZ 100090d0 f i DiagPackage.obj
 0001:000080e0       ?allocate@?$allocator@PAUPRT_BUFF@@@std@@QAEPAPAUPRT_BUFF@@I@Z 100090e0 f i DiagPackage.obj
 0001:00008100       ?destroy@?$allocator@PAUPRT_BUFF@@@std@@QAEXPAPAUPRT_BUFF@@@Z 10009100 f i DiagPackage.obj
 0001:00008110       ??D?$_Deque_iterator@PAUPRT_BUFF@@V?$allocator@PAUPRT_BUFF@@@std@@$0A@@std@@QBEAAPAUPRT_BUFF@@XZ 10009110 f i DiagPackage.obj
 0001:00008160       ??G?$_Deque_iterator@PAUPRT_BUFF@@V?$allocator@PAUPRT_BUFF@@@std@@$0A@@std@@QBEHABV?$_Deque_const_iterator@PAUPRT_BUFF@@V?$allocator@PAUPRT_BUFF@@@std@@$0A@@1@@Z 10009160 f i DiagPackage.obj
 0001:00008170       ?max_size@?$deque@PAUPRT_BUFF@@V?$allocator@PAUPRT_BUFF@@@std@@@std@@QBEIXZ 10009170 f i DiagPackage.obj
 0001:00008180       ?allocate@?$allocator@PAPAUPRT_BUFF@@@std@@QAEPAPAPAUPRT_BUFF@@I@Z 10009180 f i DiagPackage.obj
 0001:000081a0       ?destroy@?$allocator@PAPAUPRT_BUFF@@@std@@QAEXPAPAPAUPRT_BUFF@@@Z 100091a0 f i DiagPackage.obj
 0001:000081b0       ??Y?$_Deque_iterator@PAUPRT_BUFF@@V?$allocator@PAUPRT_BUFF@@@std@@$0A@@std@@QAEAAV01@H@Z 100091b0 f i DiagPackage.obj
 0001:000081c0       ??0?$_Deque_const_iterator@PAUPRT_BUFF@@V?$allocator@PAUPRT_BUFF@@@std@@$0A@@std@@QAE@IPBV_Container_base_aux@1@@Z 100091c0 f i DiagPackage.obj
 0001:000081e0       ?allocate@?$allocator@V_Aux_cont@std@@@std@@QAEPAV_Aux_cont@2@I@Z 100091e0 f i DiagPackage.obj
 0001:00008200       ??$unchecked_uninitialized_copy@PAPAPAUPRT_BUFF@@PAPAPAU1@V?$allocator@PAPAUPRT_BUFF@@@std@@@stdext@@YAPAPAPAUPRT_BUFF@@PAPAPAU1@00AAV?$allocator@PAPAUPRT_BUFF@@@std@@@Z 10009200 f i DiagPackage.obj
 0001:00008240       ??$_Destroy_range@V?$allocator@PAPAUPRT_BUFF@@@std@@@std@@YAXPAPAPAUPRT_BUFF@@0AAV?$allocator@PAPAUPRT_BUFF@@@0@@Z 10009240 f i DiagPackage.obj
 0001:00008250       ??E?$_Deque_iterator@PAUPRT_BUFF@@V?$allocator@PAUPRT_BUFF@@@std@@$0A@@std@@QAEAAV01@XZ 10009250 f i DiagPackage.obj
 0001:00008260       ??F?$_Deque_iterator@PAUPRT_BUFF@@V?$allocator@PAUPRT_BUFF@@@std@@$0A@@std@@QAEAAV01@XZ 10009260 f i DiagPackage.obj
 0001:00008270       ??9?$_Deque_const_iterator@PAUPRT_BUFF@@V?$allocator@PAUPRT_BUFF@@@std@@$0A@@std@@QBE_NABV01@@Z 10009270 f i DiagPackage.obj
 0001:000082b0       ??$_Fill_n@PAPAPAUPRT_BUFF@@IPAPAU1@Urandom_access_iterator_tag@std@@@std@@YAXPAPAPAUPRT_BUFF@@IABQAPAU1@Urandom_access_iterator_tag@0@U_Range_checked_iterator_tag@0@@Z 100092b0 f i DiagPackage.obj
 0001:000082d0       ?pop_front@?$deque@PAUPRT_BUFF@@V?$allocator@PAUPRT_BUFF@@@std@@@std@@QAEXXZ 100092d0 f i DiagPackage.obj
 0001:00008310       ??1?$_Deque_map@PAUPRT_BUFF@@V?$allocator@PAUPRT_BUFF@@@std@@@std@@QAE@XZ 10009310 f i DiagPackage.obj
 0001:00008320       ?pop_back@?$deque@PAUPRT_BUFF@@V?$allocator@PAUPRT_BUFF@@@std@@@std@@QAEXXZ 10009320 f i DiagPackage.obj
 0001:00008340       ?_Tidy@?$deque@PAUPRT_BUFF@@V?$allocator@PAUPRT_BUFF@@@std@@@std@@IAEXXZ 10009340 f i DiagPackage.obj
 0001:000083b0       ??0?$_Deque_iterator@PAUPRT_BUFF@@V?$allocator@PAUPRT_BUFF@@@std@@$0A@@std@@QAE@IPBV_Container_base_aux@1@@Z 100093b0 f i DiagPackage.obj
 0001:000083d0       ??H?$_Deque_iterator@PAUPRT_BUFF@@V?$allocator@PAUPRT_BUFF@@@std@@$0A@@std@@QBE?AV01@H@Z 100093d0 f i DiagPackage.obj
 0001:000083f0       ??0?$_Container_base_aux_alloc_real@V?$allocator@PAUPRT_BUFF@@@std@@@std@@IAE@V?$allocator@PAUPRT_BUFF@@@1@@Z 100093f0 f i DiagPackage.obj
 0001:00008420       ??$_Copy_backward_opt@V?$_Deque_iterator@PAUPRT_BUFF@@V?$allocator@PAUPRT_BUFF@@@std@@$0A@@std@@V12@Urandom_access_iterator_tag@2@@std@@YA?AV?$_Deque_iterator@PAUPRT_BUFF@@V?$allocator@PAUPRT_BUFF@@@std@@$0A@@0@V10@00Urandom_access_iterator_tag@0@U_Nonscalar_ptr_iterator_tag@0@U_Range_checked_iterator_tag@0@@Z 10009420 f i DiagPackage.obj
 0001:000084f0       ??$_Copy_opt@V?$_Deque_iterator@PAUPRT_BUFF@@V?$allocator@PAUPRT_BUFF@@@std@@$0A@@std@@V12@Urandom_access_iterator_tag@2@@std@@YA?AV?$_Deque_iterator@PAUPRT_BUFF@@V?$allocator@PAUPRT_BUFF@@@std@@$0A@@0@V10@00Urandom_access_iterator_tag@0@U_Nonscalar_ptr_iterator_tag@0@U_Range_checked_iterator_tag@0@@Z 100094f0 f i DiagPackage.obj
 0001:000085b0       ??$unchecked_fill_n@PAPAPAUPRT_BUFF@@IPAPAU1@@stdext@@YAXPAPAPAUPRT_BUFF@@IABQAPAU1@@Z 100095b0 f i DiagPackage.obj
 0001:000085d0       ?begin@?$deque@PAUPRT_BUFF@@V?$allocator@PAUPRT_BUFF@@@std@@@std@@QAE?AV?$_Deque_iterator@PAUPRT_BUFF@@V?$allocator@PAUPRT_BUFF@@@std@@$0A@@2@XZ 100095d0 f i DiagPackage.obj
 0001:000085f0       ?end@?$deque@PAUPRT_BUFF@@V?$allocator@PAUPRT_BUFF@@@std@@@std@@QAE?AV?$_Deque_iterator@PAUPRT_BUFF@@V?$allocator@PAUPRT_BUFF@@@std@@$0A@@2@XZ 100095f0 f i DiagPackage.obj
 0001:00008610       ?front@?$deque@PAUPRT_BUFF@@V?$allocator@PAUPRT_BUFF@@@std@@@std@@QAEAAPAUPRT_BUFF@@XZ 10009610 f i DiagPackage.obj
 0001:00008660       ??1?$_Deque_val@PAUPRT_BUFF@@V?$allocator@PAUPRT_BUFF@@@std@@@std@@QAE@XZ 10009660 f i DiagPackage.obj
 0001:00008670       ?_Make_iter@?$deque@PAUPRT_BUFF@@V?$allocator@PAUPRT_BUFF@@@std@@@std@@QBE?AV?$_Deque_iterator@PAUPRT_BUFF@@V?$allocator@PAUPRT_BUFF@@@std@@$0A@@2@V?$_Deque_const_iterator@PAUPRT_BUFF@@V?$allocator@PAUPRT_BUFF@@@std@@$0A@@2@@Z 10009670 f i DiagPackage.obj
 0001:00008690       ??0?$_Deque_map@PAUPRT_BUFF@@V?$allocator@PAUPRT_BUFF@@@std@@@std@@IAE@V?$allocator@PAUPRT_BUFF@@@1@@Z 10009690 f i DiagPackage.obj
 0001:000086c0       ??$copy_backward@V?$_Deque_iterator@PAUPRT_BUFF@@V?$allocator@PAUPRT_BUFF@@@std@@$0A@@std@@V12@@std@@YA?AV?$_Deque_iterator@PAUPRT_BUFF@@V?$allocator@PAUPRT_BUFF@@@std@@$0A@@0@V10@00@Z 100096c0 f i DiagPackage.obj
 0001:00008710       ??$copy@V?$_Deque_iterator@PAUPRT_BUFF@@V?$allocator@PAUPRT_BUFF@@@std@@$0A@@std@@V12@@std@@YA?AV?$_Deque_iterator@PAUPRT_BUFF@@V?$allocator@PAUPRT_BUFF@@@std@@$0A@@0@V10@00@Z 10009710 f i DiagPackage.obj
 0001:00008760       ??$_Uninit_fill_n@PAPAPAUPRT_BUFF@@IPAPAU1@V?$allocator@PAPAUPRT_BUFF@@@std@@@std@@YAXPAPAPAUPRT_BUFF@@IABQAPAU1@AAV?$allocator@PAPAUPRT_BUFF@@@0@U_Scalar_ptr_iterator_tag@0@U_Range_checked_iterator_tag@0@@Z 10009760 f i DiagPackage.obj
 0001:00008780       ?GetPackages@CDiagPackage@@UAEIPAXH@Z 10009780 f   DiagPackage.obj
 0001:00008880       ??1?$deque@PAUPRT_BUFF@@V?$allocator@PAUPRT_BUFF@@@std@@@std@@QAE@XZ 10009880 f i DiagPackage.obj
 0001:000088a0       ?erase@?$deque@PAUPRT_BUFF@@V?$allocator@PAUPRT_BUFF@@@std@@@std@@QAE?AV?$_Deque_iterator@PAUPRT_BUFF@@V?$allocator@PAUPRT_BUFF@@@std@@$0A@@2@V?$_Deque_const_iterator@PAUPRT_BUFF@@V?$allocator@PAUPRT_BUFF@@@std@@$0A@@2@0@Z 100098a0 f i DiagPackage.obj
 0001:000089a0       ??0?$_Deque_val@PAUPRT_BUFF@@V?$allocator@PAUPRT_BUFF@@@std@@@std@@IAE@V?$allocator@PAUPRT_BUFF@@@1@@Z 100099a0 f i DiagPackage.obj
 0001:000089d0       ??$unchecked_uninitialized_fill_n@PAPAPAUPRT_BUFF@@IPAPAU1@V?$allocator@PAPAUPRT_BUFF@@@std@@@stdext@@YAXPAPAPAUPRT_BUFF@@IABQAPAU1@AAV?$allocator@PAPAUPRT_BUFF@@@std@@@Z 100099d0 f i DiagPackage.obj
 0001:000089f0       ??1CDiagPackage@@UAE@XZ    100099f0 f   DiagPackage.obj
 0001:00008a20       ?Clear@CDiagPackage@@UAEXXZ 10009a20 f   DiagPackage.obj
 0001:00008ab0       ??0?$deque@PAUPRT_BUFF@@V?$allocator@PAUPRT_BUFF@@@std@@@std@@QAE@XZ 10009ab0 f i DiagPackage.obj
 0001:00008af0       ??0CDiagPackage@@QAE@XZ    10009af0 f   DiagPackage.obj
 0001:00008bb0       ??_GCDiagPackage@@UAEPAXI@Z 10009bb0 f i DiagPackage.obj
 0001:00008bb0       ??_ECDiagPackage@@UAEPAXI@Z 10009bb0 f i DiagPackage.obj
 0001:00008c00       ?_Xlen@?$deque@PAUPRT_BUFF@@V?$allocator@PAUPRT_BUFF@@@std@@@std@@KAXXZ 10009c00 f i DiagPackage.obj
 0001:00008c80       ?_Growmap@?$deque@PAUPRT_BUFF@@V?$allocator@PAUPRT_BUFF@@@std@@@std@@IAEXI@Z 10009c80 f i DiagPackage.obj
 0001:00008de0       ?push_back@?$deque@PAUPRT_BUFF@@V?$allocator@PAUPRT_BUFF@@@std@@@std@@QAEXABQAUPRT_BUFF@@@Z 10009de0 f i DiagPackage.obj
 0001:00008e60       ?NoHeaderAppend@CDiagPackage@@MAEIPAXI@Z 10009e60 f   DiagPackage.obj
 0001:00009030       ?NoEscapeAppend@CDiagPackage@@MAEIPAXI@Z 1000a030 f   DiagPackage.obj
 0001:00009330       ?AddToPackageList@CDiagPackage@@MAEXXZ 1000a330 f   DiagPackage.obj
 0001:00009370       ?RawDataAppend@CDiagPackage@@IAEIPAXI@Z 1000a370 f   DiagPackage.obj
 0001:000093d0       ?Append@CDiagPackage@@UAEIPAXI@Z 1000a3d0 f   DiagPackage.obj
 0001:0000b0a0       _dlmalloc                  1000c0a0 f   dlmalloc.obj
 0001:0000b3c0       _dlfree                    1000c3c0 f   dlmalloc.obj
 0001:0000ba80       _dlcalloc                  1000ca80 f   dlmalloc.obj
 0001:0000bae0       _dlmalloc_trim             1000cae0 f   dlmalloc.obj
 0001:0000bba0       _dlmalloc_footprint        1000cba0 f   dlmalloc.obj
 0001:0000bbb0       _dlmalloc_max_footprint    1000cbb0 f   dlmalloc.obj
 0001:0000bbc0       _dlmallinfo                1000cbc0 f   dlmalloc.obj
 0001:0000bbf0       _dlmalloc_stats            1000cbf0 f   dlmalloc.obj
 0001:0000bc00       _dlmallopt                 1000cc00 f   dlmalloc.obj
 0001:0000bc20       _dlmalloc_usable_size      1000cc20 f   dlmalloc.obj
 0001:0000c2f0       _dlrealloc                 1000d2f0 f   dlmalloc.obj
 0001:0000c320       _dlmemalign                1000d320 f   dlmalloc.obj
 0001:0000c340       _dlindependent_calloc      1000d340 f   dlmalloc.obj
 0001:0000c370       _dlindependent_comalloc    1000d370 f   dlmalloc.obj
 0001:0000c390       _dlvalloc                  1000d390 f   dlmalloc.obj
 0001:0000c3c0       _dlpvalloc                 1000d3c0 f   dlmalloc.obj
 0001:0000c400       ??0CSmpChannel@@QAE@XZ     1000d400 f   SmpChannel.obj
 0001:0000c4b0       ??1CSmpChannel@@UAE@XZ     1000d4b0 f   SmpChannel.obj
 0001:0000c520       ?Read@CSmpChannel@@UAEKPAXKKK@Z 1000d520 f   SmpChannel.obj
 0001:0000c530       ?Write@CSmpChannel@@UAEKPAXKK@Z 1000d530 f   SmpChannel.obj
 0001:0000c540       ??_ECSmpChannel@@UAEPAXI@Z 1000d540 f i SmpChannel.obj
 0001:0000c540       ??_GCSmpChannel@@UAEPAXI@Z 1000d540 f i SmpChannel.obj
 0001:0000c560       ??0CSmpPackage@@QAE@XZ     1000d560 f   SmpPackage.obj
 0001:0000c590       ??1CSmpPackage@@UAE@XZ     1000d590 f   SmpPackage.obj
 0001:0000c5a0       ?GetSMPDataStatus@CSmpPackage@@IAE?AW4Diag_Pkg_Status@@PAEH@Z 1000d5a0 f   SmpPackage.obj
 0001:0000c5f0       ?Package@CSmpPackage@@UAEIPAXHPAPAXPAH@Z 1000d5f0 f   SmpPackage.obj
 0001:0000c6e0       ?CheckHeader@CSmpPackage@@MAE_NPAUSMP_HEADER@@@Z 1000d6e0 f   SmpPackage.obj
 0001:0000c700       ?SetProperty@CSmpPackage@@UAE_NJIPBX@Z 1000d700 f   SmpPackage.obj
 0001:0000c710       ?CheckLength@CSmpPackage@@MAE_NXZ 1000d710 f   SmpPackage.obj
 0001:0000c780       ??$_Dist_type@PAE@std@@YAPAHPAE@Z 1000d780 f i SmpPackage.obj
 0001:0000c790       ??$_Iter_cat@PAE@std@@YA?AUrandom_access_iterator_tag@0@ABQAE@Z 1000d790 f i SmpPackage.obj
 0001:0000c7a0       ??$_Distance2@PAEH@std@@YAXPAE0AAHUrandom_access_iterator_tag@0@@Z 1000d7a0 f i SmpPackage.obj
 0001:0000c7b0       ??_GCSmpPackage@@UAEPAXI@Z 1000d7b0 f i SmpPackage.obj
 0001:0000c7b0       ??_ECSmpPackage@@UAEPAXI@Z 1000d7b0 f i SmpPackage.obj
 0001:0000c7e0       ??$_Distance@PAEH@std@@YAXPAE0AAH@Z 1000d7e0 f i SmpPackage.obj
 0001:0000c7f0       ??$_Search@PAEPAEHH@std@@YAPAEPAE000PAH1@Z 1000d7f0 f i SmpPackage.obj
 0001:0000c840       ??$search@PAEPAE@std@@YAPAEPAE000@Z 1000d840 f i SmpPackage.obj
 0001:0000c870       ?Append@CSmpPackage@@UAEIPAXI@Z 1000d870 f   SmpPackage.obj
 0001:0000cc00       ?AddToPackageList@CSmpPackage@@MAEXXZ 1000dc00 f   SmpPackage.obj
 0001:0000cc50       ??1ISpLog@@UAE@XZ          1000dc50 f i SpLog.obj
 0001:0000cc60       ??_EISpLog@@UAEPAXI@Z      1000dc60 f i SpLog.obj
 0001:0000cc60       ??_GISpLog@@UAEPAXI@Z      1000dc60 f i SpLog.obj
 0001:0000cc80       ?GetLocalTime@CSpLog@@IBEPBDXZ 1000dc80 f i SpLog.obj
 0001:0000cce0       ?Lock@CSpLog@@IAEXXZ       1000dce0 f i SpLog.obj
 0001:0000ccf0       ?UnLock@CSpLog@@IAEXXZ     1000dcf0 f i SpLog.obj
 0001:0000cd00       ??0ISpLog@@QAE@XZ          1000dd00 f i SpLog.obj
 0001:0000cd10       ??1CSpLog@@UAE@XZ          1000dd10 f   SpLog.obj
 0001:0000cd30       ?Release@CSpLog@@UAEXXZ    1000dd30 f i SpLog.obj
 0001:0000cd40       ?Close@CSpLog@@UAEHXZ      1000dd40 f   SpLog.obj
 0001:0000cdd0       ?GetProperty@CSpLog@@UAEHJJPAX@Z 1000ddd0 f   SpLog.obj
 0001:0000d000       ?WriteConsoleWindow@CSpLog@@IAEXPBXK@Z 1000e000 f   SpLog.obj
 0001:0000d040       ?AllocConsoleWindow@CSpLog@@IAEXXZ 1000e040 f   SpLog.obj
 0001:0000d110       ?CreateMultiDirectory@CSpLog@@IAEHPB_W@Z 1000e110 f   SpLog.obj
 0001:0000d290       ?GetLogExtension@CSpLog@@IAEXPB_WPA_WH@Z 1000e290 f   SpLog.obj
 0001:0000d370       ?GetLogFilePath@CSpLog@@IAEXPB_WPA_WH@Z 1000e370 f   SpLog.obj
 0001:0000d5b0       ?GetBinFilePath@CSpLog@@IAEXPB_WPA_WH@Z 1000e5b0 f   SpLog.obj
 0001:0000d6d0       ?GetNextPartLog@CSpLog@@IAEXPB_WPA_WI@Z 1000e6d0 f   SpLog.obj
 0001:0000d7e0       ?OpenFile@CSpLog@@IAEPAXPB_W@Z 1000e7e0 f   SpLog.obj
 0001:0000d840       ??0CFnLog@@QAA@PAVISpLog@@PBD1ZZ 1000e840 f   SpLog.obj
 0001:0000d950       ??0CFnLog@@QAA@PAVISpLog@@PB_W1ZZ 1000e950 f   SpLog.obj
 0001:0000dab0       ??1CFnLog@@UAE@XZ          1000eab0 f   SpLog.obj
 0001:0000dae0       ??0CSpLog@@QAE@XZ          1000eae0 f   SpLog.obj
 0001:0000dd10       ??_GCSpLog@@UAEPAXI@Z      1000ed10 f i SpLog.obj
 0001:0000dd10       ??_ECSpLog@@UAEPAXI@Z      1000ed10 f i SpLog.obj
 0001:0000dd50       ?Open@CSpLog@@UAEHPB_WIII@Z 1000ed50 f   SpLog.obj
 0001:0000df00       ?SetProperty@CSpLog@@UAEHJJPBX@Z 1000ef00 f   SpLog.obj
 0001:0000e1b0       ?WriteLog@CSpLog@@IAEHAAPAXPB_WAAIPBXK@Z 1000f1b0 f   SpLog.obj
 0001:0000e2f0       ?LogString@CSpLog@@IAEHPBD@Z 1000f2f0 f   SpLog.obj
 0001:0000e3c0       ?LogHexData@CSpLog@@UAEHPBEKI@Z 1000f3c0 f   SpLog.obj
 0001:0000e420       ?LogRawStrA@CSpLog@@UAEHIPBD@Z 1000f420 f   SpLog.obj
 0001:0000e450       ?LogRawStrW@CSpLog@@UAEHIPB_W@Z 1000f450 f   SpLog.obj
 0001:0000e4f0       ?LogFmtStrA@CSpLog@@UAAHIPBDZZ 1000f4f0 f   SpLog.obj
 0001:0000e5b0       ?LogFmtStrW@CSpLog@@UAAHIPB_WZZ 1000f5b0 f   SpLog.obj
 0001:0000e6b0       ?LogBufData@CSpLog@@UAEHIPBEKIPBK@Z 1000f6b0 f   SpLog.obj
 0001:0000ea70       ??_ECFnLog@@UAEPAXI@Z      1000fa70 f i SpLog.obj
 0001:0000ea70       ??_GCFnLog@@UAEPAXI@Z      1000fa70 f i SpLog.obj
 0001:0000eac0       ?GetCurrentModule@@YAPAUHINSTANCE__@@XZ 1000fac0 f   StdAfx.obj
 0001:0000ead0       ?GetModuleFilePath@@YAXPAUHINSTANCE__@@PA_W@Z 1000fad0 f   StdAfx.obj
 0001:0000eb78       _CloseHandle@4             1000fb78 f   kernel32:KERNEL32.dll
 0001:0000eb7e       _WaitForSingleObject@8     1000fb7e f   kernel32:KERNEL32.dll
 0001:0000eb84       _Sleep@4                   1000fb84 f   kernel32:KERNEL32.dll
 0001:0000eb8a       _SetEvent@4                1000fb8a f   kernel32:KERNEL32.dll
 0001:0000eb90       _LeaveCriticalSection@4    1000fb90 f   kernel32:KERNEL32.dll
 0001:0000eb96       _EnterCriticalSection@4    1000fb96 f   kernel32:KERNEL32.dll
 0001:0000eb9c       _InterlockedDecrement@4    1000fb9c f   kernel32:KERNEL32.dll
 0001:0000eba2       _GetPrivateProfileIntW@16  1000fba2 f   kernel32:KERNEL32.dll
 0001:0000eba8       _ResetEvent@4              1000fba8 f   kernel32:KERNEL32.dll
 0001:0000ebae       _InterlockedIncrement@4    1000fbae f   kernel32:KERNEL32.dll
 0001:0000ebb4       _GetTickCount@0            1000fbb4 f   kernel32:KERNEL32.dll
 0001:0000ebba       _CreateEventW@16           1000fbba f   kernel32:KERNEL32.dll
 0001:0000ebc0       _InitializeCriticalSectionAndSpinCount@8 1000fbc0 f   kernel32:KERNEL32.dll
 0001:0000ebc6       _InitializeCriticalSection@4 1000fbc6 f   kernel32:KERNEL32.dll
 0001:0000ebcc       _DeleteCriticalSection@4   1000fbcc f   kernel32:KERNEL32.dll
 0001:0000ebd2       _GetProcAddress@8          1000fbd2 f   kernel32:KERNEL32.dll
 0001:0000ebd8       _LoadLibraryW@4            1000fbd8 f   kernel32:KERNEL32.dll
 0001:0000ebde       _FreeLibrary@4             1000fbde f   kernel32:KERNEL32.dll
 0001:0000ebe4       _GetModuleFileNameW@12     1000fbe4 f   kernel32:KERNEL32.dll
 0001:0000ebea       _VirtualAlloc@16           1000fbea f   kernel32:KERNEL32.dll
 0001:0000ebf0       _VirtualFree@12            1000fbf0 f   kernel32:KERNEL32.dll
 0001:0000ebf6       _VirtualQuery@12           1000fbf6 f   kernel32:KERNEL32.dll
 0001:0000ebfc       _SleepEx@8                 1000fbfc f   kernel32:KERNEL32.dll
 0001:0000ec02       _GetCurrentThreadId@0      1000fc02 f   kernel32:KERNEL32.dll
 0001:0000ec08       _GetSystemInfo@4           1000fc08 f   kernel32:KERNEL32.dll
 0001:0000ec0e       _GetLocalTime@4            1000fc0e f   kernel32:KERNEL32.dll
 0001:0000ec14       _FreeConsole@0             1000fc14 f   kernel32:KERNEL32.dll
 0001:0000ec1a       _FlushFileBuffers@4        1000fc1a f   kernel32:KERNEL32.dll
 0001:0000ec20       _IsBadWritePtr@8           1000fc20 f   kernel32:KERNEL32.dll
 0001:0000ec26       _WriteConsoleW@20          1000fc26 f   kernel32:KERNEL32.dll
 0001:0000ec2c       _GetConsoleWindow@0        1000fc2c f   kernel32:KERNEL32.dll
 0001:0000ec32       _SetConsoleTitleW@4        1000fc32 f   kernel32:KERNEL32.dll
 0001:0000ec38       _SetConsoleWindowInfo@12   1000fc38 f   kernel32:KERNEL32.dll
 0001:0000ec3e       _SetConsoleScreenBufferSize@8 1000fc3e f   kernel32:KERNEL32.dll
 0001:0000ec44       _GetStdHandle@4            1000fc44 f   kernel32:KERNEL32.dll
 0001:0000ec4a       _AllocConsole@0            1000fc4a f   kernel32:KERNEL32.dll
 0001:0000ec50       _GetLastError@0            1000fc50 f   kernel32:KERNEL32.dll
 0001:0000ec56       _CreateDirectoryW@8        1000fc56 f   kernel32:KERNEL32.dll
 0001:0000ec5c       _GetFileAttributesW@4      1000fc5c f   kernel32:KERNEL32.dll
 0001:0000ec62       _lstrlenW@4                1000fc62 f   kernel32:KERNEL32.dll
 0001:0000ec68       _SetFilePointer@16         1000fc68 f   kernel32:KERNEL32.dll
 0001:0000ec6e       _CreateFileW@28            1000fc6e f   kernel32:KERNEL32.dll
 0001:0000ec74       _WideCharToMultiByte@32    1000fc74 f   kernel32:KERNEL32.dll
 0001:0000ec7a       _GetTempPathW@8            1000fc7a f   kernel32:KERNEL32.dll
 0001:0000ec80       _WriteFile@20              1000fc80 f   kernel32:KERNEL32.dll
 0001:0000ec86       _GetFileSize@8             1000fc86 f   kernel32:KERNEL32.dll
 0001:0000ec8c       _lstrlenA@4                1000fc8c f   kernel32:KERNEL32.dll
 0001:0000ec92       _lstrcatA@8                1000fc92 f   kernel32:KERNEL32.dll
 0001:0000ec98       _PostThreadMessageW@16     1000fc98 f   user32:USER32.dll
 0001:0000ec9e       _GetMessageW@16            1000fc9e f   user32:USER32.dll
 0001:0000eca4       _ShowWindow@8              1000fca4 f   user32:USER32.dll
 0001:0000ecaa       _EnableMenuItem@12         1000fcaa f   user32:USER32.dll
 0001:0000ecb0       _GetSystemMenu@8           1000fcb0 f   user32:USER32.dll
 0001:0000ecb6       ??0invalid_argument@std@@QAE@ABV?$basic_string@DU?$char_traits@D@std@@V?$allocator@D@2@@1@@Z 1000fcb6 f i libcpmt:string.obj
 0001:0000ecd3       ??1invalid_argument@std@@UAE@XZ 1000fcd3 f i libcpmt:string.obj
 0001:0000ecde       ??_Einvalid_argument@std@@UAEPAXI@Z 1000fcde f i libcpmt:string.obj
 0001:0000ecde       ??_Ginvalid_argument@std@@UAEPAXI@Z 1000fcde f i libcpmt:string.obj
 0001:0000ed05       ??0out_of_range@std@@QAE@ABV?$basic_string@DU?$char_traits@D@std@@V?$allocator@D@2@@1@@Z 1000fd05 f i libcpmt:string.obj
 0001:0000ed22       ??1out_of_range@std@@UAE@XZ 1000fd22 f i libcpmt:string.obj
 0001:0000ed2d       ??_Gout_of_range@std@@UAEPAXI@Z 1000fd2d f i libcpmt:string.obj
 0001:0000ed2d       ??_Eout_of_range@std@@UAEPAXI@Z 1000fd2d f i libcpmt:string.obj
 0001:0000ed54       ?_Xlen@_String_base@std@@SAXXZ 1000fd54 f   libcpmt:string.obj
 0001:0000ed8c       ?_Xran@_String_base@std@@SAXXZ 1000fd8c f   libcpmt:string.obj
 0001:0000edc4       ?_Xinvarg@_String_base@std@@SAXXZ 1000fdc4 f   libcpmt:string.obj
 0001:0000edfc       ??0invalid_argument@std@@QAE@ABV01@@Z 1000fdfc f i libcpmt:string.obj
 0001:0000ee19       ??0out_of_range@std@@QAE@ABV01@@Z 1000fe19 f i libcpmt:string.obj
 0001:0000ee36       ??0exception@std@@QAE@XZ   1000fe36 f   LIBCMT:stdexcpt.obj
 0001:0000ee47       ??0exception@std@@QAE@ABQBD@Z 1000fe47 f   LIBCMT:stdexcpt.obj
 0001:0000ee9a       ??0exception@std@@QAE@ABQBDH@Z 1000fe9a f   LIBCMT:stdexcpt.obj
 0001:0000eeb7       ??0exception@std@@QAE@ABV01@@Z 1000feb7 f   LIBCMT:stdexcpt.obj
 0001:0000ef14       ??4exception@std@@QAEAAV01@ABV01@@Z 1000ff14 f   LIBCMT:stdexcpt.obj
 0001:0000ef6f       ??1exception@std@@UAE@XZ   1000ff6f f   LIBCMT:stdexcpt.obj
 0001:0000ef85       ?what@exception@std@@UBEPBDXZ 1000ff85 f   LIBCMT:stdexcpt.obj
 0001:0000ef92       ??0bad_cast@std@@QAE@PBD@Z 1000ff92 f   LIBCMT:stdexcpt.obj
 0001:0000efb0       ??0bad_cast@std@@QAE@ABV01@@Z 1000ffb0 f   LIBCMT:stdexcpt.obj
 0001:0000efcd       ??1bad_cast@std@@UAE@XZ    1000ffcd f   LIBCMT:stdexcpt.obj
 0001:0000efd8       ??0bad_typeid@std@@QAE@PBD@Z 1000ffd8 f   LIBCMT:stdexcpt.obj
 0001:0000eff6       ??0bad_typeid@std@@QAE@ABV01@@Z 1000fff6 f   LIBCMT:stdexcpt.obj
 0001:0000f013       ??1bad_typeid@std@@UAE@XZ  10010013 f   LIBCMT:stdexcpt.obj
 0001:0000f01e       ??0__non_rtti_object@std@@QAE@PBD@Z 1001001e f   LIBCMT:stdexcpt.obj
 0001:0000f03b       ??0__non_rtti_object@std@@QAE@ABV01@@Z 1001003b f   LIBCMT:stdexcpt.obj
 0001:0000f058       ??1__non_rtti_object@std@@UAE@XZ 10010058 f   LIBCMT:stdexcpt.obj
 0001:0000f063       ??_Gexception@std@@UAEPAXI@Z 10010063 f i LIBCMT:stdexcpt.obj
 0001:0000f063       ??_Eexception@std@@UAEPAXI@Z 10010063 f i LIBCMT:stdexcpt.obj
 0001:0000f084       ??_Gbad_cast@std@@UAEPAXI@Z 10010084 f i LIBCMT:stdexcpt.obj
 0001:0000f084       ??_Ebad_cast@std@@UAEPAXI@Z 10010084 f i LIBCMT:stdexcpt.obj
 0001:0000f0ab       ??_Gbad_typeid@std@@UAEPAXI@Z 100100ab f i LIBCMT:stdexcpt.obj
 0001:0000f0ab       ??_Ebad_typeid@std@@UAEPAXI@Z 100100ab f i LIBCMT:stdexcpt.obj
 0001:0000f0d2       ??_G__non_rtti_object@std@@UAEPAXI@Z 100100d2 f i LIBCMT:stdexcpt.obj
 0001:0000f0d2       ??_E__non_rtti_object@std@@UAEPAXI@Z 100100d2 f i LIBCMT:stdexcpt.obj
 0001:0000f0f9       ?name@type_info@@QBEPBDPAU__type_info_node@@@Z 100100f9 f   LIBCMT:typinfo.obj
 0001:0000f10d       ??1type_info@@UAE@XZ       1001010d f   LIBCMT:typinfo.obj
 0001:0000f11d       ??_Etype_info@@UAEPAXI@Z   1001011d f i LIBCMT:typinfo.obj
 0001:0000f11d       ??_Gtype_info@@UAEPAXI@Z   1001011d f i LIBCMT:typinfo.obj
 0001:0000f13e       ?_name_internal_method@type_info@@QBEPBDPAU__type_info_node@@@Z 1001013e f   LIBCMT:typinfo.obj
 0001:0000f152       ?_type_info_dtor_internal_method@type_info@@QAEXXZ 10010152 f   LIBCMT:typinfo.obj
 0001:0000f15c       ??8type_info@@QBE_NABV0@@Z 1001015c f   LIBCMT:typinfo.obj
 0001:0000f17c       ??9type_info@@QBE_NABV0@@Z 1001017c f   LIBCMT:typinfo.obj
 0001:0000f19d       ?before@type_info@@QBEHABV1@@Z 1001019d f   LIBCMT:typinfo.obj
 0001:0000f1c1       ?raw_name@type_info@@QBEPBDXZ 100101c1 f   LIBCMT:typinfo.obj
 0001:0000f1c5       ??0type_info@@AAE@ABV0@@Z  100101c5 f   LIBCMT:typinfo.obj
 0001:0000f1d0       ??4type_info@@AAEAAV0@ABV0@@Z 100101d0 f   LIBCMT:typinfo.obj
 0001:0000f1d5       ??3@YAXPAX@Z               100101d5 f   LIBCMT:delete.obj
 0001:0000f1e0       _memcpy_s                  100101e0 f   LIBCMT:memcpy_s.obj
 0001:0000f25d       _memmove_s                 1001025d f   LIBCMT:memmove_s.obj
 0001:0000f2ba       __purecall                 100102ba f   LIBCMT:purevirt.obj
 0001:0000f2e4       __set_purecall_handler     100102e4 f   LIBCMT:purevirt.obj
 0001:0000f30b       __get_purecall_handler     1001030b f   LIBCMT:purevirt.obj
 0001:0000f318       @__security_check_cookie@4 10010318 f   LIBCMT:secchk.obj
 0001:0000f330       _memset                    10010330 f   LIBCMT:memset.obj
 0001:0000f3aa       ??0bad_alloc@std@@QAE@XZ   100103aa f i LIBCMT:new.obj
 0001:0000f3c5       ??2@YAPAXI@Z               100103c5 f   LIBCMT:new.obj
 0001:0000f42a       __CxxThrowException@8      1001042a f   LIBCMT:throw.obj
 0001:0000f476       __endthreadex              10010476 f   LIBCMT:threadex.obj
 0001:0000f577       __beginthreadex            10010577 f   LIBCMT:threadex.obj
 0001:0000f630       _memcpy                    10010630 f   LIBCMT:memcpy.obj
 0001:0000f995       ?_JumpToContinuation@@YGXPAXPAUEHRegistrationNode@@@Z 10010995 f   LIBCMT:_trnsctrl_.obj
 0001:0000f9c7       ?_CallMemberFunction0@@YGXPAX0@Z 100109c7 f   LIBCMT:_trnsctrl_.obj
 0001:0000f9ce       ?_CallMemberFunction1@@YGXPAX00@Z 100109ce f   LIBCMT:_trnsctrl_.obj
 0001:0000f9d5       ?_CallMemberFunction2@@YGXPAX00H@Z 100109d5 f   LIBCMT:_trnsctrl_.obj
 0001:0000f9dc       ?_UnwindNestedFrames@@YGXPAUEHRegistrationNode@@PAUEHExceptionRecord@@@Z 100109dc f   LIBCMT:_trnsctrl_.obj
 0001:0000fa30       ___CxxFrameHandler         10010a30 f   LIBCMT:_trnsctrl_.obj
 0001:0000fa66       ___CxxFrameHandler3        10010a66 f   LIBCMT:_trnsctrl_.obj
 0001:0000fa9c       ___CxxFrameHandler2        10010a9c f   LIBCMT:_trnsctrl_.obj
 0001:0000fad2       ___CxxLongjmpUnwind@4      10010ad2 f   LIBCMT:_trnsctrl_.obj
 0001:0000fb24       ?_CallSETranslator@@YAHPAUEHExceptionRecord@@PAUEHRegistrationNode@@PAX2PBU_s_FuncInfo@@H1@Z 10010b24 f   LIBCMT:_trnsctrl_.obj
 0001:0000fc9a       ?_GetRangeOfTrysToCheck@@YAPBU_s_TryBlockMapEntry@@PBU_s_FuncInfo@@HHPAI1@Z 10010c9a f   LIBCMT:_trnsctrl_.obj
 0001:0000fd0f       __CreateFrameInfo          10010d0f f   LIBCMT:_trnsctrl_.obj
 0001:0000fd3b       __IsExceptionObjectToBeDestroyed 10010d3b f   LIBCMT:_trnsctrl_.obj
 0001:0000fd62       __FindAndUnlinkFrame       10010d62 f   LIBCMT:_trnsctrl_.obj
[...]
 0001:000096d0       _win32direct_mmap          1000a6d0 f   dlmalloc.obj
 0001:000096f0       _win32munmap               1000a6f0 f   dlmalloc.obj
 0001:00009770       _win32_acquire_lock        1000a770 f   dlmalloc.obj
 0001:000097d0       _win32_release_lock        1000a7d0 f   dlmalloc.obj
 0001:000097f0       _segment_holding           1000a7f0 f   dlmalloc.obj
 0001:00009810       _has_segment_link          1000a810 f   dlmalloc.obj
 0001:00009840       _init_mparams              1000a840 f   dlmalloc.obj
 0001:00009950       _change_mparam             1000a950 f   dlmalloc.obj
 0001:000099b0       _internal_mallinfo         1000a9b0 f   dlmalloc.obj
 0001:00009b40       _internal_malloc_stats     1000ab40 f   dlmalloc.obj
 0001:00009cb0       _mmap_alloc                1000acb0 f   dlmalloc.obj
 0001:00009d40       _mmap_resize               1000ad40 f   dlmalloc.obj
 0001:00009d70       _init_top                  1000ad70 f   dlmalloc.obj
 0001:00009da0       _init_bins                 1000ada0 f   dlmalloc.obj
 0001:00009dc0       _prepend_alloc             1000adc0 f   dlmalloc.obj
 0001:0000a160       _add_segment               1000b160 f   dlmalloc.obj
 0001:0000a3f0       _sys_alloc                 1000b3f0 f   dlmalloc.obj
 0001:0000a5d0       _release_unused_segments   1000b5d0 f   dlmalloc.obj
 0001:0000a8f0       _sys_trim                  1000b8f0 f   dlmalloc.obj
 0001:0000aa50       _tmalloc_large             1000ba50 f   dlmalloc.obj
 0001:0000ae80       _tmalloc_small             1000be80 f   dlmalloc.obj
 0001:0000bc50       _internal_realloc          1000cc50 f   dlmalloc.obj
 0001:0000bea0       _internal_memalign         1000cea0 f   dlmalloc.obj
 0001:0000c0b0       _ialloc                    1000d0b0 f   dlmalloc.obj
 0001:0000f4b3       __callthreadstartex        100104b3 f   LIBCMT:threadex.obj
 0001:0000f4f4       __threadstartex@4          100104f4 f   LIBCMT:threadex.obj
 0001:0000faf1       ?CatchGuardHandler@@YA?AW4_EXCEPTION_DISPOSITION@@PAUEHExceptionRecord@@PAUCatchGuardRN@@PAX2@Z 10010af1 f   LIBCMT:_trnsctrl_.obj
 0001:0000fbfb       ?TranslatorGuardHandler@@YA?AW4_EXCEPTION_DISPOSITION@@PAUEHExceptionRecord@@PAUTranslatorGuardRN@@PAX2@Z 10010bfb f   LIBCMT:_trnsctrl_.obj
 0001:00011a90       ___DllMainCRTStartup       10012a90 f   LIBCMT:dllcrt0.obj
 0001:000131d6       _fastzero_I                100141d6 f   LIBCMT:p4_memset.obj
 0001:000132bc       _has_osfxsr_set            100142bc f   LIBCMT:cpu_disp.obj
 0001:0001337b       __onexit_nolock            1001437b f   LIBCMT:onexit.obj
 0001:0001373b       __initterm                 1001473b f   LIBCMT:crt0dat.obj
 0001:00013879       _doexit                    10014879 f   LIBCMT:crt0dat.obj
 0001:00013a3e       _xcptlookup                10014a3e f   LIBCMT:winxfltr.obj
 0001:00013c50       _ValidateLocalCookies      10014c50 f   LIBCMT:chandler4.obj
 0001:00013f78       _fastcopy_I                10014f78 f   LIBCMT:p4_memcpy.obj
 0001:000142bb       ?ExFilterRethrow@@YAHPAU_EXCEPTION_POINTERS@@@Z 100152bb f   LIBCMT:frame.obj
 0001:000146af       ?IsInExceptionSpec@@YAEPAUEHExceptionRecord@@PBU_s_ESTypeList@@@Z 100156af f   LIBCMT:frame.obj
 0001:0001472a       ?CallUnexpected@@YAXPBU_s_ESTypeList@@@Z 1001572a f   LIBCMT:frame.obj
 0001:0001475b       __catch$?CallUnexpected@@YAXPBU_s_ESTypeList@@@Z$0 1001575b f   LIBCMT:frame.obj
 0001:00014773       ?Is_bad_exception_allowed@@YAEPBU_s_ESTypeList@@@Z 10015773 f   LIBCMT:frame.obj
 0001:0001482b       ?CallCatchBlock@@YAPAXPAUEHExceptionRecord@@PAUEHRegistrationNode@@PAU_CONTEXT@@PBU_s_FuncInfo@@PAXHK@Z 1001582b f   LIBCMT:frame.obj
 0001:00014d1d       ?CatchIt@@YAXPAUEHExceptionRecord@@PAUEHRegistrationNode@@PAU_CONTEXT@@PAXPBU_s_FuncInfo@@PBU_s_HandlerType@@PBU_s_CatchableType@@PBU_s_TryBlockMapEntry@@H1E@Z 10015d1d f   LIBCMT:frame.obj
 0001:00014d8b       ?FindHandlerForForeignException@@YAXPAUEHExceptionRecord@@PAUEHRegistrationNode@@PAU_CONTEXT@@PAXPBU_s_FuncInfo@@HH1@Z 10015d8b f   LIBCMT:frame.obj
 0001:00014e7f       ?FindHandler@@YAXPAUEHExceptionRecord@@PAUEHRegistrationNode@@PAU_CONTEXT@@PAXPBU_s_FuncInfo@@EH1@Z 10015e7f f   LIBCMT:frame.obj
 0001:00015628       _flsall                    10016628 f   LIBCMT:fflush.obj
 0001:00015a00       ___check_float_string      10016a00 f   LIBCMT:input.obj
 0001:00015a69       __hextodec                 10016a69 f   LIBCMT:input.obj
 0001:00015a89       __inc                      10016a89 f   LIBCMT:input.obj
 0001:00015a9f       __un_inc                   10016a9f f   LIBCMT:input.obj
 0001:00015ab2       __whiteout                 10016ab2 f   LIBCMT:input.obj
 0001:00016a99       ___check_float_string      10017a99 f   LIBCMT:inputs.obj
 0001:00016af0       __hextodec                 10017af0 f   LIBCMT:inputs.obj
 0001:00016b10       __inc                      10017b10 f   LIBCMT:inputs.obj
 0001:00016b26       __un_inc                   10017b26 f   LIBCMT:inputs.obj
 0001:00016b39       __whiteout                 10017b39 f   LIBCMT:inputs.obj
 0001:00018230       __unwind_handler4          10019230 f   LIBCMT:exsup4.obj
 0001:00018311       _ctrlevent_capture@4       10019311 f   LIBCMT:winsig.obj
 0001:000183ac       _siglookup                 100193ac f   LIBCMT:winsig.obj
 0001:000188bf       _write_char                100198bf f   LIBCMT:output.obj
 0001:000188f2       _write_multi_char          100198f2 f   LIBCMT:output.obj
 0001:00018918       _write_string              10019918 f   LIBCMT:output.obj
 0001:00019ad9       ?CPtoLCID@@YAHH@Z          1001aad9 f   LIBCMT:mbctype.obj
 0001:00019b08       ?setSBCS@@YAXPAUthreadmbcinfostruct@@@Z 1001ab08 f   LIBCMT:mbctype.obj
 0001:00019b6c       ?setSBUpLow@@YAXPAUthreadmbcinfostruct@@@Z 1001ab6c f   LIBCMT:mbctype.obj
 0001:00019da3       ?getSystemCP@@YAHH@Z       1001ada3 f   LIBCMT:mbctype.obj
 0001:0001a477       __copytlocinfo_nolock      1001b477 f   LIBCMT:setlocal.obj
 0001:0001a49d       __updatetlocinfoEx_nolock  1001b49d f   LIBCMT:setlocal.obj
 0001:0001a5bb       _sync_legacy_variables_lk  1001b5bb f   LIBCMT:setlocal.obj
 0001:0001a968       __setlocale_get_all        1001b968 f   LIBCMT:setlocal.obj
 0001:0001ad16       __setlocale_set_cat        1001bd16 f   LIBCMT:setlocal.obj
 0001:0001b018       __setlocale_nolock         1001c018 f   LIBCMT:setlocal.obj
 0001:0001b56b       _write_char                1001c56b f   LIBCMT:woutput.obj
 0001:0001b59a       _write_multi_char          1001c59a f   LIBCMT:woutput.obj
 0001:0001b5c1       _write_string              1001c5c1 f   LIBCMT:woutput.obj
 0001:0001c821       _parse_cmdline             1001d821 f   LIBCMT:stdargv.obj
 0001:0001e7c6       ?und_strlen@@YAIPBD@Z      1001f7c6 f   LIBCMT:undname.obj
 0001:0001e7d4       ?und_memcpy@@YAXPADPBDI@Z  1001f7d4 f   LIBCMT:undname.obj
 0001:0001e7ea       ?und_strncmp@@YAIPBD0I@Z   1001f7ea f   LIBCMT:undname.obj
 0001:000233c8       ?__crtGetLocaleInfoW_stat@@YAHPAUlocaleinfo_struct@@KKPA_WHH@Z 100243c8 f   LIBCMT:w_loc.obj
 0001:0002344b       ?__crtGetLocaleInfoA_stat@@YAHPAUlocaleinfo_struct@@KKPADHH@Z 1002444b f   LIBCMT:a_loc.obj
 0001:00023c1c       __unwind_handler           10024c1c f   LIBCMT:exsup.obj
 0001:000257dc       __tsopen_nolock            100267dc f   LIBCMT:wopen.obj
 0001:00026715       _write_char                10027715 f   LIBCMT:outputs.obj
 0001:00026748       _write_multi_char          10027748 f   LIBCMT:outputs.obj
 0001:0002676e       _write_string              1002776e f   LIBCMT:outputs.obj
 0001:000274b6       _write_char                100284b6 f   LIBCMT:outputp.obj
 0001:000274e9       _write_multi_char          100284e9 f   LIBCMT:outputp.obj
 0001:0002750f       _write_string              1002850f f   LIBCMT:outputp.obj
 0001:000289cf       ?strncnt@@YAHPBDH@Z        100299cf f   LIBCMT:a_map.obj
 0001:000289ed       ?__crtLCMapStringA_stat@@YAHPAUlocaleinfo_struct@@KKPBDHPADHHH@Z 100299ed f   LIBCMT:a_map.obj
 0001:00028dd7       ?__crtGetStringTypeA_stat@@YAHPAUlocaleinfo_struct@@KPBDHPAGHHH@Z 10029dd7 f   LIBCMT:a_str.obj
 0001:00029002       __get_lc_time              1002a002 f   LIBCMT:inittime.obj
 0001:0002962b       _fix_grouping              1002a62b f   LIBCMT:initnum.obj
 0001:0002986d       _fix_grouping              1002a86d f   LIBCMT:initmon.obj
 0001:0002a5c2       ?_store_str@@YAXPADPAPADPAI@Z 1002b5c2 f   LIBCMT:strftime.obj
 0001:0002a5e2       ?_store_number@@YAXHPAPADPAI@Z 1002b5e2 f   LIBCMT:strftime.obj
 0001:0002a618       ?_store_num@@YAXHHPAPADPAII@Z 1002b618 f   LIBCMT:strftime.obj
 0001:0002a693       ?_expandtime@@YAHPAUlocaleinfo_struct@@DPBUtm@@PAPADPAIPAU__lc_time_data@@I@Z 1002b693 f   LIBCMT:strftime.obj
 0001:0002aa7b       ?_store_winword@@YAHPAUlocaleinfo_struct@@HPBUtm@@PAPADPAIPAU__lc_time_data@@@Z 1002ba7b f   LIBCMT:strftime.obj
 0001:0002b156       _TranslateName             1002c156 f   LIBCMT:getqloc.obj
 0001:0002b1b8       _GetLcidFromDefault        1002c1b8 f   LIBCMT:getqloc.obj
 0001:0002b1cc       _ProcessCodePage           1002c1cc f   LIBCMT:getqloc.obj
 0001:0002b270       _TestDefaultCountry        1002c270 f   LIBCMT:getqloc.obj
 0001:0002b294       _LcidFromHexString         1002c294 f   LIBCMT:getqloc.obj
 0001:0002b2c8       _GetPrimaryLen             1002c2c8 f   LIBCMT:getqloc.obj
 0001:0002b2e3       _CountryEnumProc@4         1002c2e3 f   LIBCMT:getqloc.obj
 0001:0002b37b       _TestDefaultLanguage       1002c37b f   LIBCMT:getqloc.obj
 0001:0002b3ef       _LangCountryEnumProc@4     1002c3ef f   LIBCMT:getqloc.obj
 0001:0002b5c1       _LanguageEnumProc@4        1002c5c1 f   LIBCMT:getqloc.obj
 0001:0002b682       _GetLcidFromCountry        1002c682 f   LIBCMT:getqloc.obj
 0001:0002b6ae       _GetLcidFromLangCountry    1002c6ae f   LIBCMT:getqloc.obj
 0001:0002b715       _GetLcidFromLanguage       1002c715 f   LIBCMT:getqloc.obj
 0001:0002b942       _cmpResult                 1002c942 f   LIBCMT:memcmp.obj
 0001:0002b954       _cmpBYTE                   1002c954 f   LIBCMT:memcmp.obj
 0001:0002b96c       _cmpWORD                   1002c96c f   LIBCMT:memcmp.obj
 0001:0002b9ac       _cmpDWORD                  1002c9ac f   LIBCMT:memcmp.obj
 0001:0002ba24       _unaligned_memcmp          1002ca24 f   LIBCMT:memcmp.obj
 0001:0002e640       ?wcsncnt@@YAHPB_WH@Z       1002f640 f   LIBCMT:w_map.obj
 0001:0002e660       ?__crtLCMapStringW_stat@@YAHPAUlocaleinfo_struct@@KKPB_WHPA_WHH@Z 1002f660 f   LIBCMT:w_map.obj
 0001:0002ea0a       ?x_ismbbtype_l@@YAHPAUlocaleinfo_struct@@IHH@Z 1002fa0a f   LIBCMT:ismbbyte.obj
 0001:0002f6a2       ?strtoxl@@YAKPAUlocaleinfo_struct@@PBDPAPBDHH@Z 100306a2 f   LIBCMT:strtol.obj
 0001:0002fcf9       __tzset_nolock             10030cf9 f   LIBCMT:tzset.obj
 0001:0003003f       _cvtdate                   1003103f f   LIBCMT:tzset.obj
 0001:00030236       __isindst_nolock           10031236 f   LIBCMT:tzset.obj
 0001:00030786       _xtoa_s@20                 10031786 f   LIBCMT:xtoas.obj
 0001:000308ce       @x64toa_s@24               100318ce f   LIBCMT:xtoas.obj
 0001:00030a1a       ?__crtGetStringTypeW_stat@@YAHPAUlocaleinfo_struct@@KPB_WHPAGHH@Z 10031a1a f   LIBCMT:w_str.obj
 0001:00030bef       ?strtoxq@@YA_KPAUlocaleinfo_struct@@PBDPAPBDHH@Z 10031bef f   LIBCMT:strtoq.obj
 0001:00031023       __getenv_s_helper          10032023 f   LIBCMT:getenv.obj
 0001:000310b8       __dupenv_s_helper          100320b8 f   LIBCMT:getenv.obj
 0001:0003174d       ?strncnt@@YAHPBDH@Z        1003274d f   LIBCMT:a_cmp.obj
 0001:0003176b       ?__crtCompareStringA_stat@@YAHPAUlocaleinfo_struct@@KKPBDH1HH@Z 1003276b f   LIBCMT:a_cmp.obj
 0001:00031c40       _findenv                   10032c40 f   LIBCMT:setenv.obj
 0001:00031c92       _copy_environ              10032c92 f   LIBCMT:setenv.obj
 0001:000322e0       __ehhandler$?_Copy@?$basic_string@DU?$char_traits@D@std@@V?$allocator@D@2@@std@@IAEXII@Z 100332e0 f   BaseChan.obj
 0001:00032300       __unwindfunclet$??0logic_error@std@@QAE@ABV?$basic_string@DU?$char_traits@D@std@@V?$allocator@D@2@@1@@Z$0 10033300 f   BaseChan.obj
 0001:00032308       __ehhandler$??0logic_error@std@@QAE@ABV?$basic_string@DU?$char_traits@D@std@@V?$allocator@D@2@@1@@Z 10033308 f   BaseChan.obj
 0001:00032330       __unwindfunclet$?_Incsize@?$list@PAUPRT_BUFF@@V?$allocator@PAUPRT_BUFF@@@std@@@std@@IAEXI@Z$0 10033330 f   BaseChan.obj
 0001:00032338       __ehhandler$?_Incsize@?$list@PAUPRT_BUFF@@V?$allocator@PAUPRT_BUFF@@@std@@@std@@IAEXI@Z 10033338 f   BaseChan.obj
 0001:00032360       __unwindfunclet$??0logic_error@std@@QAE@ABV01@@Z$0 10033360 f   BaseChan.obj
 0001:00032368       __ehhandler$??0logic_error@std@@QAE@ABV01@@Z 10033368 f   BaseChan.obj
 0001:00032390       __unwindfunclet$?_Xlen@?$vector@UPRT_COND_T@@V?$allocator@UPRT_COND_T@@@std@@@std@@KAXXZ$0 10033390 f   BaseChan.obj
 0001:00032398       __ehhandler$?_Xlen@?$vector@UPRT_COND_T@@V?$allocator@UPRT_COND_T@@@std@@@std@@KAXXZ 10033398 f   BaseChan.obj
 0001:000323c0       __unwindfunclet$?_Xlen@?$vector@PAVIProtocolObserver@@V?$allocator@PAVIProtocolObserver@@@std@@@std@@KAXXZ$0 100333c0 f   BaseChan.obj
 0001:000323c8       __ehhandler$?_Xlen@?$vector@PAVIProtocolObserver@@V?$allocator@PAVIProtocolObserver@@@std@@@std@@KAXXZ 100333c8 f   BaseChan.obj
 0001:000323f0       __ehhandler$??$_Insert@V?$_Const_iterator@$0A@@?$list@PAUPRT_BUFF@@V?$allocator@PAUPRT_BUFF@@@std@@@std@@@?$list@PAUPRT_BUFF@@V?$allocator@PAUPRT_BUFF@@@std@@@std@@QAEXV?$_Const_iterator@$0A@@01@00Uforward_iterator_tag@1@@Z 100333f0 f   BaseChan.obj
 0001:00032410       __ehhandler$??0?$list@PAUPRT_BUFF@@V?$allocator@PAUPRT_BUFF@@@std@@@std@@QAE@ABV01@@Z 10033410 f   BaseChan.obj
 0001:00032430       __unwindfunclet$?splice@?$list@PAUPRT_BUFF@@V?$allocator@PAUPRT_BUFF@@@std@@@std@@QAEXV?$_Const_iterator@$0A@@12@AAV12@00@Z$0 10033430 f   BaseChan.obj
 0001:00032438       __ehhandler$?splice@?$list@PAUPRT_BUFF@@V?$allocator@PAUPRT_BUFF@@@std@@@std@@QAEXV?$_Const_iterator@$0A@@12@AAV12@00@Z 10033438 f   BaseChan.obj
 0001:00032460       __unwindfunclet$??$_Construct@UPRT_COND_T@@U1@@std@@YAXPAUPRT_COND_T@@ABU1@@Z$0 10033460 f   BaseChan.obj
 0001:00032471       __ehhandler$??$_Construct@UPRT_COND_T@@U1@@std@@YAXPAUPRT_COND_T@@ABU1@@Z 10033471 f   BaseChan.obj
 0001:00032490       __unwindfunclet$??$_Uninit_copy@PAUPRT_COND_T@@PAU1@V?$allocator@UPRT_COND_T@@@std@@@std@@YAPAUPRT_COND_T@@PAU1@00AAV?$allocator@UPRT_COND_T@@@0@U_Nonscalar_ptr_iterator_tag@0@U_Range_checked_iterator_tag@0@@Z$2 10033490 f   BaseChan.obj
 0001:000324a1       __ehhandler$??$_Uninit_copy@PAUPRT_COND_T@@PAU1@V?$allocator@UPRT_COND_T@@@std@@@std@@YAPAUPRT_COND_T@@PAU1@00AAV?$allocator@UPRT_COND_T@@@0@U_Nonscalar_ptr_iterator_tag@0@U_Range_checked_iterator_tag@0@@Z 100334a1 f   BaseChan.obj
 0001:000324c0       __unwindfunclet$??$_Uninit_fill_n@PAUPRT_COND_T@@IU1@V?$allocator@UPRT_COND_T@@@std@@@std@@YAXPAUPRT_COND_T@@IABU1@AAV?$allocator@UPRT_COND_T@@@0@U_Nonscalar_ptr_iterator_tag@0@U_Range_checked_iterator_tag@0@@Z$2 100334c0 f   BaseChan.obj
 0001:000324d1       __ehhandler$??$_Uninit_fill_n@PAUPRT_COND_T@@IU1@V?$allocator@UPRT_COND_T@@@std@@@std@@YAXPAUPRT_COND_T@@IABU1@AAV?$allocator@UPRT_COND_T@@@0@U_Nonscalar_ptr_iterator_tag@0@U_Range_checked_iterator_tag@0@@Z 100334d1 f   BaseChan.obj
 0001:000324f0       __unwindfunclet$??0CBaseChannel@@QAE@XZ$0 100334f0 f   BaseChan.obj
 0001:000324f8       __unwindfunclet$??0CBaseChannel@@QAE@XZ$1 100334f8 f   BaseChan.obj
 0001:00032503       __unwindfunclet$??0CBaseChannel@@QAE@XZ$2 10033503 f   BaseChan.obj
 0001:0003250e       __unwindfunclet$??0CBaseChannel@@QAE@XZ$3 1003350e f   BaseChan.obj
 0001:00032519       __ehhandler$??0CBaseChannel@@QAE@XZ 10033519 f   BaseChan.obj
 0001:00032540       __unwindfunclet$??1CBaseChannel@@UAE@XZ$0 10033540 f   BaseChan.obj
 0001:00032548       __unwindfunclet$??1CBaseChannel@@UAE@XZ$1 10033548 f   BaseChan.obj
 0001:00032553       __unwindfunclet$??1CBaseChannel@@UAE@XZ$2 10033553 f   BaseChan.obj
 0001:0003255e       __unwindfunclet$??1CBaseChannel@@UAE@XZ$3 1003355e f   BaseChan.obj
 0001:00032569       __unwindfunclet$??1CBaseChannel@@UAE@XZ$4 10033569 f   BaseChan.obj
 0001:00032574       __ehhandler$??1CBaseChannel@@UAE@XZ 10033574 f   BaseChan.obj
 0001:00032590       __unwindfunclet$?_Insert_n@?$vector@UPRT_COND_T@@V?$allocator@UPRT_COND_T@@@std@@@std@@IAEXV?$_Vector_const_iterator@UPRT_COND_T@@V?$allocator@UPRT_COND_T@@@std@@@2@IABUPRT_COND_T@@@Z$4 10033590 f   BaseChan.obj
 0001:00032598       __unwindfunclet$?_Insert_n@?$vector@UPRT_COND_T@@V?$allocator@UPRT_COND_T@@@std@@@std@@IAEXV?$_Vector_const_iterator@UPRT_COND_T@@V?$allocator@UPRT_COND_T@@@std@@@2@IABUPRT_COND_T@@@Z$5 10033598 f   BaseChan.obj
 0001:000325a0       __ehhandler$?_Insert_n@?$vector@UPRT_COND_T@@V?$allocator@UPRT_COND_T@@@std@@@std@@IAEXV?$_Vector_const_iterator@UPRT_COND_T@@V?$allocator@UPRT_COND_T@@@std@@@2@IABUPRT_COND_T@@@Z 100335a0 f   BaseChan.obj
 0001:000325c0       __unwindfunclet$?AddCond@CBaseChannel@@MAEHPAXH@Z$0 100335c0 f   BaseChan.obj
 0001:000325c8       __ehhandler$?AddCond@CBaseChannel@@MAEHPAXH@Z 100335c8 f   BaseChan.obj
 0001:000325f0       __unwindfunclet$?FindPackage@CBaseChannel@@MAEPAUPRT_BUFF@@PAUPRT_READ_T@@_N@Z$0 100335f0 f   BaseChan.obj
 0001:000325f8       __ehhandler$?FindPackage@CBaseChannel@@MAEPAUPRT_BUFF@@PAUPRT_READ_T@@_N@Z 100335f8 f   BaseChan.obj
 0001:00032620       __unwindfunclet$??0CBmChannel@@QAE@XZ$0 10033620 f   BmChannel.obj
 0001:00032628       __unwindfunclet$??0CBmChannel@@QAE@XZ$1 10033628 f   BmChannel.obj
 0001:00032636       __ehhandler$??0CBmChannel@@QAE@XZ 10033636 f   BmChannel.obj
 0001:00032660       __unwindfunclet$??1CBmChannel@@UAE@XZ$0 10033660 f   BmChannel.obj
 0001:00032668       __ehhandler$??1CBmChannel@@UAE@XZ 10033668 f   BmChannel.obj
 0001:00032690       __unwindfunclet$??1CDiagChannel@@UAE@XZ$0 10033690 f   DiagChannel.obj
 0001:00032698       __ehhandler$??1CDiagChannel@@UAE@XZ 10033698 f   DiagChannel.obj
 0001:000326c0       __unwindfunclet$?GetCondition@CDiagChannel@@MAEPAXPAXI_N@Z$0 100336c0 f   DiagChannel.obj
 0001:000326cb       __ehhandler$?GetCondition@CDiagChannel@@MAEPAXPAXI_N@Z 100336cb f   DiagChannel.obj
 0001:00032700       __unwindfunclet$??0CDiagChannel@@QAE@XZ$0 10033700 f   DiagChannel.obj
 0001:00032708       __unwindfunclet$??0CDiagChannel@@QAE@XZ$1 10033708 f   DiagChannel.obj
 0001:00032716       __ehhandler$??0CDiagChannel@@QAE@XZ 10033716 f   DiagChannel.obj
 0001:00032740       __unwindfunclet$?_Xlen@?$deque@PAUPRT_BUFF@@V?$allocator@PAUPRT_BUFF@@@std@@@std@@KAXXZ$0 10033740 f   DiagPackage.obj
 0001:00032748       __ehhandler$?_Xlen@?$deque@PAUPRT_BUFF@@V?$allocator@PAUPRT_BUFF@@@std@@@std@@KAXXZ 10033748 f   DiagPackage.obj
 0001:00032770       __unwindfunclet$??0CSmpChannel@@QAE@XZ$0 10033770 f   SmpChannel.obj
 0001:00032778       __unwindfunclet$??0CSmpChannel@@QAE@XZ$1 10033778 f   SmpChannel.obj
 0001:00032786       __ehhandler$??0CSmpChannel@@QAE@XZ 10033786 f   SmpChannel.obj
 0001:000327b0       __unwindfunclet$??1CSmpChannel@@UAE@XZ$0 100337b0 f   SmpChannel.obj
 0001:000327b8       __ehhandler$??1CSmpChannel@@UAE@XZ 100337b8 f   SmpChannel.obj
 0001:000327d3       __unwindfunclet$?_Xlen@_String_base@std@@SAXXZ$0 100337d3 f   libcpmt:string.obj
 0001:000327db       __ehhandler$?_Xlen@_String_base@std@@SAXXZ 100337db f   libcpmt:string.obj
 0001:000327f6       __unwindfunclet$?_Xran@_String_base@std@@SAXXZ$0 100337f6 f   libcpmt:string.obj
 0001:000327fe       __ehhandler$?_Xran@_String_base@std@@SAXXZ 100337fe f   libcpmt:string.obj
 0001:00032819       __unwindfunclet$?_Xinvarg@_String_base@std@@SAXXZ$0 10033819 f   libcpmt:string.obj
 0001:00032821       __ehhandler$?_Xinvarg@_String_base@std@@SAXXZ 10033821 f   libcpmt:string.obj
 0001:0003283c       __ehhandler$?CallUnexpected@@YAXPBU_s_ESTypeList@@@Z 1003383c f   LIBCMT:frame.obj
 0001:00032857       ??__Fnomem@?5???2@YAPAXI@Z@YAXXZ 10033857 f   LIBCMT:new.obj
